GOOS=linux go build -o /home/jake/sbomit-overhead-experiment/repos/antrea/bin -trimpath -ldflags '-s -w -X antrea.io/antrea/v2/pkg/version.Version=v2.8.0-dev -X antrea.io/antrea/v2/pkg/version.GitSHA=fb51eb2 -X antrea.io/antrea/v2/pkg/version.GitTreeState=clean -X antrea.io/antrea/v2/pkg/version.ReleaseStatus=unreleased' antrea.io/antrea/v2/cmd/...
go: downloading github.com/containernetworking/cni v1.3.0
go: downloading github.com/containernetworking/plugins v1.9.1
go: downloading k8s.io/kube-aggregator v0.36.1
go: downloading github.com/gofrs/uuid/v5 v5.5.1
go: downloading sigs.k8s.io/network-policy-api v0.2.0
go: downloading antrea.io/libOpenflow v0.17.0
go: downloading github.com/k8snetworkplumbingwg/sriovnet v1.2.0
go: downloading github.com/vmware/go-ipfix v0.18.0
go: downloading github.com/cheggaaa/pb/v3 v3.2.1
go: downloading antrea.io/ofnet v0.15.1
go: downloading github.com/antrea-io/lumberjack v0.0.0-20260603202205-2fb47fcd712a
go: downloading github.com/hashicorp/memberlist v0.6.0
go: downloading github.com/gopacket/gopacket v1.7.1
go: downloading sigs.k8s.io/knftables v0.0.21
go: downloading github.com/antrea-io/libovsdb v0.0.0-20260616084319-8ae94b472b23
go: downloading github.com/k8snetworkplumbingwg/network-attachment-definition-client v1.7.7
go: downloading sigs.k8s.io/mcs-api v0.5.0
go: downloading antrea.io/ndp v0.0.0-20260520020856-5015f7fd30ea
go: downloading github.com/coreos/go-iptables v0.8.0
go: downloading github.com/safchain/ethtool v0.6.2
go: downloading github.com/ClickHouse/clickhouse-go/v2 v2.46.0
go: downloading github.com/aws/aws-sdk-go-v2 v1.41.9
go: downloading github.com/gammazero/deque v1.2.1
go: downloading github.com/aws/aws-sdk-go-v2/feature/s3/manager v1.22.22
go: downloading github.com/aws/aws-sdk-go-v2/feature/s3/transfermanager v0.2.2
go: downloading github.com/aws/aws-sdk-go-v2/config v1.32.20
go: downloading github.com/aws/aws-sdk-go-v2/service/s3 v1.102.2
go: downloading github.com/mattn/go-runewidth v0.0.27
go: downloading go.opentelemetry.io/otel/exporters/otlp/otlptrace/otlptracegrpc v1.40.0
go: downloading github.com/ti-mo/conntrack v0.6.0
go: downloading github.com/pkg/sftp v1.13.11
go: downloading go.opentelemetry.io/otel/exporters/otlp/otlptrace v1.40.0
go: downloading github.com/pion/dtls/v3 v3.1.8
go: downloading github.com/hashicorp/go-metrics v0.6.0
go: downloading github.com/hashicorp/go-msgpack/v2 v2.1.5
go: downloading github.com/sean-/seed v0.0.0-20170313163322-e2103e2c3529
go: downloading k8s.io/kubelet v0.36.1
go: downloading github.com/contiv/libovsdb v0.0.0-20170227191248-d0061a53e358
go: downloading github.com/alexflint/go-filemutex v1.3.0
go: downloading antrea.io/arp v0.0.0-20260520024042-c5afcf686f2f
go: downloading github.com/prometheus/common v0.71.0
go: downloading github.com/google/cel-go v0.29.0
go: downloading sigs.k8s.io/apiserver-network-proxy/konnectivity-client v0.34.0
go: downloading github.com/clipperhouse/uax29/v2 v2.2.0
go: downloading k8s.io/kms v0.36.1
go: downloading go.etcd.io/etcd/client/pkg/v3 v3.6.14
go: downloading go.etcd.io/etcd/client/v3 v3.6.8
go: downloading go.opentelemetry.io/contrib/instrumentation/google.golang.org/grpc/otelgrpc v0.65.0
go: downloading github.com/ti-mo/netfilter v0.5.3
go: downloading github.com/cenkalti/rpc2 v1.0.5
go: downloading github.com/go-playground/validator/v10 v10.30.1
go: downloading antrea.io/packet v0.0.0-20260515064457-4eaabd67893f
go: downloading antrea.io/ethernet v0.0.0-20260520021600-167b4cbe358b
go: downloading github.com/aws/smithy-go v1.26.0
go: downloading github.com/aws/aws-sdk-go-v2/credentials v1.19.19
go: downloading github.com/aws/aws-sdk-go-v2/feature/ec2/imds v1.18.25
go: downloading github.com/aws/aws-sdk-go-v2/service/signin v1.1.1
go: downloading github.com/aws/aws-sdk-go-v2/service/sso v1.30.19
go: downloading github.com/aws/aws-sdk-go-v2/service/ssooidc v1.36.2
go: downloading github.com/aws/aws-sdk-go-v2/service/sts v1.42.3
go: downloading go.etcd.io/etcd/api/v3 v3.6.8
go: downloading github.com/aws/aws-sdk-go-v2/aws/protocol/eventstream v1.7.11
go: downloading github.com/aws/aws-sdk-go-v2/internal/configsources v1.4.25
go: downloading github.com/aws/aws-sdk-go-v2/internal/v4a v1.4.26
go: downloading github.com/aws/aws-sdk-go-v2/service/internal/accept-encoding v1.13.10
go: downloading github.com/aws/aws-sdk-go-v2/service/internal/checksum v1.9.18
go: downloading github.com/aws/aws-sdk-go-v2/service/internal/presigned-url v1.13.25
go: downloading github.com/aws/aws-sdk-go-v2/service/internal/s3shared v1.19.25
go: downloading github.com/grpc-ecosystem/grpc-gateway/v2 v2.27.7
go: downloading github.com/cenkalti/hub v1.0.2
go: downloading github.com/pion/logging v0.2.4
go: downloading github.com/pion/transport/v4 v4.0.2
go: downloading github.com/ClickHouse/ch-go v0.71.0
go: downloading github.com/andybalholm/brotli v1.2.0
go: downloading github.com/gabriel-vasile/mimetype v1.4.12
go: downloading github.com/aws/aws-sdk-go-v2/internal/endpoints/v2 v2.7.25
go: downloading github.com/paulmach/orb v0.12.0
go: downloading github.com/pierrec/lz4/v4 v4.1.29
go: downloading github.com/go-faster/errors v0.7.1
go: downloading github.com/klauspost/compress v1.19.2
go: downloading github.com/go-faster/city v1.0.1
