go build -race -o build/ ./cmd/bank-vaults
go: downloading github.com/ramizpolic/multiparser v1.0.1
go: downloading github.com/bank-vaults/vault-sdk v0.12.0
go: downloading github.com/Azure/azure-sdk-for-go/sdk/azcore v1.23.0
go: downloading github.com/Azure/azure-sdk-for-go/sdk/azidentity v1.14.0
go: downloading github.com/Azure/azure-sdk-for-go/sdk/security/keyvault/azsecrets v1.5.0
go: downloading github.com/oracle/oci-go-sdk/v65 v65.124.0
go: downloading github.com/aws/aws-sdk-go-v2 v1.44.0
go: downloading github.com/aws/aws-sdk-go-v2/config v1.32.40
go: downloading github.com/aws/aws-sdk-go-v2/service/s3 v1.108.0
go: downloading github.com/aliyun/alibaba-cloud-sdk-go v1.63.107
go: downloading github.com/aliyun/aliyun-oss-go-sdk v3.0.2+incompatible
go: downloading github.com/aws/aws-sdk-go-v2/service/kms v1.56.0
go: downloading google.golang.org/api v0.294.0
go: downloading github.com/hashicorp/vault/api v1.23.0
go: downloading cloud.google.com/go/storage v1.65.1
go: downloading github.com/miekg/pkcs11 v1.1.2
go: downloading github.com/AzureAD/microsoft-authentication-library-for-go v1.7.2
go: downloading github.com/Azure/azure-sdk-for-go/sdk/security/keyvault/internal v1.2.0
go: downloading cloud.google.com/go/kms v1.32.0
go: downloading gocloud.dev v0.45.0
go: downloading cloud.google.com/go v0.123.0
go: downloading github.com/hashicorp/vault/api/auth/aws v0.12.0
go: downloading github.com/hashicorp/vault/api/auth/azure v0.11.0
go: downloading github.com/hashicorp/vault/api/auth/gcp v0.12.0
go: downloading github.com/hashicorp/vault/api/auth/kubernetes v0.12.0
go: downloading github.com/aws/smithy-go v1.28.1
go: downloading github.com/aws/aws-sdk-go-v2/internal/configsources v1.4.40
go: downloading github.com/aws/aws-sdk-go-v2/credentials v1.19.39
go: downloading github.com/aws/aws-sdk-go-v2/feature/ec2/imds v1.18.40
go: downloading github.com/aws/aws-sdk-go-v2/service/signin v1.6.0
go: downloading github.com/aws/aws-sdk-go-v2/service/sso v1.34.0
go: downloading github.com/aws/aws-sdk-go-v2/service/ssooidc v1.39.0
go: downloading github.com/aws/aws-sdk-go-v2/service/sts v1.46.0
go: downloading github.com/aws/aws-sdk-go-v2/aws/protocol/eventstream v1.7.20
go: downloading github.com/aws/aws-sdk-go-v2/internal/v4a v1.4.41
go: downloading github.com/aws/aws-sdk-go-v2/service/internal/accept-encoding v1.13.19
go: downloading github.com/aws/aws-sdk-go-v2/service/internal/checksum v1.10.0
go: downloading github.com/aws/aws-sdk-go-v2/service/internal/presigned-url v1.13.40
go: downloading github.com/aws/aws-sdk-go-v2/service/internal/s3shared v1.19.41
go: downloading cloud.google.com/go/auth v0.23.2
go: downloading cloud.google.com/go/iam v1.12.0
go: downloading github.com/GoogleCloudPlatform/opentelemetry-operations-go/exporter/metric v0.57.0
go: downloading github.com/googleapis/gax-go/v2 v2.24.0
go: downloading go.opentelemetry.io/contrib/detectors/gcp v1.44.0
go: downloading google.golang.org/genproto v0.0.0-20260715232425-e75dac1f907d
go: downloading cloud.google.com/go/longrunning v1.2.0
go: downloading google.golang.org/genproto/googleapis/api v0.0.0-20260715232425-e75dac1f907d
go: downloading github.com/hashicorp/go-hclog v1.6.3
go: downloading github.com/hashicorp/go-secure-stdlib/awsutil v0.3.0
go: downloading github.com/aws/aws-sdk-go-v2/internal/endpoints/v2 v2.7.40
go: downloading github.com/Azure/azure-sdk-for-go/sdk/storage/azblob v1.7.0
go: downloading github.com/Azure/go-autorest/autorest/to v0.4.1
go: downloading github.com/google/wire v0.7.0
go: downloading github.com/aws/aws-sdk-go-v2/feature/s3/manager v1.22.18
go: downloading cloud.google.com/go/monitoring v1.30.0
go: downloading github.com/GoogleCloudPlatform/opentelemetry-operations-go/internal/resourcemapping v0.57.0
go: downloading github.com/GoogleCloudPlatform/opentelemetry-operations-go/detectors/gcp v1.33.0
go: downloading github.com/spiffe/go-spiffe/v2 v2.7.0
go: downloading go.opentelemetry.io/contrib/instrumentation/google.golang.org/grpc/otelgrpc v0.68.0
go: downloading github.com/sony/gobreaker/v2 v2.4.0
go: downloading github.com/opentracing/opentracing-go v1.2.1-0.20220228012449-10b1cf09e00b
go: downloading gopkg.in/ini.v1 v1.67.2
