CGO_ENABLED=0 go build -ldflags "-s -w -X 'github.com/chaos-mesh/chaos-mesh/pkg/version.buildDate=2026-09-03T20:36:44Z' -X 'github.com/chaos-mesh/chaos-mesh/pkg/version.gitCommit=536c193f8796ca52e6bd4dbb41b5493d858f30b5' -X 'github.com/chaos-mesh/chaos-mesh/pkg/version.gitVersion=master-536c193f8796ca'" -tags "" -o bin/chaos-controller-manager cmd/chaos-controller-manager/main.go
go: downloading github.com/chaos-mesh/fx-logr v0.1.0
go: downloading go.uber.org/fx v1.19.2
go: downloading github.com/bxcodec/faker v2.0.1+incompatible
go: downloading github.com/gin-gonic/gin v1.10.1
go: downloading golang.org/x/net v0.52.0
go: downloading github.com/retailnext/iptables_exporter v0.1.0
go: downloading github.com/romana/ipset v1.0.0
go: downloading github.com/iancoleman/strcase v0.2.0
go: downloading github.com/pingcap/failpoint v0.0.0-20200210140405-f8f9fb234798
go: downloading google.golang.org/genproto/googleapis/rpc v0.0.0-20260319201613-d00831a3d3e7
go: downloading github.com/chaos-mesh/k8s_dns_chaos v0.2.0
go: downloading github.com/pingcap/errors v0.11.5-0.20190809092503-95897b64e011
go: downloading k8s.io/cli-runtime v0.35.3
go: downloading k8s.io/cri-api v0.35.3
go: downloading github.com/shirou/gopsutil v3.21.11+incompatible
go: downloading github.com/go-openapi/jsonreference v0.21.1
go: downloading github.com/go-openapi/swag v0.24.1
go: downloading github.com/aws/aws-sdk-go-v2/config v1.29.15
go: downloading github.com/aws/aws-sdk-go-v2/credentials v1.17.68
go: downloading github.com/aws/aws-sdk-go-v2/service/ec2 v1.224.1
go: downloading google.golang.org/api v0.236.0
go: downloading github.com/aws/aws-sdk-go-v2 v1.36.3
go: downloading k8s.io/kubectl v0.35.3
go: downloading go.opentelemetry.io/otel/trace v1.42.0
go: downloading github.com/antonmedv/expr v1.8.9
go: downloading github.com/romana/rlog v0.0.0-20171115192701-f018bc92e7d7
go: downloading go.opentelemetry.io/otel v1.42.0
go: downloading github.com/Azure/go-autorest/autorest/azure/auth v0.5.11
go: downloading github.com/gin-contrib/sse v1.1.0
go: downloading go.uber.org/dig v1.16.1
go: downloading github.com/go-openapi/swag/cmdutils v0.24.0
go: downloading github.com/go-openapi/swag/fileutils v0.24.0
go: downloading github.com/go-openapi/swag/jsonname v0.24.0
go: downloading github.com/go-openapi/swag/jsonutils v0.24.0
go: downloading github.com/go-openapi/swag/conv v0.24.0
go: downloading github.com/go-openapi/swag/loading v0.24.0
go: downloading github.com/go-openapi/swag/mangling v0.24.0
go: downloading github.com/go-openapi/swag/netutils v0.24.0
go: downloading github.com/go-openapi/swag/stringutils v0.24.0
go: downloading github.com/go-openapi/swag/typeutils v0.24.0
go: downloading github.com/go-openapi/swag/yamlutils v0.24.0
go: downloading github.com/go-openapi/jsonpointer v0.22.0
go: downloading github.com/spf13/cobra v1.10.0
go: downloading go.opentelemetry.io/otel/metric v1.42.0
go: downloading github.com/aws/smithy-go v1.22.2
go: downloading github.com/aws/aws-sdk-go-v2/service/sts v1.33.20
go: downloading github.com/Azure/go-autorest/autorest/adal v0.9.23
go: downloading github.com/go-playground/validator/v10 v10.27.0
go: downloading github.com/ugorji/go/codec v1.3.0
go: downloading github.com/mailru/easyjson v0.9.1
go: downloading github.com/mattn/go-runewidth v0.0.13
go: downloading github.com/docker/go-events v0.0.0-20250808211157-605354379745
go: downloading github.com/aws/aws-sdk-go-v2/internal/configsources v1.3.34
go: downloading github.com/aws/aws-sdk-go-v2/internal/endpoints/v2 v2.6.34
go: downloading github.com/gabriel-vasile/mimetype v1.4.9
go: downloading cloud.google.com/go/auth v0.16.1
