go build -mod=readonly -v -ldflags="-s -w -X github.com/projectcontour/contour/internal/build.Version=fe2bca59 -X github.com/projectcontour/contour/internal/build.Sha=fe2bca59c86771293960df77990725043ba16099 -X github.com/projectcontour/contour/internal/build.Branch=main " -tags "oidc gcp osusergo netgo" github.com/projectcontour/contour/cmd/contour
go: downloading github.com/alecthomas/kingpin/v2 v2.4.0
go: downloading github.com/envoyproxy/go-control-plane/envoy v1.39.0
go: downloading github.com/sirupsen/logrus v1.10.1
go: downloading go.uber.org/automaxprocs v1.6.0
go: downloading k8s.io/api v0.37.0
go: downloading k8s.io/apimachinery v0.37.0
go: downloading k8s.io/client-go v0.37.0
go: downloading k8s.io/utils v0.0.0-20260626114624-be93311217bd
go: downloading sigs.k8s.io/controller-runtime v0.24.0
go: downloading sigs.k8s.io/gateway-api v1.3.0
go: downloading dario.cat/mergo v1.0.2
go: downloading k8s.io/apiextensions-apiserver v0.37.0
go: downloading github.com/grpc-ecosystem/go-grpc-prometheus v1.2.0
go: downloading github.com/bombsimon/logrusr/v4 v4.1.0
go: downloading github.com/alecthomas/units v0.0.0-20240927000941-0f3dac36c52b
go: downloading github.com/xhit/go-str2duration/v2 v2.1.0
go: downloading sigs.k8s.io/randfill v1.0.0
go: downloading k8s.io/kube-openapi v0.0.0-20260721132016-d427ff9ee9ad
go: downloading sigs.k8s.io/structured-merge-diff/v6 v6.4.2
go: downloading sigs.k8s.io/json v0.0.0-20250730193827-2d320260d730
go: downloading github.com/fsnotify/fsnotify v1.10.0
go: downloading github.com/google/gnostic-models v0.7.1
go: downloading github.com/fxamacker/cbor/v2 v2.9.1
go: downloading cel.dev/expr v0.25.2
go: downloading gopkg.in/evanphx/json-patch.v4 v4.13.0
go: downloading github.com/modern-go/reflect2 v1.0.3-0.20250322232337-35a7c28c31ee
go: downloading github.com/go-openapi/jsonreference v1.0.0
go: downloading github.com/emicklei/go-restful/v3 v3.13.0
go: downloading github.com/go-openapi/swag v0.27.1
go: downloading github.com/go-openapi/jsonpointer v1.0.0
go: downloading github.com/go-openapi/swag/yamlutils v0.27.1
go: downloading github.com/go-openapi/swag/jsonutils v0.27.1
go: downloading github.com/go-openapi/swag/cmdutils v0.27.1
go: downloading github.com/go-openapi/swag/conv v0.27.1
go: downloading github.com/go-openapi/swag/fileutils v0.27.1
go: downloading github.com/go-openapi/swag/netutils v0.27.1
go: downloading github.com/go-openapi/swag/loading v0.27.1
go: downloading github.com/go-openapi/swag/mangling v0.27.1
go: downloading github.com/go-openapi/swag/typeutils v0.27.1
go: downloading github.com/go-openapi/swag/stringutils v0.27.1
go: downloading github.com/go-openapi/swag/pools v0.27.1
google.golang.org/grpc/encoding/internal
google.golang.org/grpc/serviceconfig
k8s.io/apimachinery/pkg/api/validate/constraints
k8s.io/apimachinery/pkg/selection
google.golang.org/grpc/internal/transport/internal
k8s.io/apimachinery/pkg/types
k8s.io/apimachinery/pkg/api/safe
github.com/go-openapi/swag/cmdutils
github.com/projectcontour/contour/internal/provisioner/labels
github.com/projectcontour/contour/internal/provisioner/objects/rbac/resources
k8s.io/utils/internal/third_party/forked/golang/golang-lru
github.com/xhit/go-str2duration/v2
net
github.com/alecthomas/units
google.golang.org/protobuf/types/descriptorpb
google.golang.org/protobuf/types/known/wrapperspb
google.golang.org/protobuf/types/known/emptypb
google.golang.org/protobuf/types/known/structpb
google.golang.org/genproto/googleapis/rpc/status
google.golang.org/grpc/backoff
google.golang.org/grpc/grpclog/internal
google.golang.org/grpc/attributes
google.golang.org/grpc/internal/envconfig
google.golang.org/grpc/balancer/pickfirst/internal
google.golang.org/grpc/internal/pretty
google.golang.org/grpc/internal/backoff
google.golang.org/grpc/binarylog/grpc_binarylog_v1
google.golang.org/grpc/internal/buffer
google.golang.org/grpc/internal/idle
google.golang.org/grpc/keepalive
google.golang.org/grpc/grpclog
google.golang.org/genproto/googleapis/api
github.com/envoyproxy/go-control-plane/pkg/cache/types
github.com/fxamacker/cbor/v2
sigs.k8s.io/json/internal/golang/encoding/json
google.golang.org/grpc/internal/grpcsync
k8s.io/apimachinery/pkg/api/validate/content
k8s.io/apimachinery/third_party/forked/golang/reflect
k8s.io/apimachinery/pkg/fields
k8s.io/apimachinery/pkg/util/sets
k8s.io/klog/v2/internal/serialize
k8s.io/apimachinery/pkg/api/operation
k8s.io/apimachinery/pkg/conversion/queryparams
k8s.io/apimachinery/pkg/runtime/schema
k8s.io/apimachinery/pkg/util/naming
k8s.io/klog/v2/internal/verbosity
cel.dev/expr
google.golang.org/genproto/googleapis/api/expr/v1alpha1
google.golang.org/grpc/connectivity
google.golang.org/grpc/internal/grpclog
k8s.io/kube-openapi/pkg/util
k8s.io/klog/v2
github.com/modern-go/reflect2
sigs.k8s.io/randfill/bytesource
k8s.io/klog/v2/textlogger
k8s.io/utils/ptr
github.com/projectcontour/contour/internal/timeout
github.com/projectcontour/contour/internal/build
github.com/sirupsen/logrus
k8s.io/apimachinery/pkg/conversion
sigs.k8s.io/randfill
github.com/google/gnostic-models/extensions
github.com/google/go-cmp/cmp/cmpopts
github.com/google/gnostic-models/jsonschema
k8s.io/apimachinery/pkg/util/framer
k8s.io/apimachinery/pkg/version
github.com/go-openapi/jsonpointer/jsonname
github.com/go-openapi/jsonreference/internal
github.com/go-openapi/swag/conv
github.com/go-openapi/swag/jsonutils/adapters/ifaces
github.com/go-openapi/swag/pools
github.com/go-openapi/swag/typeutils
github.com/envoyproxy/protoc-gen-validate/validate
google.golang.org/genproto/googleapis/api/annotations
github.com/go-openapi/swag/mangling
github.com/go-openapi/swag/stringutils
k8s.io/kube-openapi/pkg/internal/third_party/go-json-experiment/json/internal
sigs.k8s.io/structured-merge-diff/v6/schema
k8s.io/apimachinery/pkg/util/version
k8s.io/kube-openapi/pkg/internal/third_party/go-json-experiment/json/internal/jsonflags
k8s.io/client-go/pkg/version
github.com/go-openapi/swag/jsonutils/adapters/stdlib/json
github.com/go-openapi/jsonpointer
k8s.io/kube-openapi/pkg/internal/third_party/go-json-experiment/json/internal/jsonopts
k8s.io/kube-openapi/pkg/internal/third_party/go-json-experiment/json/internal/jsonwire
k8s.io/client-go/tools/metrics
k8s.io/utils/clock
k8s.io/utils/dump
k8s.io/kube-openapi/pkg/cached
github.com/emicklei/go-restful/v3/log
k8s.io/client-go/util/flowcontrol
gopkg.in/evanphx/json-patch.v4
k8s.io/apimachinery/pkg/util/mergepatch
k8s.io/apimachinery/third_party/forked/golang/json
k8s.io/apimachinery/pkg/util/errors
k8s.io/apimachinery/pkg/util/cache
github.com/go-openapi/jsonreference
github.com/pmezard/go-difflib/difflib
k8s.io/kube-openapi/pkg/internal/third_party/go-json-experiment/json/jsontext
k8s.io/client-go/tools/cache/synctrack
k8s.io/utils/buffer
k8s.io/utils/trace
k8s.io/apimachinery/pkg/util/validation/field
k8s.io/client-go/util/homedir
sigs.k8s.io/controller-runtime/pkg/log
sigs.k8s.io/controller-runtime/pkg/internal/field/selector
sigs.k8s.io/controller-runtime/pkg/internal/syncs
github.com/bombsimon/logrusr/v4
github.com/go-openapi/swag/jsonutils/adapters
sigs.k8s.io/json
dario.cat/mergo
golang.org/x/net/context
google.golang.org/protobuf/internal/msgfmt
github.com/projectcontour/contour/internal/leadership
github.com/projectcontour/contour/internal/provisioner/slice
github.com/projectcontour/contour/internal/provisioner/retryableerror
sigs.k8s.io/controller-runtime/pkg/config
k8s.io/utils/third_party/forked/golang/btree
k8s.io/apimachinery/pkg/util/diff
k8s.io/utils/lru
github.com/fsnotify/fsnotify/internal
sigs.k8s.io/controller-runtime/pkg/internal/log
k8s.io/apimachinery/pkg/util/json
sigs.k8s.io/controller-runtime/pkg/manager/signals
go.uber.org/automaxprocs/internal/cgroups
google.golang.org/genproto/googleapis/rpc/code
k8s.io/apimachinery/pkg/util/yaml
github.com/fsnotify/fsnotify
github.com/go-openapi/swag/jsonutils
github.com/json-iterator/go
google.golang.org/protobuf/testing/protocmp
go.uber.org/automaxprocs/internal/runtime
go.uber.org/automaxprocs/maxprocs
github.com/go-openapi/swag/yamlutils
k8s.io/apimachinery/pkg/runtime/serializer/cbor/internal/modes
k8s.io/apimachinery/pkg/runtime/serializer/cbor/direct
vendor/golang.org/x/net/http/httpproxy
google.golang.org/grpc/internal/syscall
crypto/x509
google.golang.org/grpc/internal
google.golang.org/grpc/internal/resolver/dns/internal
net/textproto
k8s.io/client-go/util/connrotation
k8s.io/utils/internal/third_party/forked/golang/net
github.com/google/uuid
github.com/go-openapi/swag/netutils
github.com/alecthomas/kingpin/v2
github.com/spf13/pflag
k8s.io/kube-openapi/pkg/internal/third_party/go-json-experiment/json
k8s.io/apimachinery/pkg/api/resource
k8s.io/apimachinery/pkg/util/intstr
github.com/prometheus/procfs
github.com/projectcontour/contour/internal/protobuf
k8s.io/utils/net
google.golang.org/grpc/metadata
google.golang.org/grpc/codes
google.golang.org/grpc/internal/mem
net/mail
vendor/golang.org/x/net/http/httpguts
golang.org/x/net/http/httpguts
github.com/go-openapi/swag/fileutils
google.golang.org/grpc/internal/status
k8s.io/apimachinery/pkg/util/uuid
google.golang.org/grpc/internal/grpcutil
google.golang.org/grpc/internal/balancerload
google.golang.org/grpc/stats
google.golang.org/grpc/tap
k8s.io/apimachinery/pkg/util/validation
google.golang.org/grpc/mem
google.golang.org/grpc/experimental/stats
google.golang.org/grpc/status
github.com/cncf/xds/go/xds/annotations/v3
github.com/cncf/xds/go/udpa/annotations
github.com/envoyproxy/go-control-plane/envoy/annotations
google.golang.org/grpc/internal/stats
k8s.io/apimachinery/pkg/labels
google.golang.org/grpc/internal/transport/readyreader
google.golang.org/grpc/encoding
google.golang.org/grpc/internal/binarylog
google.golang.org/grpc/encoding/proto
github.com/envoyproxy/go-control-plane/envoy/type/metadata/v3
github.com/envoyproxy/go-control-plane/envoy/extensions/compression/gzip/compressor/v3
github.com/envoyproxy/go-control-plane/envoy/extensions/filters/listener/tls_inspector/v3
github.com/envoyproxy/go-control-plane/envoy/type/http/v3
github.com/envoyproxy/go-control-plane/envoy/extensions/compression/brotli/compressor/v3
github.com/envoyproxy/go-control-plane/envoy/extensions/filters/http/grpc_web/v3
github.com/envoyproxy/go-control-plane/envoy/extensions/formatter/metadata/v3
github.com/cncf/xds/go/xds/core/v3
github.com/envoyproxy/go-control-plane/envoy/type/v3
github.com/cncf/xds/go/xds/type/v3
github.com/envoyproxy/go-control-plane/envoy/extensions/formatter/req_without_query/v3
github.com/envoyproxy/go-control-plane/envoy/extensions/internal_redirect/previous_routes/v3
github.com/envoyproxy/go-control-plane/envoy/extensions/internal_redirect/safe_cross_scheme/v3
github.com/envoyproxy/go-control-plane/envoy/extensions/regex_engines/v3
github.com/envoyproxy/go-control-plane/envoy/extensions/resource_monitors/downstream_connections/v3
github.com/envoyproxy/go-control-plane/envoy/type/tracing/v3
sigs.k8s.io/structured-merge-diff/v6/value
k8s.io/client-go/util/keyutil
crypto/tls
github.com/cncf/xds/go/xds/type/matcher/v3
github.com/envoyproxy/go-control-plane/envoy/config/overload/v3
github.com/envoyproxy/go-control-plane/envoy/type/matcher/v3
github.com/envoyproxy/go-control-plane/envoy/extensions/common/ratelimit/v3
k8s.io/kube-openapi/pkg/internal
sigs.k8s.io/structured-merge-diff/v6/fieldpath
github.com/envoyproxy/go-control-plane/envoy/config/core/v3
sigs.k8s.io/structured-merge-diff/v6/typed
sigs.k8s.io/structured-merge-diff/v6/merge
k8s.io/client-go/applyconfigurations/internal
net/http/httptrace
github.com/projectcontour/contour/pkg/certs
google.golang.org/grpc/internal/credentials
k8s.io/client-go/util/cert
google.golang.org/grpc/credentials
net/http
google.golang.org/grpc/credentials/insecure
google.golang.org/grpc/peer
google.golang.org/grpc/resolver
google.golang.org/grpc/internal/channelz
google.golang.org/grpc/experimental/balancer/weight
google.golang.org/grpc/internal/metadata
google.golang.org/grpc/internal/transport/networktype
google.golang.org/grpc/internal/proxyattributes
google.golang.org/grpc/balancer/grpclb/state
google.golang.org/grpc/internal/resolver/passthrough
google.golang.org/grpc/internal/resolver/dns
google.golang.org/grpc/internal/resolver/unix
google.golang.org/grpc/channelz
google.golang.org/grpc/balancer
google.golang.org/grpc/resolver/dns
google.golang.org/grpc/balancer/base
google.golang.org/grpc/balancer/pickfirst
google.golang.org/grpc/internal/serviceconfig
google.golang.org/grpc/internal/resolver
google.golang.org/grpc/balancer/endpointsharding
google.golang.org/grpc/internal/balancer/gracefulswitch
google.golang.org/grpc/balancer/roundrobin
github.com/envoyproxy/go-control-plane/envoy/config/common/mutation_rules/v3
github.com/envoyproxy/go-control-plane/envoy/data/accesslog/v3
github.com/envoyproxy/go-control-plane/envoy/config/metrics/v3
github.com/envoyproxy/go-control-plane/envoy/extensions/compression/zstd/compressor/v3
github.com/envoyproxy/go-control-plane/envoy/config/ratelimit/v3
github.com/envoyproxy/go-control-plane/envoy/extensions/access_loggers/file/v3
github.com/envoyproxy/go-control-plane/envoy/extensions/filters/http/lua/v3
github.com/envoyproxy/go-control-plane/envoy/extensions/resource_monitors/fixed_heap/v3
github.com/envoyproxy/go-control-plane/envoy/config/endpoint/v3
github.com/envoyproxy/go-control-plane/envoy/extensions/filters/http/compressor/v3
github.com/envoyproxy/go-control-plane/envoy/extensions/filters/http/cors/v3
github.com/envoyproxy/go-control-plane/envoy/extensions/filters/http/grpc_stats/v3
github.com/envoyproxy/go-control-plane/envoy/extensions/filters/listener/proxy_protocol/v3
github.com/envoyproxy/go-control-plane/envoy/extensions/transport_sockets/tls/v3
github.com/envoyproxy/go-control-plane/envoy/config/trace/v3
github.com/envoyproxy/go-control-plane/envoy/extensions/filters/http/ext_authz/v3
github.com/envoyproxy/go-control-plane/envoy/config/route/v3
github.com/envoyproxy/go-control-plane/envoy/config/cluster/v3
golang.org/x/net/trace
k8s.io/apimachinery/pkg/util/runtime
net/http/httputil
github.com/google/gnostic-models/compiler
github.com/projectcontour/contour/internal/httpsvc
sigs.k8s.io/controller-runtime/pkg/internal/httpserver
sigs.k8s.io/controller-runtime/pkg/healthz
net/http/pprof
github.com/go-openapi/swag/loading
golang.org/x/net/http2
github.com/emicklei/go-restful/v3
github.com/prometheus/client_golang/prometheus/promhttp
github.com/prometheus/client_golang/prometheus/collectors
k8s.io/client-go/features
k8s.io/apimachinery/pkg/runtime
k8s.io/apimachinery/pkg/util/wait
k8s.io/client-go/util/workqueue
github.com/go-openapi/swag
github.com/google/gnostic-models/openapiv2
github.com/google/gnostic-models/openapiv3
github.com/projectcontour/contour/internal/metrics
k8s.io/apimachinery/pkg/runtime/serializer/recognizer
k8s.io/apimachinery/pkg/runtime/serializer/streaming
sigs.k8s.io/controller-runtime/pkg/conversion
k8s.io/client-go/tools/clientcmd/api
k8s.io/client-go/tools/internal/events
k8s.io/client-go/tools/clientcmd/api/v1
github.com/envoyproxy/go-control-plane/envoy/config/accesslog/v3
github.com/envoyproxy/go-control-plane/envoy/extensions/filters/http/local_ratelimit/v3
github.com/envoyproxy/go-control-plane/envoy/extensions/filters/http/ratelimit/v3
github.com/envoyproxy/go-control-plane/envoy/extensions/filters/http/jwt_authn/v3
github.com/envoyproxy/go-control-plane/envoy/config/common/matcher/v3
github.com/envoyproxy/go-control-plane/envoy/config/rbac/v3
google.golang.org/grpc/internal/transport
k8s.io/apimachinery/pkg/util/net
k8s.io/apimachinery/pkg/watch
k8s.io/client-go/transport
github.com/envoyproxy/go-control-plane/envoy/extensions/filters/network/http_connection_manager/v3
github.com/envoyproxy/go-control-plane/envoy/config/listener/v3
github.com/envoyproxy/go-control-plane/envoy/extensions/filters/http/rbac/v3
k8s.io/apimachinery/pkg/apis/meta/v1
k8s.io/kube-openapi/pkg/validation/spec
k8s.io/kube-openapi/pkg/util/proto
google.golang.org/grpc/internal/resolver/delegatingresolver
k8s.io/kube-openapi/pkg/schemaconv
k8s.io/kube-openapi/pkg/spec3
google.golang.org/grpc
github.com/envoyproxy/go-control-plane/envoy/config/bootstrap/v3
k8s.io/kube-openapi/pkg/common
github.com/envoyproxy/go-control-plane/pkg/resource/v3
github.com/envoyproxy/go-control-plane/envoy/extensions/filters/http/router/v3
github.com/envoyproxy/go-control-plane/envoy/extensions/upstreams/http/v3
github.com/envoyproxy/go-control-plane/envoy/extensions/filters/network/tcp_proxy/v3
k8s.io/kube-openapi/pkg/handler3
k8s.io/apimachinery/pkg/api/equality
k8s.io/apimachinery/pkg/api/errors
k8s.io/apimachinery/pkg/apis/meta/v1/unstructured
k8s.io/api/apiserverinternal/v1alpha1
k8s.io/api/certificates/v1alpha1
k8s.io/api/authentication/v1
k8s.io/apimachinery/pkg/api/meta
k8s.io/api/admissionregistration/v1
k8s.io/api/coordination/v1
k8s.io/api/authorization/v1
k8s.io/api/flowcontrol/v1
k8s.io/api/apidiscovery/v2
sigs.k8s.io/gateway-api/apis/v1
k8s.io/api/core/v1
k8s.io/api/flowcontrol/v1beta1
k8s.io/apimachinery/pkg/api/validate
github.com/envoyproxy/go-control-plane/envoy/service/discovery/v3
k8s.io/api/flowcontrol/v1beta2
k8s.io/api/flowcontrol/v1beta3
k8s.io/apimachinery/pkg/apis/meta/v1/validation
k8s.io/api/coordination/v1alpha2
k8s.io/api/coordination/v1beta1
k8s.io/apimachinery/pkg/runtime/serializer/versioning
k8s.io/api/lifecycle/v1alpha1
github.com/projectcontour/contour/internal/gatewayapi
k8s.io/api/authentication/v1alpha1
k8s.io/api/authentication/v1beta1
k8s.io/apimachinery/pkg/runtime/serializer/json
k8s.io/apimachinery/pkg/runtime/serializer/protobuf
k8s.io/api/policy/v1
k8s.io/api/policy/v1beta1
k8s.io/api/rbac/v1
k8s.io/api/authorization/v1beta1
k8s.io/api/rbac/v1alpha1
k8s.io/api/rbac/v1beta1
k8s.io/api/resource/v1alpha3
k8s.io/api/scheduling/v1alpha3
k8s.io/api/storagemigration/v1
k8s.io/apimachinery/pkg/runtime/serializer
k8s.io/api/storagemigration/v1beta1
k8s.io/apimachinery/pkg/api/validation
github.com/envoyproxy/go-control-plane/envoy/service/cluster/v3
github.com/envoyproxy/go-control-plane/envoy/service/endpoint/v3
github.com/envoyproxy/go-control-plane/envoy/service/listener/v3
github.com/envoyproxy/go-control-plane/envoy/service/route/v3
github.com/envoyproxy/go-control-plane/envoy/service/extension/v3
github.com/envoyproxy/go-control-plane/envoy/service/runtime/v3
github.com/envoyproxy/go-control-plane/envoy/service/secret/v3
github.com/envoyproxy/go-control-plane/pkg/server/stream/v3
github.com/envoyproxy/go-control-plane/ratelimit/service/ratelimit/v3
k8s.io/api/admissionregistration/v1alpha1
k8s.io/api/admissionregistration/v1beta1
k8s.io/apimachinery/pkg/util/managedfields/internal
k8s.io/apimachinery/pkg/runtime/serializer/cbor
k8s.io/client-go/pkg/apis/clientauthentication
k8s.io/client-go/rest/watch
k8s.io/apimachinery/pkg/api/meta/testrestmapper
k8s.io/apimachinery/pkg/util/strategicpatch
k8s.io/apimachinery/pkg/apis/meta/v1beta1
k8s.io/client-go/util/consistencydetector
k8s.io/client-go/tools/clientcmd/api/latest
github.com/envoyproxy/go-control-plane/pkg/cache/v3
k8s.io/client-go/pkg/apis/clientauthentication/v1
k8s.io/client-go/pkg/apis/clientauthentication/v1beta1
k8s.io/client-go/util/retry
sigs.k8s.io/gateway-api/apis/v1beta1
github.com/grpc-ecosystem/go-grpc-prometheus
k8s.io/api/admission/v1
k8s.io/apiextensions-apiserver/pkg/apis/apiextensions
k8s.io/apimachinery/pkg/apis/meta/internalversion
k8s.io/api/admission/v1beta1
sigs.k8s.io/controller-runtime/pkg/scheme
k8s.io/client-go/pkg/apis/clientauthentication/install
k8s.io/client-go/plugin/pkg/client/auth/exec
k8s.io/client-go/tools/pager
k8s.io/apimachinery/pkg/apis/meta/internalversion/validation
k8s.io/apimachinery/pkg/apis/meta/internalversion/scheme
sigs.k8s.io/gateway-api/apis/v1alpha2
github.com/projectcontour/contour/internal/xds
k8s.io/apiextensions-apiserver/pkg/apis/apiextensions/v1
k8s.io/client-go/util/watchlist
k8s.io/apimachinery/pkg/util/managedfields
k8s.io/client-go/rest
github.com/envoyproxy/go-control-plane/pkg/server/rest/v3
github.com/envoyproxy/go-control-plane/pkg/server/delta/v3
github.com/envoyproxy/go-control-plane/pkg/server/sotw/v3
sigs.k8s.io/gateway-api/apis/v1alpha3
github.com/envoyproxy/go-control-plane/pkg/server/v3
github.com/projectcontour/contour/internal/xds/v3
k8s.io/client-go/openapi
k8s.io/client-go/tools/auth
k8s.io/client-go/plugin/pkg/client/auth/gcp
k8s.io/client-go/util/apply
k8s.io/client-go/metadata
k8s.io/client-go/plugin/pkg/client/auth/oidc
k8s.io/client-go/tools/cache
k8s.io/client-go/testing
k8s.io/client-go/tools/clientcmd
k8s.io/client-go/dynamic
sigs.k8s.io/controller-runtime/pkg/client/config
k8s.io/client-go/gentype
k8s.io/client-go/listers
k8s.io/client-go/listers/admissionregistration/v1
k8s.io/client-go/listers/apiserverinternal/v1alpha1
k8s.io/client-go/listers/coordination/v1alpha2
k8s.io/client-go/listers/coordination/v1
k8s.io/client-go/listers/flowcontrol/v1
k8s.io/client-go/listers/certificates/v1alpha1
k8s.io/client-go/listers/rbac/v1
k8s.io/client-go/listers/admissionregistration/v1alpha1
k8s.io/client-go/listers/admissionregistration/v1beta1
k8s.io/client-go/listers/flowcontrol/v1beta1
k8s.io/client-go/listers/lifecycle/v1alpha1
k8s.io/client-go/listers/flowcontrol/v1beta3
k8s.io/client-go/listers/rbac/v1alpha1
k8s.io/client-go/listers/flowcontrol/v1beta2
k8s.io/client-go/listers/coordination/v1beta1
k8s.io/client-go/listers/rbac/v1beta1
k8s.io/client-go/listers/resource/v1alpha3
k8s.io/client-go/listers/scheduling/v1alpha3
k8s.io/client-go/listers/storagemigration/v1
k8s.io/client-go/listers/storagemigration/v1beta1
github.com/projectcontour/contour/apis/projectcontour/v1
k8s.io/api/discovery/v1
k8s.io/api/apps/v1
k8s.io/api/apps/v1beta2
k8s.io/api/autoscaling/v2
k8s.io/api/networking/v1
k8s.io/api/apps/v1beta1
k8s.io/api/certificates/v1
k8s.io/api/autoscaling/v1
k8s.io/api/discovery/v1beta1
k8s.io/api/batch/v1
k8s.io/api/certificates/v1beta1
k8s.io/api/node/v1
k8s.io/api/events/v1
k8s.io/api/events/v1beta1
k8s.io/api/networking/v1beta1
k8s.io/api/node/v1alpha1
k8s.io/api/node/v1beta1
k8s.io/api/resource/v1
k8s.io/api/resource/v1beta1
k8s.io/api/resource/v1beta2
k8s.io/api/scheduling/v1
k8s.io/api/scheduling/v1beta1
k8s.io/api/storage/v1
k8s.io/api/storage/v1alpha1
k8s.io/api/storage/v1beta1
k8s.io/client-go/tools/reference
k8s.io/client-go/listers/certificates/v1
k8s.io/client-go/listers/certificates/v1beta1
k8s.io/client-go/listers/autoscaling/v2
k8s.io/client-go/listers/autoscaling/v1
k8s.io/client-go/listers/core/v1
k8s.io/api/batch/v1beta1
k8s.io/api/extensions/v1beta1
k8s.io/client-go/listers/apps/v1beta1
k8s.io/client-go/listers/batch/v1
k8s.io/client-go/listers/discovery/v1
github.com/projectcontour/contour/apis/projectcontour/v1alpha1
github.com/projectcontour/contour/internal/provisioner/equality
github.com/projectcontour/contour/internal/annotation
k8s.io/client-go/listers/apps/v1
github.com/projectcontour/contour/internal/ingressclass
k8s.io/client-go/listers/discovery/v1beta1
k8s.io/client-go/listers/events/v1
k8s.io/client-go/listers/events/v1beta1
k8s.io/client-go/listers/batch/v1beta1
k8s.io/client-go/listers/networking/v1
k8s.io/client-go/listers/networking/v1beta1
k8s.io/client-go/listers/node/v1
k8s.io/client-go/listers/node/v1alpha1
k8s.io/client-go/listers/node/v1beta1
k8s.io/client-go/listers/policy/v1
k8s.io/client-go/listers/policy/v1beta1
k8s.io/client-go/listers/apps/v1beta2
k8s.io/client-go/listers/scheduling/v1
k8s.io/client-go/listers/storage/v1alpha1
k8s.io/client-go/tools/record/util
k8s.io/client-go/listers/scheduling/v1beta1
k8s.io/client-go/tools/record
github.com/projectcontour/contour/internal/contourconfig
github.com/projectcontour/contour/pkg/config
github.com/projectcontour/contour/internal/provisioner/model
k8s.io/client-go/listers/storage/v1
k8s.io/client-go/listers/storage/v1beta1
github.com/projectcontour/contour/internal/provisioner/objects/rbac/policyrule
k8s.io/client-go/listers/resource/v1beta1
k8s.io/client-go/listers/resource/v1beta2
k8s.io/client-go/listers/extensions/v1beta1
k8s.io/client-go/kubernetes/scheme
k8s.io/client-go/listers/resource/v1
github.com/projectcontour/contour/internal/provisioner
k8s.io/client-go/kubernetes/typed/authentication/v1
k8s.io/client-go/kubernetes/typed/authentication/v1alpha1
k8s.io/client-go/kubernetes/typed/authentication/v1beta1
k8s.io/client-go/discovery
k8s.io/client-go/kubernetes/typed/authorization/v1
k8s.io/client-go/kubernetes/typed/authorization/v1beta1
k8s.io/client-go/restmapper
k8s.io/client-go/applyconfigurations/meta/v1
sigs.k8s.io/controller-runtime/pkg/client/apiutil
k8s.io/client-go/applyconfigurations/apiserverinternal/v1alpha1
k8s.io/client-go/applyconfigurations/certificates/v1alpha1
k8s.io/client-go/applyconfigurations/coordination/v1alpha2
k8s.io/client-go/applyconfigurations/coordination/v1
k8s.io/client-go/applyconfigurations/autoscaling/v1
k8s.io/client-go/applyconfigurations/certificates/v1beta1
k8s.io/client-go/applyconfigurations/certificates/v1
k8s.io/client-go/applyconfigurations/coordination/v1beta1
k8s.io/client-go/applyconfigurations/flowcontrol/v1
k8s.io/client-go/applyconfigurations/flowcontrol/v1beta1
k8s.io/client-go/applyconfigurations/flowcontrol/v1beta2
k8s.io/client-go/applyconfigurations/autoscaling/v2
k8s.io/client-go/applyconfigurations/scheduling/v1alpha3
k8s.io/client-go/applyconfigurations/admissionregistration/v1
k8s.io/client-go/applyconfigurations/core/v1
k8s.io/client-go/kubernetes/typed/apiserverinternal/v1alpha1
k8s.io/client-go/kubernetes/typed/certificates/v1alpha1
k8s.io/client-go/kubernetes/typed/coordination/v1alpha2
k8s.io/client-go/kubernetes/typed/coordination/v1
k8s.io/client-go/applyconfigurations/flowcontrol/v1beta3
k8s.io/client-go/kubernetes/typed/coordination/v1beta1
k8s.io/client-go/kubernetes/typed/flowcontrol/v1beta1
k8s.io/client-go/kubernetes/typed/autoscaling/v1
k8s.io/client-go/kubernetes/typed/certificates/v1beta1
k8s.io/client-go/kubernetes/typed/flowcontrol/v1beta2
k8s.io/client-go/kubernetes/typed/certificates/v1
k8s.io/client-go/kubernetes/typed/flowcontrol/v1
k8s.io/client-go/kubernetes/typed/autoscaling/v2
k8s.io/client-go/applyconfigurations/lifecycle/v1alpha1
k8s.io/client-go/applyconfigurations/policy/v1
k8s.io/client-go/applyconfigurations/policy/v1beta1
k8s.io/client-go/applyconfigurations/rbac/v1
k8s.io/client-go/applyconfigurations/rbac/v1alpha1
k8s.io/client-go/kubernetes/typed/admissionregistration/v1
k8s.io/client-go/applyconfigurations/admissionregistration/v1alpha1
k8s.io/client-go/applyconfigurations/admissionregistration/v1beta1
k8s.io/client-go/applyconfigurations/rbac/v1beta1
k8s.io/client-go/applyconfigurations/resource/v1alpha3
k8s.io/client-go/kubernetes/typed/flowcontrol/v1beta3
k8s.io/client-go/applyconfigurations/scheduling/v1
k8s.io/client-go/kubernetes/typed/scheduling/v1alpha3
k8s.io/client-go/kubernetes/typed/lifecycle/v1alpha1
k8s.io/client-go/applyconfigurations/scheduling/v1beta1
k8s.io/client-go/applyconfigurations/storagemigration/v1
k8s.io/client-go/kubernetes/typed/policy/v1
k8s.io/client-go/kubernetes/typed/policy/v1beta1
k8s.io/client-go/kubernetes/typed/rbac/v1beta1
k8s.io/client-go/kubernetes/typed/rbac/v1
k8s.io/client-go/kubernetes/typed/admissionregistration/v1alpha1
k8s.io/client-go/kubernetes/typed/rbac/v1alpha1
k8s.io/client-go/applyconfigurations/storagemigration/v1beta1
k8s.io/client-go/kubernetes/typed/scheduling/v1
k8s.io/client-go/kubernetes/typed/resource/v1alpha3
sigs.k8s.io/controller-runtime/pkg/client
k8s.io/client-go/kubernetes/typed/storagemigration/v1
k8s.io/client-go/kubernetes/typed/admissionregistration/v1beta1
k8s.io/client-go/kubernetes/typed/scheduling/v1beta1
k8s.io/client-go/kubernetes/typed/storagemigration/v1beta1
k8s.io/client-go/applyconfigurations/events/v1
k8s.io/client-go/applyconfigurations/discovery/v1
k8s.io/client-go/applyconfigurations/events/v1beta1
k8s.io/client-go/applyconfigurations/node/v1alpha1
k8s.io/client-go/applyconfigurations/batch/v1
k8s.io/client-go/applyconfigurations/apps/v1beta1
k8s.io/client-go/applyconfigurations/discovery/v1beta1
k8s.io/client-go/applyconfigurations/node/v1
k8s.io/client-go/applyconfigurations/apps/v1beta2
k8s.io/client-go/applyconfigurations/networking/v1beta1
k8s.io/client-go/kubernetes/typed/core/v1
k8s.io/client-go/applyconfigurations/apps/v1
k8s.io/client-go/applyconfigurations/node/v1beta1
k8s.io/client-go/applyconfigurations/extensions/v1beta1
k8s.io/client-go/applyconfigurations/networking/v1
k8s.io/client-go/applyconfigurations/resource/v1
k8s.io/client-go/kubernetes/typed/events/v1beta1
k8s.io/client-go/kubernetes/typed/discovery/v1beta1
k8s.io/client-go/kubernetes/typed/node/v1alpha1
k8s.io/client-go/kubernetes/typed/events/v1
k8s.io/client-go/kubernetes/typed/node/v1
k8s.io/client-go/kubernetes/typed/discovery/v1
k8s.io/client-go/kubernetes/typed/node/v1beta1
k8s.io/client-go/applyconfigurations/resource/v1beta1
k8s.io/client-go/kubernetes/typed/networking/v1beta1
k8s.io/client-go/kubernetes/typed/apps/v1beta1
k8s.io/client-go/applyconfigurations/resource/v1beta2
k8s.io/client-go/applyconfigurations/storage/v1
k8s.io/client-go/applyconfigurations/batch/v1beta1
k8s.io/client-go/kubernetes/typed/batch/v1
k8s.io/client-go/applyconfigurations/storage/v1alpha1
k8s.io/client-go/kubernetes/typed/apps/v1
k8s.io/client-go/applyconfigurations/storage/v1beta1
sigs.k8s.io/controller-runtime/pkg/cache/internal
k8s.io/client-go/kubernetes/typed/networking/v1
k8s.io/client-go/kubernetes/typed/apps/v1beta2
k8s.io/client-go/kubernetes/typed/extensions/v1beta1
k8s.io/client-go/kubernetes/typed/resource/v1
sigs.k8s.io/controller-runtime/pkg/cache
k8s.io/client-go/kubernetes/typed/batch/v1beta1
k8s.io/client-go/kubernetes/typed/storage/v1alpha1
github.com/projectcontour/contour/internal/provisioner/objects
k8s.io/client-go/kubernetes/typed/storage/v1
sigs.k8s.io/controller-runtime/pkg/reconcile
github.com/projectcontour/contour/internal/provisioner/objects/contourconfig
github.com/projectcontour/contour/internal/provisioner/objects/dataplane
k8s.io/client-go/kubernetes/typed/resource/v1beta1
github.com/projectcontour/contour/internal/provisioner/objects/deployment
k8s.io/client-go/kubernetes/typed/storage/v1beta1
github.com/projectcontour/contour/internal/provisioner/objects/rbac/clusterrole
k8s.io/client-go/kubernetes/typed/resource/v1beta2
github.com/projectcontour/contour/internal/provisioner/objects/rbac/clusterrolebinding
github.com/projectcontour/contour/internal/provisioner/objects/rbac/role
github.com/projectcontour/contour/internal/provisioner/objects/rbac/rolebinding
github.com/projectcontour/contour/internal/provisioner/objects/rbac/serviceaccount
sigs.k8s.io/controller-runtime/pkg/event
sigs.k8s.io/controller-runtime/pkg/controller/controllerutil
github.com/projectcontour/contour/internal/provisioner/objects/service
sigs.k8s.io/controller-runtime/pkg/predicate
github.com/projectcontour/contour/internal/provisioner/objects/rbac
k8s.io/client-go/kubernetes
github.com/projectcontour/contour/internal/health
k8s.io/client-go/tools/leaderelection/resourcelock
k8s.io/client-go/informers/internalinterfaces
k8s.io/client-go/tools/events
github.com/projectcontour/contour/internal/k8s
k8s.io/client-go/informers/apiserverinternal/v1alpha1
k8s.io/client-go/informers/autoscaling/v1
k8s.io/client-go/informers/admissionregistration/v1alpha1
k8s.io/client-go/informers/batch/v1
k8s.io/client-go/informers/certificates/v1alpha1
k8s.io/client-go/informers/autoscaling/v2
k8s.io/client-go/informers/admissionregistration/v1beta1
k8s.io/client-go/informers/certificates/v1
k8s.io/client-go/informers/apps/v1
k8s.io/client-go/informers/batch/v1beta1
k8s.io/client-go/informers/apps/v1beta2
k8s.io/client-go/informers/apps/v1beta1
k8s.io/client-go/informers/admissionregistration/v1
k8s.io/client-go/informers/certificates/v1beta1
k8s.io/client-go/informers/coordination/v1
github.com/projectcontour/contour/internal/status
github.com/projectcontour/contour/internal/dag
k8s.io/client-go/informers/coordination/v1alpha2
k8s.io/client-go/informers/coordination/v1beta1
k8s.io/client-go/informers/autoscaling
k8s.io/client-go/informers/core/v1
k8s.io/client-go/informers/apiserverinternal
k8s.io/client-go/informers/batch
k8s.io/client-go/informers/discovery/v1
k8s.io/client-go/informers/discovery/v1beta1
k8s.io/client-go/informers/certificates
k8s.io/client-go/informers/events/v1
k8s.io/client-go/informers/events/v1beta1
k8s.io/client-go/informers/extensions/v1beta1
k8s.io/client-go/informers/apps
k8s.io/client-go/informers/flowcontrol/v1
k8s.io/client-go/informers/flowcontrol/v1beta1
k8s.io/client-go/informers/admissionregistration
k8s.io/client-go/informers/flowcontrol/v1beta2
k8s.io/client-go/informers/flowcontrol/v1beta3
github.com/projectcontour/contour/internal/certgen
github.com/projectcontour/contour/internal/contour
github.com/projectcontour/contour/internal/envoy
github.com/projectcontour/contour/internal/sorter
k8s.io/client-go/informers/coordination
github.com/projectcontour/contour/internal/debug
k8s.io/client-go/informers/lifecycle/v1alpha1
k8s.io/client-go/informers/networking/v1
k8s.io/client-go/informers/networking/v1beta1
k8s.io/client-go/informers/discovery
k8s.io/client-go/informers/events
github.com/projectcontour/contour/internal/envoy/v3
k8s.io/client-go/informers/node/v1
k8s.io/client-go/informers/node/v1alpha1
github.com/projectcontour/contour/internal/provisioner/objects/secret
k8s.io/client-go/informers/node/v1beta1
k8s.io/client-go/informers/policy/v1
k8s.io/client-go/informers/policy/v1beta1
k8s.io/client-go/informers/rbac/v1
k8s.io/client-go/informers/rbac/v1alpha1
k8s.io/client-go/informers/flowcontrol
k8s.io/client-go/informers/extensions
k8s.io/client-go/informers/rbac/v1beta1
k8s.io/client-go/informers/resource/v1
k8s.io/client-go/informers/lifecycle
k8s.io/client-go/informers/resource/v1alpha3
k8s.io/client-go/informers/resource/v1beta1
k8s.io/client-go/informers/resource/v1beta2
k8s.io/client-go/informers/scheduling/v1
k8s.io/client-go/informers/scheduling/v1alpha3
k8s.io/client-go/informers/node
k8s.io/client-go/informers/networking
k8s.io/client-go/informers/scheduling/v1beta1
k8s.io/client-go/informers/storage/v1
k8s.io/client-go/informers/policy
k8s.io/client-go/informers/storage/v1alpha1
k8s.io/client-go/informers/core
k8s.io/client-go/informers/storage/v1beta1
k8s.io/client-go/informers/storagemigration/v1
k8s.io/client-go/informers/storagemigration/v1beta1
sigs.k8s.io/controller-runtime/pkg/internal/recorder
k8s.io/client-go/informers/rbac
sigs.k8s.io/controller-runtime/pkg/recorder
sigs.k8s.io/controller-runtime/pkg/leaderelection
github.com/projectcontour/contour/internal/xdscache
github.com/projectcontour/contour/internal/xdscache/v3
sigs.k8s.io/controller-runtime/pkg/cluster
k8s.io/client-go/informers/scheduling
k8s.io/client-go/informers/resource
k8s.io/client-go/informers/storagemigration
k8s.io/client-go/informers/storage
k8s.io/client-go/informers
k8s.io/client-go/tools/leaderelection
sigs.k8s.io/controller-runtime/pkg/metrics
sigs.k8s.io/controller-runtime/pkg/internal/metrics
sigs.k8s.io/controller-runtime/pkg/webhook/internal/metrics
sigs.k8s.io/controller-runtime/pkg/certwatcher/metrics
sigs.k8s.io/controller-runtime/pkg/internal/controller/metrics
sigs.k8s.io/controller-runtime/pkg/webhook/admission/metrics
sigs.k8s.io/controller-runtime/pkg/webhook/conversion/metrics
sigs.k8s.io/controller-runtime/pkg/webhook/conversion
sigs.k8s.io/controller-runtime/pkg/certwatcher
sigs.k8s.io/controller-runtime/pkg/webhook/admission
sigs.k8s.io/controller-runtime/pkg/controller/priorityqueue
sigs.k8s.io/controller-runtime/pkg/handler
sigs.k8s.io/controller-runtime/pkg/metrics/server
sigs.k8s.io/controller-runtime/pkg/webhook
sigs.k8s.io/controller-runtime/pkg/internal/source
sigs.k8s.io/controller-runtime/pkg/source
sigs.k8s.io/controller-runtime/pkg/manager
sigs.k8s.io/controller-runtime/pkg/internal/controller
sigs.k8s.io/controller-runtime/pkg/controller
sigs.k8s.io/controller-runtime/pkg/builder
sigs.k8s.io/controller-runtime
github.com/projectcontour/contour/internal/provisioner/controller
github.com/projectcontour/contour/cmd/contour
