go: downloading github.com/docker/docker v28.5.2+incompatible
go: downloading golang.org/x/crypto v0.49.0
go: downloading k8s.io/api v0.35.3
go: downloading k8s.io/apimachinery v0.35.3
go: downloading github.com/oschwald/geoip2-golang v1.13.0
go: downloading github.com/creasty/defaults v1.8.0
go: downloading github.com/jinzhu/copier v0.4.0
go: downloading github.com/gorilla/schema v1.4.1
go: downloading k8s.io/client-go v0.35.3
go: downloading github.com/containerssh/gokrb5/v8 v8.4.3-0.20211214150832-4bf8b91123af
go: downloading gopkg.in/jcmturner/goidentity.v3 v3.0.0
go: downloading github.com/fxamacker/cbor v1.5.1
go: downloading github.com/mattn/go-shellwords v1.0.12
go: downloading github.com/aws/aws-sdk-go v1.55.8
go: downloading github.com/docker/go-connections v0.6.0
go: downloading golang.org/x/sys v0.42.0
go: downloading sigs.k8s.io/kind v0.31.0
go: downloading github.com/oschwald/maxminddb-golang v1.13.1
go: downloading k8s.io/utils v0.0.0-20260108192941-914a6e750570
go: downloading k8s.io/kube-openapi v0.0.0-20260127142750-a19766b6e2d4
go: downloading sigs.k8s.io/structured-merge-diff/v6 v6.3.2
go: downloading github.com/jcmturner/gofork v1.7.6
go: downloading github.com/jcmturner/dnsutils/v2 v2.0.0
go: downloading github.com/hashicorp/go-uuid v1.0.3
go: downloading github.com/jcmturner/goidentity/v6 v6.0.1
go: downloading golang.org/x/net v0.51.0
go: downloading go.opentelemetry.io/otel/trace v1.40.0
go: downloading github.com/jcmturner/rpc/v2 v2.0.3
go: downloading golang.org/x/term v0.41.0
go: downloading golang.org/x/oauth2 v0.35.0
go: downloading go.opentelemetry.io/otel v1.40.0
go: downloading github.com/pmezard/go-difflib v1.0.0
go: downloading go.opentelemetry.io/otel/metric v1.40.0
go: downloading github.com/jcmturner/aescts/v2 v2.0.0
go: downloading golang.org/x/text v0.35.0
