CGO_ENABLED=0 go build -o /home/jake/sbomit-overhead-experiment/repos/container2wasm/out//c2w -trimpath -ldflags '-s -w -X github.com/container2wasm/container2wasm/version.Version=ecb4caa -X github.com/container2wasm/container2wasm/version.Revision=ecb4caa499f19f1d5cfcddd43b80aa78f98e5102 -extldflags '-static'' -tags "osusergo netgo static_build" -v ./cmd/c2w
go: downloading github.com/containerd/platforms v0.2.1
go: downloading github.com/containerd/containerd v1.7.32
go: downloading github.com/urfave/cli v1.22.17
go: downloading github.com/containerd/log v0.1.0
go: downloading golang.org/x/sys v0.46.0
go: downloading github.com/moby/sys/userns v0.1.0
go: downloading github.com/containerd/continuity v0.4.4
go: downloading golang.org/x/sync v0.20.0
internal/unsafeheader
internal/byteorder
internal/godebugs
internal/coverage/rtcov
internal/goarch
internal/goos
internal/profilerecord
internal/msan
internal/asan
internal/runtime/pprof/label
cmp
internal/trace/tracev2
internal/goexperiment
math/bits
internal/cpu
sync/atomic
unicode
internal/runtime/atomic
internal/abi
internal/runtime/gc
internal/runtime/syscall/linux
internal/runtime/sys
internal/runtime/math
unicode/utf8
encoding
unicode/utf16
github.com/container2wasm/container2wasm/version
log/internal
internal/strconv
internal/chacha8rand
internal/runtime/gc/scan
internal/bytealg
math
internal/runtime/exithook
internal/runtime/cgroup
internal/stringslite
internal/race
internal/synctest
internal/sync
internal/runtime/maps
runtime
internal/reflectlite
iter
weak
sync
slices
maps
internal/bisect
internal/testlog
unique
errors
sort
internal/oserror
io
path
strconv
internal/godebug
syscall
reflect
bytes
net/netip
strings
encoding/base64
hash
crypto
regexp/syntax
html
bufio
regexp
time
internal/syscall/execenv
internal/syscall/unix
context
io/fs
internal/poll
internal/fmtsort
encoding/binary
internal/filepathlite
embed
github.com/container2wasm/container2wasm
os
golang.org/x/sys/unix
io/ioutil
path/filepath
fmt
os/exec
log
os/user
github.com/moby/sys/userns
github.com/opencontainers/image-spec/specs-go
text/tabwriter
golang.org/x/sync/errgroup
encoding/json
flag
net/url
text/template/parse
github.com/opencontainers/go-digest
github.com/russross/blackfriday/v2
github.com/opencontainers/image-spec/specs-go/v1
archive/tar
github.com/containerd/continuity/sysx
github.com/containerd/continuity/devices
text/template
github.com/cpuguy83/go-md2man/v2/md2man
github.com/containerd/containerd/archive/tarheader
github.com/sirupsen/logrus
github.com/urfave/cli
github.com/containerd/containerd/pkg/epoch
github.com/containerd/log
github.com/containerd/continuity/fs
github.com/containerd/platforms
github.com/containerd/containerd/archive
github.com/container2wasm/container2wasm/cmd/c2w
CGO_ENABLED=0 go build -o /home/jake/sbomit-overhead-experiment/repos/container2wasm/out//c2w-net -trimpath -ldflags '-s -w -X github.com/container2wasm/container2wasm/version.Version=ecb4caa -X github.com/container2wasm/container2wasm/version.Revision=ecb4caa499f19f1d5cfcddd43b80aa78f98e5102 -extldflags '-static'' -tags "osusergo netgo static_build" -v ./cmd/c2w-net
go: downloading github.com/ktock/gvisor-tap-vsock v0.0.0-20250428083527-5f02d9ba79d4
go: downloading golang.org/x/net v0.56.0
go: downloading gvisor.dev/gvisor v0.0.0-20240916094835-a174eb65023f
go: downloading github.com/pkg/errors v0.9.1
go: downloading github.com/miekg/dns v1.1.63
go: downloading github.com/insomniacslk/dhcp v0.0.0-20240710054256-ddd8a41251c9
go: downloading github.com/apparentlymart/go-cidr v1.1.0
go: downloading github.com/google/gopacket v1.1.19
go: downloading github.com/u-root/uio v0.0.0-20240224005618-d2acac8f3701
go: downloading golang.org/x/crypto v0.53.0
go: downloading github.com/pierrec/lz4/v4 v4.1.14
go: downloading golang.org/x/time v0.12.0
go: downloading github.com/google/btree v1.1.2
crypto/internal/fips140/alias
internal/nettrace
crypto/internal/constanttime
crypto/internal/fips140deps/byteorder
gvisor.dev/gvisor/pkg/tcpip/seqnum
gvisor.dev/gvisor/pkg/gohacks
github.com/pierrec/lz4/v4/internal/lz4errors
container/list
crypto/internal/boring/sig
crypto/internal/fips140deps/cpu
gvisor.dev/gvisor/pkg/bits
vendor/golang.org/x/crypto/cryptobyte/asn1
vendor/golang.org/x/crypto/internal/alias
golang.org/x/net/internal/iana
golang.org/x/crypto/internal/alias
vendor/golang.org/x/net/dns/dnsmessage
internal/singleflight
runtime/debug
crypto/internal/fips140deps/godebug
crypto/internal/impl
crypto/internal/fips140deps/time
crypto/internal/sysrand
math/rand/v2
math/rand
hash/crc32
crypto/internal/fips140/subtle
encoding/hex
github.com/pkg/errors
gvisor.dev/gvisor/pkg/state/wire
crypto/internal/entropy/v1.0.0
golang.org/x/time/rate
gvisor.dev/gvisor/pkg/sync
gvisor.dev/gvisor/pkg/tcpip/checksum
github.com/google/btree
crypto/internal/fips140
gvisor.dev/gvisor/pkg/tcpip/hash/jenkins
github.com/pierrec/lz4/v4/internal/lz4block
crypto/internal/fips140/sha256
crypto/internal/fips140/sha512
github.com/pierrec/lz4/v4/internal/xxh32
github.com/insomniacslk/dhcp/rfc1035label
github.com/u-root/uio/rand
crypto/internal/randutil
math/big
container/heap
compress/flate
crypto/internal/fips140cache
crypto/internal/fips140/sha3
crypto/subtle
internal/saferio
gvisor.dev/gvisor/pkg/state
vendor/golang.org/x/sys/cpu
vendor/golang.org/x/crypto/internal/poly1305
encoding/pem
vendor/golang.org/x/text/transform
vendor/golang.org/x/text/unicode/bidi
vendor/golang.org/x/net/http2/hpack
mime
mime/quotedprintable
github.com/pierrec/lz4/v4/internal/lz4stream
net/http/internal/ascii
net/http/internal
vendor/golang.org/x/text/unicode/norm
encoding/base32
golang.org/x/net/bpf
github.com/containers/gvisor-tap-vsock/pkg/fs
net
compress/gzip
github.com/containers/gvisor-tap-vsock/pkg/utils
golang.org/x/crypto/cryptobyte/asn1
golang.org/x/crypto/internal/poly1305
golang.org/x/crypto/blowfish
github.com/pierrec/lz4/v4
crypto/internal/fips140/hmac
crypto/sha3
gvisor.dev/gvisor/pkg/linewriter
gvisor.dev/gvisor/pkg/sync/locking
gvisor.dev/gvisor/pkg/log
vendor/golang.org/x/text/secure/bidirule
crypto/internal/fips140/check
crypto/internal/fips140hash
crypto/fips140
crypto/internal/fips140/aes
crypto/internal/fips140/edwards25519/field
crypto/internal/fips140/nistec/fiat
crypto/internal/fips140/bigmod
crypto/internal/fips140/hkdf
crypto/internal/fips140/tls12
crypto/tls/internal/fips140tls
github.com/u-root/uio/uio
crypto/internal/fips140/tls13
github.com/insomniacslk/dhcp/iana
crypto/internal/fips140/edwards25519
gvisor.dev/gvisor/pkg/waiter
gvisor.dev/gvisor/pkg/sleep
gvisor.dev/gvisor/pkg/atomicbitops
crypto/internal/fips140/drbg
vendor/golang.org/x/net/idna
crypto/internal/fips140only
crypto/internal/fips140/rsa
crypto/internal/fips140/mlkem
crypto/internal/fips140/aes/gcm
gvisor.dev/gvisor/pkg/context
crypto/internal/fips140/ed25519
crypto/hkdf
crypto/md5
crypto/rc4
encoding/asn1
gvisor.dev/gvisor/pkg/refs
crypto/mlkem
crypto/cipher
crypto/internal/fips140/nistec
gvisor.dev/gvisor/pkg/buffer
crypto/internal/boring
crypto/des
golang.org/x/crypto/chacha20
vendor/golang.org/x/crypto/chacha20
crypto/x509/pkix
vendor/golang.org/x/crypto/cryptobyte
golang.org/x/crypto/cryptobyte
crypto/internal/rand
crypto/sha256
crypto/sha1
crypto/aes
crypto/internal/boring/bbig
crypto/hmac
crypto/sha512
crypto/dsa
crypto/rand
golang.org/x/crypto/ssh/internal/bcrypt_pbkdf
vendor/golang.org/x/crypto/chacha20poly1305
gvisor.dev/gvisor/pkg/rand
crypto/ed25519
crypto/rsa
github.com/apparentlymart/go-cidr/cidr
vendor/golang.org/x/net/http/httpproxy
github.com/insomniacslk/dhcp/interfaces
net/textproto
github.com/containers/gvisor-tap-vsock/pkg/types
github.com/containers/gvisor-tap-vsock/pkg/tcpproxy
github.com/google/gopacket
gvisor.dev/gvisor/pkg/tcpip
golang.org/x/net/internal/socket
github.com/insomniacslk/dhcp/dhcpv4
vendor/golang.org/x/net/http/httpguts
mime/multipart
golang.org/x/net/ipv6
golang.org/x/net/ipv4
github.com/google/gopacket/layers
github.com/insomniacslk/dhcp/dhcpv4/server4
crypto/internal/fips140/ecdh
crypto/internal/fips140/ecdsa
crypto/elliptic
crypto/ecdh
crypto/ecdsa
golang.org/x/crypto/curve25519
crypto/hpke
gvisor.dev/gvisor/pkg/tcpip/internal/tcp
gvisor.dev/gvisor/pkg/tcpip/transport
gvisor.dev/gvisor/pkg/tcpip/header
crypto/x509
gvisor.dev/gvisor/pkg/tcpip/ports
gvisor.dev/gvisor/pkg/tcpip/transport/tcpconntrack
gvisor.dev/gvisor/pkg/tcpip/network/hash
gvisor.dev/gvisor/pkg/tcpip/stack
crypto/tls
golang.org/x/crypto/ssh
golang.org/x/crypto/ssh/knownhosts
github.com/containers/gvisor-tap-vsock/pkg/sshclient
github.com/containers/gvisor-tap-vsock/pkg/tap
gvisor.dev/gvisor/pkg/tcpip/transport/internal/network
gvisor.dev/gvisor/pkg/tcpip/header/parse
gvisor.dev/gvisor/pkg/tcpip/transport/internal/noop
gvisor.dev/gvisor/pkg/tcpip/network/internal/fragmentation
gvisor.dev/gvisor/pkg/tcpip/network/internal/multicast
gvisor.dev/gvisor/pkg/tcpip/link/nested
gvisor.dev/gvisor/pkg/tcpip/network/internal/ip
gvisor.dev/gvisor/pkg/tcpip/transport/packet
net/http/httptrace
github.com/miekg/dns
net/http/internal/httpcommon
gvisor.dev/gvisor/pkg/tcpip/link/sniffer
gvisor.dev/gvisor/pkg/tcpip/network/arp
gvisor.dev/gvisor/pkg/tcpip/network/ipv4
net/http
gvisor.dev/gvisor/pkg/tcpip/transport/raw
gvisor.dev/gvisor/pkg/tcpip/transport/udp
gvisor.dev/gvisor/pkg/tcpip/transport/icmp
gvisor.dev/gvisor/pkg/tcpip/transport/tcp
gvisor.dev/gvisor/pkg/tcpip/adapters/gonet
github.com/containers/gvisor-tap-vsock/pkg/services/dhcp
github.com/containers/gvisor-tap-vsock/pkg/services/dns
github.com/containers/gvisor-tap-vsock/pkg/services/forwarder
golang.org/x/net/websocket
github.com/containers/gvisor-tap-vsock/pkg/virtualnetwork
github.com/container2wasm/container2wasm/cmd/c2w-net
