go generate coredns.go
go: downloading github.com/coredns/caddy v1.1.4-0.20250930002214-15135a999495
go: downloading github.com/miekg/dns v1.1.73
go: downloading github.com/infobloxopen/go-trees v0.0.0-20200715205103-96a057b8dfb9
go: downloading github.com/dnstap/golang-dnstap v0.4.0
go: downloading github.com/farsightsec/golang-framestream v0.3.0
go: downloading github.com/aws/aws-sdk-go-v2/config v1.32.39
go: downloading github.com/aws/aws-sdk-go-v2/service/secretsmanager v1.44.8
go: downloading github.com/grpc-ecosystem/grpc-opentracing v0.0.0-20180507213350-8e809c8a8645
go: downloading github.com/pires/go-proxyproto v0.15.0
go: downloading github.com/aws/aws-sdk-go-v2 v1.43.8
go: downloading github.com/oschwald/geoip2-golang/v2 v2.3.0
go: downloading go.etcd.io/etcd/api/v3 v3.6.13
go: downloading go.etcd.io/etcd/client/v3 v3.6.13
go: downloading github.com/hashicorp/nomad/api v0.0.0-20250909143645-a3b86c697f38
go: downloading github.com/prometheus/exporter-toolkit v0.19.0
go: downloading github.com/aws/aws-sdk-go-v2/credentials v1.19.38
go: downloading github.com/aws/aws-sdk-go-v2/feature/ec2/imds v1.18.39
go: downloading github.com/aws/aws-sdk-go-v2/service/route53 v1.65.10
go: downloading github.com/expr-lang/expr v1.17.8
go: downloading github.com/DataDog/dd-trace-go/v2 v2.8.2
go: downloading github.com/openzipkin-contrib/zipkin-go-opentracing v0.5.0
go: downloading github.com/openzipkin/zipkin-go v0.4.3
go: downloading github.com/caddyserver/certmagic v0.25.4
go: downloading github.com/mholt/acmez/v3 v3.1.6
go: downloading k8s.io/api v0.35.4
go: downloading k8s.io/apimachinery v0.35.4
go: downloading k8s.io/client-go v0.35.4
go: downloading sigs.k8s.io/mcs-api v0.5.2
go: downloading github.com/Azure/go-autorest/autorest/adal v0.9.22
go: downloading github.com/Azure/go-autorest/autorest/azure/cli v0.4.6
go: downloading github.com/Azure/go-autorest/logger v0.2.1
go: downloading github.com/Azure/go-autorest/tracing v0.6.0
go: downloading github.com/flynn/go-shlex v0.0.0-20150515145356-3f9db97f8568
go: downloading github.com/oschwald/maxminddb-golang/v2 v2.5.0
go: downloading github.com/coreos/go-semver v0.3.1
go: downloading go.etcd.io/etcd/client/pkg/v3 v3.6.13
go: downloading github.com/coreos/go-systemd/v22 v22.7.0
go: downloading github.com/mdlayher/vsock v1.3.0
go: downloading github.com/hashicorp/cronexpr v1.1.3
go: downloading github.com/mitchellh/mapstructure v1.5.1-0.20231216201459-8508981c8b6c
go: downloading google.golang.org/genproto/googleapis/rpc v0.0.0-20260807164820-c8921c73eeea
go: downloading github.com/aws/aws-sdk-go-v2/service/signin v1.5.8
go: downloading github.com/aws/aws-sdk-go-v2/service/sso v1.33.8
go: downloading github.com/aws/aws-sdk-go-v2/service/ssooidc v1.38.8
go: downloading github.com/aws/aws-sdk-go-v2/service/sts v1.45.8
go: downloading github.com/aws/smithy-go v1.27.10
go: downloading github.com/aws/aws-sdk-go-v2/internal/configsources v1.4.39
go: downloading github.com/apparentlymart/go-cidr v1.1.1
go: downloading github.com/caddyserver/zerossl v0.1.5
go: downloading github.com/libdns/libdns v1.1.1
go: downloading github.com/zeebo/blake3 v0.2.4
go: downloading go.uber.org/zap/exp v0.3.0
go: downloading k8s.io/kube-openapi v0.0.0-20250910181357-589584f1c912
go: downloading github.com/Azure/go-autorest/autorest/date v0.3.0
go: downloading github.com/grpc-ecosystem/grpc-gateway/v2 v2.27.4
go: downloading google.golang.org/genproto/googleapis/api v0.0.0-20260630182238-925bb5da69e7
go: downloading github.com/DataDog/datadog-agent/pkg/obfuscate v0.77.0
go: downloading github.com/DataDog/datadog-agent/pkg/proto v0.77.0
go: downloading github.com/DataDog/datadog-agent/pkg/remoteconfig/state v0.77.0
go: downloading github.com/DataDog/datadog-agent/pkg/trace/stats v0.77.0
go: downloading github.com/DataDog/datadog-go/v5 v5.8.3
go: downloading github.com/DataDog/go-runtime-metrics-internal v0.0.4-0.20260217080614-b0f4edc38a6d
go: downloading github.com/DataDog/datadog-agent/pkg/trace v0.77.0
go: downloading github.com/cihub/seelog v0.0.0-20170130134532-f561c5e57575
go: downloading github.com/tinylib/msgp v1.6.3
go: downloading go.opentelemetry.io/proto/otlp v1.9.0
go: downloading golang.org/x/exp v0.0.0-20260209203927-2842357ff358
go: downloading golang.org/x/xerrors v0.0.0-20240903120638-7835f813f4da
go: downloading github.com/mdlayher/socket v0.6.0
go: downloading github.com/aws/aws-sdk-go-v2/internal/v4a v1.4.40
go: downloading github.com/aws/aws-sdk-go-v2/service/internal/accept-encoding v1.13.18
go: downloading github.com/aws/aws-sdk-go-v2/service/internal/presigned-url v1.13.39
go: downloading github.com/aws/aws-sdk-go-v2/internal/endpoints/v2 v2.7.39
go: downloading github.com/DataDog/go-sqllexer v0.1.13
go: downloading github.com/outcaste-io/ristretto v0.2.3
go: downloading github.com/DataDog/go-tuf v1.1.1-0.5.2
go: downloading github.com/puzpuzpuz/xsync/v3 v3.5.1
go: downloading go.opentelemetry.io/collector/pdata/pprofile v0.145.1-0.20260205185216-81bc641f26c0
go: downloading github.com/DataDog/go-libddwaf/v4 v4.9.0
go: downloading go.opentelemetry.io/collector/pdata v1.51.1-0.20260205185216-81bc641f26c0
go: downloading github.com/DataDog/sketches-go v1.4.8
go: downloading github.com/trailofbits/go-mutexasserts v0.0.0-20250514102930-c1f3d2e37561
go: downloading github.com/DataDog/datadog-agent/pkg/trace/traceutil v0.77.0
go: downloading github.com/philhofer/fwd v1.2.0
go: downloading github.com/DataDog/datadog-agent/pkg/trace/log v0.77.0
go: downloading github.com/DataDog/datadog-agent/pkg/trace/otel v0.77.0
go: downloading github.com/DataDog/datadog-agent/comp/core/tagger/origindetection v0.77.0
go: downloading github.com/DataDog/datadog-agent/pkg/opentelemetry-mapping-go/otlp/attributes v0.77.0
go: downloading github.com/DataDog/datadog-agent/pkg/util/log v0.77.0
go: downloading gopkg.in/ini.v1 v1.67.1
go: downloading github.com/shirou/gopsutil/v4 v4.26.2
go: downloading github.com/ebitengine/purego v0.10.0
go: downloading github.com/minio/simdjson-go v0.4.5
go: downloading go.opentelemetry.io/collector/component v1.51.1-0.20260205185216-81bc641f26c0
go: downloading github.com/Azure/go-autorest/autorest/to v0.2.0
go: downloading go.opentelemetry.io/collector/featuregate v1.51.1-0.20260205185216-81bc641f26c0
go: downloading github.com/DataDog/datadog-agent/pkg/util/scrubber v0.77.0
go: downloading github.com/hashicorp/go-version v1.8.0
go: downloading github.com/DataDog/datadog-agent/pkg/version v0.77.0
go: downloading github.com/secure-systems-lab/go-securesystemslib v0.10.0
go: downloading github.com/tklauser/go-sysconf v0.3.16
go: downloading github.com/tklauser/numcpus v0.11.0
go get
go: downloading github.com/Microsoft/go-winio v0.6.2
go: downloading github.com/linkdata/deadlock v0.5.5
go: downloading github.com/lufia/plan9stats v0.0.0-20260216142805-b3301c5f2a88
go: downloading github.com/power-devops/perfstat v0.0.0-20240221224432-82ca36839d55
go: downloading github.com/yusufpapurcu/wmi v1.2.4
go: downloading github.com/DataDog/datadog-agent/pkg/template v0.77.0
go: downloading github.com/petermattis/goid v0.0.0-20260226131333-17d1149c6ac6
go: downloading github.com/go-ole/go-ole v1.3.0
go: module github.com/Azure/go-autorest/autorest is deprecated: use github.com/Azure/azure-sdk-for-go/sdk/azcore instead.
go: module github.com/Azure/go-autorest/autorest/azure/auth is deprecated: use github.com/Azure/azure-sdk-for-go/sdk/azidentity instead.
CGO_ENABLED=0  go build -v -tags="grpcnotrace" -ldflags="-s -w -X github.com/coredns/coredns/coremain.GitCommit=c2e309e" -o coredns
google.golang.org/grpc/serviceconfig
google.golang.org/protobuf/internal/flags
google.golang.org/grpc/encoding/internal
google.golang.org/protobuf/internal/set
github.com/coredns/coredns/plugin/pkg/transport
google.golang.org/grpc/internal/transport/internal
golang.org/x/net/internal/iana
github.com/quic-go/quic-go/internal/utils/ringbuffer
github.com/Azure/azure-sdk-for-go/version
github.com/Azure/go-autorest/autorest/to
github.com/googleapis/gax-go/v2/internal
go.opentelemetry.io/otel/trace/embedded
go.opentelemetry.io/otel/metric/embedded
github.com/aws/smithy-go/endpoints/private/bdd
github.com/aws/aws-sdk-go-v2/internal/sdkio
github.com/coredns/caddy/caddyfile
github.com/flynn/go-shlex
google.golang.org/grpc/backoff
google.golang.org/grpc/grpclog/internal
google.golang.org/grpc/attributes
google.golang.org/grpc/internal/envconfig
google.golang.org/protobuf/internal/pragma
google.golang.org/protobuf/internal/detrand
google.golang.org/grpc/balancer/pickfirst/internal
google.golang.org/protobuf/internal/editiondefaults
google.golang.org/protobuf/internal/version
google.golang.org/grpc/internal/buffer
google.golang.org/grpc/internal/idle
golang.org/x/text/unicode/bidi
golang.org/x/net/http2/hpack
golang.org/x/net/internal/httpsfv
google.golang.org/grpc/internal/backoff
google.golang.org/grpc/internal/resolver/dns/internal
google.golang.org/grpc/keepalive
google.golang.org/protobuf/internal/errors
golang.org/x/net/bpf
golang.org/x/net/internal/socket
github.com/apparentlymart/go-cidr/cidr
github.com/coredns/coredns/plugin/pkg/log
google.golang.org/grpc/internal/grpcsync
github.com/opentracing/opentracing-go/log
github.com/munnerz/goautoneg
github.com/prometheus/procfs/internal/fs
github.com/prometheus/procfs/internal/util
google.golang.org/grpc/grpclog
google.golang.org/protobuf/encoding/protowire
github.com/hashicorp/golang-lru/v2/expirable
github.com/pires/go-proxyproto
golang.org/x/net/context
github.com/coredns/caddy
github.com/quic-go/quic-go/internal/monotime
github.com/quic-go/quic-go/quicvarint
github.com/quic-go/quic-go/qlogwriter/jsontext
github.com/prometheus/procfs
github.com/quic-go/quic-go/internal/utils/linkedlist
golang.org/x/crypto/chacha20poly1305
github.com/coredns/coredns/plugin/pkg/reuseport
google.golang.org/protobuf/reflect/protoreflect
github.com/quic-go/qpack
golang.org/x/net/netutil
github.com/opentracing/opentracing-go
go.uber.org/automaxprocs/internal/cgroups
github.com/coredns/coredns/plugin/pkg/uniq
database/sql
github.com/quic-go/quic-go/internal/protocol
github.com/prometheus/client_golang/internal/github.com/golang/gddo/httputil/header
google.golang.org/grpc/connectivity
google.golang.org/grpc/internal/credentials
google.golang.org/grpc/internal/grpclog
google.golang.org/grpc/internal/syscall
golang.org/x/net/ipv4
google.golang.org/grpc/internal
golang.org/x/net/ipv6
golang.org/x/text/secure/bidirule
github.com/opentracing/opentracing-go/ext
go.uber.org/automaxprocs/internal/runtime
github.com/prometheus/client_golang/internal/github.com/golang/gddo/httputil
github.com/quic-go/quic-go/internal/utils
github.com/quic-go/quic-go/internal/qerr
github.com/quic-go/quic-go/qlogwriter
go.uber.org/automaxprocs/maxprocs
golang.org/x/net/idna
github.com/prometheus/client_golang/prometheus/promhttp/internal
github.com/coreos/go-systemd/v22/activation
google.golang.org/grpc/metadata
google.golang.org/grpc/codes
google.golang.org/grpc/internal/mem
golang.org/x/sync/errgroup
github.com/golang-jwt/jwt/v5
github.com/quic-go/quic-go/internal/wire
github.com/mdlayher/socket
github.com/coredns/coredns/plugin/pkg/proxyproto
google.golang.org/grpc/stats
google.golang.org/grpc/internal/grpcutil
google.golang.org/grpc/internal/balancerload
google.golang.org/grpc/tap
golang.org/x/net/internal/timeseries
go.yaml.in/yaml/v2
google.golang.org/grpc/mem
google.golang.org/grpc/experimental/stats
golang.org/x/oauth2/internal
google.golang.org/grpc/internal/stats
golang.org/x/time/rate
golang.org/x/net/trace
google.golang.org/protobuf/internal/encoding/messageset
github.com/coredns/caddy/onevent/hook
google.golang.org/protobuf/internal/genid
google.golang.org/protobuf/internal/order
google.golang.org/protobuf/internal/strs
google.golang.org/protobuf/runtime/protoiface
google.golang.org/protobuf/internal/descfmt
github.com/coredns/caddy/onevent
google.golang.org/protobuf/internal/descopts
google.golang.org/protobuf/internal/protolazy
google.golang.org/protobuf/reflect/protoregistry
google.golang.org/grpc/encoding
google.golang.org/protobuf/internal/encoding/text
golang.org/x/net/http/httpguts
google.golang.org/protobuf/internal/encoding/json
google.golang.org/grpc/internal/transport/readyreader
golang.org/x/net/http/httpproxy
golang.org/x/oauth2
github.com/infobloxopen/go-trees/numtree
github.com/miekg/dns
github.com/Azure/go-autorest/autorest/date
golang.org/x/net/internal/httpcommon
github.com/mdlayher/vsock
github.com/Azure/go-autorest/logger
github.com/Azure/go-autorest/tracing
google.golang.org/protobuf/proto
golang.org/x/crypto/pkcs12/internal/rc2
github.com/quic-go/quic-go/qlog
github.com/infobloxopen/go-trees/iptree
net/http/cookiejar
github.com/dimchansky/utfbom
github.com/coredns/coredns/plugin/cache/freq
golang.org/x/oauth2/clientcredentials
golang.org/x/crypto/pkcs12
golang.org/x/net/http2
github.com/coredns/coredns/plugin/pkg/cache
github.com/googleapis/gax-go/v2/internallog/internal
google.golang.org/api/internal/third_party/uritemplates
cloud.google.com/go/compute/metadata
cloud.google.com/go/auth/internal/jwt
cloud.google.com/go/auth/internal/retry
cloud.google.com/go/auth/internal/credsfile
google.golang.org/protobuf/internal/encoding/defval
github.com/googleapis/gax-go/v2/internallog
github.com/googleapis/enterprise-certificate-proxy/client/util
google.golang.org/api/googleapi
net/rpc
golang.org/x/oauth2/authhandler
github.com/Azure/go-autorest/autorest/adal
golang.org/x/oauth2/google/internal/impersonate
golang.org/x/oauth2/google/internal/stsexchange
golang.org/x/oauth2/jws
github.com/google/s2a-go/internal/record/internal/aeadcrypter
github.com/google/s2a-go/retry
google.golang.org/api/internal/credentialstype
cloud.google.com/go/auth/internal
google.golang.org/api/internal/impersonate
github.com/googleapis/gax-go/v2/callctx
github.com/go-logr/logr
golang.org/x/oauth2/google/externalaccount
golang.org/x/oauth2/google/internal/externalaccountauthorizeduser
golang.org/x/oauth2/jwt
google.golang.org/grpc/credentials
google.golang.org/protobuf/internal/filedesc
google.golang.org/protobuf/encoding/prototext
google.golang.org/protobuf/encoding/protodelim
github.com/quic-go/quic-go/internal/congestion
github.com/quic-go/quic-go/internal/handshake
go.opentelemetry.io/auto/sdk/internal/telemetry
github.com/go-logr/logr/funcr
cloud.google.com/go/auth
google.golang.org/grpc/internal/channelz
google.golang.org/grpc/resolver
google.golang.org/grpc/credentials/insecure
google.golang.org/grpc/peer
github.com/quic-go/quic-go/internal/ackhandler
github.com/google/s2a-go/fallback
github.com/Azure/go-autorest/autorest
github.com/Azure/go-autorest/autorest/azure/cli
google.golang.org/grpc/experimental/balancer/weight
google.golang.org/grpc/internal/metadata
google.golang.org/grpc/internal/proxyattributes
google.golang.org/grpc/internal/transport/networktype
google.golang.org/grpc/internal/resolver/passthrough
google.golang.org/grpc/balancer/grpclb/state
cloud.google.com/go/auth/internal/regionalaccessboundary
google.golang.org/grpc/internal/resolver/dns
google.golang.org/grpc/internal/resolver/unix
cloud.google.com/go/auth/credentials/internal/stsexchange
github.com/googleapis/enterprise-certificate-proxy/client
cloud.google.com/go/auth/credentials/internal/gdch
golang.org/x/oauth2/google
github.com/go-logr/stdr
go.opentelemetry.io/otel/attribute/internal
go.opentelemetry.io/otel/attribute/internal/xxhash
go.opentelemetry.io/otel/codes
go.opentelemetry.io/otel/attribute
cloud.google.com/go/auth/credentials/internal/externalaccountuser
go.opentelemetry.io/otel/trace/internal/telemetry
cloud.google.com/go/auth/internal/transport/cert
google.golang.org/api/internal/cert
google.golang.org/grpc/channelz
go.opentelemetry.io/otel/internal/errorhandler
cloud.google.com/go/auth/internal/transport/headers
go.opentelemetry.io/otel/internal/baggage
google.golang.org/grpc/resolver/dns
google.golang.org/grpc/balancer
github.com/felixge/httpsnoop
go.opentelemetry.io/contrib/instrumentation/net/http/otelhttp/internal/request
go.opentelemetry.io/otel/baggage
cloud.google.com/go/auth/credentials/internal/impersonate
google.golang.org/api/googleapi/transport
github.com/aws/aws-sdk-go-v2/internal/rand
github.com/aws/aws-sdk-go-v2/internal/sdk
github.com/aws/aws-sdk-go-v2/internal/sync/singleflight
github.com/aws/smithy-go/context
github.com/aws/smithy-go/internal/sync/singleflight
github.com/quic-go/quic-go
google.golang.org/grpc/balancer/base
google.golang.org/grpc/internal/serviceconfig
cloud.google.com/go/auth/oauth2adapt
cloud.google.com/go/auth/credentials/internal/externalaccount
github.com/aws/smithy-go/logging
github.com/aws/smithy-go/document
github.com/aws/smithy-go/sync
github.com/aws/smithy-go/time
google.golang.org/protobuf/encoding/protojson
google.golang.org/protobuf/internal/encoding/tag
github.com/aws/smithy-go/middleware
google.golang.org/grpc/internal/resolver
github.com/aws/smithy-go/transport/http/internal/io
github.com/aws/smithy-go/ptr
github.com/aws/smithy-go
google.golang.org/grpc/balancer/endpointsharding
google.golang.org/grpc/internal/balancer/gracefulswitch
github.com/aws/smithy-go/rand
github.com/aws/aws-sdk-go-v2/config/internal/ini
github.com/aws/aws-sdk-go-v2/aws/ratelimit
github.com/aws/aws-sdk-go-v2/internal/timeconv
google.golang.org/protobuf/internal/impl
github.com/aws/aws-sdk-go-v2/feature/ec2/imds/internal/config
github.com/Azure/go-autorest/autorest/azure
github.com/aws/smithy-go/io
github.com/aws/aws-sdk-go-v2/internal/shareddefaults
github.com/aws/aws-sdk-go-v2/internal/strings
github.com/aws/smithy-go/encoding/httpbinding
github.com/aws/smithy-go/encoding
github.com/aws/aws-sdk-go-v2/aws/protocol/xml
github.com/aws/aws-sdk-go-v2/internal/v4a/internal/crypto
github.com/aws/aws-sdk-go-v2/internal/v4a/internal/v4
cloud.google.com/go/auth/credentials
github.com/coredns/coredns/plugin/pkg/singleflight
github.com/aws/smithy-go/encoding/json
github.com/aws/smithy-go/auth
github.com/aws/smithy-go/traits
go.opentelemetry.io/otel/semconv/v1.37.0
go.opentelemetry.io/otel/semconv/v1.41.0
go.opentelemetry.io/otel/metric
go.opentelemetry.io/otel/semconv/v1.40.0
github.com/aws/smithy-go/metrics
github.com/aws/smithy-go/eventstream
github.com/aws/smithy-go/tracing
github.com/aws/aws-sdk-go-v2/internal/context
github.com/aws/aws-sdk-go-v2/aws/protocol/restjson
github.com/aws/aws-sdk-go-v2/service/signin/types
github.com/aws/smithy-go/endpoints
github.com/aws/aws-sdk-go-v2/service/sso/types
github.com/aws/aws-sdk-go-v2/service/ssooidc/types
github.com/aws/aws-sdk-go-v2/service/sts/types
github.com/aws/smithy-go/encoding/xml
github.com/aws/aws-sdk-go-v2/service/secretsmanager/types
github.com/farsightsec/golang-framestream
internal/sysinfo
github.com/coredns/coredns/plugin/pkg/tls
github.com/gogo/protobuf/proto
github.com/Azure/azure-sdk-for-go/services/dns/mgmt/2018-05-01/dns
github.com/Azure/azure-sdk-for-go/services/privatedns/mgmt/2020-06-01/privatedns
github.com/Azure/go-autorest/autorest/azure/auth
go.opentelemetry.io/otel/metric/noop
testing
github.com/coreos/go-semver/semver
go.etcd.io/etcd/client/pkg/v3/systemd
github.com/coreos/go-systemd/v22/journal
go.uber.org/zap/internal/pool
go.etcd.io/etcd/api/v3/version
github.com/aws/smithy-go/transport/http
go.uber.org/zap/buffer
go.uber.org/zap/internal/color
go.opentelemetry.io/otel/semconv/v1.40.0/httpconv
go.uber.org/zap/internal/exit
go.etcd.io/etcd/client/pkg/v3/verify
go.etcd.io/etcd/client/pkg/v3/tlsutil
go.etcd.io/etcd/client/pkg/v3/types
go.etcd.io/etcd/client/v3/internal/endpoint
go.uber.org/zap/internal/bufferpool
google.golang.org/grpc/resolver/manual
go.uber.org/zap/zapcore
go.uber.org/zap/internal/stacktrace
github.com/coredns/coredns/plugin/pkg/up
go.etcd.io/etcd/client/v3/internal/resolver
github.com/coredns/coredns/plugin/pkg/rand
github.com/oschwald/maxminddb-golang/v2/internal/mmdberrors
gopkg.in/inf.v0
github.com/x448/float16
sigs.k8s.io/json/internal/golang/encoding/json
k8s.io/apimachinery/pkg/api/validate/constraints
go.opentelemetry.io/otel/trace
k8s.io/apimachinery/pkg/api/validate/content
github.com/fxamacker/cbor/v2
github.com/oschwald/maxminddb-golang/v2/internal/decoder
k8s.io/apimachinery/third_party/forked/golang/reflect
k8s.io/apimachinery/pkg/selection
k8s.io/apimachinery/pkg/util/sets
k8s.io/apimachinery/pkg/fields
github.com/aws/smithy-go/auth/bearer
github.com/aws/aws-sdk-go-v2/internal/auth
github.com/aws/aws-sdk-go-v2/internal/endpoints/awsrulesfn
github.com/aws/aws-sdk-go-v2/aws
github.com/aws/smithy-go/endpoints/private/rulesfn
github.com/aws/aws-sdk-go-v2/aws/protocol/query
github.com/aws/aws-sdk-go-v2/service/internal/accept-encoding
github.com/aws/smithy-go/private/requestcompression
github.com/Azure/azure-sdk-for-go/profiles/latest/dns/mgmt/dns
go.uber.org/zap/internal
go.opentelemetry.io/otel/trace/noop
go.opentelemetry.io/otel/propagation
go.opentelemetry.io/auto/sdk
go.uber.org/zap
k8s.io/apimachinery/pkg/conversion
k8s.io/klog/v2/internal/severity
k8s.io/klog/v2/internal/clock
k8s.io/klog/v2/internal/dbg
k8s.io/klog/v2/internal/buffer
k8s.io/klog/v2/internal/serialize
github.com/Azure/azure-sdk-for-go/profiles/latest/privatedns/mgmt/privatedns
k8s.io/klog/v2/internal/sloghandler
k8s.io/utils/internal/third_party/forked/golang/net
go.opentelemetry.io/otel/internal/global
sigs.k8s.io/json
github.com/aws/aws-sdk-go-v2/aws/middleware
github.com/aws/aws-sdk-go-v2/credentials
github.com/aws/aws-sdk-go-v2/aws/defaults
github.com/coredns/coredns/plugin/pkg/response
github.com/coredns/coredns/plugin/pkg/cidr
github.com/coredns/coredns/plugin/pkg/parse
github.com/coredns/coredns/plugin/pkg/edns
github.com/coredns/coredns/plugin/pkg/rcode
github.com/coredns/coredns/plugin/pkg/dnstest
github.com/coredns/coredns/plugin/file/rrutil
github.com/coredns/coredns/plugin/pkg/nonwriter
github.com/coredns/coredns/plugin/pkg/dnsutil
github.com/aws/aws-sdk-go-v2/aws/signer/internal/v4
github.com/coredns/coredns/request
github.com/coredns/coredns/plugin/file/tree
github.com/aws/aws-sdk-go-v2/internal/configsources
github.com/coredns/coredns/plugin/etcd/msg
github.com/coredns/coredns/plugin/pkg/doh
github.com/aws/aws-sdk-go-v2/internal/endpoints
github.com/aws/aws-sdk-go-v2/aws/transport/http
github.com/aws/aws-sdk-go-v2/aws/retry
github.com/aws/aws-sdk-go-v2/internal/endpoints/v2
github.com/aws/aws-sdk-go-v2/credentials/processcreds
github.com/quic-go/quic-go/http3/qlog
github.com/oschwald/maxminddb-golang/v2
github.com/oschwald/maxminddb-golang/v2/mmdbdata
k8s.io/apimachinery/pkg/util/errors
k8s.io/klog/v2
k8s.io/utils/net
github.com/aws/aws-sdk-go-v2/aws/signer/v4
github.com/aws/aws-sdk-go-v2/service/signin/internal/endpoints
github.com/aws/aws-sdk-go-v2/service/sso/internal/endpoints
github.com/aws/aws-sdk-go-v2/service/ssooidc/internal/endpoints
github.com/quic-go/quic-go/http3
go.opentelemetry.io/otel
github.com/aws/aws-sdk-go-v2/service/sts/internal/endpoints
github.com/aws/aws-sdk-go-v2/service/secretsmanager/internal/endpoints
k8s.io/apimachinery/pkg/util/validation/field
internal/lazyregexp
k8s.io/apimachinery/pkg/api/operation
k8s.io/apimachinery/pkg/conversion/queryparams
k8s.io/apimachinery/pkg/runtime/schema
go/doc
k8s.io/apimachinery/pkg/util/json
go.opentelemetry.io/contrib/instrumentation/net/http/otelhttp/internal/semconv
k8s.io/apimachinery/pkg/util/naming
github.com/aws/aws-sdk-go-v2/feature/ec2/imds
github.com/aws/aws-sdk-go-v2/credentials/endpointcreds/internal/client
github.com/aws/aws-sdk-go-v2/internal/auth/smithy
github.com/aws/aws-sdk-go-v2/internal/v4a
github.com/aws/aws-sdk-go-v2/service/internal/presigned-url
github.com/oschwald/geoip2-golang/v2
k8s.io/kube-openapi/pkg/util
go.etcd.io/etcd/client/pkg/v3/logutil
go.etcd.io/etcd/client/pkg/v3/fileutil
go.uber.org/zap/zapgrpc
k8s.io/apimachinery/pkg/runtime/serializer/cbor/internal/modes
github.com/modern-go/concurrent
github.com/aws/aws-sdk-go-v2/service/signin
github.com/aws/aws-sdk-go-v2/service/sso
github.com/aws/aws-sdk-go-v2/service/ssooidc
github.com/aws/aws-sdk-go-v2/credentials/endpointcreds
google.golang.org/protobuf/internal/filetype
go.opentelemetry.io/contrib/instrumentation/net/http/otelhttp
github.com/aws/aws-sdk-go-v2/service/secretsmanager
github.com/aws/aws-sdk-go-v2/credentials/ec2rolecreds
github.com/aws/aws-sdk-go-v2/service/sts
k8s.io/apimachinery/pkg/runtime/serializer/cbor/direct
k8s.io/apimachinery/pkg/util/validation
k8s.io/apimachinery/pkg/api/resource
k8s.io/apimachinery/pkg/util/runtime
google.golang.org/protobuf/runtime/protoimpl
github.com/modern-go/reflect2
k8s.io/apimachinery/pkg/types
go.etcd.io/etcd/client/pkg/v3/transport
k8s.io/apimachinery/pkg/labels
sigs.k8s.io/randfill/bytesource
k8s.io/apimachinery/pkg/util/net
k8s.io/utils/ptr
google.golang.org/protobuf/protoadapt
google.golang.org/protobuf/types/known/durationpb
google.golang.org/protobuf/types/known/timestamppb
google.golang.org/grpc/internal/pretty
google.golang.org/grpc/encoding/proto
google.golang.org/protobuf/types/known/anypb
google.golang.org/grpc/balancer/pickfirst
github.com/google/s2a-go/internal/proto/common_go_proto
google.golang.org/grpc/binarylog/grpc_binarylog_v1
github.com/prometheus/client_model/go
github.com/google/s2a-go/internal/proto/v2/common_go_proto
google.golang.org/genproto/googleapis/rpc/code
google.golang.org/genproto/googleapis/rpc/errdetails
google.golang.org/genproto/googleapis/rpc/status
github.com/googleapis/gax-go/v2/apierror/internal/proto
github.com/dnstap/golang-dnstap
github.com/google/s2a-go/internal/proto/s2a_context_go_proto
github.com/google/s2a-go/internal/record/internal/halfconn
github.com/google/s2a-go/internal/tokenmanager
github.com/google/s2a-go/internal/proto/v2/s2a_context_go_proto
github.com/gogo/protobuf/protoc-gen-gogo/descriptor
google.golang.org/protobuf/types/descriptorpb
google.golang.org/protobuf/types/known/structpb
github.com/prometheus/common/model
google.golang.org/grpc/balancer/roundrobin
google.golang.org/grpc/internal/status
google.golang.org/genproto/googleapis/api
sigs.k8s.io/randfill
container/heap
k8s.io/utils/clock
github.com/pmezard/go-difflib/difflib
github.com/davecgh/go-spew/spew
google.golang.org/grpc/status
k8s.io/apimachinery/pkg/util/cache
k8s.io/apimachinery/pkg/util/wait
k8s.io/apimachinery/pkg/version
github.com/aws/aws-sdk-go-v2/credentials/ssocreds
github.com/coredns/coredns/plugin/dnstap/msg
k8s.io/apimachinery/pkg/util/version
k8s.io/apimachinery/pkg/util/framer
k8s.io/apimachinery/pkg/util/intstr
google.golang.org/grpc/internal/binarylog
google.golang.org/grpc/internal/transport
github.com/googleapis/gax-go/v2/apierror
go.etcd.io/etcd/api/v3/v3rpc/rpctypes
k8s.io/client-go/features
github.com/aws/aws-sdk-go-v2/credentials/logincreds
sigs.k8s.io/yaml
github.com/json-iterator/go
k8s.io/client-go/pkg/version
k8s.io/client-go/tools/metrics
k8s.io/client-go/util/connrotation
k8s.io/client-go/util/workqueue
k8s.io/apimachinery/pkg/util/dump
k8s.io/client-go/util/keyutil
k8s.io/apimachinery/pkg/util/diff
k8s.io/client-go/util/flowcontrol
k8s.io/client-go/tools/cache/synctrack
github.com/prometheus/client_golang/prometheus/internal
github.com/prometheus/common/expfmt
k8s.io/utils/buffer
k8s.io/utils/trace
google.golang.org/protobuf/internal/editionssupport
google.golang.org/protobuf/types/gofeaturespb
github.com/grpc-ecosystem/grpc-gateway/v2/protoc-gen-openapiv2/options
k8s.io/apimachinery/pkg/util/yaml
google.golang.org/genproto/googleapis/api/annotations
k8s.io/client-go/util/cert
github.com/google/gnostic-models/extensions
go.etcd.io/etcd/client/v3/credentials
go.yaml.in/yaml/v3
github.com/gogo/protobuf/gogoproto
k8s.io/apimachinery/pkg/api/safe
google.golang.org/protobuf/reflect/protodesc
github.com/josharian/intern
github.com/mailru/easyjson/buffer
gopkg.in/yaml.v3
github.com/mailru/easyjson/jlexer
github.com/go-openapi/jsonreference/internal
github.com/mailru/easyjson/jwriter
k8s.io/kube-openapi/pkg/internal/third_party/go-json-experiment/json
sigs.k8s.io/structured-merge-diff/v6/schema
k8s.io/kube-openapi/pkg/cached
github.com/emicklei/go-restful/v3/log
gopkg.in/evanphx/json-patch.v4
k8s.io/client-go/transport
k8s.io/apimachinery/pkg/util/mergepatch
github.com/aws/aws-sdk-go-v2/credentials/stscreds
github.com/emicklei/go-restful/v3
k8s.io/apimachinery/third_party/forked/golang/json
k8s.io/client-go/util/homedir
golang.org/x/net/internal/socks
github.com/hashicorp/cronexpr
github.com/prometheus/client_golang/prometheus
github.com/coredns/coredns/plugin/test
github.com/hashicorp/go-rootcerts
github.com/aws/aws-sdk-go-v2/config
github.com/golang/protobuf/proto
github.com/hashicorp/nomad/api/contexts
golang.org/x/net/proxy
github.com/mitchellh/mapstructure
github.com/aws/aws-sdk-go-v2/service/route53/types
github.com/aws/aws-sdk-go-v2/service/route53/internal/endpoints
github.com/gorilla/websocket
github.com/aws/smithy-go/waiter
github.com/coredns/coredns/plugin/pkg/catalog
github.com/expr-lang/expr/internal/deref
github.com/expr-lang/expr/file
google.golang.org/grpc/internal/resolver/delegatingresolver
github.com/expr-lang/expr/parser/operator
github.com/expr-lang/expr/vm/runtime
github.com/expr-lang/expr/parser/utils
github.com/expr-lang/expr/internal/ring
github.com/coredns/coredns/plugin/pkg/durations
github.com/expr-lang/expr/parser/lexer
github.com/caddyserver/certmagic/internal/atomicfile
github.com/caddyserver/certmagic/internal/filedescriptor
github.com/caddyserver/zerossl
github.com/klauspost/cpuid/v2
google.golang.org/grpc
github.com/google/gnostic-models/jsonschema
github.com/libdns/libdns
github.com/aws/aws-sdk-go-v2/service/route53/internal/customizations
github.com/mholt/acmez/v3/acme
github.com/go-openapi/swag
github.com/hashicorp/nomad/api
github.com/zeebo/blake3/internal/alg/compress/compress_sse41
github.com/zeebo/blake3/internal/alg/hash/hash_avx2
github.com/zeebo/blake3/internal/utils
github.com/aws/aws-sdk-go-v2/service/route53
go.uber.org/zap/exp/zapslog
golang.org/x/crypto/ocsp
github.com/DataDog/dd-trace-go/v2/ddtrace/ext
github.com/google/gnostic-models/compiler
github.com/DataDog/datadog-go/v5/statsd
github.com/DataDog/go-sqllexer
sigs.k8s.io/structured-merge-diff/v6/value
github.com/dustin/go-humanize
github.com/mholt/acmez/v3
go.etcd.io/etcd/api/v3/mvccpb
go.etcd.io/etcd/api/v3/authpb
go.etcd.io/etcd/api/v3/versionpb
github.com/google/gnostic-models/openapiv2
github.com/google/gnostic-models/openapiv3
github.com/expr-lang/expr/builtin
github.com/outcaste-io/ristretto/z/simd
github.com/coredns/coredns/plugin
github.com/prometheus/client_golang/prometheus/promauto
github.com/prometheus/client_golang/prometheus/collectors
github.com/prometheus/client_golang/prometheus/promhttp
github.com/mwitkow/go-conntrack
go.etcd.io/etcd/api/v3/membershippb
github.com/go-openapi/jsonpointer
github.com/zeebo/blake3/internal/consts
github.com/outcaste-io/ristretto/z
github.com/zeebo/blake3/internal/alg/compress/compress_pure
github.com/coredns/coredns/plugin/pkg/trace
github.com/coredns/coredns/plugin/metrics/vars
github.com/coredns/coredns/plugin/pkg/fall
github.com/coredns/coredns/plugin/pkg/proxy
github.com/prometheus/common/config
github.com/coredns/coredns/plugin/health
github.com/go-openapi/jsonreference
github.com/coredns/coredns/plugin/pprof
github.com/coredns/coredns/plugin/reload
github.com/expr-lang/expr/checker/nature
k8s.io/kube-openapi/pkg/internal
github.com/zeebo/blake3/internal/alg/compress
github.com/philhofer/fwd
k8s.io/apimachinery/pkg/runtime
sigs.k8s.io/structured-merge-diff/v6/fieldpath
github.com/zeebo/blake3/internal/alg/hash/hash_pure
github.com/zeebo/blake3/internal/alg/hash
github.com/planetscale/vtprotobuf/protohelpers
github.com/zeebo/blake3/internal/alg
github.com/tinylib/msgp/msgp
github.com/secure-systems-lab/go-securesystemslib/cjson
github.com/zeebo/blake3
github.com/DataDog/go-tuf/internal/roles
github.com/expr-lang/expr/ast
github.com/expr-lang/expr/types
github.com/coredns/coredns/pb
github.com/grpc-ecosystem/grpc-opentracing/go/otgrpc
github.com/google/s2a-go/internal/proto/s2a_go_proto
github.com/google/s2a-go/internal/handshaker/service
github.com/google/s2a-go/internal/proto/v2/s2a_go_proto
github.com/googleapis/gax-go/v2
go.etcd.io/etcd/api/v3/etcdserverpb
github.com/expr-lang/expr/conf
github.com/caddyserver/certmagic
github.com/outcaste-io/ristretto
github.com/prometheus/exporter-toolkit/web
github.com/coredns/coredns/core/dnsserver
github.com/DataDog/go-tuf/data
github.com/google/s2a-go/internal/authinfo
github.com/google/s2a-go/internal/record
sigs.k8s.io/structured-merge-diff/v6/typed
github.com/expr-lang/expr/parser
github.com/google/s2a-go/stream
github.com/expr-lang/expr/vm
github.com/expr-lang/expr/optimizer
github.com/expr-lang/expr/patcher
github.com/google/s2a-go/internal/v2/certverifier
github.com/google/s2a-go/internal/handshaker
github.com/google/s2a-go/internal/v2/remotesigner
github.com/DataDog/datadog-agent/pkg/obfuscate
github.com/DataDog/go-tuf/internal/sets
github.com/DataDog/go-tuf/pkg/keys
github.com/DataDog/go-tuf/util
github.com/DataDog/datadog-agent/comp/core/tagger/origindetection
github.com/google/s2a-go/internal/v2/tlsconfigstore
k8s.io/apimachinery/pkg/watch
k8s.io/apimachinery/pkg/runtime/serializer/recognizer
k8s.io/apimachinery/pkg/runtime/serializer/streaming
k8s.io/client-go/tools/clientcmd/api
github.com/hashicorp/go-version
go.opentelemetry.io/collector/pdata/internal/json
k8s.io/apimachinery/pkg/apis/meta/v1
github.com/google/s2a-go/internal/v2
sigs.k8s.io/structured-merge-diff/v6/merge
k8s.io/client-go/applyconfigurations/internal
github.com/DataDog/datadog-agent/pkg/proto/pbgo/trace/idx
k8s.io/client-go/tools/clientcmd/api/v1
github.com/DataDog/go-tuf/verify
go.opentelemetry.io/collector/featuregate
github.com/DataDog/go-tuf/pkg/targets
github.com/google/s2a-go
github.com/expr-lang/expr/checker
go.opentelemetry.io/collector/pdata/internal/proto
go.opentelemetry.io/otel/semconv/internal
github.com/DataDog/go-tuf/client
github.com/coredns/coredns/coremain
github.com/coredns/coredns/plugin/any
github.com/coredns/coredns/plugin/metadata
github.com/coredns/coredns/plugin/pkg/upstream
github.com/coredns/coredns/plugin/transfer
github.com/coredns/coredns/plugin/metrics
github.com/coredns/coredns/plugin/bind
github.com/coredns/coredns/plugin/bufsize
github.com/coredns/coredns/plugin/cancel
github.com/coredns/coredns/plugin/chaos
github.com/coredns/coredns/plugin/debug
github.com/coredns/coredns/plugin/pkg/replacer
google.golang.org/api/internal
cloud.google.com/go/auth/internal/transport
github.com/coredns/coredns/plugin/erratic
github.com/coredns/coredns/plugin/errors
github.com/coredns/coredns/plugin/geoip
github.com/coredns/coredns/plugin/file
github.com/coredns/coredns/plugin/grpc
github.com/coredns/coredns/plugin/grpc_server
github.com/coredns/coredns/plugin/header
github.com/coredns/coredns/plugin/hosts
github.com/coredns/coredns/plugin/acl
github.com/coredns/coredns/plugin/autopath
github.com/coredns/coredns/plugin/cache
github.com/coredns/coredns/plugin/dns64
github.com/coredns/coredns/plugin/dnssec
cloud.google.com/go/auth/httptransport
github.com/coredns/coredns/plugin/dnstap
github.com/coredns/coredns/plugin/https
github.com/coredns/coredns/plugin/https3
google.golang.org/api/internal/gensupport
google.golang.org/api/option
k8s.io/kube-openapi/pkg/util/proto
k8s.io/kube-openapi/pkg/validation/spec
github.com/coredns/coredns/plugin/loadbalance
github.com/coredns/coredns/plugin/local
github.com/coredns/coredns/plugin/log
github.com/coredns/coredns/plugin/auto
github.com/coredns/coredns/plugin/azure
github.com/coredns/coredns/plugin/loop
github.com/coredns/coredns/plugin/minimal
github.com/coredns/coredns/plugin/multisocket
github.com/coredns/coredns/plugin/nomad
github.com/coredns/coredns/plugin/forward
github.com/coredns/coredns/plugin/nsid
github.com/coredns/coredns/plugin/proxyproto
google.golang.org/api/option/internaloption
google.golang.org/api/transport/http
github.com/coredns/coredns/plugin/quic
github.com/coredns/coredns/plugin/ready
github.com/coredns/coredns/plugin/rewrite
github.com/coredns/coredns/plugin/root
github.com/coredns/coredns/plugin/secondary
github.com/coredns/coredns/plugin/shed
github.com/coredns/coredns/plugin/sign
github.com/coredns/coredns/plugin/siit
github.com/coredns/coredns/plugin/pkg/expression
github.com/expr-lang/expr/compiler
github.com/coredns/coredns/plugin/timeouts
github.com/coredns/coredns/plugin/tls
github.com/DataDog/datadog-agent/pkg/proto/pbgo/trace
google.golang.org/api/dns/v1
github.com/DataDog/datadog-agent/pkg/remoteconfig/state
go.opentelemetry.io/collector/pdata/internal
go.opentelemetry.io/otel/semconv/v1.6.1
github.com/DataDog/datadog-agent/pkg/opentelemetry-mapping-go/otlp/attributes/source
github.com/DataDog/datadog-agent/pkg/trace/log
github.com/DataDog/datadog-agent/pkg/trace/traceutil/normalize
go.opentelemetry.io/otel/semconv/v1.12.0
go.opentelemetry.io/otel/semconv/v1.17.0
go.opentelemetry.io/otel/semconv/v1.27.0
github.com/DataDog/datadog-agent/pkg/util/log/types
github.com/DataDog/datadog-agent/pkg/util/log/slog/handlers
github.com/DataDog/datadog-agent/pkg/util/log/slog/formatters
github.com/expr-lang/expr
k8s.io/api/core/v1
k8s.io/apimachinery/pkg/api/errors
k8s.io/apimachinery/pkg/api/meta
k8s.io/apimachinery/pkg/apis/meta/v1/unstructured
k8s.io/apimachinery/pkg/apis/meta/v1beta1
k8s.io/client-go/pkg/apis/clientauthentication
k8s.io/client-go/rest/watch
k8s.io/api/apidiscovery/v2
k8s.io/api/apidiscovery/v2beta1
k8s.io/api/admissionregistration/v1
k8s.io/client-go/pkg/apis/clientauthentication/v1
k8s.io/client-go/pkg/apis/clientauthentication/v1beta1
k8s.io/api/apiserverinternal/v1alpha1
k8s.io/apimachinery/pkg/apis/meta/internalversion
k8s.io/api/authentication/v1
k8s.io/apimachinery/pkg/runtime/serializer/versioning
k8s.io/apimachinery/pkg/runtime/serializer/cbor
k8s.io/client-go/pkg/apis/clientauthentication/install
k8s.io/apimachinery/pkg/apis/meta/internalversion/validation
k8s.io/api/authorization/v1
k8s.io/api/certificates/v1alpha1
k8s.io/api/coordination/v1
k8s.io/client-go/util/watchlist
k8s.io/apimachinery/pkg/runtime/serializer/json
k8s.io/apimachinery/pkg/runtime/serializer/protobuf
k8s.io/client-go/tools/pager
github.com/coredns/coredns/plugin/clouddns
k8s.io/client-go/util/consistencydetector
k8s.io/apimachinery/pkg/api/equality
k8s.io/api/flowcontrol/v1
k8s.io/api/authentication/v1alpha1
go.etcd.io/etcd/client/v3
k8s.io/api/authentication/v1beta1
k8s.io/api/flowcontrol/v1beta1
k8s.io/api/coordination/v1alpha2
k8s.io/api/coordination/v1beta1
k8s.io/apimachinery/pkg/api/validate
k8s.io/apimachinery/pkg/runtime/serializer
k8s.io/api/flowcontrol/v1beta2
k8s.io/api/flowcontrol/v1beta3
k8s.io/api/policy/v1
k8s.io/client-go/plugin/pkg/client/auth/exec
k8s.io/api/policy/v1beta1
k8s.io/api/rbac/v1
k8s.io/api/authorization/v1beta1
k8s.io/api/rbac/v1alpha1
k8s.io/api/rbac/v1beta1
k8s.io/api/resource/v1alpha3
k8s.io/api/admissionregistration/v1alpha1
k8s.io/client-go/rest
k8s.io/api/admissionregistration/v1beta1
k8s.io/api/storagemigration/v1beta1
k8s.io/apimachinery/pkg/apis/meta/v1/validation
k8s.io/kube-openapi/pkg/schemaconv
k8s.io/kube-openapi/pkg/spec3
k8s.io/apimachinery/pkg/api/meta/testrestmapper
k8s.io/apimachinery/pkg/util/strategicpatch
k8s.io/client-go/tools/clientcmd/api/latest
github.com/coredns/coredns/plugin/route53
github.com/coredns/coredns/plugin/template
github.com/DataDog/datadog-agent/pkg/trace/traceutil
k8s.io/apimachinery/pkg/api/validation
github.com/DataDog/datadog-agent/pkg/util/log/slog
github.com/DataDog/datadog-agent/pkg/version
gopkg.in/ini.v1
github.com/DataDog/datadog-agent/pkg/util/scrubber
go.opentelemetry.io/otel/semconv/v1.26.0
k8s.io/client-go/util/apply
k8s.io/client-go/tools/cache
github.com/coredns/coredns/plugin/etcd
k8s.io/client-go/plugin/pkg/client/auth/oidc
k8s.io/client-go/tools/auth
github.com/shirou/gopsutil/v4/common
k8s.io/apimachinery/pkg/util/managedfields/internal
github.com/shirou/gopsutil/v4/internal/common
github.com/tklauser/numcpus
github.com/DataDog/datadog-agent/pkg/util/log
k8s.io/client-go/tools/clientcmd
github.com/DataDog/datadog-agent/pkg/trace/version
github.com/DataDog/sketches-go/ddsketch/encoding
github.com/DataDog/sketches-go/ddsketch/pb/sketchpb
github.com/tklauser/go-sysconf
github.com/DataDog/sketches-go/ddsketch/stat
github.com/DataDog/dd-trace-go/v2/datastreams/options
github.com/DataDog/dd-trace-go/v2/ddtrace
github.com/DataDog/dd-trace-go/v2/ddtrace/internal
github.com/DataDog/dd-trace-go/v2/ddtrace/internal/tracerstats
github.com/shirou/gopsutil/v4/mem
github.com/shirou/gopsutil/v4/net
github.com/DataDog/dd-trace-go/v2/internal/orchestrion
golang.org/x/mod/semver
github.com/DataDog/dd-trace-go/v2/internal/samplernames
github.com/shirou/gopsutil/v4/cpu
github.com/DataDog/dd-trace-go/v2/internal/hostname/httputils
github.com/puzpuzpuz/xsync/v3
github.com/DataDog/sketches-go/ddsketch/mapping
github.com/DataDog/sketches-go/ddsketch/store
k8s.io/kube-openapi/pkg/common
github.com/DataDog/dd-trace-go/v2/internal/version
github.com/DataDog/dd-trace-go/v2/internal/osinfo
github.com/DataDog/dd-trace-go/v2/internal/telemetry/internal/transport
github.com/DataDog/dd-trace-go/v2/internal/appsec/apisec/internal/config
github.com/DataDog/dd-trace-go/v2/internal/appsec/limiter
github.com/shirou/gopsutil/v4/process
github.com/DataDog/go-libddwaf/v4/internal/ffi
github.com/DataDog/dd-trace-go/v2/instrumentation/appsec/dyngo
github.com/DataDog/dd-trace-go/v2/internal/telemetry/internal/knownmetrics
github.com/DataDog/go-libddwaf/v4/internal/log
github.com/DataDog/go-libddwaf/v4/internal/pin
github.com/DataDog/go-libddwaf/v4/waferrors
structs
github.com/DataDog/go-libddwaf/v4/timer
github.com/DataDog/dd-trace-go/v2/appsec/events
github.com/klauspost/compress/internal/le
github.com/klauspost/compress/internal/race
github.com/klauspost/compress/fse
github.com/klauspost/compress
github.com/klauspost/compress/internal/cpuinfo
github.com/klauspost/compress/internal/snapref
github.com/klauspost/compress/s2
github.com/DataDog/dd-trace-go/v2/internal/log
github.com/klauspost/compress/zstd/internal/xxhash
k8s.io/apimachinery/pkg/util/managedfields
github.com/DataDog/go-libddwaf/v4/internal/support
github.com/DataDog/dd-trace-go/v2/instrumentation/appsec/emitter/ossec
github.com/DataDog/dd-trace-go/v2/internal/civisibility/constants
github.com/DataDog/go-libddwaf/v4/internal/bindings
github.com/DataDog/dd-trace-go/v2/internal/traceprof
github.com/DataDog/dd-trace-go/v2/internal/llmobs/config
github.com/DataDog/sketches-go/ddsketch
github.com/cenkalti/backoff/v5
github.com/DataDog/dd-trace-go/v2/instrumentation/appsec/trace
github.com/DataDog/dd-trace-go/v2/internal/env
github.com/DataDog/dd-trace-go/v2/internal/hostname/cachedfetch
k8s.io/kube-openapi/pkg/handler3
github.com/DataDog/dd-trace-go/v2/internal/hostname/validate
github.com/DataDog/dd-trace-go/v2/internal/appsec/apisec/internal/timed
github.com/klauspost/compress/huff0
github.com/DataDog/dd-trace-go/v2/internal/hostname/ec2
github.com/DataDog/dd-trace-go/v2/internal/hostname/gce
github.com/DataDog/dd-trace-go/v2/internal/bazel
github.com/DataDog/dd-trace-go/v2/internal/hostname/ecs
github.com/DataDog/dd-trace-go/v2/internal/hostname/azure
github.com/DataDog/go-libddwaf/v4/internal/ruleset
github.com/DataDog/dd-trace-go/v2/instrumentation/env
github.com/DataDog/dd-trace-go/v2/instrumentation/appsec/emitter/sqlsec
github.com/DataDog/dd-trace-go/v2/internal/appsec/emitter/usersec
github.com/DataDog/dd-trace-go/v2/internal/hostname
github.com/DataDog/dd-trace-go/v2/internal/locking
github.com/trailofbits/go-mutexasserts
github.com/DataDog/dd-trace-go/v2/internal/appsec/apisec
github.com/DataDog/dd-trace-go/v2/internal/normalizer
github.com/DataDog/go-libddwaf/v4
go.opentelemetry.io/proto/otlp/common/v1
github.com/DataDog/dd-trace-go/v2/internal/urlsanitizer
github.com/DataDog/go-runtime-metrics-internal/pkg/runtimemetrics
github.com/DataDog/dd-trace-go/v2/internal/locking/assert
github.com/DataDog/datadog-agent/pkg/trace/watchdog
github.com/cihub/seelog/archive/gzip
github.com/cihub/seelog/archive/tar
go.opentelemetry.io/collector/pdata/pcommon
go.opentelemetry.io/collector/pdata/internal/otlp
github.com/cihub/seelog/archive/zip
net/smtp
k8s.io/client-go/testing
golang.org/x/exp/constraints
github.com/cihub/seelog/archive
golang.org/x/xerrors/internal
github.com/opentracing-contrib/go-observer
github.com/openzipkin/zipkin-go/model
golang.org/x/xerrors
github.com/coredns/coredns/plugin/tsig
github.com/coredns/coredns/plugin/view
go.opentelemetry.io/proto/otlp/resource/v1
github.com/coredns/coredns/plugin/whoami
github.com/cihub/seelog
github.com/openzipkin/zipkin-go/propagation
github.com/openzipkin/zipkin-go/idgenerator
github.com/openzipkin/zipkin-go/reporter
github.com/openzipkin/zipkin-go
github.com/openzipkin/zipkin-go/propagation/b3
github.com/klauspost/compress/zstd
github.com/DataDog/dd-trace-go/v2/internal/otelprocesscontext
go.opentelemetry.io/proto/otlp/trace/v1
k8s.io/client-go/openapi
github.com/openzipkin/zipkin-go/reporter/http
github.com/DataDog/dd-trace-go/v2/instrumentation/appsec/emitter/waf/addresses
github.com/openzipkin-contrib/zipkin-go-opentracing
github.com/DataDog/datadog-agent/pkg/opentelemetry-mapping-go/otlp/attributes/azure
github.com/DataDog/datadog-agent/pkg/opentelemetry-mapping-go/otlp/attributes/ec2
github.com/DataDog/datadog-agent/pkg/opentelemetry-mapping-go/otlp/attributes/gcp
go.opentelemetry.io/collector/component
go.opentelemetry.io/collector/pdata/ptrace
go.opentelemetry.io/collector/pdata/pprofile
k8s.io/client-go/gentype
github.com/DataDog/datadog-agent/pkg/opentelemetry-mapping-go/otlp/attributes
github.com/DataDog/datadog-agent/pkg/trace/otel/traceutil
github.com/DataDog/datadog-agent/pkg/trace/config
github.com/DataDog/dd-trace-go/v2/internal
github.com/minio/simdjson-go
github.com/DataDog/datadog-agent/pkg/trace/sampler
github.com/DataDog/dd-trace-go/v2/internal/processtags
github.com/DataDog/dd-trace-go/v2/instrumentation/options
github.com/DataDog/dd-trace-go/v2/internal/globalconfig
github.com/DataDog/dd-trace-go/v2/internal/stacktrace
github.com/DataDog/dd-trace-go/v2/internal/datastreams
github.com/DataDog/dd-trace-go/v2/internal/telemetry/internal/mapper
github.com/DataDog/dd-trace-go/v2/internal/telemetry/internal
github.com/DataDog/dd-trace-go/v2/internal/namingschema
github.com/DataDog/dd-trace-go/v2/internal/remoteconfig
github.com/DataDog/dd-trace-go/v2/internal/telemetry
github.com/DataDog/dd-trace-go/v2/internal/openfeature
github.com/DataDog/datadog-agent/pkg/trace/transform
github.com/DataDog/dd-trace-go/v2/internal/appsec/body/json
github.com/DataDog/datadog-agent/pkg/trace/stats
github.com/DataDog/dd-trace-go/v2/instrumentation/errortrace
github.com/DataDog/dd-trace-go/v2/internal/config/configtelemetry
github.com/DataDog/dd-trace-go/v2/internal/telemetry/log
github.com/DataDog/dd-trace-go/v2/internal/stableconfig
github.com/DataDog/dd-trace-go/v2/internal/civisibility/utils/telemetry
github.com/DataDog/dd-trace-go/v2/internal/config/provider
github.com/DataDog/dd-trace-go/v2/internal/llmobs/transport
github.com/DataDog/dd-trace-go/v2/instrumentation/appsec/emitter/waf/actions
github.com/DataDog/dd-trace-go/v2/internal/appsec/config
github.com/DataDog/dd-trace-go/v2/internal/civisibility/utils
github.com/DataDog/dd-trace-go/v2/internal/appsec/body
github.com/DataDog/dd-trace-go/v2/internal/config
github.com/DataDog/dd-trace-go/v2/internal/llmobs
github.com/DataDog/dd-trace-go/v2/internal/appsec/listener
github.com/DataDog/dd-trace-go/v2/internal/appsec/emitter/waf
github.com/DataDog/dd-trace-go/v2/internal/appsec/listener/trace
github.com/DataDog/dd-trace-go/v2/instrumentation/appsec/emitter/grpcsec
github.com/DataDog/dd-trace-go/v2/instrumentation/appsec/emitter/httpsec
github.com/DataDog/dd-trace-go/v2/internal/appsec/listener/waf
github.com/DataDog/dd-trace-go/v2/internal/appsec/listener/usersec
github.com/DataDog/dd-trace-go/v2/internal/appsec/listener/ossec
github.com/DataDog/dd-trace-go/v2/instrumentation/appsec/emitter/graphqlsec
github.com/DataDog/dd-trace-go/v2/internal/appsec/listener/sqlsec
github.com/DataDog/dd-trace-go/v2/internal/appsec/listener/graphqlsec
github.com/DataDog/dd-trace-go/v2/internal/appsec/listener/httpsec
sigs.k8s.io/mcs-api/pkg/apis/v1alpha1
k8s.io/api/discovery/v1
k8s.io/api/apps/v1beta1
k8s.io/api/autoscaling/v1
k8s.io/api/autoscaling/v2
k8s.io/api/apps/v1
k8s.io/api/events/v1
k8s.io/api/autoscaling/v2beta2
k8s.io/api/apps/v1beta2
k8s.io/api/discovery/v1beta1
k8s.io/api/certificates/v1
k8s.io/api/autoscaling/v2beta1
k8s.io/api/batch/v1
k8s.io/api/certificates/v1beta1
k8s.io/api/events/v1beta1
k8s.io/api/networking/v1
k8s.io/api/networking/v1beta1
k8s.io/api/node/v1
k8s.io/api/node/v1alpha1
k8s.io/api/node/v1beta1
k8s.io/api/resource/v1
github.com/coredns/coredns/plugin/kubernetes/object
k8s.io/api/resource/v1beta1
k8s.io/api/resource/v1beta2
k8s.io/api/scheduling/v1
k8s.io/api/scheduling/v1alpha1
k8s.io/api/scheduling/v1beta1
k8s.io/api/storage/v1
k8s.io/api/batch/v1beta1
k8s.io/api/storage/v1alpha1
k8s.io/api/storage/v1beta1
k8s.io/client-go/tools/reference
sigs.k8s.io/mcs-api/pkg/apis/v1beta1
k8s.io/api/extensions/v1beta1
github.com/DataDog/dd-trace-go/v2/internal/appsec/listener/grpcsec
sigs.k8s.io/mcs-api/pkg/client/clientset/versioned/scheme
sigs.k8s.io/mcs-api/pkg/client/clientset/versioned/typed/apis/v1alpha1
github.com/DataDog/dd-trace-go/v2/internal/appsec
github.com/DataDog/dd-trace-go/v2/ddtrace/tracer
k8s.io/client-go/kubernetes/scheme
k8s.io/client-go/kubernetes/typed/authentication/v1alpha1
k8s.io/client-go/kubernetes/typed/authentication/v1
k8s.io/client-go/discovery
k8s.io/client-go/kubernetes/typed/authentication/v1beta1
k8s.io/client-go/kubernetes/typed/authorization/v1beta1
k8s.io/client-go/kubernetes/typed/authorization/v1
k8s.io/client-go/applyconfigurations/meta/v1
k8s.io/client-go/applyconfigurations/admissionregistration/v1
k8s.io/client-go/applyconfigurations/apiserverinternal/v1alpha1
k8s.io/client-go/applyconfigurations/autoscaling/v1
k8s.io/client-go/applyconfigurations/certificates/v1alpha1
k8s.io/client-go/applyconfigurations/autoscaling/v2
k8s.io/client-go/applyconfigurations/coordination/v1
k8s.io/client-go/applyconfigurations/coordination/v1alpha2
k8s.io/client-go/applyconfigurations/certificates/v1beta1
k8s.io/client-go/applyconfigurations/certificates/v1
k8s.io/client-go/applyconfigurations/coordination/v1beta1
k8s.io/client-go/applyconfigurations/autoscaling/v2beta2
k8s.io/client-go/applyconfigurations/flowcontrol/v1beta1
k8s.io/client-go/applyconfigurations/autoscaling/v2beta1
k8s.io/client-go/applyconfigurations/flowcontrol/v1
k8s.io/client-go/applyconfigurations/core/v1
k8s.io/client-go/kubernetes/typed/autoscaling/v1
k8s.io/client-go/kubernetes/typed/coordination/v1
k8s.io/client-go/kubernetes/typed/certificates/v1
k8s.io/client-go/kubernetes/typed/certificates/v1alpha1
k8s.io/client-go/kubernetes/typed/apiserverinternal/v1alpha1
k8s.io/client-go/kubernetes/typed/autoscaling/v2beta1
k8s.io/client-go/kubernetes/typed/flowcontrol/v1beta1
k8s.io/client-go/kubernetes/typed/coordination/v1alpha2
k8s.io/client-go/kubernetes/typed/coordination/v1beta1
k8s.io/client-go/kubernetes/typed/certificates/v1beta1
k8s.io/client-go/kubernetes/typed/autoscaling/v2beta2
k8s.io/client-go/kubernetes/typed/flowcontrol/v1
k8s.io/client-go/kubernetes/typed/autoscaling/v2
k8s.io/client-go/kubernetes/typed/admissionregistration/v1
k8s.io/client-go/applyconfigurations/admissionregistration/v1alpha1
k8s.io/client-go/applyconfigurations/admissionregistration/v1beta1
k8s.io/client-go/applyconfigurations/flowcontrol/v1beta2
k8s.io/client-go/applyconfigurations/flowcontrol/v1beta3
k8s.io/client-go/applyconfigurations/policy/v1
k8s.io/client-go/applyconfigurations/policy/v1beta1
k8s.io/client-go/applyconfigurations/rbac/v1
k8s.io/client-go/applyconfigurations/rbac/v1alpha1
k8s.io/client-go/applyconfigurations/rbac/v1beta1
k8s.io/client-go/applyconfigurations/resource/v1alpha3
k8s.io/client-go/applyconfigurations/scheduling/v1
k8s.io/client-go/applyconfigurations/scheduling/v1alpha1
k8s.io/client-go/applyconfigurations/scheduling/v1beta1
k8s.io/client-go/applyconfigurations/storagemigration/v1beta1
k8s.io/client-go/kubernetes/typed/flowcontrol/v1beta2
k8s.io/client-go/kubernetes/typed/admissionregistration/v1alpha1
k8s.io/client-go/kubernetes/typed/policy/v1beta1
k8s.io/client-go/kubernetes/typed/policy/v1
github.com/coredns/coredns/plugin/trace
k8s.io/client-go/kubernetes/typed/rbac/v1beta1
k8s.io/client-go/kubernetes/typed/resource/v1alpha3
k8s.io/client-go/kubernetes/typed/flowcontrol/v1beta3
k8s.io/client-go/kubernetes/typed/admissionregistration/v1beta1
k8s.io/client-go/kubernetes/typed/rbac/v1alpha1
k8s.io/client-go/kubernetes/typed/scheduling/v1
k8s.io/client-go/kubernetes/typed/rbac/v1
k8s.io/client-go/kubernetes/typed/scheduling/v1alpha1
k8s.io/client-go/kubernetes/typed/scheduling/v1beta1
k8s.io/client-go/kubernetes/typed/storagemigration/v1beta1
k8s.io/client-go/applyconfigurations/discovery/v1
k8s.io/client-go/applyconfigurations/discovery/v1beta1
k8s.io/client-go/applyconfigurations/events/v1beta1
k8s.io/client-go/applyconfigurations/batch/v1
k8s.io/client-go/applyconfigurations/events/v1
k8s.io/client-go/applyconfigurations/apps/v1beta2
k8s.io/client-go/kubernetes/typed/core/v1
k8s.io/client-go/applyconfigurations/apps/v1beta1
k8s.io/client-go/applyconfigurations/node/v1beta1
k8s.io/client-go/applyconfigurations/node/v1
k8s.io/client-go/applyconfigurations/node/v1alpha1
k8s.io/client-go/applyconfigurations/apps/v1
k8s.io/client-go/applyconfigurations/networking/v1
k8s.io/client-go/applyconfigurations/resource/v1
k8s.io/client-go/applyconfigurations/networking/v1beta1
k8s.io/client-go/applyconfigurations/extensions/v1beta1
k8s.io/client-go/kubernetes/typed/discovery/v1beta1
k8s.io/client-go/kubernetes/typed/node/v1beta1
k8s.io/client-go/kubernetes/typed/events/v1beta1
k8s.io/client-go/kubernetes/typed/node/v1
k8s.io/client-go/kubernetes/typed/events/v1
k8s.io/client-go/kubernetes/typed/node/v1alpha1
k8s.io/client-go/kubernetes/typed/discovery/v1
k8s.io/client-go/kubernetes/typed/batch/v1
k8s.io/client-go/applyconfigurations/batch/v1beta1
k8s.io/client-go/kubernetes/typed/apps/v1beta1
k8s.io/client-go/kubernetes/typed/networking/v1beta1
k8s.io/client-go/kubernetes/typed/resource/v1
k8s.io/client-go/applyconfigurations/resource/v1beta1
k8s.io/client-go/kubernetes/typed/networking/v1
k8s.io/client-go/kubernetes/typed/apps/v1
k8s.io/client-go/applyconfigurations/resource/v1beta2
k8s.io/client-go/applyconfigurations/storage/v1
k8s.io/client-go/applyconfigurations/storage/v1alpha1
k8s.io/client-go/applyconfigurations/storage/v1beta1
k8s.io/client-go/kubernetes/typed/extensions/v1beta1
k8s.io/client-go/kubernetes/typed/apps/v1beta2
k8s.io/client-go/kubernetes/typed/batch/v1beta1
k8s.io/client-go/kubernetes/typed/storage/v1alpha1
k8s.io/client-go/kubernetes/typed/storage/v1
k8s.io/client-go/kubernetes/typed/storage/v1beta1
k8s.io/client-go/kubernetes/typed/resource/v1beta1
k8s.io/client-go/kubernetes/typed/resource/v1beta2
k8s.io/client-go/kubernetes
github.com/coredns/coredns/plugin/kubernetes
github.com/coredns/coredns/plugin/k8s_external
github.com/coredns/coredns/core/plugin
github.com/coredns/coredns
