go: downloading github.com/AppsFlyer/go-sundheit v0.6.0
go: downloading github.com/coreos/go-oidc/v3 v3.19.0
go: downloading github.com/go-webauthn/webauthn v0.17.4
go: downloading github.com/pquerna/otp v1.5.0
go: downloading entgo.io/ent v0.14.6
go: downloading github.com/mattn/go-sqlite3 v1.14.48
go: downloading github.com/openbao/openbao/api/v2 v2.6.0
go: downloading google.golang.org/genproto/googleapis/rpc v0.0.0-20260724162435-b2f20204f0df
go: downloading golang.org/x/exp v0.0.0-20240823005443-9b4947da3948
go: downloading google.golang.org/api v0.291.0
go: downloading github.com/go-ldap/ldap/v3 v3.4.14
go: downloading github.com/jcmturner/gokrb5/v8 v8.4.4
go: downloading github.com/beevik/etree v1.7.0
go: downloading github.com/mattermost/xml-roundtrip-validator v0.1.0
go: downloading github.com/russellhaering/goxmldsig v1.6.0
go: downloading go.uber.org/zap v1.27.0
go: downloading github.com/Masterminds/semver/v3 v3.3.0
go: downloading github.com/boombuler/barcode v1.0.1-0.20190219062509-6c824513bacc
go: downloading github.com/go-asn1-ber/asn1-ber v1.5.8
go: downloading github.com/hashicorp/go-secure-stdlib/parseutil v0.2.0
go: downloading github.com/hashicorp/hcl v1.0.1-vault-7
go: downloading github.com/google/go-tpm v0.9.8
go: downloading github.com/tinylib/msgp v1.6.4
go: downloading github.com/coreos/go-systemd/v22 v22.5.0
go: downloading github.com/hashicorp/go-secure-stdlib/strutil v0.1.2
go: downloading github.com/hashicorp/go-sockaddr v1.0.7
go: downloading github.com/go-webauthn/x v0.2.6
go: downloading ariga.io/atlas v0.36.2-0.20250730182955-2c6300d0a3e1
go: downloading github.com/ryanuber/go-glob v1.0.0
go: downloading github.com/zclconf/go-cty v1.14.4
go: downloading github.com/hashicorp/hcl/v2 v2.18.1
go: downloading github.com/go-openapi/inflect v0.19.0
go: downloading github.com/bmatcuk/doublestar v1.3.4
go: downloading github.com/zclconf/go-cty-yaml v1.1.0
go: downloading github.com/googleapis/enterprise-certificate-proxy v0.3.19
go: downloading cloud.google.com/go/auth v0.22.0
golang.org/x/exp/constraints
github.com/dexidp/dex/pkg/groups
github.com/jcmturner/gokrb5/v8/iana/nametype
github.com/jcmturner/gokrb5/v8/iana/etypeID
github.com/jcmturner/gokrb5/v8/iana/chksumtype
github.com/jcmturner/gokrb5/v8/iana/patype
github.com/jcmturner/gokrb5/v8/iana
github.com/jcmturner/gokrb5/v8/iana/addrtype
github.com/jcmturner/gokrb5/v8/iana/asnAppTag
github.com/jcmturner/gokrb5/v8/iana/flags
github.com/jcmturner/gokrb5/v8/iana/keyusage
github.com/jcmturner/gokrb5/v8/iana/adtype
github.com/jcmturner/gokrb5/v8/iana/msgtype
entgo.io/ent/schema
github.com/agext/levenshtein
github.com/AppsFlyer/go-sundheit
github.com/dexidp/dex/pkg/featureflags
golang.org/x/exp/slices
cloud.google.com/go/auth/internal/jwt
google.golang.org/api/internal/third_party/uritemplates
github.com/google/s2a-go/retry
google.golang.org/api/internal/credentialstype
google.golang.org/genproto/googleapis/rpc/status
golang.org/x/crypto/chacha20poly1305
google.golang.org/genproto/googleapis/rpc/code
google.golang.org/genproto/googleapis/rpc/errdetails
github.com/go-asn1-ber/asn1-ber
github.com/jcmturner/gokrb5/v8/crypto/etype
golang.org/x/crypto/md4
github.com/jcmturner/gokrb5/v8/asn1tools
github.com/jcmturner/gokrb5/v8/iana/errorcode
github.com/jcmturner/gokrb5/v8/krberror
github.com/dexidp/dex/storage/kubernetes/k8sapi
github.com/jcmturner/rpc/v2/mstypes
github.com/beevik/etree
google.golang.org/grpc/internal/channelz
google.golang.org/grpc/resolver
github.com/AppsFlyer/go-sundheit/http
github.com/AppsFlyer/go-sundheit/checks
google.golang.org/grpc/encoding/proto
github.com/dexidp/dex/connector
github.com/dexidp/dex/pkg/httpclient
google.golang.org/grpc/internal/status
golang.org/x/oauth2/bitbucket
golang.org/x/oauth2/endpoints
github.com/coreos/go-oidc/v3/oidc
golang.org/x/oauth2/github
github.com/dexidp/dex/connector/atlassiancrowd
github.com/dexidp/dex/connector/authproxy
github.com/dexidp/dex/connector/bitbucketcloud
github.com/dexidp/dex/connector/gitea
github.com/dexidp/dex/connector/github
github.com/dexidp/dex/connector/gitlab
google.golang.org/grpc/experimental/balancer/weight
google.golang.org/grpc/internal/metadata
google.golang.org/grpc/internal/proxyattributes
google.golang.org/grpc/status
google.golang.org/grpc/internal/transport/networktype
google.golang.org/grpc/internal/resolver/passthrough
google.golang.org/grpc/balancer/grpclb/state
github.com/googleapis/gax-go/v2/internallog
google.golang.org/api/googleapi
cloud.google.com/go/auth/internal
google.golang.org/grpc/internal/resolver/unix
cloud.google.com/go/auth/internal/retry
google.golang.org/grpc/internal/resolver/dns
google.golang.org/grpc/internal/binarylog
cloud.google.com/go/auth/internal/credsfile
github.com/googleapis/enterprise-certificate-proxy/client/util
net/rpc
github.com/google/s2a-go/fallback
github.com/google/s2a-go/internal/record/internal/aeadcrypter
google.golang.org/api/internal/impersonate
github.com/googleapis/gax-go/v2/apierror/internal/proto
cloud.google.com/go/auth
go.opentelemetry.io/contrib/instrumentation/net/http/otelhttp/internal/request
google.golang.org/grpc/channelz
google.golang.org/grpc/internal/transport
google.golang.org/api/googleapi/transport
github.com/dexidp/dex/connector/keystone
google.golang.org/grpc/resolver/dns
go.opentelemetry.io/contrib/instrumentation/net/http/otelhttp/internal/semconv
github.com/Azure/go-ntlmssp
github.com/google/s2a-go/internal/record/internal/halfconn
google.golang.org/grpc/balancer
github.com/jcmturner/gokrb5/v8/crypto/common
github.com/jcmturner/gokrb5/v8/crypto/rfc4757
github.com/jcmturner/gokrb5/v8/types
github.com/jcmturner/gokrb5/v8/config
github.com/dexidp/dex/connector/linkedin
github.com/dexidp/dex/connector/microsoft
github.com/googleapis/gax-go/v2/apierror
google.golang.org/grpc/balancer/base
google.golang.org/grpc/balancer/pickfirst
google.golang.org/grpc/internal/serviceconfig
github.com/jcmturner/gokrb5/v8/crypto/rfc3961
github.com/jcmturner/gokrb5/v8/crypto/rfc3962
github.com/jcmturner/gokrb5/v8/crypto/rfc8009
cloud.google.com/go/auth/internal/regionalaccessboundary
cloud.google.com/go/auth/credentials/internal/stsexchange
cloud.google.com/go/auth/credentials/internal/gdch
cloud.google.com/go/auth/oauth2adapt
github.com/go-ldap/ldap/v3
google.golang.org/grpc/balancer/endpointsharding
google.golang.org/grpc/internal/balancer/gracefulswitch
github.com/jcmturner/gokrb5/v8/crypto
github.com/dexidp/dex/connector/mock
google.golang.org/grpc/internal/resolver
github.com/dexidp/dex/connector/oauth
go.opentelemetry.io/contrib/instrumentation/net/http/otelhttp
github.com/dexidp/dex/connector/oidc
cloud.google.com/go/auth/credentials/internal/externalaccountuser
github.com/dexidp/dex/connector/openshift
github.com/mattermost/xml-roundtrip-validator
github.com/russellhaering/goxmldsig/etreeutils
github.com/russellhaering/goxmldsig/types
github.com/dexidp/dex/server/oauth2
cloud.google.com/go/auth/internal/transport/headers
github.com/googleapis/enterprise-certificate-proxy/client
github.com/dexidp/dex/storage
golang.org/x/crypto/bcrypt
github.com/dexidp/dex/server/reqctx
google.golang.org/grpc/balancer/roundrobin
github.com/gorilla/handlers
cloud.google.com/go/auth/credentials/internal/impersonate
github.com/gorilla/mux
github.com/Masterminds/semver/v3
github.com/jcmturner/gokrb5/v8/keytab
github.com/jcmturner/gokrb5/v8/gssapi
github.com/jcmturner/gokrb5/v8/pac
github.com/dexidp/dex/server/passwords
github.com/go-jose/go-jose/v4/jwt
cloud.google.com/go/auth/internal/transport/cert
google.golang.org/api/internal/cert
github.com/russellhaering/goxmldsig
github.com/ryanuber/go-glob
github.com/hashicorp/go-sockaddr
github.com/hashicorp/hcl/hcl/strconv
github.com/hashicorp/go-secure-stdlib/strutil
github.com/go-webauthn/webauthn/protocol/webauthncbor
github.com/jcmturner/gokrb5/v8/credentials
cloud.google.com/go/auth/credentials/internal/externalaccount
github.com/go-webauthn/x/encoding/asn1
github.com/hashicorp/hcl/hcl/token
github.com/google/go-tpm/tpmutil
github.com/dexidp/dex/server/connectors
github.com/dexidp/dex/server/internal
golang.org/x/crypto/ocsp
github.com/dexidp/dex/server/router
github.com/Masterminds/sprig/v3
github.com/philhofer/fwd
github.com/boombuler/barcode
github.com/hashicorp/hcl/hcl/ast
github.com/dexidp/dex/connector/saml
github.com/hashicorp/hcl/hcl/scanner
github.com/hashicorp/hcl/json/token
github.com/tinylib/msgp/msgp
github.com/jcmturner/gokrb5/v8/messages
github.com/dexidp/dex/server/session
github.com/boombuler/barcode/utils
github.com/pquerna/otp/internal
github.com/go-webauthn/x/revoke
github.com/hashicorp/hcl/json/scanner
image/png
github.com/dexidp/dex/web
github.com/hashicorp/hcl/hcl/parser
github.com/boombuler/barcode/qr
github.com/hashicorp/hcl/json/parser
github.com/prometheus/common/model
cloud.google.com/go/auth/credentials
github.com/google/go-tpm/legacy/tpm2
entgo.io/ent/dialect
entgo.io/ent/schema/edge
entgo.io/ent/schema/field
entgo.io/ent/schema/index
entgo.io/ent/entql
ariga.io/atlas/sql/schema
github.com/hashicorp/hcl
github.com/bmatcuk/doublestar
github.com/pquerna/otp
entgo.io/ent/dialect/sql
github.com/hashicorp/go-secure-stdlib/parseutil
github.com/jcmturner/gokrb5/v8/kadmin
github.com/go-openapi/inflect
github.com/apparentlymart/go-textseg/v15/textseg
github.com/pquerna/otp/hotp
github.com/zclconf/go-cty/cty/set
github.com/jcmturner/gokrb5/v8/client
github.com/pquerna/otp/totp
github.com/dexidp/dex/server/templates
google.golang.org/grpc/internal/resolver/delegatingresolver
ariga.io/atlas/sql/postgres/internal/postgresop
github.com/lib/pq/internal/pqutil
github.com/openbao/openbao/api/v2
github.com/lib/pq/internal/pqsql
github.com/prometheus/client_golang/prometheus/internal
github.com/prometheus/common/expfmt
github.com/lib/pq/internal/pqtime
google.golang.org/grpc
github.com/lib/pq/internal/pgpass
github.com/lib/pq/internal/pgservice
github.com/google/go-tpm/tpm2/transport
github.com/lib/pq/internal/proto
github.com/lib/pq/oid
github.com/dexidp/dex/server/home
github.com/google/go-tpm/tpm2
github.com/lib/pq/pqerror
github.com/lib/pq/scram
entgo.io/ent
github.com/jcmturner/gokrb5/v8/service
go.etcd.io/etcd/client/pkg/v3/verify
github.com/zclconf/go-cty/cty/ctystrings
go.uber.org/zap/internal/pool
go.uber.org/zap/internal/color
github.com/lib/pq
go.uber.org/zap/buffer
github.com/zclconf/go-cty/cty
go.uber.org/zap/internal/exit
ariga.io/atlas/sql/migrate
go.etcd.io/etcd/client/pkg/v3/tlsutil
github.com/jcmturner/gokrb5/v8/spnego
github.com/dexidp/dex/storage/ent/schema
go.uber.org/zap/internal/bufferpool
github.com/grpc-ecosystem/grpc-gateway/v2/protoc-gen-openapiv2/options
go.etcd.io/etcd/api/v3/authpb
go.etcd.io/etcd/api/v3/versionpb
go.uber.org/zap/zapcore
github.com/prometheus/client_golang/prometheus
go.uber.org/zap/internal/stacktrace
go.etcd.io/etcd/api/v3/membershippb
go.etcd.io/etcd/api/v3/mvccpb
github.com/dexidp/dex/connector/ldap
google.golang.org/genproto/googleapis/api
go.etcd.io/etcd/api/v3/v3rpc/rpctypes
go.etcd.io/etcd/api/v3/version
github.com/coreos/go-systemd/v22/journal
go.etcd.io/etcd/client/pkg/v3/systemd
google.golang.org/genproto/googleapis/api/annotations
go.etcd.io/etcd/client/pkg/v3/types
ariga.io/atlas/sql/internal/sqlx
ariga.io/atlas/sql/sqltool
go.etcd.io/etcd/client/v3/credentials
go.etcd.io/etcd/client/v3/internal/endpoint
go.uber.org/zap/internal
google.golang.org/grpc/resolver/manual
github.com/dexidp/dex/storage/kubernetes
github.com/dexidp/dex/storage/memory
go.uber.org/zap
golang.org/x/net/context
go.etcd.io/etcd/client/v3/internal/resolver
github.com/spf13/pflag
github.com/zclconf/go-cty/cty/function
github.com/zclconf/go-cty/cty/convert
entgo.io/ent/dialect/sql/sqlgraph
entgo.io/ent/dialect/sql/sqljson
github.com/dexidp/dex/storage/ent/db/predicate
github.com/dexidp/dex/storage/ent/db/authcode
github.com/dexidp/dex/storage/ent/db/authrequest
github.com/dexidp/dex/storage/ent/db/authsession
github.com/dexidp/dex/server/signer
github.com/dexidp/dex/api/v2
github.com/google/s2a-go/internal/proto/s2a_go_proto
github.com/google/s2a-go/internal/handshaker/service
github.com/google/s2a-go/internal/proto/v2/s2a_go_proto
github.com/googleapis/gax-go/v2
github.com/dexidp/dex/storage/ent/db/connector
github.com/dexidp/dex/server/backchannel
github.com/dexidp/dex/server/tokens
github.com/dexidp/dex/server/discovery
github.com/dexidp/dex/server/userinfo
github.com/prometheus/client_golang/prometheus/promhttp
github.com/dexidp/dex/storage/ent/db/devicerequest
github.com/dexidp/dex/storage/ent/db/devicetoken
github.com/dexidp/dex/storage/ent/db/keys
github.com/google/s2a-go/internal/authinfo
github.com/google/s2a-go/internal/record
github.com/hashicorp/hcl/v2
github.com/zclconf/go-cty/cty/gocty
github.com/zclconf/go-cty/cty/json
github.com/zclconf/go-cty-yaml
ariga.io/atlas/sql/mysql/internal/mysqlversion
entgo.io/ent/dialect/entsql
github.com/dexidp/dex/storage/ent/db/oauth2client
github.com/dexidp/dex/server/consent
github.com/dexidp/dex/server/grants
github.com/google/s2a-go/stream
github.com/dexidp/dex/server/introspection
github.com/dexidp/dex/server/logout
github.com/dexidp/dex/storage/ent/db/offlinesession
github.com/google/s2a-go/internal/handshaker
github.com/dexidp/dex/storage/ent/db/password
github.com/google/s2a-go/internal/v2/certverifier
github.com/google/s2a-go/internal/v2/remotesigner
github.com/dexidp/dex/server/authflow
github.com/dexidp/dex/storage/ent/db/refreshtoken
github.com/dexidp/dex/storage/ent/db/useridentity
github.com/hashicorp/hcl/v2/ext/customdecode
github.com/google/s2a-go/internal/v2/tlsconfigstore
github.com/zclconf/go-cty/cty/function/stdlib
github.com/dexidp/dex/server/device
github.com/dexidp/dex/server/apiserver
github.com/hashicorp/hcl/v2/ext/tryfunc
github.com/google/s2a-go/internal/v2
go.etcd.io/etcd/client/pkg/v3/fileutil
go.etcd.io/etcd/api/v3/etcdserverpb
go.uber.org/zap/zapgrpc
go.etcd.io/etcd/client/pkg/v3/logutil
github.com/grpc-ecosystem/go-grpc-prometheus
github.com/prometheus/client_golang/prometheus/collectors
github.com/spf13/cobra
google.golang.org/grpc/reflection/grpc_reflection_v1
google.golang.org/grpc/reflection/grpc_reflection_v1alpha
github.com/google/s2a-go
go.etcd.io/etcd/client/pkg/v3/transport
google.golang.org/grpc/reflection/internal
cloud.google.com/go/auth/internal/transport
google.golang.org/api/internal
github.com/hashicorp/hcl/v2/hclsyntax
google.golang.org/grpc/reflection
github.com/go-webauthn/webauthn/protocol/webauthncose
cloud.google.com/go/auth/httptransport
google.golang.org/api/option
google.golang.org/api/internal/gensupport
github.com/go-webauthn/webauthn/metadata
google.golang.org/api/transport/http
google.golang.org/api/option/internaloption
github.com/go-webauthn/webauthn/protocol
google.golang.org/api/admin/directory/v1
google.golang.org/api/impersonate
github.com/hashicorp/hcl/v2/hclwrite
github.com/hashicorp/hcl/v2/json
github.com/go-webauthn/webauthn/webauthn
github.com/hashicorp/hcl/v2/hclparse
github.com/dexidp/dex/server/mfa
github.com/hashicorp/hcl/v2/gohcl
ariga.io/atlas/schemahcl
github.com/dexidp/dex/connector/google
go.etcd.io/etcd/client/v3
ariga.io/atlas/sql/sqlspec
ariga.io/atlas/sql/sqlclient
github.com/dexidp/dex/server
ariga.io/atlas/sql/internal/specutil
ariga.io/atlas/sql/mysql
ariga.io/atlas/sql/postgres
ariga.io/atlas/sql/sqlite
go.etcd.io/etcd/client/v3/namespace
github.com/dexidp/dex/storage/etcd
entgo.io/ent/dialect/sql/schema
github.com/dexidp/dex/storage/ent/db/migrate
github.com/dexidp/dex/storage/ent/db
github.com/dexidp/dex/storage/ent/client
github.com/mattn/go-sqlite3
github.com/dexidp/dex/storage/ent
github.com/dexidp/dex/storage/sql
github.com/dexidp/dex/cmd/dex
