go: downloading github.com/gin-contrib/static v1.1.5
go: downloading gorm.io/gorm v1.25.0
go: downloading github.com/swaggo/swag v1.16.6
go: downloading github.com/spf13/cobra v1.10.1
go: downloading github.com/go-redis/cache/v9 v9.0.0
go: downloading github.com/go-echarts/statsview v0.3.4
go: downloading github.com/go-redis/redis_rate/v10 v10.0.1
go: downloading github.com/google/go-github/v89 v89.0.0
go: downloading d7y.io/api/v2 v2.3.6
go: downloading github.com/spf13/viper v1.18.2
go: downloading github.com/dragonflyoss/machinery v1.10.14
go: downloading github.com/casbin/casbin/v2 v2.81.0
go: downloading github.com/docker/go-connections v0.8.1
go: downloading github.com/gin-contrib/gzip v1.2.6
go: downloading github.com/elastic/go-freelru v0.16.0
go: downloading github.com/VividCortex/mysqlerr v1.0.0
go: downloading github.com/gin-gonic/gin v1.12.0
go: downloading github.com/gin-contrib/zap v1.1.7
go: downloading github.com/casbin/gorm-adapter/v3 v3.5.0
go: downloading github.com/go-gorm/caches/v4 v4.0.5
go: downloading go.opentelemetry.io/otel/exporters/otlp/otlptrace/otlptracehttp v1.44.0
go: downloading github.com/appleboy/gin-jwt/v2 v2.10.3
go: downloading github.com/mcuadros/go-gin-prometheus v0.1.0
go: downloading github.com/go-sql-driver/mysql v1.9.2
go: downloading github.com/swaggo/files v1.0.1
go: downloading github.com/polardb/polardbx-connector-go v1.0.3-18
go: downloading github.com/go-http-utils/headers v0.0.0-20181008091004-fed159eddc2a
go: downloading github.com/swaggo/gin-swagger v1.6.1
go: downloading gorm.io/driver/mysql v1.4.7
go: downloading github.com/gomodule/redigo v1.9.3
go: downloading gorm.io/plugin/soft_delete v1.2.1
go: downloading go.opentelemetry.io/contrib/instrumentation/github.com/gin-gonic/gin/otelgin v0.70.0
go: downloading gorm.io/driver/postgres v1.4.8
go: downloading stathat.com/c/consistent v1.0.0
go: downloading moul.io/zapgorm2 v1.3.0
go: downloading github.com/Showmax/go-fqdn v1.0.0
go: downloading github.com/bits-and-blooms/bitset v1.24.6
go: downloading github.com/avast/retry-go/v5 v5.0.0
go: downloading github.com/grpc-ecosystem/go-grpc-middleware v1.4.0
go: downloading github.com/docker/distribution v2.8.3+incompatible
go: downloading go.opentelemetry.io/contrib/instrumentation/google.golang.org/grpc/otelgrpc v0.70.0
go: downloading github.com/onsi/ginkgo/v2 v2.32.1
go: downloading github.com/onsi/gomega v1.42.0
go: downloading github.com/looplab/fsm v1.0.2
go: downloading github.com/docker/docker v25.0.16+incompatible
go: downloading k8s.io/utils v0.0.0-20260707023825-cf1189d6abe3
go: downloading github.com/opencontainers/image-spec v1.1.0
go: downloading cloud.google.com/go v0.121.6
go: downloading google.golang.org/genproto v0.0.0-20260319201613-d00831a3d3e7
go: downloading github.com/spf13/pflag v1.0.9
go: downloading github.com/cpuguy83/go-md2man/v2 v2.0.6
go: downloading cloud.google.com/go/auth v0.23.0
go: downloading github.com/vmihailenco/go-tinylfu v0.2.2
go: downloading github.com/vmihailenco/msgpack/v5 v5.3.5
go: downloading github.com/sagikazarmark/slog-shim v0.1.0
go: downloading github.com/spf13/cast v1.6.0
go: downloading github.com/jinzhu/now v1.1.5
go: downloading github.com/go-echarts/go-echarts/v2 v2.2.4
go: downloading github.com/rs/cors v1.8.2
go: downloading github.com/KyleBanks/depth v1.2.1
go: downloading github.com/go-openapi/spec v0.22.9
go: downloading github.com/opentracing/opentracing-go v1.2.0
go: downloading github.com/robfig/cron/v3 v3.0.1
go: downloading cloud.google.com/go/pubsub v1.50.1
go: downloading github.com/kelseyhightower/envconfig v1.4.0
go: downloading go.mongodb.org/mongo-driver v1.17.7
go: downloading github.com/RichardKnop/logging v0.0.0-20190827224416-1a693bdd4fae
go: downloading gorm.io/plugin/dbresolver v1.3.0
go: downloading gorm.io/driver/sqlserver v1.4.1
go: downloading github.com/gin-contrib/sse v1.1.1
go: downloading github.com/mattn/go-isatty v0.0.24
go: downloading github.com/quic-go/quic-go v0.61.0
go: downloading github.com/goccy/go-yaml v1.19.2
go: downloading github.com/ugorji/go/codec v1.3.1
go: downloading go.mongodb.org/mongo-driver/v2 v2.8.0
go: downloading github.com/jinzhu/inflection v1.0.0
go: downloading github.com/casbin/govaluate v1.1.0
go: downloading filippo.io/edwards25519 v1.1.1
go: downloading github.com/jackc/pgx/v5 v5.9.2
go: downloading github.com/deckarep/golang-set v1.8.0
go: downloading github.com/petermattis/goid v0.0.0-20251121121749-a11dd1a45f9a
go: downloading github.com/gabriel-vasile/mimetype v1.4.15
go: downloading github.com/leodido/go-urn v1.5.0
go: downloading github.com/docker/libtrust v0.0.0-20150114040149-fa567046d9b1
go: downloading github.com/magiconair/properties v1.8.7
go: downloading github.com/rabbitmq/amqp091-go v1.9.0
go: downloading github.com/bradfitz/gomemcache v0.0.0-20230905024940-24af94b03874
go: downloading github.com/go-redsync/redsync/v4 v4.13.0
go: downloading cloud.google.com/go/iam v1.5.3
go: downloading github.com/go-openapi/swag/jsonutils v0.28.0
go: downloading github.com/go-openapi/swag/loading v0.28.0
go: downloading github.com/go-openapi/swag/stringutils v0.28.0
go: downloading github.com/microsoft/go-mssqldb v0.17.0
go: downloading github.com/googleapis/enterprise-certificate-proxy v0.3.20
go: downloading github.com/quic-go/qpack v0.6.0
go: downloading cloud.google.com/go/pubsub/v2 v2.0.0
go: downloading github.com/go-openapi/swag/yamlutils v0.28.0
go: downloading github.com/go-openapi/swag/typeutils v0.28.0
go: downloading github.com/docker/go-metrics v0.0.1
go: downloading github.com/go-openapi/swag/conv v0.28.0
go: downloading github.com/go-openapi/swag/pools v0.28.0
go: downloading github.com/jackc/pgpassfile v1.0.0
go: downloading github.com/jackc/pgservicefile v0.0.0-20240606120523-5a60cdf6a761
go: downloading github.com/jackc/puddle/v2 v2.2.2
go: downloading github.com/golang-sql/civil v0.0.0-20220223132316-b832511892a9
go: downloading github.com/golang-sql/sqlexp v0.1.0
go: downloading github.com/golang/snappy v0.0.4
go: downloading github.com/xdg-go/scram v1.2.0
go: downloading github.com/montanaflynn/stats v0.10.0
go: downloading github.com/xdg-go/stringprep v1.0.4
Begin to build manager server.
./hack/build.sh manager
Begin to build in the local environment.
BUILD: manager in /home/jake/sbomit-overhead-experiment/repos/dragonfly/bin/linux_amd64/manager
