mkdir -p /home/jake/sbomit-overhead-experiment/repos/external-secrets/bin/
GOWORK=off go -C hack/tools build -mod=readonly -o /home/jake/sbomit-overhead-experiment/repos/external-secrets/bin/controller-gen sigs.k8s.io/controller-tools/cmd/controller-gen
go: downloading k8s.io/code-generator v0.36.3
20:08:15 [32m[ OK ][0m Finished generating deepcopy and crds
20:08:15 [34m[ .. ][0m go build amd64
CGO_ENABLED=0 GOOS=linux GOARCH=amd64 \
	go build -tags all_providers -o 'bin/external-secrets-linux-amd64' main.go
go: downloading github.com/lestrrat-go/jwx/v2 v2.1.6
go: downloading software.sslmate.com/src/go-pkcs12 v0.7.2
go: downloading github.com/grafana/grafana-openapi-client-go v0.0.0-20250925215610-d92957c70d5c
go: downloading github.com/Azure/azure-sdk-for-go/sdk/azcore v1.19.1
go: downloading github.com/Azure/azure-sdk-for-go/sdk/azidentity v1.13.0
go: downloading github.com/aws/aws-sdk-go-v2 v1.43.3
go: downloading github.com/aws/aws-sdk-go-v2/service/sts v1.40.1
go: downloading github.com/go-chef/chef v0.30.1
go: downloading github.com/BeyondTrust/go-client-library-passwordsafe v1.3.0
go: downloading github.com/aws/aws-sdk-go-v2/service/ecr v1.51.3
go: downloading github.com/aws/aws-sdk-go-v2/service/ecrpublic v1.38.3
go: downloading github.com/aws/smithy-go v1.27.6
go: downloading github.com/aws/aws-sdk-go-v2/config v1.31.19
go: downloading github.com/aws/aws-sdk-go-v2/service/secretsmanager v1.39.12
go: downloading github.com/aws/aws-sdk-go-v2/service/ssm v1.67.1
go: downloading github.com/cloudru-tech/iam-sdk v1.0.4
go: downloading github.com/cloudru-tech/secret-manager-sdk v1.1.1
go: downloading github.com/hashicorp/vault/api v1.22.0
go: downloading github.com/gophercloud/gophercloud/v2 v2.8.0
go: downloading github.com/akeylesslabs/akeyless-go-cloud-id v0.3.7
go: downloading github.com/akeylesslabs/akeyless-go/v4 v4.3.0
go: downloading github.com/cyberark/conjur-api-go v0.14.1
go: downloading github.com/doodlesbykumbi/conjur-policy-go v0.0.0-20241022093904-5fc5921aee96
go: downloading github.com/Devolutions/go-dvls v0.19.1
go: downloading github.com/Azure/azure-sdk-for-go/sdk/security/keyvault/azcertificates v1.4.0
go: downloading github.com/Azure/azure-sdk-for-go/sdk/security/keyvault/azkeys v1.4.0
go: downloading github.com/Azure/azure-sdk-for-go/sdk/security/keyvault/azsecrets v1.4.0
go: downloading github.com/AzureAD/microsoft-authentication-library-for-go v1.5.0
go: downloading github.com/IBM/go-sdk-core/v5 v5.21.0
go: downloading github.com/IBM/secrets-manager-go-sdk/v2 v2.0.16
go: downloading github.com/DelineaXPM/dsv-sdk-go/v2 v2.2.0
go: downloading github.com/google/go-github/v56 v56.0.0
go: downloading github.com/fortanix/sdkms-client-go v0.4.1
go: downloading github.com/1Password/connect-sdk-go v1.5.3
go: downloading github.com/1password/onepassword-sdk-go v0.4.1
go: downloading cloud.google.com/go/secretmanager v1.16.0
go: downloading google.golang.org/api v0.267.0
go: downloading github.com/openbao/openbao/api/v2 v2.5.1-0.20260603121413-a08669ff09ec
go: downloading google.golang.org/genproto v0.0.0-20260128011058-8636f8732409
go: downloading grpc.go4.org v0.0.0-20170609214715-11d0a25b4919
go: downloading github.com/ngrok/ngrok-api-go/v9 v9.0.0
go: downloading github.com/infisical/go-sdk v0.8.0
go: downloading github.com/keeper-security/secrets-manager-go/core v1.6.4
go: downloading github.com/passbolt/go-passbolt v0.8.2
go: downloading github.com/previder/vault-cli v0.1.3
go: downloading github.com/oracle/oci-go-sdk/v65 v65.103.0
go: downloading github.com/pulumi/esc-sdk/sdk v0.14.0
go: downloading github.com/DelineaXPM/tss-sdk-go/v3 v3.0.2
go: downloading github.com/ovh/okms-sdk-go v0.5.1
go: downloading github.com/volcengine/volcengine-go-sdk v1.1.46
go: downloading github.com/yandex-cloud/go-genproto v0.34.0
go: downloading github.com/yandex-cloud/go-sdk v0.27.0
go: downloading github.com/aws/aws-sdk-go-v2/credentials v1.18.23
go: downloading github.com/hashicorp/vault/api/auth/approle v0.11.0
go: downloading github.com/hashicorp/vault/api/auth/aws v0.11.0
go: downloading github.com/hashicorp/vault/api/auth/gcp v0.11.0
go: downloading github.com/hashicorp/vault/api/auth/kubernetes v0.10.0
go: downloading github.com/hashicorp/vault/api/auth/ldap v0.11.0
go: downloading github.com/hashicorp/vault/api/auth/userpass v0.11.0
go: downloading github.com/go-playground/validator/v10 v10.30.2
go: downloading github.com/lestrrat-go/httprc v1.0.6
go: downloading github.com/aws/aws-sdk-go-v2/service/resourcegroupstaggingapi v1.30.13
go: downloading github.com/aws/aws-sdk-go-v2/service/internal/accept-encoding v1.13.3
go: downloading github.com/aws/aws-sdk-go-v2/service/internal/presigned-url v1.13.13
go: downloading github.com/aws/aws-sdk-go-v2/feature/ec2/imds v1.18.13
go: downloading github.com/aws/aws-sdk-go-v2/service/sso v1.30.2
go: downloading github.com/aws/aws-sdk-go-v2/service/ssooidc v1.35.6
go: downloading github.com/sirupsen/logrus v1.10.0
go: downloading github.com/go-openapi/strfmt v0.24.0
go: downloading github.com/Onboardbase/go-cryptojs-aes-decrypt v0.0.0-20230430095000-27c0d3a9016d
go: downloading github.com/go-openapi/runtime v0.29.0
go: downloading github.com/go-openapi/errors v0.22.3
go: downloading github.com/go-openapi/validate v0.25.0
go: downloading github.com/openbao/openbao/api/auth/approle/v2 v2.5.1
go: downloading github.com/openbao/openbao/api/auth/kubernetes/v2 v2.5.1
go: downloading github.com/openbao/openbao/api/auth/userpass/v2 v2.5.1
go: downloading github.com/nebius/gosdk v0.0.0-20260204094009-511fd4d4f7a1
go: downloading github.com/ProtonMail/gopenpgp/v3 v3.4.1
go: downloading github.com/PaesslerAG/gval v1.2.4
go: downloading gopkg.in/ghodss/yaml.v1 v1.0.0
go: downloading github.com/oapi-codegen/runtime v1.1.2
go: downloading github.com/go-resty/resty/v2 v2.16.5
go: downloading github.com/rs/zerolog v1.33.0
go: downloading github.com/zalando/go-keyring v0.2.6
go: downloading github.com/go-openapi/analysis v0.24.0
go: downloading github.com/go-openapi/loads v0.23.1
go: downloading github.com/go-openapi/spec v0.22.0
go: downloading github.com/volcengine/volc-sdk-golang v1.0.225
go: downloading buf.build/gen/go/bufbuild/protovalidate/protocolbuffers/go v1.36.11-20260209202127-80ab13bee0bf.1
go: downloading github.com/google/cel-go v0.27.0
go: downloading github.com/extism/go-sdk v1.7.1
go: downloading github.com/cloudflare/circl v1.6.5
go: downloading github.com/dylibso/observe-sdk/go v0.0.0-20240828172851-9145d8ad07e1
go: downloading github.com/tetratelabs/wabin v0.0.0-20230304001439-f6f874872834
go: downloading github.com/ianlancetaylor/demangle v0.0.0-20260505044615-1ff4bf46051f
20:09:26 [32m[ OK ][0m go build amd64
