./manifests/scripts/bundle.sh
[INFO]  using kustomize v5.8.1
[INFO]  building helm-controller.yaml
[INFO]  building image-automation-controller.yaml
[INFO]  building image-reflector-controller.yaml
[INFO]  building kustomize-controller.yaml
[INFO]  building notification-controller.yaml
[INFO]  building source-controller.yaml
[INFO]  building source-watcher.yaml
[INFO]  building rbac.yaml
[INFO]  building policies.yaml
touch cmd/flux/.manifests.done
CGO_ENABLED=0 go build -ldflags="-s -w -X main.VERSION=0.0.0-dev.0" -o ./bin/flux ./cmd/flux
go: downloading github.com/fluxcd/cli-utils v1.2.2
go: downloading github.com/fluxcd/helm-controller/api v1.6.4
go: downloading github.com/fluxcd/go-git-providers v0.27.0
go: downloading github.com/fluxcd/image-automation-controller/api v1.2.5
go: downloading github.com/fluxcd/image-reflector-controller/api v1.2.5
go: downloading github.com/fluxcd/kustomize-controller/api v1.9.5
go: downloading github.com/fluxcd/notification-controller/api v1.9.4
go: downloading github.com/fluxcd/pkg/apis/meta v1.31.0
go: downloading github.com/fluxcd/pkg/auth v0.55.0
go: downloading github.com/fluxcd/pkg/chartutil v1.28.0
go: downloading github.com/fluxcd/pkg/envsubst v1.7.0
go: downloading github.com/fluxcd/pkg/git v0.52.0
go: downloading github.com/fluxcd/pkg/kustomize v1.39.0
go: downloading github.com/fluxcd/pkg/oci v0.69.0
go: downloading github.com/fluxcd/pkg/runtime v0.111.0
go: downloading github.com/fluxcd/pkg/sourceignore v0.18.0
go: downloading github.com/fluxcd/pkg/ssa v0.77.0
go: downloading github.com/fluxcd/pkg/version v0.16.0
go: downloading github.com/fluxcd/source-controller/api v1.9.5
go: downloading github.com/fluxcd/source-watcher/api/v2 v2.2.4
go: downloading github.com/manifoldco/promptui v0.9.0
go: downloading github.com/notaryproject/notation-go v1.3.2
go: downloading golang.org/x/term v0.44.0
go: downloading golang.org/x/text v0.39.0
go: downloading k8s.io/api v0.36.4
go: downloading k8s.io/apiextensions-apiserver v0.36.4
go: downloading k8s.io/apimachinery v0.36.4
go: downloading k8s.io/cli-runtime v0.36.2
go: downloading k8s.io/client-go v0.36.4
go: downloading k8s.io/kubectl v0.36.2
go: downloading sigs.k8s.io/controller-runtime v0.24.1
go: downloading github.com/olekukonko/tablewriter v0.0.5
go: downloading github.com/homeport/dyff v1.10.2
go: downloading sigs.k8s.io/kustomize/api v0.21.1
go: downloading github.com/fluxcd/pkg/tar v1.2.0
go: downloading github.com/fluxcd/pkg/ssh v0.25.0
go: downloading github.com/go-git/go-git/v5 v5.19.1
go: downloading github.com/fatih/color v1.19.0
go: downloading github.com/gonvenience/bunt v1.4.2
go: downloading github.com/gonvenience/ytbx v1.4.7
go: downloading sigs.k8s.io/kustomize/kyaml v0.21.1
go: downloading github.com/fluxcd/pkg/apis/kustomize v1.20.0
go: downloading github.com/fluxcd/pkg/apis/acl v0.10.0
go: downloading helm.sh/helm/v4 v4.2.2
go: downloading github.com/go-git/go-billy/v5 v5.9.0
go: downloading github.com/hiddeco/sshsig v0.2.0
go: downloading github.com/fluxcd/pkg/cache v0.14.0
go: downloading github.com/aws/aws-sdk-go-v2 v1.41.7
go: downloading github.com/aws/aws-sdk-go-v2/config v1.32.17
go: downloading github.com/aws/aws-sdk-go-v2/credentials v1.19.16
go: downloading github.com/aws/aws-sdk-go-v2/service/ecr v1.57.2
go: downloading github.com/aws/aws-sdk-go-v2/service/ecrpublic v1.38.15
go: downloading github.com/aws/aws-sdk-go-v2/service/eks v1.83.0
go: downloading github.com/aws/aws-sdk-go-v2/service/sts v1.42.1
go: downloading github.com/aws/smithy-go/aws-http-auth v1.1.3
go: downloading github.com/Azure/azure-sdk-for-go/sdk/azcore v1.21.1
go: downloading github.com/aws/smithy-go v1.25.1
go: downloading github.com/Azure/azure-sdk-for-go/sdk/containers/azcontainerregistry v0.2.3
go: downloading github.com/Azure/azure-sdk-for-go/sdk/resourcemanager/containerservice/armcontainerservice v1.0.0
go: downloading github.com/docker/cli v29.4.3+incompatible
go: downloading golang.org/x/sync v0.21.0
go: downloading github.com/onsi/gomega v1.42.1
go: downloading github.com/chzyer/readline v1.5.1
go: downloading github.com/go-openapi/jsonpointer v0.21.1
go: downloading sigs.k8s.io/structured-merge-diff/v6 v6.4.0
go: downloading k8s.io/utils v0.0.0-20260507154919-ff6756f316d2
go: downloading k8s.io/kube-openapi v0.0.0-20260603220949-865597e52e25
go: downloading github.com/evanphx/json-patch v5.9.11+incompatible
go: downloading code.gitea.io/sdk/gitea v0.25.1
go: downloading github.com/google/go-github/v82 v82.0.0
go: downloading gitlab.com/gitlab-org/api/client-go v1.46.0
go: downloading github.com/gonvenience/idem v0.0.2
go: downloading github.com/gonvenience/neat v1.3.16
go: downloading github.com/gonvenience/term v1.0.4
go: downloading github.com/gonvenience/text v1.0.9
go: downloading github.com/texttheater/golang-levenshtein v1.0.1
go: downloading k8s.io/component-base v0.36.4
go: downloading github.com/wI2L/jsondiff v0.6.1
go: downloading github.com/virtuald/go-ordered-json v0.0.0-20170621173500-b18e6e673d74
go: downloading github.com/mattn/go-ciede2000 v0.0.0-20170301095244-782e8c62fec3
go: downloading github.com/emirpasic/gods v1.18.1
go: downloading github.com/kevinburke/ssh_config v1.4.0
go: downloading github.com/skeema/knownhosts v1.3.1
go: downloading github.com/xanzy/ssh-agent v0.3.3
go: downloading github.com/aws/aws-sdk-go-v2/feature/ec2/imds v1.18.23
go: downloading github.com/aws/aws-sdk-go-v2/service/signin v1.0.11
go: downloading github.com/aws/aws-sdk-go-v2/service/sso v1.30.17
go: downloading github.com/aws/aws-sdk-go-v2/service/ssooidc v1.35.21
go: downloading github.com/aws/aws-sdk-go-v2/internal/configsources v1.4.23
go: downloading github.com/aws/aws-sdk-go-v2/internal/v4a v1.4.24
go: downloading github.com/aws/aws-sdk-go-v2/service/internal/accept-encoding v1.13.9
go: downloading github.com/aws/aws-sdk-go-v2/service/internal/presigned-url v1.13.23
go: downloading github.com/Azure/azure-sdk-for-go/sdk/internal v1.12.0
go: downloading google.golang.org/api v0.278.0
go: downloading github.com/go-ldap/ldap/v3 v3.4.10
go: downloading github.com/rivo/uniseg v0.2.0
go: downloading github.com/mitchellh/go-ps v1.0.0
go: downloading github.com/42wim/httpsig v1.2.4
go: downloading github.com/klauspost/compress v1.18.6
go: downloading github.com/go-git/gcfg v1.5.1-0.20230307220236-3a3c6141e376
go: downloading github.com/pjbgf/sha1cd v0.6.0
go: downloading github.com/jbenet/go-context v0.0.0-20150711004518-d14ea06fba99
go: downloading github.com/prometheus/procfs v0.20.1
go: downloading github.com/aws/aws-sdk-go-v2/internal/endpoints/v2 v2.7.23
go: downloading github.com/fxamacker/cbor/v2 v2.9.2
go: downloading github.com/go-asn1-ber/asn1-ber v1.5.7
go: downloading github.com/tidwall/pretty v1.2.1
go: downloading gomodules.xyz/jsonpatch/v2 v2.5.0
go: downloading github.com/go-openapi/jsonreference v0.21.0
go: downloading github.com/klauspost/cpuid/v2 v2.3.0
go: downloading cloud.google.com/go/auth v0.20.0
go: downloading google.golang.org/grpc v1.80.0
go: downloading github.com/googleapis/gax-go/v2 v2.22.0
go: downloading go.opentelemetry.io/contrib/instrumentation/net/http/otelhttp v0.67.0
go: downloading github.com/googleapis/enterprise-certificate-proxy v0.3.15
go: downloading google.golang.org/genproto/googleapis/rpc v0.0.0-20260427160629-7cedc36a6bc4
