cd backend && go build -trimpath -ldflags="-s -w -X github.com/kubernetes-sigs/headlamp/backend/pkg/kubeconfig.Version=0.45.0 -X 'github.com/kubernetes-sigs/headlamp/backend/pkg/kubeconfig.AppName=Headlamp'" -o ./headlamp-server ./cmd
go: downloading go1.26.7 (linux/amd64)
go: downloading github.com/cli/browser v1.3.0
go: downloading github.com/gorilla/handlers v1.5.2
go: downloading github.com/gobwas/glob v0.2.3
go: downloading github.com/knadh/koanf v1.5.0
go: downloading sigs.k8s.io/cluster-inventory-api v0.1.3
go: downloading github.com/rs/zerolog v1.35.1
go: downloading k8s.io/streaming v0.36.1
go: downloading helm.sh/helm/v3 v3.21.0
go: downloading go.opentelemetry.io/otel/exporters/otlp/otlptrace/otlptracegrpc v1.44.0
go: downloading go.opentelemetry.io/otel/exporters/prometheus v0.66.0
go: downloading go.opentelemetry.io/otel/exporters/stdout/stdouttrace v1.44.0
go: downloading go.opentelemetry.io/otel/sdk/metric v1.44.0
go: downloading github.com/prometheus/common v0.68.0
go: downloading github.com/mattn/go-colorable v0.1.15
go: downloading github.com/prometheus/otlptranslator v1.0.0
go: downloading github.com/mattn/go-isatty v0.0.22
go: downloading github.com/jmoiron/sqlx v1.4.0
go: downloading github.com/lib/pq v1.12.3
go: downloading github.com/rubenv/sql-migrate v1.8.1
go: downloading github.com/santhosh-tekuri/jsonschema/v6 v6.0.2
go: downloading k8s.io/apiextensions-apiserver v0.36.1
go: downloading github.com/containerd/containerd v1.7.33
go: downloading github.com/go-gorp/gorp/v3 v3.1.0
go: downloading github.com/mattn/go-runewidth v0.0.24
go: downloading k8s.io/apiserver v0.36.1
go: downloading github.com/clipperhouse/uax29/v2 v2.7.0
