Makefile.core.mk:442: warning: overriding recipe for target 'build-test-pilot'
Makefile.core.mk:351: warning: ignoring old recipe for target 'build-test-pilot'
git submodule update --init
./tools/hack/prebuild.sh
go: downloading k8s.io/cli-runtime v0.33.3
go: downloading github.com/2456868764/certmagic v1.0.2
go: downloading github.com/mholt/acmez v1.2.0
go: downloading knative.dev/networking v0.0.0-20220302134042-e8b2eb995165
go: downloading knative.dev/pkg v0.0.0-20220301181942-2fdd5f232e77
go: downloading github.com/hashicorp/consul/api v1.32.0
go: downloading github.com/agiledragon/gomonkey/v2 v2.11.0
go: downloading github.com/hudl/fargo v1.4.0
go: downloading github.com/avast/retry-go/v4 v4.3.4
go: downloading github.com/dubbogo/go-zookeeper v1.0.4-0.20211212162352-f9d2183d89d5
go: downloading github.com/nacos-group/nacos-sdk-go/v2 v2.3.5
go: downloading github.com/nacos-group/nacos-sdk-go v1.0.8
go: downloading github.com/johnlanni/gost v1.11.23-0.20220713132522-0967a24036c6
go: downloading sigs.k8s.io/controller-runtime v0.22.3
go: downloading github.com/tidwall/gjson v1.17.0
go: downloading sigs.k8s.io/gateway-api-inference-extension v1.1.0
go: downloading github.com/planetscale/vtprotobuf v0.6.1-0.20240409071808-615f978279ca
go: downloading sigs.k8s.io/mcs-api v0.1.1-0.20240624222831-d7001fe1d21c
go: downloading k8s.io/apiserver v0.34.1
go: downloading github.com/alecholmes/xfccparser v0.4.0
go: downloading github.com/coreos/go-oidc/v3 v3.14.1
go: downloading github.com/klauspost/cpuid/v2 v2.2.7
go: downloading github.com/zeebo/blake3 v0.2.3
go: downloading golang.org/x/exp v0.0.0-20230713183714-613f0c0eb8a1
go: downloading github.com/franela/goreq v0.0.0-20171204163338-bcd34c9993f8
go: downloading github.com/op/go-logging v0.0.0-20160315200505-970db520ece7
go: downloading github.com/toolkits/concurrent v0.0.0-20150624120057-a4371d70e3e3
go: downloading github.com/golang/mock v1.7.0-rc.1
go: downloading google.golang.org/api v0.250.0
go: downloading go.opentelemetry.io/otel/exporters/prometheus v0.57.0
go: downloading golang.org/x/tools v0.45.0
go: downloading github.com/hashicorp/go-version v1.7.0
go: downloading github.com/openshift/api v0.0.0-20250507150912-7318813e48da
go: downloading github.com/prometheus/prometheus v0.307.1
go: downloading github.com/spf13/cast v1.8.0
go: downloading github.com/alecthomas/participle/v2 v2.1.4
go: downloading k8s.io/kubectl v0.33.3
go: downloading github.com/onsi/gomega v1.40.0
go: downloading github.com/hashicorp/consul/sdk v0.16.1
go: downloading github.com/smartystreets/goconvey v1.6.4
go: downloading github.com/aliyun/alibaba-cloud-sdk-go v1.61.1800
go: downloading github.com/lestrrat/go-file-rotatelogs v0.0.0-20180223000712-d3151e2a480f
go: downloading github.com/zeebo/assert v1.3.0
go: downloading github.com/hashicorp/go-msgpack v0.5.5
go: downloading github.com/hashicorp/memberlist v0.5.0
go: downloading github.com/franela/goblin v0.0.0-20210519012713-85d372ac71e2
go: downloading k8s.io/component-base v0.34.1
go: downloading github.com/decred/dcrd/dcrec/secp256k1/v4 v4.4.0
go: downloading github.com/lestrrat-go/blackmagic v1.0.3
go: downloading cloud.google.com/go/auth v0.16.5
go: downloading github.com/alecthomas/assert/v2 v2.11.0
go: downloading github.com/alecthomas/repr v0.4.0
go: downloading github.com/pascaldekloe/goe v0.1.0
go: downloading github.com/docker/cli v28.1.1+incompatible
go: downloading github.com/google/go-containerregistry v0.20.3
go: downloading github.com/tetratelabs/wazero v1.9.0
go: downloading github.com/lestrrat/go-strftime v0.0.0-20180220042222-ba3bf9c1d042
go: downloading golang.org/x/mod v0.36.0
go: downloading helm.sh/helm/v3 v3.18.5
go: downloading github.com/hashicorp/go-sockaddr v1.0.2
go: downloading github.com/smartystreets/assertions v1.1.0
go: downloading github.com/fastly/go-utils v0.0.0-20180712184237-d95a45783239
go: downloading github.com/lestrrat/go-envload v0.0.0-20180220120943-6ed08b54a570
go: downloading github.com/tebeka/strftime v0.1.3
go: downloading github.com/zeebo/pcg v1.0.1
go: downloading go.etcd.io/etcd v0.0.0-20191023171146-3cf2f69b5738
go: downloading github.com/gopherjs/gopherjs v0.0.0-20200217142428-fce0ec30dd00
go: downloading gotest.tools/v3 v3.5.1
go: downloading github.com/docker/distribution v0.0.0-20191216044856-a8371794149d
go: downloading github.com/containerd/stargz-snapshotter/estargz v0.16.3
go: downloading github.com/cyphar/filepath-securejoin v0.4.1
go: downloading github.com/vbatts/tar-split v0.12.1
go: downloading github.com/coreos/go-systemd v0.0.0-20180511133405-39ca1b05acc7
go: downloading github.com/google/pprof v0.0.0-20260115054156-294ebfa9ad83
go: downloading github.com/jmespath/go-jmespath/internal/testify v1.5.1
GOPROXY="https://proxy.golang.org,direct" GOOS=linux GOARCH=amd64 LDFLAGS='-X github.com/alibaba/higress/v2/pkg/cmd/lversion.higressVersion=v2.2.4 -X github.com/alibaba/higress/v2/pkg/cmd/lversion.gitCommitID=637ba40ccf211073aedd596af62c3dab8786c48b -extldflags -static -s -w' tools/hack/gobuild.sh /home/jake/sbomit-overhead-experiment/repos/higress/out/linux_amd64/ ./cmd/higress

istio.io/pkg/version.buildVersion=637ba40ccf211073aedd596af62c3dab8786c48b

istio.io/pkg/version.buildGitRevision=637ba40ccf211073aedd596af62c3dab8786c48b

istio.io/pkg/version.buildStatus=Clean

istio.io/pkg/version.buildTag=v2.2.4

istio.io/pkg/version.buildHub=higress-registry.cn-hangzhou.cr.aliyuncs.com/higress
~/sbomit-overhead-experiment/repos/higress ~/sbomit-overhead-experiment/repos/higress

real	1m11.411s
user	9m45.598s
sys	1m50.729s
~/sbomit-overhead-experiment/repos/higress
