CGO_ENABLED=0 OOS=linux go build -o bin/interlink cmd/interlink/main.go cmd/interlink/cri.go
go: downloading google.golang.org/grpc v1.72.2
go: downloading k8s.io/cri-api v0.33.1
go: downloading github.com/superfly/virtual-kubelet v0.0.0-20250426133649-339b787d1205
go: downloading k8s.io/cri-client v0.33.1
go: downloading k8s.io/utils v0.0.0-20241104100929-3ea5e8cea738
go: downloading github.com/stretchr/testify v1.10.0
go: downloading github.com/containerd/containerd v1.7.6
go: downloading go.opentelemetry.io/otel v1.36.0
go: downloading go.opentelemetry.io/otel/exporters/otlp/otlptrace/otlptracegrpc v1.36.0
go: downloading go.opentelemetry.io/otel/sdk v1.36.0
go: downloading go.opentelemetry.io/otel/exporters/otlp/otlptrace v1.36.0
go: downloading go.opentelemetry.io/otel/trace v1.36.0
go: downloading k8s.io/api v0.33.1
go: downloading golang.org/x/crypto v0.38.0
go: downloading k8s.io/apimachinery v0.33.1
go: downloading k8s.io/client-go v0.33.1
go: downloading k8s.io/kubelet v0.31.4
go: downloading golang.org/x/sys v0.33.0
go: downloading go.opencensus.io v0.24.0
go: downloading github.com/go-logr/logr v1.4.2
go: downloading go.opentelemetry.io/otel/metric v1.36.0
go: downloading go.opentelemetry.io/proto/otlp v1.7.0
go: downloading google.golang.org/genproto/googleapis/rpc v0.0.0-20250528174236-200df99c418a
go: downloading golang.org/x/net v0.40.0
go: downloading google.golang.org/protobuf v1.36.6
go: downloading k8s.io/apiserver v0.31.4
go: downloading sigs.k8s.io/structured-merge-diff/v4 v4.6.0
go: downloading go.opentelemetry.io/auto/sdk v1.1.0
go: downloading github.com/cenkalti/backoff/v5 v5.0.2
go: downloading github.com/grpc-ecosystem/grpc-gateway/v2 v2.26.3
go: downloading sigs.k8s.io/json v0.0.0-20241010143419-9aa6b5e7a4b3
go: downloading github.com/moby/spdystream v0.5.0
go: downloading golang.org/x/text v0.25.0
go: downloading google.golang.org/genproto/googleapis/api v0.0.0-20250528174236-200df99c418a
go: downloading k8s.io/component-base v0.33.1
go: downloading github.com/google/gnostic-models v0.6.9
go: downloading golang.org/x/term v0.32.0
go: downloading golang.org/x/time v0.9.0
go: downloading k8s.io/kube-openapi v0.0.0-20250318190949-c8a335a9a2ff
go: downloading gopkg.in/evanphx/json-patch.v4 v4.12.0
go: downloading golang.org/x/oauth2 v0.27.0
go: downloading github.com/go-openapi/swag v0.23.0
go: downloading github.com/go-openapi/jsonpointer v0.21.0
CGO_ENABLED=0 OOS=linux go build -o bin/vk cmd/virtual-kubelet/main.go
CGO_ENABLED=0 OOS=linux go build -o bin/installer cmd/installer/main.go
go: downloading github.com/spf13/cobra v1.8.1
CGO_ENABLED=0 OOS=linux go build -o bin/ssh-tunnel cmd/ssh-tunnel/main.go
