# Generate code
go run sigs.k8s.io/controller-tools/cmd/controller-gen object:headerFile=".github/boilerplate.go.txt" paths="./..."
go: downloading k8s.io/apiextensions-apiserver v0.35.2
go: downloading k8s.io/api v0.35.2
go: downloading k8s.io/code-generator v0.35.2
go: downloading k8s.io/gengo/v2 v2.0.0-20251215205346-5ee0d033ba5b
go: downloading k8s.io/kube-openapi v0.0.0-20260304202019-5b3e3fdb0acf
go: downloading github.com/go-openapi/swag v0.25.5
go: downloading github.com/go-openapi/jsonpointer v0.22.5
go: downloading github.com/go-openapi/swag/jsonname v0.25.5
go: downloading github.com/go-openapi/swag/yamlutils v0.25.5
go: downloading github.com/go-openapi/swag/loading v0.25.5
go: downloading github.com/go-openapi/swag/netutils v0.25.5
go: downloading github.com/go-openapi/swag/cmdutils v0.25.5
go: downloading github.com/go-openapi/swag/fileutils v0.25.5
go: downloading github.com/go-openapi/swag/jsonutils v0.25.5
go: downloading github.com/go-openapi/swag/stringutils v0.25.5
go: downloading github.com/go-openapi/swag/conv v0.25.5
go: downloading github.com/go-openapi/swag/mangling v0.25.5
go: downloading github.com/go-openapi/swag/typeutils v0.25.5
# Generate CRDs
go run sigs.k8s.io/controller-tools/cmd/controller-gen rbac:roleName=manager-role webhook paths="./..." output:crd:artifacts:config=config/crd/apiextensions.k8s.io/v1 crd:crdVersions=v1
go run sigs.k8s.io/controller-tools/cmd/controller-gen rbac:roleName=manager-role webhook paths="./..." output:crd:artifacts:config=charts/k8up/crds crd:crdVersions=v1
go fmt ./...
go vet ./...
go build -o /home/jake/sbomit-overhead-experiment/repos/k8up/./k8up cmd/k8up/main.go
go run cmd/k8up/main.go --help > "docs/modules/ROOT/examples/usage/k8up.txt"
go run cmd/k8up/main.go restic --help > "docs/modules/ROOT/examples/usage/restic.txt"
2026-09-03T19:44:42Z	INFO	k8up	Starting k8up…	{"version": "snapshot", "date": "unknown", "commit": "unknown", "go_os": "linux", "go_arch": "amd64", "go_version": "go1.26.5", "uid": 0, "gid": 0}
go run cmd/k8up/main.go operator --help > "docs/modules/ROOT/examples/usage/operator.txt"
2026-09-03T19:44:43Z	INFO	k8up	Starting k8up…	{"version": "snapshot", "date": "unknown", "commit": "unknown", "go_os": "linux", "go_arch": "amd64", "go_version": "go1.26.5", "uid": 0, "gid": 0}
