hack/verify-go-versions.sh
Verifying minimum Go version: 1.26
Verifying build Go version: 1.26.4
set -x; for W in ./cmd/... ./staging/src/github.com/kcp-dev/cli/cmd/... ./staging/src/github.com/kcp-dev/sdk/cmd/...; do \
	pushd . && cd ${W%..}; \
    	GOOS=linux GOARCH=amd64 CGO_ENABLED=0 go build  -ldflags="-X k8s.io/client-go/pkg/version.gitCommit=0069551 -X k8s.io/client-go/pkg/version.gitTreeState=clean -X k8s.io/client-go/pkg/version.gitVersion=v1.36.0+kcp-v0.0.0-0069551 -X k8s.io/client-go/pkg/version.gitMajor=1 -X k8s.io/client-go/pkg/version.gitMinor=36 -X k8s.io/client-go/pkg/version.buildDate=2026-09-03T20:13:17Z -X k8s.io/component-base/version.gitCommit=0069551 -X k8s.io/component-base/version.gitTreeState=clean -X k8s.io/component-base/version.gitVersion=v1.36.0+kcp-v0.0.0-0069551 -X k8s.io/component-base/version.gitMajor=1 -X k8s.io/component-base/version.gitMinor=36 -X k8s.io/component-base/version.buildDate=2026-09-03T20:13:17Z -extldflags '-static' " -o /home/jake/sbomit-overhead-experiment/repos/kcp/bin ./...; \
	popd; \
    done
+ for W in ./cmd/... ./staging/src/github.com/kcp-dev/cli/cmd/... ./staging/src/github.com/kcp-dev/sdk/cmd/...
+ pushd .
~/sbomit-overhead-experiment/repos/kcp ~/sbomit-overhead-experiment/repos/kcp
+ cd ./cmd/.
+ GOOS=linux
+ GOARCH=amd64
+ CGO_ENABLED=0
+ go build '-ldflags=-X k8s.io/client-go/pkg/version.gitCommit=0069551 -X k8s.io/client-go/pkg/version.gitTreeState=clean -X k8s.io/client-go/pkg/version.gitVersion=v1.36.0+kcp-v0.0.0-0069551 -X k8s.io/client-go/pkg/version.gitMajor=1 -X k8s.io/client-go/pkg/version.gitMinor=36 -X k8s.io/client-go/pkg/version.buildDate=2026-09-03T20:13:17Z -X k8s.io/component-base/version.gitCommit=0069551 -X k8s.io/component-base/version.gitTreeState=clean -X k8s.io/component-base/version.gitVersion=v1.36.0+kcp-v0.0.0-0069551 -X k8s.io/component-base/version.gitMajor=1 -X k8s.io/component-base/version.gitMinor=36 -X k8s.io/component-base/version.buildDate=2026-09-03T20:13:17Z -extldflags '\''-static'\'' ' -o /home/jake/sbomit-overhead-experiment/repos/kcp/bin ./...
go: downloading github.com/kcp-dev/kubernetes/staging/src/k8s.io/apimachinery v0.0.0-20260602065202-e006560fc76a
go: downloading github.com/kcp-dev/kubernetes/staging/src/k8s.io/apiserver v0.0.0-20260602065202-e006560fc76a
go: downloading github.com/kcp-dev/kubernetes/staging/src/k8s.io/component-base v0.0.0-20260602065202-e006560fc76a
go: downloading github.com/kcp-dev/kubernetes/staging/src/k8s.io/apiextensions-apiserver v0.0.0-20260602065202-e006560fc76a
go: downloading github.com/kcp-dev/kubernetes/staging/src/k8s.io/client-go v0.0.0-20260602065202-e006560fc76a
go: downloading github.com/abiosoft/lineprefix v0.1.4
go: downloading github.com/kcp-dev/embeddedetcd v1.1.1-0.20260402110232-2cc5c5cce35e
go: downloading github.com/kcp-dev/kubernetes v1.37.0-alpha.0.0.20260602065202-e006560fc76a
go: downloading github.com/kcp-dev/logicalcluster/v3 v3.0.5
go: downloading github.com/kcp-dev/kubernetes/staging/src/k8s.io/api v0.0.0-20260602065202-e006560fc76a
go: downloading github.com/egymgmbh/go-prefix-writer v0.0.0-20180609083313-7326ea162eca
go: downloading go.etcd.io/etcd/client/pkg/v3 v3.6.8
go: downloading k8s.io/kube-openapi v0.0.0-20260414162039-ec9c827d403f
go: downloading github.com/kcp-dev/kubernetes/staging/src/k8s.io/streaming v0.0.0-20260602065202-e006560fc76a
go: downloading github.com/kcp-dev/kubernetes/staging/src/k8s.io/controller-manager v0.0.0-20260602065202-e006560fc76a
go: downloading github.com/kcp-dev/kubernetes/staging/src/k8s.io/kube-aggregator v0.0.0-20260602065202-e006560fc76a
go: downloading github.com/kcp-dev/kubernetes/staging/src/k8s.io/component-helpers v0.0.0-20260602065202-e006560fc76a
go: downloading github.com/kcp-dev/kubernetes/staging/src/k8s.io/cloud-provider v0.0.0-20260602065202-e006560fc76a
go: downloading github.com/kcp-dev/kubernetes/staging/src/k8s.io/kube-controller-manager v0.0.0-20260602065202-e006560fc76a
go: downloading github.com/jellydator/ttlcache/v3 v3.4.0
go: downloading github.com/kcp-dev/kubernetes/staging/src/k8s.io/kube-proxy v0.0.0-20260602065202-e006560fc76a
go: downloading github.com/kcp-dev/kubernetes/staging/src/k8s.io/kube-scheduler v0.0.0-20260602065202-e006560fc76a
go: downloading github.com/kcp-dev/kubernetes/staging/src/k8s.io/kubectl v0.0.0-20260602065202-e006560fc76a
go: downloading github.com/kcp-dev/kubernetes/staging/src/k8s.io/kubelet v0.0.0-20260602065202-e006560fc76a
go: downloading github.com/kcp-dev/kubernetes/staging/src/k8s.io/metrics v0.0.0-20260602065202-e006560fc76a
go: downloading github.com/kcp-dev/kubernetes/staging/src/k8s.io/kms v0.0.0-20260602065202-e006560fc76a
go: downloading github.com/mattn/go-runewidth v0.0.12
go: downloading github.com/kcp-dev/kubernetes/staging/src/k8s.io/pod-security-admission v0.0.0-20260602065202-e006560fc76a
go: downloading github.com/kcp-dev/kubernetes/staging/src/k8s.io/externaljwt v0.0.0-20260602065202-e006560fc76a
go: downloading github.com/kcp-dev/kubernetes/staging/src/k8s.io/cluster-bootstrap v0.0.0-20260602065202-e006560fc76a
go: downloading github.com/kcp-dev/kubernetes/staging/src/k8s.io/csi-translation-lib v0.0.0-20260602065202-e006560fc76a
go: downloading github.com/kcp-dev/kubernetes/staging/src/k8s.io/dynamic-resource-allocation v0.0.0-20260602065202-e006560fc76a
go: downloading github.com/kcp-dev/kubernetes/staging/src/k8s.io/mount-utils v0.0.0-20260602065202-e006560fc76a
go: downloading golang.org/x/exp v0.0.0-20260709172345-9ea1abe57597
go: downloading github.com/kcp-dev/kubernetes/staging/src/k8s.io/endpointslice v0.0.0-20260602065202-e006560fc76a
+ popd
~/sbomit-overhead-experiment/repos/kcp
+ for W in ./cmd/... ./staging/src/github.com/kcp-dev/cli/cmd/... ./staging/src/github.com/kcp-dev/sdk/cmd/...
+ pushd .
~/sbomit-overhead-experiment/repos/kcp ~/sbomit-overhead-experiment/repos/kcp
+ cd ./staging/src/github.com/kcp-dev/cli/cmd/.
+ GOOS=linux
+ GOARCH=amd64
+ CGO_ENABLED=0
+ go build '-ldflags=-X k8s.io/client-go/pkg/version.gitCommit=0069551 -X k8s.io/client-go/pkg/version.gitTreeState=clean -X k8s.io/client-go/pkg/version.gitVersion=v1.36.0+kcp-v0.0.0-0069551 -X k8s.io/client-go/pkg/version.gitMajor=1 -X k8s.io/client-go/pkg/version.gitMinor=36 -X k8s.io/client-go/pkg/version.buildDate=2026-09-03T20:13:17Z -X k8s.io/component-base/version.gitCommit=0069551 -X k8s.io/component-base/version.gitTreeState=clean -X k8s.io/component-base/version.gitVersion=v1.36.0+kcp-v0.0.0-0069551 -X k8s.io/component-base/version.gitMajor=1 -X k8s.io/component-base/version.gitMinor=36 -X k8s.io/component-base/version.buildDate=2026-09-03T20:13:17Z -extldflags '\''-static'\'' ' -o /home/jake/sbomit-overhead-experiment/repos/kcp/bin ./...
go: downloading k8s.io/component-base v0.36.0
go: downloading github.com/charmbracelet/x/ansi v0.8.0
go: downloading github.com/charmbracelet/x/cellbuf v0.0.13
go: downloading github.com/charmbracelet/x/term v0.2.1
go: downloading github.com/charmbracelet/colorprofile v0.2.2
+ popd
~/sbomit-overhead-experiment/repos/kcp
+ for W in ./cmd/... ./staging/src/github.com/kcp-dev/cli/cmd/... ./staging/src/github.com/kcp-dev/sdk/cmd/...
+ pushd .
~/sbomit-overhead-experiment/repos/kcp ~/sbomit-overhead-experiment/repos/kcp
+ cd ./staging/src/github.com/kcp-dev/sdk/cmd/.
+ GOOS=linux
+ GOARCH=amd64
+ CGO_ENABLED=0
+ go build '-ldflags=-X k8s.io/client-go/pkg/version.gitCommit=0069551 -X k8s.io/client-go/pkg/version.gitTreeState=clean -X k8s.io/client-go/pkg/version.gitVersion=v1.36.0+kcp-v0.0.0-0069551 -X k8s.io/client-go/pkg/version.gitMajor=1 -X k8s.io/client-go/pkg/version.gitMinor=36 -X k8s.io/client-go/pkg/version.buildDate=2026-09-03T20:13:17Z -X k8s.io/component-base/version.gitCommit=0069551 -X k8s.io/component-base/version.gitTreeState=clean -X k8s.io/component-base/version.gitVersion=v1.36.0+kcp-v0.0.0-0069551 -X k8s.io/component-base/version.gitMajor=1 -X k8s.io/component-base/version.gitMinor=36 -X k8s.io/component-base/version.buildDate=2026-09-03T20:13:17Z -extldflags '\''-static'\'' ' -o /home/jake/sbomit-overhead-experiment/repos/kcp/bin ./...
go: downloading github.com/bombsimon/logrusr/v3 v3.1.0
go: downloading k8s.io/apiserver v0.36.0
go: downloading k8s.io/streaming v0.36.0
go: downloading golang.org/x/crypto v0.50.0
go: downloading github.com/google/cel-go v0.28.0
go: downloading golang.org/x/term v0.42.0
+ popd
~/sbomit-overhead-experiment/repos/kcp
