+ date +%Y
+ go env GOPATH
+ date +development-%Y-%m-%dT%H:%M:%S
+ uname -s
go build -ldflags "-X github.com/kptdev/kpt/run.version=development-2026-09-03T19:26:34 -extldflags '-z noexecstack' " -o /home/jake/go/bin/kpt -v .
+ go build -ldflags '-X github.com/kptdev/kpt/run.version=development-2026-09-03T19:26:34 -extldflags '\''-z noexecstack'\'' ' -o /home/jake/go/bin/kpt -v .
go: downloading k8s.io/cli-runtime v0.36.1
go: downloading k8s.io/client-go v0.36.1
go: downloading k8s.io/component-base v0.36.1
go: downloading k8s.io/kubectl v0.36.1
go: downloading github.com/kptdev/kpt/api v1.0.0
go: downloading sigs.k8s.io/cli-utils v0.37.2
go: downloading k8s.io/apimachinery v0.36.1
go: downloading github.com/regclient/regclient v0.11.5
go: downloading github.com/kptdev/krm-functions-sdk/go/fn v1.1.1
go: downloading k8s.io/api v0.36.1
go: downloading github.com/bytecodealliance/wasmtime-go v1.0.0
go: downloading github.com/prep/wasmexec v0.0.0-20220807105708-6554945c1dec
go: downloading k8s.io/kube-openapi v0.0.0-20260520065146-aa012df4f4af
go: downloading github.com/otiai10/copy v1.14.1
go: downloading github.com/google/cel-go v0.28.1
go: downloading github.com/go-openapi/jsonreference v0.21.5
go: downloading github.com/go-openapi/swag v0.26.0
go: downloading golang.org/x/net v0.54.0
go: downloading github.com/chai2010/gettext-go v1.0.3
go: downloading github.com/go-openapi/swag/cmdutils v0.26.0
go: downloading github.com/go-openapi/swag/jsonname v0.26.0
go: downloading github.com/go-openapi/swag/conv v0.26.0
go: downloading github.com/go-openapi/swag/loading v0.26.0
go: downloading github.com/go-openapi/swag/fileutils v0.26.0
go: downloading github.com/go-openapi/swag/jsonutils v0.26.0
go: downloading github.com/go-openapi/swag/netutils v0.26.0
go: downloading github.com/go-openapi/swag/mangling v0.26.0
go: downloading github.com/go-openapi/swag/stringutils v0.26.0
go: downloading github.com/go-openapi/swag/typeutils v0.26.0
go: downloading github.com/go-openapi/swag/yamlutils v0.26.0
go: downloading github.com/docker/cli v29.5.2+incompatible
go: downloading github.com/docker/libtrust v0.0.0-20160708172513-aabc10ec26b7
go: downloading github.com/spyzhov/ajson v0.9.6
go: downloading k8s.io/component-helpers v0.36.1
go: downloading google.golang.org/genproto/googleapis/api v0.0.0-20260128011058-8636f8732409
go: downloading golang.org/x/exp v0.0.0-20251219203646-944ab1f22d93
go: downloading google.golang.org/genproto/googleapis/rpc v0.0.0-20260128011058-8636f8732409
go: downloading github.com/docker/docker-credential-helpers v0.9.7
github.com/go-openapi/swag/cmdutils
github.com/kptdev/kpt/internal/docs/generated/livedocs
k8s.io/apimachinery/pkg/selection
k8s.io/apimachinery/pkg/api/validate/constraints
k8s.io/apimachinery/pkg/api/safe
k8s.io/apimachinery/pkg/types
sigs.k8s.io/cli-utils/pkg/inventory/configmap
github.com/google/cel-go/common/overloads
github.com/docker/cli/cli/config/types
github.com/google/cel-go/common/operators
github.com/regclient/regclient/internal/reqmeta
github.com/regclient/regclient/types/oci
github.com/ulikunitz/xz/internal/hash
github.com/regclient/regclient/types/docker
github.com/kptdev/kpt/pkg/lib/update/updatetypes
github.com/kptdev/kpt/api/schema/v1
k8s.io/kube-openapi/pkg/validation/errors
github.com/go-openapi/swag/jsonname
github.com/go-openapi/swag/conv
github.com/go-openapi/jsonreference/internal
github.com/go-openapi/swag/jsonutils/adapters/ifaces
github.com/go-openapi/swag/typeutils
github.com/go-openapi/swag/stringutils
github.com/go-openapi/swag/mangling
k8s.io/kube-openapi/pkg/internal/third_party/go-json-experiment/json/internal
k8s.io/kube-openapi/pkg/validation/strfmt/bson
github.com/kptdev/kpt/pkg/lib/util/strings
github.com/kptdev/kpt/pkg/lib/util/path
github.com/regclient/regclient/types/errs
sigs.k8s.io/kustomize/kyaml/copyutil
github.com/google/gnostic-models/extensions
k8s.io/apimachinery/pkg/runtime/serializer/cbor/internal/modes
k8s.io/apimachinery/third_party/forked/golang/reflect
k8s.io/apimachinery/pkg/fields
k8s.io/kube-openapi/pkg/internal/third_party/go-json-experiment/json/internal/jsonflags
k8s.io/apimachinery/pkg/api/validate/content
k8s.io/apimachinery/pkg/util/sets
github.com/go-openapi/swag/fileutils
github.com/go-openapi/swag/netutils
k8s.io/kube-openapi/pkg/internal/third_party/govalidator
k8s.io/utils/internal/third_party/forked/golang/net
sigs.k8s.io/kustomize/kyaml/yaml/internal/k8sgen/pkg/util/validation
github.com/go-openapi/jsonpointer
github.com/go-openapi/swag/jsonutils/adapters/stdlib/json
k8s.io/kube-openapi/pkg/internal/third_party/go-json-experiment/json/internal/jsonopts
k8s.io/kube-openapi/pkg/internal/third_party/go-json-experiment/json/internal/jsonwire
github.com/regclient/regclient/types/ref
k8s.io/utils/net
k8s.io/apimachinery/pkg/api/operation
k8s.io/apimachinery/pkg/conversion/queryparams
k8s.io/apimachinery/pkg/runtime/schema
k8s.io/apimachinery/pkg/util/json
k8s.io/apimachinery/pkg/util/naming
k8s.io/apimachinery/pkg/util/runtime
github.com/google/gnostic-models/compiler
sigs.k8s.io/kustomize/kyaml/yaml/internal/k8sgen/pkg/labels
k8s.io/apimachinery/pkg/runtime/serializer/cbor/direct
k8s.io/kube-openapi/pkg/util
golang.org/x/net/http2/hpack
golang.org/x/net/idna
golang.org/x/net/internal/httpsfv
k8s.io/apimachinery/pkg/conversion
k8s.io/cli-runtime/pkg/genericiooptions
k8s.io/kube-openapi/pkg/internal/third_party/go-json-experiment/json/jsontext
k8s.io/apimachinery/pkg/util/intstr
k8s.io/apimachinery/pkg/api/resource
github.com/moby/term
github.com/go-openapi/jsonreference
k8s.io/apimachinery/pkg/util/duration
github.com/go-openapi/swag/jsonutils/adapters
k8s.io/client-go/third_party/forked/golang/template
k8s.io/kube-openapi/pkg/validation/strfmt
k8s.io/apimachinery/pkg/util/framer
k8s.io/apimachinery/pkg/util/yaml
k8s.io/apimachinery/pkg/version
k8s.io/client-go/tools/metrics
k8s.io/apimachinery/pkg/util/wait
github.com/google/gnostic-models/openapiv2
github.com/go-openapi/swag/jsonutils
k8s.io/apimachinery/pkg/util/version
k8s.io/client-go/pkg/version
github.com/google/gnostic-models/openapiv3
k8s.io/client-go/util/connrotation
k8s.io/client-go/util/keyutil
k8s.io/client-go/util/flowcontrol
k8s.io/client-go/util/jsonpath
k8s.io/kube-openapi/pkg/cached
k8s.io/client-go/third_party/forked/httpcache
k8s.io/client-go/util/homedir
github.com/go-openapi/swag/yamlutils
k8s.io/client-go/features
k8s.io/apimachinery/pkg/util/mergepatch
k8s.io/apimachinery/third_party/forked/golang/json
k8s.io/client-go/util/cert
k8s.io/client-go/applyconfigurations/internal
golang.org/x/net/http/httpguts
k8s.io/component-base/version
github.com/chai2010/gettext-go/mo
github.com/chai2010/gettext-go/plural
github.com/chai2010/gettext-go/po
k8s.io/kubectl/pkg/util/interrupt
golang.org/x/net/internal/httpcommon
github.com/go-openapi/swag/loading
k8s.io/apimachinery/pkg/util/rand
google.golang.org/genproto/googleapis/rpc/status
cel.dev/expr
k8s.io/apimachinery/pkg/util/errors
k8s.io/client-go/util/workqueue
github.com/google/cel-go/common/runes
google.golang.org/protobuf/types/dynamicpb
github.com/go-openapi/swag
golang.org/x/exp/slices
github.com/chai2010/gettext-go
google.golang.org/protobuf/internal/editionssupport
google.golang.org/protobuf/types/gofeaturespb
golang.org/x/net/http2
github.com/antlr4-go/antlr/v4
google.golang.org/genproto/googleapis/api/expr/v1alpha1
golang.org/x/text/internal/tag
k8s.io/apimachinery/pkg/util/validation/field
golang.org/x/text/internal/stringset
golang.org/x/text/internal/language
github.com/docker/docker-credential-helpers/credentials
google.golang.org/protobuf/reflect/protodesc
k8s.io/kube-openapi/pkg/internal/third_party/go-json-experiment/json
k8s.io/kubectl/pkg/util/i18n
github.com/docker/docker-credential-helpers/client
github.com/google/go-containerregistry/pkg/name
k8s.io/apimachinery/pkg/util/validation
k8s.io/apimachinery/pkg/runtime
github.com/docker/cli/cli/config/credentials
github.com/google/go-containerregistry/pkg/v1/remote/internal/authchallenge
github.com/prep/wasmexec
github.com/regclient/regclient/internal/conffile
github.com/docker/cli/cli/config/memorystore
github.com/regclient/regclient/internal/timejson
github.com/google/cel-go/checker/decls
k8s.io/apimachinery/pkg/labels
github.com/google/cel-go/common
github.com/google/cel-go/common/types/pb
github.com/google/cel-go/common/types/ref
github.com/docker/cli/cli/config/configfile
golang.org/x/text/internal/language/compact
github.com/google/go-containerregistry/pkg/v1/tarball
github.com/regclient/regclient/internal/pqueue
github.com/regclient/regclient/config
github.com/google/cel-go/common/types/traits
github.com/google/cel-go/common/functions
golang.org/x/text/language
github.com/regclient/regclient/internal/units
github.com/docker/cli/cli/config
github.com/regclient/regclient/types/mediatype
github.com/regclient/regclient/internal/strparse
github.com/regclient/regclient/internal/version
github.com/ulikunitz/xz/internal/xlog
github.com/google/go-containerregistry/pkg/authn
hash/crc64
github.com/regclient/regclient/types/platform
github.com/regclient/regclient/internal/limitread
github.com/google/go-containerregistry/internal/windows
github.com/google/cel-go/common/types
github.com/google/go-containerregistry/pkg/legacy/tarball
github.com/google/go-containerregistry/pkg/v1/mutate
github.com/google/go-containerregistry/pkg/v1/cache
github.com/ulikunitz/xz/lzma
github.com/docker/libtrust
golang.org/x/text/internal/catmsg
golang.org/x/text/internal/number
golang.org/x/text/internal
golang.org/x/text/internal/format
github.com/google/go-containerregistry/pkg/v1/remote/transport
github.com/regclient/regclient/types/descriptor
k8s.io/apimachinery/pkg/runtime/serializer/recognizer
k8s.io/apimachinery/pkg/runtime/serializer/streaming
k8s.io/client-go/tools/clientcmd/api
golang.org/x/text/message/catalog
github.com/google/go-containerregistry/pkg/v1/layout
github.com/google/go-containerregistry/pkg/v1/remote
github.com/google/go-containerregistry/pkg/v1/google
github.com/regclient/regclient/types
github.com/ulikunitz/xz
github.com/regclient/regclient/types/oci/v1
github.com/regclient/regclient/types/docker/schema1
golang.org/x/text/feature/plural
github.com/bytecodealliance/wasmtime-go
k8s.io/apimachinery/pkg/util/net
github.com/regclient/regclient/internal/sloghandle
k8s.io/client-go/tools/clientcmd/api/v1
github.com/regclient/regclient/types/docker/schema2
github.com/regclient/regclient/types/ping
github.com/regclient/regclient/types/manifest
github.com/regclient/regclient/types/tag
github.com/regclient/regclient/internal/reproducible
golang.org/x/text/message
github.com/regclient/regclient/internal/cache
github.com/regclient/regclient/internal/httplink
github.com/regclient/regclient/internal/regnet
github.com/regclient/regclient/types/warning
github.com/regclient/regclient/types/repo
github.com/regclient/regclient/pkg/archive
github.com/regclient/regclient/internal/auth
golang.org/x/sync/semaphore
github.com/kptdev/krm-functions-sdk/go/fn/internal/docs
k8s.io/apimachinery/pkg/watch
k8s.io/client-go/transport
github.com/otiai10/copy
sigs.k8s.io/kustomize/kyaml/pathutil
k8s.io/apimachinery/pkg/util/cache
k8s.io/kube-openapi/pkg/internal
k8s.io/apimachinery/pkg/util/diff
k8s.io/client-go/tools/cache/synctrack
github.com/regclient/regclient/types/blob
k8s.io/kube-openapi/pkg/util/proto
k8s.io/utils/trace
k8s.io/kube-openapi/pkg/util/proto/testing
k8s.io/kube-openapi/pkg/validation/spec
sigs.k8s.io/cli-utils/pkg/multierror
k8s.io/apimachinery/pkg/apis/meta/v1
github.com/spyzhov/ajson/internal
github.com/regclient/regclient/types/referrer
k8s.io/apimachinery/pkg/util/jsonmergepatch
k8s.io/kubectl/pkg/apps
golang.org/x/text/cases
github.com/spyzhov/ajson
github.com/regclient/regclient/internal/reghttp
k8s.io/kubectl/pkg/util/certificate
k8s.io/kubectl/pkg/cmd/util/editor/crlf
sigs.k8s.io/cli-utils/pkg/apply/error
k8s.io/utils/integer
k8s.io/kube-openapi/pkg/util/proto/validation
github.com/kptdev/kpt/internal/docs/generated/wasmdocs
github.com/regclient/regclient/scheme
github.com/kptdev/kpt/internal/docs/generated/alphadocs
github.com/kptdev/kpt/internal/docs/generated/fndocs
k8s.io/kubectl/pkg/util/slice
github.com/google/cel-go/parser/gen
github.com/kptdev/kpt/internal/docs/generated/pkgdocs
github.com/kptdev/kpt/internal/docs/generated/overview
sigs.k8s.io/kustomize/kyaml/commandutil
k8s.io/component-base/cli/flag
github.com/google/cel-go/common/ast
github.com/google/cel-go/common/decls
github.com/prometheus/common/expfmt
github.com/prometheus/procfs
github.com/google/go-containerregistry/pkg/crane
github.com/regclient/regclient/scheme/ocidir
k8s.io/component-base/metrics/api/v1
k8s.io/component-base/metrics/internal
github.com/regclient/regclient/scheme/reg
k8s.io/component-base/logs/internal/setverbositylevel
k8s.io/component-base/logs/klogflags
sigs.k8s.io/kustomize/kyaml/yaml
k8s.io/kube-openapi/pkg/validation/validate
k8s.io/kube-openapi/pkg/schemaconv
github.com/google/cel-go/common/env
k8s.io/kube-openapi/pkg/spec3
github.com/google/cel-go/common/stdlib
sigs.k8s.io/cli-utils/pkg/jsonpath
github.com/google/go-containerregistry/pkg/gcrane
k8s.io/kube-openapi/pkg/common
github.com/google/cel-go/common/containers
github.com/google/cel-go/common/debug
github.com/regclient/regclient
github.com/google/cel-go/interpreter
github.com/kptdev/kpt/pkg/oci
k8s.io/kube-openapi/pkg/handler3
sigs.k8s.io/kustomize/kyaml/openapi
sigs.k8s.io/kustomize/kyaml/kio/kioutil
sigs.k8s.io/kustomize/kyaml/order
github.com/kptdev/kpt/api/resourcegroup/v1alpha1
sigs.k8s.io/kustomize/api/filters/filtersutil
sigs.k8s.io/kustomize/api/hasher
github.com/kptdev/krm-functions-sdk/go/fn/internal
sigs.k8s.io/kustomize/kyaml/kio
github.com/kptdev/kpt/pkg/wasm
sigs.k8s.io/kustomize/kyaml/fieldmeta
sigs.k8s.io/kustomize/kyaml/yaml/schema
sigs.k8s.io/kustomize/kyaml/resid
sigs.k8s.io/kustomize/api/types
sigs.k8s.io/kustomize/kyaml/yaml/walk
github.com/prometheus/client_golang/prometheus
sigs.k8s.io/kustomize/api/filters/patchjson6902
sigs.k8s.io/kustomize/api/filters/valueadd
github.com/kptdev/kpt/pkg/lib/util/addmergecomment
github.com/kptdev/kpt/pkg/lib/util/attribution
sigs.k8s.io/kustomize/api/filters/iampolicygenerator
sigs.k8s.io/kustomize/api/konfig
sigs.k8s.io/kustomize/api/ifc
sigs.k8s.io/kustomize/api/filters/fieldspec
sigs.k8s.io/kustomize/api/internal/validate
sigs.k8s.io/kustomize/api/internal/generators
sigs.k8s.io/kustomize/api/internal/plugins/builtinconfig
sigs.k8s.io/kustomize/kyaml/comments
sigs.k8s.io/kustomize/kyaml/yaml/merge2
sigs.k8s.io/kustomize/kyaml/yaml/merge3
sigs.k8s.io/kustomize/api/internal/utils
sigs.k8s.io/kustomize/api/filters/prefix
sigs.k8s.io/kustomize/api/filters/replicacount
sigs.k8s.io/kustomize/api/filters/suffix
sigs.k8s.io/kustomize/api/filters/refvar
sigs.k8s.io/kustomize/api/filters/fsslice
k8s.io/apimachinery/pkg/api/meta
k8s.io/apimachinery/pkg/apis/meta/v1/unstructured
k8s.io/api/core/v1
k8s.io/apimachinery/pkg/api/errors
k8s.io/api/apidiscovery/v2
k8s.io/api/apidiscovery/v2beta1
k8s.io/api/admissionregistration/v1
sigs.k8s.io/kustomize/kyaml/fn/runtime/runtimeutil
k8s.io/api/apiserverinternal/v1alpha1
k8s.io/api/authentication/v1
k8s.io/api/authorization/v1
sigs.k8s.io/kustomize/kyaml/kio/filters
k8s.io/api/certificates/v1alpha1
k8s.io/api/coordination/v1
k8s.io/apimachinery/pkg/api/equality
k8s.io/apimachinery/pkg/runtime/serializer/versioning
k8s.io/apimachinery/pkg/api/validate
k8s.io/api/flowcontrol/v1beta1
k8s.io/api/flowcontrol/v1
k8s.io/api/flowcontrol/v1beta2
k8s.io/api/flowcontrol/v1beta3
sigs.k8s.io/kustomize/kyaml/fn/framework
k8s.io/api/policy/v1
k8s.io/api/coordination/v1alpha2
k8s.io/cli-runtime/pkg/printers
k8s.io/apimachinery/pkg/runtime/serializer/json
k8s.io/apimachinery/pkg/runtime/serializer/protobuf
k8s.io/api/authentication/v1alpha1
k8s.io/api/authentication/v1beta1
k8s.io/api/coordination/v1beta1
k8s.io/api/authorization/v1beta1
k8s.io/apimachinery/pkg/apis/meta/v1/unstructured/unstructuredscheme
k8s.io/apimachinery/pkg/runtime/serializer
k8s.io/api/policy/v1beta1
github.com/kptdev/kpt/api/fnresult/v1
k8s.io/api/rbac/v1
k8s.io/api/rbac/v1alpha1
github.com/kptdev/kpt/api/kptfile/v1
k8s.io/api/rbac/v1beta1
k8s.io/api/resource/v1alpha3
k8s.io/api/scheduling/v1alpha2
k8s.io/api/storagemigration/v1beta1
k8s.io/apimachinery/pkg/apis/meta/v1/validation
k8s.io/apimachinery/pkg/runtime/serializer/cbor
k8s.io/client-go/pkg/apis/clientauthentication
k8s.io/client-go/rest/watch
github.com/kptdev/kpt/pkg/lib/errors
sigs.k8s.io/kustomize/api/filters/annotations
sigs.k8s.io/kustomize/api/filters/imagetag
k8s.io/client-go/pkg/apis/clientauthentication/v1
k8s.io/client-go/pkg/apis/clientauthentication/v1beta1
github.com/kptdev/kpt/pkg/lib/util/git
k8s.io/apimachinery/pkg/api/validation
sigs.k8s.io/kustomize/api/filters/labels
sigs.k8s.io/kustomize/api/filters/namespace
sigs.k8s.io/kustomize/api/filters/patchstrategicmerge
sigs.k8s.io/kustomize/api/internal/git
sigs.k8s.io/kustomize/api/kv
github.com/kptdev/kpt/pkg/kptfile/kptfileutil
sigs.k8s.io/kustomize/kyaml/fn/runtime/exec
k8s.io/client-go/tools/clientcmd/api/latest
k8s.io/api/admissionregistration/v1alpha1
k8s.io/api/admissionregistration/v1beta1
k8s.io/client-go/pkg/apis/clientauthentication/install
k8s.io/apimachinery/pkg/util/strategicpatch
k8s.io/apimachinery/pkg/api/meta/testrestmapper
sigs.k8s.io/kustomize/kyaml/fn/runtime/container
k8s.io/api/admission/v1
sigs.k8s.io/kustomize/api/resource
sigs.k8s.io/kustomize/api/internal/loader
github.com/kptdev/kpt/pkg/lib/pkg
k8s.io/client-go/plugin/pkg/client/auth/exec
k8s.io/api/admission/v1beta1
k8s.io/apimachinery/pkg/util/managedfields/internal
sigs.k8s.io/kustomize/kyaml/runfn
k8s.io/api/imagepolicy/v1alpha1
k8s.io/apimachinery/pkg/apis/meta/v1beta1
k8s.io/kubectl/pkg/util/term
github.com/kptdev/kpt/pkg/fn
github.com/kptdev/kpt/pkg/lib/builtins/builtintypes
github.com/kptdev/kpt/pkg/printer
github.com/kptdev/kpt/pkg/lib/builtins
k8s.io/kubectl/pkg/util/templates
sigs.k8s.io/kustomize/api/filters/replacement
sigs.k8s.io/kustomize/api/resmap
sigs.k8s.io/kustomize/api/provider
github.com/google/cel-go/parser
github.com/kptdev/krm-functions-sdk/go/fn
github.com/kptdev/kpt/pkg/lib/util/stack
k8s.io/client-go/rest
github.com/kptdev/kpt/internal/gitutil
k8s.io/apimachinery/pkg/apis/meta/internalversion
k8s.io/client-go/util/consistencydetector
sigs.k8s.io/cli-utils/pkg/apis/actuation
github.com/kptdev/kpt/pkg/lib/util/args
k8s.io/client-go/util/csaupgrade
k8s.io/kubectl/pkg/util/fieldpath
k8s.io/kubectl/pkg/util/rbac
k8s.io/kubectl/pkg/util/prune
github.com/kptdev/kpt/commands/alpha/wasm/pull
k8s.io/client-go/tools/pager
github.com/kptdev/kpt/pkg/lib/util/fetch
sigs.k8s.io/kustomize/api/internal/builtins
sigs.k8s.io/kustomize/api/internal/plugins/utils
sigs.k8s.io/kustomize/api/filters/nameref
k8s.io/apimachinery/pkg/apis/meta/internalversion/scheme
k8s.io/apimachinery/pkg/apis/meta/internalversion/validation
github.com/kptdev/kpt/commands/alpha/wasm/push
k8s.io/apimachinery/pkg/util/managedfields
github.com/kptdev/kpt/pkg/lib/pkg/diff
sigs.k8s.io/kustomize/api/internal/plugins/execplugin
sigs.k8s.io/kustomize/api/internal/plugins/fnplugin
k8s.io/client-go/util/watchlist
github.com/kptdev/kpt/commands/alpha/wasm
sigs.k8s.io/kustomize/api/internal/accumulator
github.com/kptdev/kpt/thirdparty/cmdconfig/commands/runner
github.com/kptdev/kpt/pkg/lib/util/parse
github.com/kptdev/kpt/pkg/lib/util/man
github.com/prometheus/client_golang/prometheus/promhttp
k8s.io/component-base/metrics/prometheusextension
github.com/prometheus/client_golang/prometheus/collectors
github.com/kptdev/kpt/pkg/lib/update/merge3
github.com/kptdev/kpt/pkg/kptpkg
github.com/kptdev/kpt/thirdparty/cmdconfig/commands/cmdcat
github.com/kptdev/kpt/thirdparty/cmdconfig/commands/cmdtree
sigs.k8s.io/kustomize/api/internal/plugins/builtinhelpers
k8s.io/client-go/util/apply
k8s.io/client-go/tools/auth
k8s.io/client-go/metadata
k8s.io/client-go/tools/cache
k8s.io/client-go/rest/fake
k8s.io/client-go/openapi
k8s.io/client-go/testing
sigs.k8s.io/kustomize/api/internal/plugins/loader
k8s.io/kubectl/pkg/rawhttp
sigs.k8s.io/cli-utils/pkg/flowcontrol
k8s.io/client-go/dynamic
k8s.io/client-go/tools/clientcmd
k8s.io/client-go/plugin/pkg/client/auth/azure
github.com/kptdev/kpt/pkg/lib/update
k8s.io/client-go/plugin/pkg/client/auth/gcp
k8s.io/client-go/plugin/pkg/client/auth/oidc
github.com/google/cel-go/checker
sigs.k8s.io/kustomize/api/internal/target
k8s.io/client-go/plugin/pkg/client/auth
k8s.io/client-go/openapi3
k8s.io/client-go/openapi/cached
k8s.io/client-go/openapi/openapitest
k8s.io/component-base/metrics
sigs.k8s.io/kustomize/api/krusty
k8s.io/client-go/gentype
k8s.io/client-go/dynamic/fake
github.com/google/cel-go/cel
k8s.io/client-go/tools/watch
k8s.io/component-base/metrics/legacyregistry
k8s.io/component-base/metrics/prometheus/feature
k8s.io/component-base/featuregate
github.com/prep/wasmexec/wasmtimexec
github.com/google/cel-go/ext
k8s.io/component-base/logs/api/v1
k8s.io/component-base/logs
k8s.io/component-base/cli
github.com/kptdev/kpt/pkg/lib/runneroptions
github.com/kptdev/kpt/pkg/fn/runtime
github.com/kptdev/kpt/thirdparty/kyaml/runfn
github.com/kptdev/kpt/pkg/lib/kptops
github.com/kptdev/kpt/pkg/lib/util/get
k8s.io/api/autoscaling/v1
k8s.io/api/apps/v1beta1
k8s.io/api/certificates/v1
k8s.io/api/autoscaling/v2
k8s.io/api/batch/v1
k8s.io/api/certificates/v1beta1
k8s.io/api/apps/v1beta2
k8s.io/api/node/v1
k8s.io/api/events/v1
k8s.io/api/events/v1beta1
k8s.io/api/discovery/v1beta1
k8s.io/api/discovery/v1
k8s.io/api/apps/v1
k8s.io/api/networking/v1
k8s.io/api/networking/v1beta1
k8s.io/api/node/v1alpha1
k8s.io/api/node/v1beta1
k8s.io/api/resource/v1
k8s.io/api/resource/v1beta1
k8s.io/api/resource/v1beta2
k8s.io/api/scheduling/v1
k8s.io/api/scheduling/v1beta1
k8s.io/api/storage/v1
k8s.io/api/storage/v1alpha1
k8s.io/api/storage/v1beta1
k8s.io/client-go/tools/reference
k8s.io/client-go/scale/scheme
sigs.k8s.io/cli-utils/pkg/kstatus/status
k8s.io/kubectl/pkg/util
k8s.io/kubectl/pkg/cmd/util/podcmd
k8s.io/client-go/scale/scheme/autoscalingv1
k8s.io/component-helpers/resource
k8s.io/api/batch/v1beta1
k8s.io/kubectl/pkg/util/event
k8s.io/kubectl/pkg/util/resource
k8s.io/kubectl/pkg/util/qos
k8s.io/api/extensions/v1beta1
k8s.io/client-go/scale/scheme/appsv1beta1
k8s.io/kubectl/pkg/util/storage
k8s.io/kubectl/pkg/util/podutils
k8s.io/client-go/scale/scheme/appsint
k8s.io/client-go/scale/scheme/appsv1beta2
k8s.io/client-go/kubernetes/scheme
k8s.io/client-go/scale/scheme/extensionsint
k8s.io/client-go/scale/scheme/extensionsv1beta1
k8s.io/client-go/kubernetes/typed/authentication/v1
k8s.io/client-go/discovery
k8s.io/client-go/kubernetes/typed/authentication/v1beta1
k8s.io/client-go/kubernetes/typed/authentication/v1alpha1
k8s.io/kubectl/pkg/scheme
k8s.io/client-go/kubernetes/typed/authorization/v1beta1
k8s.io/client-go/kubernetes/typed/authorization/v1
k8s.io/client-go/discovery/cached/memory
k8s.io/client-go/restmapper
k8s.io/kubectl/pkg/util/openapi
k8s.io/client-go/scale
k8s.io/client-go/applyconfigurations/meta/v1
k8s.io/kubectl/pkg/util/openapi/testing
k8s.io/client-go/discovery/cached/disk
sigs.k8s.io/controller-runtime/pkg/client/apiutil
k8s.io/cli-runtime/pkg/resource
k8s.io/client-go/applyconfigurations/apiserverinternal/v1alpha1
k8s.io/client-go/applyconfigurations/admissionregistration/v1
k8s.io/client-go/applyconfigurations/autoscaling/v1
k8s.io/client-go/applyconfigurations/certificates/v1alpha1
k8s.io/client-go/applyconfigurations/coordination/v1beta1
k8s.io/client-go/applyconfigurations/coordination/v1
k8s.io/client-go/applyconfigurations/certificates/v1
k8s.io/client-go/applyconfigurations/coordination/v1alpha2
k8s.io/client-go/applyconfigurations/certificates/v1beta1
k8s.io/client-go/applyconfigurations/autoscaling/v2
k8s.io/client-go/applyconfigurations/flowcontrol/v1
k8s.io/client-go/applyconfigurations/flowcontrol/v1beta1
k8s.io/client-go/applyconfigurations/core/v1
k8s.io/client-go/applyconfigurations/flowcontrol/v1beta2
k8s.io/client-go/applyconfigurations/flowcontrol/v1beta3
k8s.io/client-go/kubernetes/typed/coordination/v1alpha2
k8s.io/client-go/kubernetes/typed/apiserverinternal/v1alpha1
k8s.io/client-go/kubernetes/typed/certificates/v1alpha1
k8s.io/client-go/kubernetes/typed/certificates/v1
k8s.io/client-go/kubernetes/typed/flowcontrol/v1
k8s.io/client-go/kubernetes/typed/coordination/v1beta1
k8s.io/client-go/kubernetes/typed/coordination/v1
k8s.io/client-go/kubernetes/typed/flowcontrol/v1beta1
k8s.io/client-go/kubernetes/typed/autoscaling/v1
k8s.io/client-go/kubernetes/typed/certificates/v1beta1
k8s.io/client-go/kubernetes/typed/autoscaling/v2
k8s.io/client-go/kubernetes/typed/flowcontrol/v1beta2
k8s.io/client-go/kubernetes/typed/admissionregistration/v1
k8s.io/client-go/applyconfigurations/admissionregistration/v1beta1
k8s.io/client-go/applyconfigurations/admissionregistration/v1alpha1
k8s.io/client-go/kubernetes/typed/flowcontrol/v1beta3
k8s.io/client-go/applyconfigurations/policy/v1
k8s.io/client-go/applyconfigurations/policy/v1beta1
k8s.io/client-go/applyconfigurations/rbac/v1
k8s.io/client-go/applyconfigurations/rbac/v1alpha1
k8s.io/client-go/applyconfigurations/rbac/v1beta1
k8s.io/client-go/applyconfigurations/resource/v1alpha3
k8s.io/client-go/applyconfigurations/scheduling/v1
k8s.io/client-go/applyconfigurations/scheduling/v1alpha2
k8s.io/cli-runtime/pkg/genericclioptions
k8s.io/client-go/applyconfigurations/scheduling/v1beta1
k8s.io/client-go/applyconfigurations/storagemigration/v1beta1
k8s.io/kubectl/pkg/validation
k8s.io/client-go/kubernetes/typed/policy/v1
k8s.io/client-go/kubernetes/typed/policy/v1beta1
k8s.io/client-go/kubernetes/typed/rbac/v1
k8s.io/client-go/kubernetes/typed/admissionregistration/v1alpha1
k8s.io/client-go/kubernetes/typed/admissionregistration/v1beta1
k8s.io/client-go/kubernetes/typed/scheduling/v1beta1
sigs.k8s.io/cli-utils/pkg/object
k8s.io/client-go/kubernetes/typed/resource/v1alpha3
k8s.io/client-go/kubernetes/typed/rbac/v1beta1
k8s.io/client-go/kubernetes/typed/scheduling/v1alpha2
k8s.io/client-go/kubernetes/typed/rbac/v1alpha1
sigs.k8s.io/controller-runtime/pkg/client
k8s.io/client-go/kubernetes/typed/scheduling/v1
k8s.io/client-go/kubernetes/typed/storagemigration/v1beta1
github.com/kptdev/kpt/pkg/lib/util/cfgflags
sigs.k8s.io/cli-utils/pkg/object/dependson
sigs.k8s.io/cli-utils/pkg/apply/cache
sigs.k8s.io/cli-utils/pkg/kstatus/polling/event
sigs.k8s.io/cli-utils/pkg/object/mutation
sigs.k8s.io/cli-utils/pkg/apply/event
sigs.k8s.io/cli-utils/pkg/object/validation
sigs.k8s.io/cli-utils/pkg/ordering
sigs.k8s.io/cli-utils/pkg/apply/info
sigs.k8s.io/cli-utils/pkg/kstatus/polling/collector
sigs.k8s.io/cli-utils/pkg/kstatus/polling/aggregator
sigs.k8s.io/cli-utils/pkg/apply/mutator
sigs.k8s.io/cli-utils/pkg/print/stats
sigs.k8s.io/cli-utils/cmd/status/printers/printer
sigs.k8s.io/cli-utils/pkg/object/graph
sigs.k8s.io/cli-utils/pkg/print/common
sigs.k8s.io/cli-utils/pkg/print/table
k8s.io/client-go/applyconfigurations/events/v1
k8s.io/client-go/applyconfigurations/discovery/v1beta1
k8s.io/client-go/applyconfigurations/batch/v1
k8s.io/client-go/applyconfigurations/apps/v1beta1
k8s.io/client-go/applyconfigurations/apps/v1
k8s.io/client-go/kubernetes/typed/core/v1
k8s.io/client-go/applyconfigurations/events/v1beta1
k8s.io/client-go/applyconfigurations/apps/v1beta2
k8s.io/client-go/applyconfigurations/discovery/v1
k8s.io/client-go/applyconfigurations/extensions/v1beta1
k8s.io/client-go/applyconfigurations/networking/v1
k8s.io/client-go/applyconfigurations/node/v1
k8s.io/client-go/applyconfigurations/networking/v1beta1
k8s.io/client-go/applyconfigurations/node/v1alpha1
k8s.io/client-go/applyconfigurations/node/v1beta1
k8s.io/client-go/applyconfigurations/resource/v1
k8s.io/client-go/kubernetes/typed/events/v1beta1
k8s.io/client-go/kubernetes/typed/events/v1
k8s.io/client-go/kubernetes/typed/node/v1
k8s.io/client-go/kubernetes/typed/node/v1alpha1
k8s.io/client-go/kubernetes/typed/discovery/v1
k8s.io/client-go/kubernetes/typed/discovery/v1beta1
k8s.io/client-go/kubernetes/typed/networking/v1beta1
k8s.io/client-go/kubernetes/typed/node/v1beta1
k8s.io/client-go/kubernetes/typed/networking/v1
k8s.io/client-go/kubernetes/typed/apps/v1beta1
k8s.io/client-go/kubernetes/typed/batch/v1
k8s.io/client-go/applyconfigurations/batch/v1beta1
k8s.io/client-go/applyconfigurations/resource/v1beta1
k8s.io/client-go/applyconfigurations/resource/v1beta2
k8s.io/client-go/applyconfigurations/storage/v1alpha1
k8s.io/client-go/applyconfigurations/storage/v1
k8s.io/client-go/applyconfigurations/storage/v1beta1
sigs.k8s.io/cli-utils/pkg/kstatus/polling/engine
k8s.io/client-go/kubernetes/typed/apps/v1
k8s.io/client-go/kubernetes/typed/apps/v1beta2
k8s.io/client-go/kubernetes/typed/extensions/v1beta1
sigs.k8s.io/cli-utils/pkg/kstatus/polling/clusterreader
k8s.io/client-go/kubernetes/typed/resource/v1
sigs.k8s.io/cli-utils/pkg/kstatus/polling/statusreaders
sigs.k8s.io/cli-utils/pkg/kstatus/polling/clusterreader/fake
k8s.io/client-go/kubernetes/typed/storage/v1alpha1
k8s.io/client-go/kubernetes/typed/batch/v1beta1
sigs.k8s.io/cli-utils/cmd/status/printers/table
sigs.k8s.io/cli-utils/pkg/kstatus/watcher
k8s.io/client-go/kubernetes/typed/storage/v1beta1
k8s.io/client-go/kubernetes/typed/resource/v1beta1
k8s.io/client-go/kubernetes/typed/storage/v1
k8s.io/client-go/kubernetes/typed/resource/v1beta2
k8s.io/kubectl/pkg/util/deployment
k8s.io/client-go/kubernetes
k8s.io/client-go/util/certificate/csr
k8s.io/kubectl/pkg/cmd/util
k8s.io/kubectl/pkg/describe
sigs.k8s.io/cli-utils/pkg/common
k8s.io/kubectl/pkg/cmd/testing
sigs.k8s.io/cli-utils/pkg/kstatus/polling
github.com/kptdev/kpt/commands/util
k8s.io/kubectl/pkg/cmd/apiresources
k8s.io/kubectl/pkg/cmd/get
k8s.io/kubectl/pkg/cmd/util/editor
sigs.k8s.io/cli-utils/pkg/config
sigs.k8s.io/cli-utils/pkg/print/list
sigs.k8s.io/cli-utils/pkg/printers/table
sigs.k8s.io/cli-utils/pkg/printers/printer
github.com/kptdev/kpt/pkg/printer/table
sigs.k8s.io/cli-utils/pkg/printers/events
sigs.k8s.io/cli-utils/pkg/printers/json
sigs.k8s.io/cli-utils/cmd/status/printers/json
sigs.k8s.io/cli-utils/pkg/printers
sigs.k8s.io/cli-utils/cmd/status/printers/event
sigs.k8s.io/cli-utils/cmd/status/printers
sigs.k8s.io/cli-utils/pkg/apply/poller
github.com/kptdev/kpt/pkg/status
github.com/kptdev/kpt/commands/live/init
sigs.k8s.io/cli-utils/pkg/inventory
k8s.io/kubectl/pkg/cmd/wait
sigs.k8s.io/cli-utils/cmd/flagutils
sigs.k8s.io/cli-utils/pkg/apply/taskrunner
sigs.k8s.io/cli-utils/pkg/manifestreader
k8s.io/kubectl/pkg/polymorphichelpers
sigs.k8s.io/cli-utils/pkg/apply/filter
sigs.k8s.io/cli-utils/pkg/apply/prune
sigs.k8s.io/cli-utils/cmd/status
github.com/kptdev/kpt/pkg/live
k8s.io/kubectl/pkg/util/completion
github.com/kptdev/kpt/pkg/lib/util/cmdutil
github.com/kptdev/kpt/commands/live/migrate
github.com/kptdev/kpt/commands/live/installrg
github.com/kptdev/kpt/commands/live/status
k8s.io/kubectl/pkg/cmd/delete
github.com/kptdev/kpt/commands/fn/doc
github.com/kptdev/kpt/commands/fn/render
github.com/kptdev/kpt/thirdparty/cmdconfig/commands/cmdsink
github.com/kptdev/kpt/thirdparty/cmdconfig/commands/cmdeval
github.com/kptdev/kpt/thirdparty/cmdconfig/commands/cmdsource
github.com/kptdev/kpt/commands/pkg/diff
github.com/kptdev/kpt/commands/pkg/init
github.com/kptdev/kpt/pkg/lib/errors/resolver
github.com/kptdev/kpt/commands/pkg/update
github.com/kptdev/kpt/commands/pkg/get
github.com/kptdev/kpt/commands/pkg
github.com/kptdev/kpt/commands/fn
k8s.io/kubectl/pkg/cmd/apply
sigs.k8s.io/cli-utils/pkg/apply/task
sigs.k8s.io/cli-utils/pkg/apply/solver
sigs.k8s.io/cli-utils/pkg/apply
github.com/kptdev/kpt/pkg/live/planner
github.com/kptdev/kpt/commands/live/apply
github.com/kptdev/kpt/commands/live/destroy
github.com/kptdev/kpt/commands/alpha/live/plan
github.com/kptdev/kpt/commands/live
github.com/kptdev/kpt/commands/alpha/live
github.com/kptdev/kpt/commands/alpha
github.com/kptdev/kpt/commands
github.com/kptdev/kpt/run
github.com/kptdev/kpt
