go mod tidy
go: downloading go1.27.1 (linux/amd64)
go: downloading k8s.io/code-generator v0.36.4
go: downloading github.com/kubeovn/libovsdb v0.0.0-20260902074400-457a5d8cc172
go: downloading github.com/vishvananda/netlink v1.3.2-0.20260402033159-af2a3ea580ab
go: downloading kernel.org/pub/linux/libs/security/libcap/cap v1.2.78
go: downloading github.com/brianvoe/gofakeit/v7 v7.16.0
go: downloading sigs.k8s.io/network-policy-api v0.1.8-0.20251209142732-3910463a5686
go: downloading kubevirt.io/api v1.9.0
go: downloading github.com/scylladb/go-set v1.0.2
go: downloading github.com/kubeovn/ovsdb v0.0.0-20240410091831-5dd26006c475
go: downloading github.com/digitalocean/go-openvswitch v0.0.0-20251118231545-85aec29b8ee6
go: downloading kubevirt.io/client-go v1.9.0-beta.0.0.20260902025523-eca18b785298
go: downloading github.com/cert-manager/cert-manager v1.21.1
go: downloading github.com/cnf/structhash v0.0.0-20250313080605-df4c6cc74a9a
go: downloading github.com/cenkalti/backoff/v7 v7.0.0
go: downloading github.com/prometheus-community/pro-bing v0.9.1
go: downloading github.com/parnurzeal/gorequest v0.3.0
go: downloading k8s.io/apiserver v0.36.4
go: downloading github.com/osrg/gobgp/v4 v4.9.0
go: downloading github.com/containerd/containerd/v2 v2.3.4
go: downloading github.com/containerd/nerdctl/v2 v2.3.5
go: downloading github.com/puzpuzpuz/xsync/v4 v4.5.0
go: downloading github.com/k8snetworkplumbingwg/sriovnet v1.3.0
go: downloading go.universe.tf/metallb v0.16.1
go: downloading github.com/kubeovn/arp v0.0.0-20260528080449-dad82eb4dedd
go: downloading github.com/kubeovn/dbus/v5 v5.0.0-20260127130047-cf3ab180f3cc
go: downloading gopkg.in/k8snetworkplumbingwg/multus-cni.v4 v4.3.0
go: downloading github.com/kubeovn/felix v0.0.0-20240506083207-ed396be1b6cf
go: downloading github.com/mdlayher/netx v0.0.0-20230430222610-7e21880baee8
go: downloading github.com/kubeovn/go-iptables v0.0.0-20230322103850-8619a8ab3dca
go: downloading k8s.io/kubernetes v1.36.4
go: downloading github.com/kubeovn/gonetworkmanager/v3 v3.0.0-20260127125406-1297b522ba92
go: downloading go.podman.io/image/v5 v5.41.1
go: downloading k8s.io/kubectl v0.36.4
go: downloading sigs.k8s.io/knftables v0.0.22
go: downloading k8s.io/pod-security-admission v0.36.4
go: downloading kernel.org/pub/linux/libs/security/libcap/psx v1.2.78
go: downloading github.com/mattn/go-shellwords v1.0.14
go: downloading kubevirt.io/containerized-data-importer-api v1.65.0
go: downloading github.com/moul/http2curl v1.0.0
go: downloading github.com/elazarl/goproxy v1.8.4
go: downloading github.com/mdlayher/netlink v1.11.2
go: downloading github.com/mdlayher/ethernet v0.0.0-20220221185849-529eae5b6118
go: downloading github.com/mdlayher/socket v0.6.1
go: downloading k8s.io/streaming v0.36.4
go: downloading github.com/projectcalico/libcalico-go v0.0.0-20190305235709-3d935c3b8b86
go: downloading github.com/Microsoft/hcsshim v0.15.0-rc.2
go: downloading github.com/moby/sys/symlink v0.3.0
go: downloading go.podman.io/storage v1.64.0
go: downloading k8s.io/cli-runtime v0.36.4
go: downloading github.com/stretchr/objx v0.5.3
go: downloading k8s.io/cloud-provider v0.36.4
go: downloading github.com/google/cadvisor v0.57.0
go: downloading go.opentelemetry.io/contrib/instrumentation/github.com/emicklei/go-restful/otelrestful v0.69.0
go: downloading k8s.io/cri-client v0.36.4
go: downloading k8s.io/cri-api v0.36.4
go: downloading k8s.io/cri-streaming v0.36.4
go: downloading k8s.io/kubelet v0.36.4
go: downloading github.com/Microsoft/go-winio v0.6.3-0.20251027160822-ad3df93bed29
go: downloading github.com/smartystreets/goconvey v1.8.1
go: downloading golang.org/x/tools/go/packages/packagestest v0.1.1-deprecated
go: downloading github.com/go-playground/assert/v2 v2.2.0
go: downloading github.com/mfridman/tparse v0.18.0
go: downloading github.com/gkampitakis/go-snaps v0.5.15
go: downloading github.com/joshdk/go-junit v1.0.0
go: downloading github.com/gaissmai/bart v0.28.0
go: downloading sigs.k8s.io/gateway-api v1.6.0
go: downloading github.com/projectcalico/go-yaml-wrapper v0.0.0-20191112210931-090425220c54
go: downloading github.com/openshift/api v0.0.0-20191219222812-2987a591a72c
go: downloading github.com/containerd/containerd/api v1.11.1
go: downloading k8s.io/component-helpers v0.36.4
go: downloading k8s.io/kube-aggregator v0.36.4
go: downloading k8s.io/sample-apiserver v0.36.4
go: downloading k8s.io/cluster-bootstrap v0.36.4
go: downloading github.com/container-storage-interface/spec v1.12.0
go: downloading github.com/opencontainers/selinux v1.15.1
go: downloading github.com/armon/go-socks5 v0.0.0-20160902184237-e75332964ef5
go: downloading k8s.io/controller-manager v0.36.4
go: downloading github.com/fatih/set v0.2.1
go: downloading go.opentelemetry.io/contrib/propagators/b3 v1.44.0
go: downloading github.com/opencontainers/cgroups v0.0.6
go: downloading k8s.io/mount-utils v0.36.4
go: downloading github.com/google/pprof v0.0.0-20260507013755-92041b743c96
go: downloading github.com/go-openapi/testify/v2 v2.4.2
go: downloading pgregory.net/rapid v1.2.0
go: downloading github.com/prometheus-operator/prometheus-operator/pkg/apis/monitoring v0.83.0
go: downloading golang.org/x/tools/go/expect v0.1.1-deprecated
go: downloading github.com/kardianos/osext v0.0.0-20190222173326-2bc1f35cddc0
go: downloading github.com/gkampitakis/ciinfo v0.3.2
go: downloading github.com/gkampitakis/go-diff v1.3.2
go: downloading github.com/goccy/go-yaml v1.18.0
go: downloading github.com/maruel/natural v1.1.1
go: downloading go.etcd.io/etcd/client/pkg/v3 v3.6.11
go: downloading go.etcd.io/etcd/client/v3 v3.6.11
go: downloading k8s.io/dynamic-resource-allocation v0.36.4
go: downloading github.com/projectcalico/go-json v0.0.0-20161128004156-6219dc7339ba
go: downloading k8s.io/kube-scheduler v0.36.4
go: downloading k8s.io/csi-translation-lib v0.36.4
go: downloading github.com/smarty/assertions v1.15.0
go: downloading github.com/jtolds/gls v4.20.0+incompatible
go: downloading github.com/JeffAshton/win_pdh v0.0.0-20161109143554-76bb4ee9f0ab
go: downloading github.com/go-openapi/testify/enable/yaml/v2 v2.4.2
go: downloading github.com/go-openapi/swag/jsonutils/fixtures_test v0.26.0
go: downloading github.com/pelletier/go-toml/v2 v2.4.2
go: downloading github.com/creack/pty v1.1.24
go: downloading sigs.k8s.io/apiserver-network-proxy/konnectivity-client v0.35.0
go: downloading go.etcd.io/etcd/api/v3 v3.6.11
go: downloading go.etcd.io/etcd/server/v3 v3.6.8
go: downloading github.com/Microsoft/hnslib v0.1.3
go: downloading github.com/mistifyio/go-zfs v2.1.2-0.20190413222219-f784269be439+incompatible
go: downloading github.com/euank/go-kmsg-parser v2.0.0+incompatible
go: downloading github.com/gopherjs/gopherjs v1.17.2
go: downloading cyphar.com/go-pathrs v0.2.5
go: downloading k8s.io/kube-proxy v0.36.4
go: downloading k8s.io/kube-controller-manager v0.36.4
go: downloading k8s.io/metrics v0.36.4
go: downloading k8s.io/kms v0.36.4
go: downloading k8s.io/externaljwt v0.36.4
go: downloading github.com/coreos/go-oidc v2.5.0+incompatible
go: downloading k8s.io/endpointslice v0.36.4
go: downloading go.etcd.io/bbolt v1.5.0
go: downloading go.etcd.io/etcd/pkg/v3 v3.6.8
go: downloading github.com/pquerna/cachecontrol v0.1.0
go: downloading go.etcd.io/raft/v3 v3.6.0
CGO_ENABLED=0 GOOS=linux GOARCH=amd64 go build -trimpath -ldflags "-w -s -extldflags '-z now' -X github.com/kubeovn/kube-ovn/versions.COMMIT=git-2471f1a -X github.com/kubeovn/kube-ovn/versions.VERSION=v1.17.0 -X github.com/kubeovn/kube-ovn/versions.BUILDDATE=2026-09-03_19:56:36" -o /home/jake/sbomit-overhead-experiment/repos/kube-ovn/dist/images/kube-ovn -v ./cmd/cni
internal/goarch
internal/byteorder
internal/unsafeheader
internal/coverage/rtcov
internal/godebugs
internal/profilerecord
internal/goos
internal/runtime/pprof/label
internal/asan
internal/msan
internal/trace/tracev2
math/bits
unicode
internal/goexperiment
internal/runtime/gc
internal/runtime/math
unicode/utf8
encoding
unicode/utf16
cmp
internal/nettrace
log/internal
internal/strconv
crypto/internal/fips140/alias
crypto/internal/fips140deps/byteorder
crypto/internal/constanttime
crypto/internal/fips140deps/time
github.com/kubeovn/kube-ovn/pkg/apis/kubeovn
internal/cpu
sync/atomic
internal/abi
internal/runtime/syscall/linux
internal/runtime/atomic
internal/runtime/sys
k8s.io/apimachinery/pkg/api/validate/constraints
crypto/internal/boring/sig
k8s.io/apimachinery/pkg/selection
log/slog/internal
container/list
vendor/golang.org/x/crypto/cryptobyte/asn1
vendor/golang.org/x/crypto/internal/alias
k8s.io/apimachinery/pkg/types
crypto/internal/fips140/subtle
github.com/k8snetworkplumbingwg/network-attachment-definition-client/pkg/apis/k8s.cni.cncf.io
google.golang.org/protobuf/internal/flags
google.golang.org/protobuf/internal/set
k8s.io/apimachinery/pkg/api/safe
github.com/go-openapi/swag/cmdutils
database/sql/internal
golang.org/x/net/internal/iana
k8s.io/client-go/util/exec
kubevirt.io/api/backup
kubevirt.io/api/core
kubevirt.io/containerized-data-importer-api/pkg/apis/core
github.com/go-playground/locales/currency
github.com/leodido/go-urn/scim/schema
crypto/subtle
internal/runtime/exithook
crypto/internal/fips140deps/cpu
internal/runtime/gc/scan
internal/bytealg
internal/chacha8rand
math
internal/synctest
internal/race
internal/stringslite
internal/runtime/cgroup
internal/sync
internal/runtime/maps
runtime
internal/reflectlite
iter
weak
k8s.io/klog/v2/internal/dbg
runtime/metrics
sync
maps
slices
k8s.io/apimachinery/pkg/util/sets
internal/bisect
internal/testlog
go.uber.org/zap/internal/pool
internal/singleflight
github.com/cenkalti/hub
google.golang.org/protobuf/internal/pragma
crypto/internal/fips140cache
unique
log/slog/internal/buffer
errors
sort
internal/godebug
encoding/json/internal
internal/oserror
io
strconv
vendor/golang.org/x/net/dns/dnsmessage
crypto/internal/entropy/v1.0.0
math/rand/v2
path
encoding/json/internal/jsonflags
syscall
encoding/json/internal/jsonopts
reflect
github.com/x448/float16
net/netip
encoding/base32
bytes
encoding/base64
strings
hash
internal/saferio
k8s.io/utils/buffer
crypto/internal/randutil
container/heap
crypto/internal/fips140deps/godebug
crypto
math/rand
hash/crc32
hash/fnv
hash/adler32
k8s.io/utils/set
golang.org/x/text/internal/tag
github.com/beorn7/perks/quantile
vendor/golang.org/x/text/transform
golang.org/x/text/transform
github.com/gabriel-vasile/mimetype/internal/json
crypto/internal/impl
encoding/json/internal/jsonwire
bufio
k8s.io/klog/v2/internal/severity
crypto/internal/fips140
go/build/constraint
k8s.io/apimachinery/pkg/api/operation
regexp/syntax
encoding/pem
net/http/internal/ascii
github.com/go-openapi/swag/conv
github.com/go-openapi/swag/stringutils
github.com/munnerz/goautoneg
net/http/internal/testcert
crypto/internal/fips140/sha256
crypto/internal/fips140/sha3
crypto/internal/fips140/sha512
encoding/json/jsontext
internal/syscall/execenv
time
internal/syscall/unix
crypto/internal/fips140/hmac
crypto/sha3
crypto/internal/fips140/check
crypto/internal/fips140hash
regexp
crypto/fips140
crypto/internal/fips140/edwards25519/field
crypto/internal/fips140/bigmod
crypto/internal/fips140/hkdf
crypto/internal/fips140/tls12
crypto/internal/fips140/aes
crypto/internal/fips140/nistec/fiat
crypto/tls/internal/fips140tls
crypto/internal/fips140/tls13
crypto/internal/fips140/edwards25519
context
k8s.io/klog/v2/internal/clock
io/fs
go.uber.org/zap/buffer
k8s.io/utils/clock
internal/poll
golang.org/x/net/internal/httpsfv
github.com/go-playground/locales
net/http/internal/httpsfv
k8s.io/apimachinery/pkg/util/cache
k8s.io/apimachinery/pkg/version
go.uber.org/zap/internal/bufferpool
go.uber.org/zap/internal/stacktrace
github.com/cenkalti/backoff/v4
internal/gate
k8s.io/client-go/tools/cache/synctrack
internal/filepathlite
embed
google.golang.org/protobuf/internal/editiondefaults
crypto/internal/fips140/nistec
os
internal/fmtsort
encoding/binary
k8s.io/kube-openapi/pkg/util
github.com/go-openapi/swag/typeutils
github.com/go-openapi/swag/jsonname
sigs.k8s.io/structured-merge-diff/v6/schema
github.com/modern-go/reflect2
sigs.k8s.io/randfill/bytesource
github.com/gabriel-vasile/mimetype/internal/scan
github.com/josharian/native
github.com/cespare/xxhash/v2
vendor/golang.org/x/crypto/internal/poly1305
golang.org/x/sys/unix
github.com/gabriel-vasile/mimetype/internal/markup
github.com/gabriel-vasile/mimetype/internal/csv
github.com/gabriel-vasile/mimetype/internal/charset
fmt
path/filepath
crypto/internal/sysrand
internal/lazyregexp
net
golang.org/x/sys/cpu
io/ioutil
k8s.io/klog/v2/internal/buffer
go.uber.org/zap/internal/exit
google.golang.org/protobuf/internal/detrand
github.com/prometheus/procfs/internal/util
internal/sysinfo
vendor/golang.org/x/sys/cpu
os/signal
crypto/internal/fips140/drbg
os/exec
crypto/internal/fips140only
crypto/internal/fips140/ecdh
crypto/internal/fips140/ed25519
crypto/internal/fips140/ecdsa
crypto/internal/fips140/aes/gcm
crypto/internal/fips140/mlkem
crypto/internal/fips140/mldsa
crypto/internal/fips140/rsa
golang.org/x/crypto/sha3
crypto/hkdf
crypto/md5
crypto/rc4
crypto/mlkem
crypto/mldsa
encoding/hex
log
github.com/containernetworking/plugins/pkg/utils/sysctl
k8s.io/apimachinery/pkg/fields
k8s.io/apimachinery/pkg/util/errors
k8s.io/apimachinery/third_party/forked/golang/reflect
flag
k8s.io/apimachinery/pkg/api/validate/content
math/big
os/user
go/token
crypto/cipher
go/doc/comment
net/url
k8s.io/apimachinery/pkg/runtime/schema
encoding/json/v2
runtime/debug
compress/flate
vendor/golang.org/x/text/unicode/norm
vendor/golang.org/x/text/unicode/bidi
mime
mime/quotedprintable
go/scanner
crypto/internal/boring
crypto/sha256
k8s.io/klog/v2/internal/verbosity
crypto/aes
k8s.io/apimachinery/pkg/conversion
crypto/des
crypto/internal/rand
go/ast
k8s.io/apimachinery/pkg/conversion/queryparams
k8s.io/apimachinery/pkg/util/naming
crypto/sha512
crypto/hmac
crypto/ecdh
vendor/golang.org/x/crypto/chacha20
crypto/sha1
net/http/internal
vendor/golang.org/x/text/secure/bidirule
vendor/golang.org/x/net/http2/hpack
github.com/modern-go/concurrent
go.yaml.in/yaml/v2
sigs.k8s.io/randfill
vendor/golang.org/x/crypto/chacha20poly1305
golang.org/x/text/unicode/bidi
golang.org/x/text/unicode/norm
golang.org/x/net/http2/hpack
k8s.io/utils/ptr
github.com/vishvananda/netns
github.com/containernetworking/plugins/pkg/ns
github.com/cenkalti/backoff/v7
go.uber.org/multierr
compress/gzip
go.uber.org/zap/internal/color
google.golang.org/protobuf/internal/errors
google.golang.org/protobuf/internal/version
github.com/go-openapi/jsonreference/internal
go.yaml.in/yaml/v3
github.com/go-openapi/swag/mangling
google.golang.org/protobuf/encoding/protowire
crypto/hpke
vendor/golang.org/x/net/idna
k8s.io/apimachinery/pkg/util/version
k8s.io/kube-openapi/pkg/internal/third_party/go-json-experiment/json
k8s.io/client-go/pkg/version
golang.org/x/term
k8s.io/client-go/tools/metrics
golang.org/x/text/secure/bidirule
google.golang.org/protobuf/reflect/protoreflect
golang.org/x/time/rate
github.com/kubeovn/kube-ovn/pkg/internal
gopkg.in/inf.v0
github.com/fxamacker/cbor/v2
crypto/elliptic
crypto/internal/boring/bbig
go/doc
go/parser
encoding/asn1
crypto/rand
crypto/dsa
github.com/davecgh/go-spew/spew
crypto/ed25519
crypto/rsa
github.com/vishvananda/netlink/nl
k8s.io/utils/internal/third_party/forked/golang/net
net/textproto
vendor/golang.org/x/net/http/httpproxy
k8s.io/utils/net
github.com/google/gopacket
vendor/golang.org/x/crypto/cryptobyte
crypto/x509/pkix
golang.org/x/net/idna
google.golang.org/protobuf/internal/encoding/messageset
google.golang.org/protobuf/internal/genid
vendor/golang.org/x/net/http/httpguts
mime/multipart
google.golang.org/protobuf/internal/order
google.golang.org/protobuf/internal/strs
google.golang.org/protobuf/reflect/protoregistry
google.golang.org/protobuf/runtime/protoiface
google.golang.org/protobuf/internal/descfmt
google.golang.org/protobuf/internal/descopts
google.golang.org/protobuf/internal/encoding/text
github.com/go-openapi/swag/netutils
encoding/json
google.golang.org/protobuf/internal/protolazy
crypto/ecdsa
k8s.io/client-go/util/connrotation
k8s.io/utils/dump
k8s.io/client-go/util/flowcontrol
uuid
google.golang.org/protobuf/proto
github.com/go-openapi/swag/fileutils
k8s.io/kube-openapi/pkg/cached
github.com/google/gnostic-models/jsonschema
compress/zlib
database/sql/driver
encoding/xml
github.com/emicklei/go-restful/v3/log
k8s.io/apimachinery/third_party/forked/golang/json
github.com/vishvananda/netlink
github.com/google/gopacket/layers
github.com/pkg/errors
google.golang.org/protobuf/internal/encoding/defval
github.com/mdlayher/ethernet
golang.org/x/net/bpf
golang.org/x/net/http/httpguts
github.com/containernetworking/cni/pkg/types
github.com/digitalocean/go-openvswitch/ovs
github.com/ovn-kubernetes/libovsdb/ovsdb
sigs.k8s.io/json/internal/golang/encoding/json
k8s.io/apimachinery/pkg/util/validation/field
log/slog
github.com/json-iterator/go
go.uber.org/zap/zapcore
github.com/containernetworking/cni/pkg/ns
github.com/containernetworking/cni/pkg/utils
github.com/containernetworking/cni/pkg/types/internal
github.com/evanphx/json-patch/v5/internal/json
google.golang.org/protobuf/internal/filedesc
github.com/containernetworking/cni/pkg/types/020
google.golang.org/protobuf/encoding/prototext
k8s.io/apimachinery/pkg/util/framer
github.com/containernetworking/cni/pkg/types/040
sigs.k8s.io/yaml
github.com/containernetworking/cni/pkg/types/100
github.com/go-openapi/jsonpointer
github.com/go-logr/logr
k8s.io/klog/v2/internal/sloghandler
github.com/ovn-kubernetes/libovsdb/mapper
crypto/x509
github.com/go-openapi/swag/jsonutils/adapters/ifaces
github.com/containernetworking/cni/pkg/types/create
github.com/google/uuid
gopkg.in/evanphx/json-patch.v4
github.com/containernetworking/cni/pkg/version
github.com/go-openapi/swag/jsonutils/adapters/stdlib/json
go.uber.org/zap/internal
github.com/ovn-kubernetes/libovsdb/model
k8s.io/klog/v2/internal/serialize
github.com/go-logr/logr/slogr
github.com/containernetworking/cni/pkg/skel
github.com/containernetworking/cni/pkg/invoke
k8s.io/apimachinery/pkg/util/mergepatch
github.com/go-openapi/jsonreference
golang.org/x/sync/errgroup
k8s.io/klog/v2
k8s.io/klog/v2/textlogger
golang.org/x/net/internal/socket
github.com/mdlayher/socket
google.golang.org/protobuf/internal/encoding/tag
github.com/mdlayher/netx/eui64
k8s.io/kube-openapi/pkg/internal
github.com/go-openapi/swag/jsonutils/adapters
sigs.k8s.io/json
github.com/evanphx/json-patch/v5
github.com/scylladb/go-set/strset
github.com/kubeovn/kube-ovn/pkg/ovsdb/ovnnb
github.com/containernetworking/cni/libcni
gopkg.in/natefinch/lumberjack.v2
github.com/go-openapi/swag/jsonutils
k8s.io/apimachinery/pkg/runtime/serializer/cbor/internal/modes
k8s.io/apimachinery/pkg/util/json
google.golang.org/protobuf/internal/impl
golang.org/x/net/internal/socks
k8s.io/apimachinery/pkg/util/yaml
golang.org/x/net/ipv4
golang.org/x/net/ipv6
github.com/go-openapi/swag/yamlutils
gopkg.in/k8snetworkplumbingwg/multus-cni.v4/pkg/logging
k8s.io/apimachinery/pkg/runtime/serializer/cbor/direct
golang.org/x/net/proxy
k8s.io/utils/pointer
sigs.k8s.io/controller-runtime/pkg/log
encoding/gob
k8s.io/apimachinery/pkg/api/resource
debug/dwarf
github.com/go-playground/universal-translator
github.com/leodido/go-urn
github.com/mdlayher/packet
sigs.k8s.io/structured-merge-diff/v6/value
golang.org/x/text/internal/language
k8s.io/apimachinery/pkg/util/validation
k8s.io/apimachinery/pkg/util/intstr
k8s.io/streaming/pkg/runtime
github.com/mdlayher/arp
net/mail
github.com/ovn-kubernetes/libovsdb/database
github.com/ovn-kubernetes/libovsdb/ovsdb/serverdb
golang.org/x/net/icmp
k8s.io/apimachinery/pkg/labels
google.golang.org/protobuf/encoding/protodelim
crypto/tls
k8s.io/client-go/util/keyutil
github.com/ovn-kubernetes/libovsdb/updates
github.com/prometheus/procfs/internal/fs
golang.org/x/text/internal/language/compact
github.com/stretchr/testify/assert/yaml
github.com/stretchr/testify/internal/difflib
github.com/stretchr/testify/internal/spew
github.com/prometheus/procfs
internal/nettest
debug/macho
runtime/trace
golang.org/x/text/language
github.com/kubeovn/kube-ovn/pkg/ovsdb/ovnsb
github.com/mdlayher/ndp
github.com/kubeovn/kube-ovn/pkg/ovsdb/vswitch
testing
github.com/kubeovn/kube-ovn/versions
text/tabwriter
text/template/parse
github.com/pmezard/go-difflib/difflib
k8s.io/utils/trace
go/printer
sigs.k8s.io/structured-merge-diff/v6/fieldpath
github.com/gabriel-vasile/mimetype/internal/magic
golang.org/x/text/internal
k8s.io/apimachinery/pkg/util/diff
golang.org/x/text/cases
github.com/ovn-kubernetes/libovsdb/cache
github.com/cenkalti/rpc2
text/template
github.com/gabriel-vasile/mimetype
github.com/cenkalti/rpc2/jsonrpc
sigs.k8s.io/structured-merge-diff/v6/typed
go/format
github.com/go-playground/validator/v10
github.com/ovn-kubernetes/libovsdb/modelgen
sigs.k8s.io/structured-merge-diff/v6/merge
k8s.io/client-go/applyconfigurations/internal
github.com/kubeovn/kube-ovn/pkg/aclsampling
google.golang.org/protobuf/internal/filetype
google.golang.org/protobuf/runtime/protoimpl
net/http/httptrace
k8s.io/client-go/util/cert
google.golang.org/protobuf/types/known/anypb
google.golang.org/protobuf/types/known/timestamppb
google.golang.org/protobuf/types/descriptorpb
github.com/google/gnostic-models/extensions
github.com/prometheus/client_model/go
net/http/internal/httpcommon
golang.org/x/net/internal/httpcommon
net/http/internal/http2
github.com/prometheus/common/model
github.com/prometheus/client_golang/prometheus/internal
net/http
k8s.io/apimachinery/pkg/util/runtime
github.com/moul/http2curl
golang.org/x/oauth2/internal
net/http/cookiejar
k8s.io/apimachinery/pkg/util/httpstream
expvar
go.uber.org/zap
golang.org/x/net/websocket
github.com/google/gnostic-models/compiler
k8s.io/streaming/pkg/httpstream
net/http/httputil
github.com/moby/spdystream/spdy
github.com/emicklei/go-restful/v3
github.com/go-openapi/swag/loading
golang.org/x/net/http2
github.com/gorilla/websocket
github.com/prometheus/common/expfmt
k8s.io/apimachinery/pkg/runtime
k8s.io/client-go/features
k8s.io/apimachinery/pkg/util/wait
github.com/go-openapi/swag
k8s.io/client-go/util/workqueue
golang.org/x/net/publicsuffix
golang.org/x/oauth2
github.com/moby/spdystream
github.com/google/gnostic-models/openapiv2
github.com/google/gnostic-models/openapiv3
k8s.io/streaming/pkg/httpstream/wsstream
net/http/httptest
github.com/parnurzeal/gorequest
k8s.io/streaming/pkg/httpstream/spdy
github.com/prometheus/client_golang/prometheus
github.com/stretchr/testify/assert
github.com/kubeovn/kube-ovn/pkg/request
k8s.io/apimachinery/pkg/util/httpstream/spdy
k8s.io/apimachinery/pkg/util/net
github.com/go-logr/zapr
github.com/kubeovn/kube-ovn/pkg/netconf
k8s.io/apimachinery/pkg/runtime/serializer/recognizer
k8s.io/apimachinery/pkg/runtime/serializer/streaming
k8s.io/client-go/tools/clientcmd/api
k8s.io/apimachinery/pkg/watch
k8s.io/client-go/transport
github.com/stretchr/testify/require
k8s.io/apimachinery/pkg/apis/meta/v1
github.com/ovn-kubernetes/libovsdb/client
k8s.io/kube-openapi/pkg/validation/spec
k8s.io/kube-openapi/pkg/util/proto
k8s.io/apimachinery/pkg/api/errors
k8s.io/api/apidiscovery/v2
k8s.io/apimachinery/pkg/apis/meta/v1/unstructured
k8s.io/apimachinery/pkg/api/equality
k8s.io/apimachinery/pkg/api/meta
k8s.io/api/apiserverinternal/v1alpha1
k8s.io/api/certificates/v1alpha1
k8s.io/api/flowcontrol/v1
k8s.io/api/apidiscovery/v2beta1
k8s.io/api/coordination/v1
k8s.io/api/authentication/v1
k8s.io/api/admissionregistration/v1
k8s.io/api/authorization/v1
github.com/k8snetworkplumbingwg/network-attachment-definition-client/pkg/apis/k8s.cni.cncf.io/v1
k8s.io/api/core/v1
k8s.io/apimachinery/pkg/api/validate
k8s.io/api/flowcontrol/v1beta1
k8s.io/api/flowcontrol/v1beta2
k8s.io/api/flowcontrol/v1beta3
k8s.io/api/coordination/v1alpha2
k8s.io/api/coordination/v1beta1
k8s.io/api/policy/v1
k8s.io/api/policy/v1beta1
k8s.io/api/rbac/v1
k8s.io/apimachinery/pkg/runtime/serializer/versioning
k8s.io/api/authentication/v1alpha1
k8s.io/api/authentication/v1beta1
k8s.io/api/rbac/v1alpha1
k8s.io/apimachinery/pkg/runtime/serializer/json
k8s.io/apimachinery/pkg/runtime/serializer/protobuf
k8s.io/api/rbac/v1beta1
k8s.io/api/resource/v1alpha3
k8s.io/api/scheduling/v1alpha2
k8s.io/api/authorization/v1beta1
k8s.io/api/storagemigration/v1beta1
k8s.io/apimachinery/pkg/apis/meta/v1/validation
k8s.io/apimachinery/pkg/runtime/serializer
k8s.io/kube-openapi/pkg/schemaconv
k8s.io/apimachinery/pkg/runtime/serializer/cbor
k8s.io/client-go/pkg/apis/clientauthentication
k8s.io/client-go/rest/watch
k8s.io/kube-openapi/pkg/spec3
k8s.io/apimachinery/pkg/api/meta/testrestmapper
k8s.io/apimachinery/pkg/util/strategicpatch
k8s.io/client-go/pkg/apis/clientauthentication/v1
k8s.io/client-go/pkg/apis/clientauthentication/v1beta1
k8s.io/client-go/util/retry
k8s.io/apimachinery/pkg/util/remotecommand
k8s.io/apimachinery/pkg/api/validation
k8s.io/apiextensions-apiserver/pkg/apis/apiextensions
k8s.io/apimachinery/pkg/apis/meta/v1beta1
k8s.io/client-go/util/consistencydetector
k8s.io/client-go/pkg/apis/clientauthentication/install
k8s.io/apimachinery/pkg/apis/meta/internalversion
k8s.io/client-go/plugin/pkg/client/auth/exec
k8s.io/api/admissionregistration/v1alpha1
k8s.io/api/admissionregistration/v1beta1
k8s.io/apimachinery/pkg/util/managedfields/internal
k8s.io/apimachinery/pkg/apis/meta/internalversion/scheme
k8s.io/client-go/tools/pager
k8s.io/apimachinery/pkg/apis/meta/internalversion/validation
k8s.io/apiextensions-apiserver/pkg/apis/apiextensions/v1
k8s.io/client-go/util/watchlist
k8s.io/client-go/rest
k8s.io/kube-openapi/pkg/common
k8s.io/kube-openapi/pkg/handler3
k8s.io/apimachinery/pkg/util/managedfields
k8s.io/client-go/transport/spdy
k8s.io/client-go/transport/websocket
k8s.io/client-go/metadata
k8s.io/client-go/tools/cache
k8s.io/client-go/util/apply
k8s.io/client-go/dynamic
k8s.io/client-go/testing
k8s.io/client-go/openapi
k8s.io/client-go/gentype
k8s.io/client-go/listers
k8s.io/client-go/listers/apiserverinternal/v1alpha1
k8s.io/client-go/listers/coordination/v1alpha2
k8s.io/client-go/listers/admissionregistration/v1beta1
k8s.io/client-go/listers/certificates/v1alpha1
k8s.io/client-go/listers/coordination/v1
k8s.io/client-go/listers/admissionregistration/v1alpha1
k8s.io/client-go/listers/admissionregistration/v1
k8s.io/client-go/listers/coordination/v1beta1
k8s.io/client-go/listers/rbac/v1alpha1
k8s.io/client-go/listers/rbac/v1beta1
k8s.io/client-go/listers/flowcontrol/v1beta3
k8s.io/client-go/listers/rbac/v1
k8s.io/client-go/listers/flowcontrol/v1
k8s.io/client-go/listers/flowcontrol/v1beta2
k8s.io/client-go/listers/flowcontrol/v1beta1
k8s.io/client-go/listers/resource/v1alpha3
k8s.io/client-go/listers/scheduling/v1alpha2
k8s.io/client-go/listers/storagemigration/v1beta1
k8s.io/api/apps/v1beta2
k8s.io/api/autoscaling/v1
k8s.io/api/autoscaling/v2
k8s.io/api/apps/v1
k8s.io/api/certificates/v1
k8s.io/api/discovery/v1
k8s.io/api/batch/v1
k8s.io/api/events/v1beta1
k8s.io/api/certificates/v1beta1
k8s.io/api/apps/v1beta1
k8s.io/api/events/v1
k8s.io/api/discovery/v1beta1
k8s.io/api/node/v1
k8s.io/api/networking/v1beta1
k8s.io/api/networking/v1
github.com/kubeovn/kube-ovn/pkg/apis/kubeovn/v1
k8s.io/api/node/v1alpha1
k8s.io/api/node/v1beta1
k8s.io/api/resource/v1
k8s.io/api/resource/v1beta1
k8s.io/api/resource/v1beta2
k8s.io/api/scheduling/v1
k8s.io/api/scheduling/v1beta1
k8s.io/api/storage/v1
k8s.io/api/storage/v1alpha1
k8s.io/api/storage/v1beta1
k8s.io/api/batch/v1beta1
k8s.io/client-go/tools/reference
k8s.io/client-go/tools/remotecommand
kubevirt.io/api/backup/v1alpha1
github.com/openshift/custom-resource-status/conditions/v1
k8s.io/client-go/listers/autoscaling/v1
k8s.io/client-go/listers/autoscaling/v2
k8s.io/api/extensions/v1beta1
kubevirt.io/controller-lifecycle-operator-sdk/api
k8s.io/client-go/listers/apps/v1beta1
k8s.io/client-go/listers/batch/v1
k8s.io/client-go/listers/apps/v1beta2
k8s.io/client-go/listers/batch/v1beta1
kubevirt.io/containerized-data-importer-api/pkg/apis/core/v1beta1
k8s.io/client-go/listers/certificates/v1
k8s.io/client-go/listers/apps/v1
k8s.io/client-go/listers/certificates/v1beta1
k8s.io/client-go/listers/core/v1
k8s.io/client-go/listers/discovery/v1
k8s.io/client-go/listers/discovery/v1beta1
k8s.io/client-go/listers/events/v1
k8s.io/client-go/listers/events/v1beta1
k8s.io/client-go/listers/networking/v1
k8s.io/client-go/listers/networking/v1beta1
k8s.io/client-go/listers/node/v1
k8s.io/client-go/listers/node/v1alpha1
k8s.io/client-go/listers/node/v1beta1
github.com/kubeovn/kube-ovn/pkg/client/clientset/versioned/scheme
k8s.io/client-go/listers/policy/v1
k8s.io/client-go/listers/policy/v1beta1
k8s.io/client-go/listers/scheduling/v1
k8s.io/client-go/listers/scheduling/v1beta1
k8s.io/client-go/listers/storage/v1alpha1
sigs.k8s.io/network-policy-api/apis/v1alpha1
sigs.k8s.io/network-policy-api/apis/v1alpha2
k8s.io/client-go/listers/storage/v1
k8s.io/client-go/listers/storage/v1beta1
kubevirt.io/api/core/v1
k8s.io/client-go/listers/resource/v1beta1
k8s.io/client-go/listers/resource/v1
k8s.io/client-go/listers/resource/v1beta2
k8s.io/client-go/kubernetes/scheme
k8s.io/client-go/listers/extensions/v1beta1
k8s.io/client-go/kubernetes/typed/authentication/v1
k8s.io/client-go/kubernetes/typed/authentication/v1alpha1
k8s.io/client-go/kubernetes/typed/authentication/v1beta1
k8s.io/client-go/kubernetes/typed/authorization/v1beta1
k8s.io/client-go/kubernetes/typed/authorization/v1
k8s.io/client-go/discovery
k8s.io/client-go/applyconfigurations/meta/v1
k8s.io/client-go/restmapper
sigs.k8s.io/controller-runtime/pkg/client/apiutil
k8s.io/client-go/applyconfigurations/apiserverinternal/v1alpha1
k8s.io/client-go/applyconfigurations/certificates/v1alpha1
k8s.io/client-go/applyconfigurations/coordination/v1
k8s.io/client-go/applyconfigurations/coordination/v1beta1
k8s.io/client-go/applyconfigurations/certificates/v1
k8s.io/client-go/applyconfigurations/coordination/v1alpha2
k8s.io/client-go/applyconfigurations/autoscaling/v1
k8s.io/client-go/applyconfigurations/autoscaling/v2
k8s.io/client-go/applyconfigurations/certificates/v1beta1
k8s.io/client-go/applyconfigurations/flowcontrol/v1beta2
k8s.io/client-go/applyconfigurations/flowcontrol/v1
k8s.io/client-go/applyconfigurations/admissionregistration/v1
k8s.io/client-go/applyconfigurations/flowcontrol/v1beta1
k8s.io/client-go/applyconfigurations/core/v1
k8s.io/client-go/applyconfigurations/flowcontrol/v1beta3
k8s.io/client-go/kubernetes/typed/apiserverinternal/v1alpha1
k8s.io/client-go/kubernetes/typed/coordination/v1
k8s.io/client-go/kubernetes/typed/flowcontrol/v1
k8s.io/client-go/applyconfigurations/policy/v1
k8s.io/client-go/kubernetes/typed/coordination/v1alpha2
k8s.io/client-go/kubernetes/typed/certificates/v1alpha1
k8s.io/client-go/kubernetes/typed/autoscaling/v1
k8s.io/client-go/kubernetes/typed/coordination/v1beta1
k8s.io/client-go/kubernetes/typed/certificates/v1beta1
k8s.io/client-go/kubernetes/typed/certificates/v1
k8s.io/client-go/kubernetes/typed/autoscaling/v2
k8s.io/client-go/kubernetes/typed/flowcontrol/v1beta1
k8s.io/client-go/kubernetes/typed/flowcontrol/v1beta2
k8s.io/client-go/applyconfigurations/policy/v1beta1
k8s.io/client-go/kubernetes/typed/admissionregistration/v1
k8s.io/client-go/applyconfigurations/admissionregistration/v1alpha1
k8s.io/client-go/applyconfigurations/admissionregistration/v1beta1
k8s.io/client-go/applyconfigurations/rbac/v1
k8s.io/client-go/applyconfigurations/rbac/v1alpha1
k8s.io/client-go/applyconfigurations/rbac/v1beta1
k8s.io/client-go/kubernetes/typed/flowcontrol/v1beta3
k8s.io/client-go/applyconfigurations/resource/v1alpha3
k8s.io/client-go/kubernetes/typed/policy/v1
k8s.io/client-go/applyconfigurations/scheduling/v1
k8s.io/client-go/applyconfigurations/scheduling/v1alpha2
k8s.io/client-go/applyconfigurations/scheduling/v1beta1
k8s.io/client-go/applyconfigurations/storagemigration/v1beta1
k8s.io/client-go/kubernetes/typed/policy/v1beta1
sigs.k8s.io/controller-runtime/pkg/client
k8s.io/client-go/kubernetes/typed/scheduling/v1beta1
k8s.io/client-go/kubernetes/typed/rbac/v1alpha1
k8s.io/client-go/kubernetes/typed/scheduling/v1
k8s.io/client-go/kubernetes/typed/rbac/v1
k8s.io/client-go/kubernetes/typed/rbac/v1beta1
k8s.io/client-go/kubernetes/typed/resource/v1alpha3
k8s.io/client-go/kubernetes/typed/admissionregistration/v1beta1
k8s.io/client-go/kubernetes/typed/admissionregistration/v1alpha1
k8s.io/client-go/kubernetes/typed/scheduling/v1alpha2
k8s.io/client-go/kubernetes/typed/storagemigration/v1beta1
k8s.io/client-go/applyconfigurations/events/v1
k8s.io/client-go/applyconfigurations/events/v1beta1
k8s.io/client-go/applyconfigurations/node/v1alpha1
k8s.io/client-go/applyconfigurations/discovery/v1beta1
k8s.io/client-go/applyconfigurations/node/v1
k8s.io/client-go/applyconfigurations/discovery/v1
k8s.io/client-go/applyconfigurations/batch/v1
k8s.io/client-go/applyconfigurations/node/v1beta1
k8s.io/client-go/applyconfigurations/apps/v1beta1
k8s.io/client-go/kubernetes/typed/core/v1
k8s.io/client-go/applyconfigurations/apps/v1
k8s.io/client-go/applyconfigurations/apps/v1beta2
k8s.io/client-go/applyconfigurations/networking/v1
k8s.io/client-go/applyconfigurations/networking/v1beta1
k8s.io/client-go/applyconfigurations/extensions/v1beta1
k8s.io/client-go/applyconfigurations/resource/v1
k8s.io/client-go/kubernetes/typed/events/v1
k8s.io/client-go/kubernetes/typed/discovery/v1beta1
k8s.io/client-go/kubernetes/typed/node/v1
k8s.io/client-go/kubernetes/typed/node/v1alpha1
k8s.io/client-go/kubernetes/typed/events/v1beta1
k8s.io/client-go/kubernetes/typed/discovery/v1
k8s.io/client-go/kubernetes/typed/node/v1beta1
k8s.io/client-go/kubernetes/typed/networking/v1beta1
k8s.io/client-go/kubernetes/typed/apps/v1beta1
k8s.io/client-go/kubernetes/typed/batch/v1
k8s.io/client-go/applyconfigurations/batch/v1beta1
k8s.io/client-go/kubernetes/typed/networking/v1
k8s.io/client-go/applyconfigurations/resource/v1beta1
k8s.io/client-go/applyconfigurations/resource/v1beta2
k8s.io/client-go/applyconfigurations/storage/v1
k8s.io/client-go/applyconfigurations/storage/v1alpha1
k8s.io/client-go/kubernetes/typed/apps/v1beta2
k8s.io/client-go/applyconfigurations/storage/v1beta1
k8s.io/client-go/kubernetes/typed/apps/v1
k8s.io/client-go/kubernetes/typed/resource/v1
sigs.k8s.io/controller-runtime/pkg/controller/controllerutil
k8s.io/client-go/kubernetes/typed/extensions/v1beta1
k8s.io/client-go/kubernetes/typed/batch/v1beta1
k8s.io/client-go/kubernetes/typed/storage/v1alpha1
k8s.io/client-go/kubernetes/typed/storage/v1
k8s.io/client-go/kubernetes/typed/storage/v1beta1
k8s.io/client-go/kubernetes/typed/resource/v1beta2
k8s.io/client-go/kubernetes/typed/resource/v1beta1
k8s.io/client-go/kubernetes
k8s.io/client-go/informers/internalinterfaces
k8s.io/client-go/tools/leaderelection/resourcelock
github.com/k8snetworkplumbingwg/network-attachment-definition-client/pkg/utils
k8s.io/client-go/informers/apiserverinternal/v1alpha1
k8s.io/client-go/informers/autoscaling/v1
k8s.io/client-go/informers/admissionregistration/v1
k8s.io/client-go/informers/admissionregistration/v1alpha1
k8s.io/client-go/informers/apps/v1
k8s.io/client-go/informers/autoscaling/v2
k8s.io/client-go/informers/coordination/v1
k8s.io/client-go/informers/batch/v1beta1
k8s.io/client-go/informers/batch/v1
k8s.io/client-go/informers/apps/v1beta2
k8s.io/client-go/informers/certificates/v1beta1
k8s.io/client-go/informers/certificates/v1alpha1
k8s.io/client-go/informers/apps/v1beta1
k8s.io/client-go/informers/certificates/v1
k8s.io/client-go/informers/admissionregistration/v1beta1
gopkg.in/k8snetworkplumbingwg/multus-cni.v4/pkg/types
github.com/kubeovn/kube-ovn/pkg/util
k8s.io/client-go/informers/apiserverinternal
k8s.io/client-go/informers/coordination/v1alpha2
k8s.io/client-go/informers/coordination/v1beta1
k8s.io/client-go/informers/core/v1
k8s.io/client-go/informers/discovery/v1
k8s.io/client-go/informers/discovery/v1beta1
k8s.io/client-go/informers/events/v1
k8s.io/client-go/informers/events/v1beta1
k8s.io/client-go/informers/apps
k8s.io/client-go/informers/extensions/v1beta1
k8s.io/client-go/informers/certificates
k8s.io/client-go/informers/autoscaling
k8s.io/client-go/informers/admissionregistration
k8s.io/client-go/informers/batch
k8s.io/client-go/informers/flowcontrol/v1
k8s.io/client-go/informers/flowcontrol/v1beta1
k8s.io/client-go/informers/flowcontrol/v1beta2
k8s.io/client-go/informers/flowcontrol/v1beta3
k8s.io/client-go/informers/networking/v1
k8s.io/client-go/informers/networking/v1beta1
k8s.io/client-go/informers/node/v1
k8s.io/client-go/informers/discovery
k8s.io/client-go/informers/node/v1alpha1
k8s.io/client-go/informers/coordination
k8s.io/client-go/informers/node/v1beta1
k8s.io/client-go/informers/events
k8s.io/client-go/informers/policy/v1
k8s.io/client-go/informers/extensions
k8s.io/client-go/informers/policy/v1beta1
k8s.io/client-go/informers/core
github.com/kubeovn/kube-ovn/pkg/ovsdb/client
k8s.io/client-go/informers/rbac/v1
k8s.io/client-go/informers/rbac/v1alpha1
k8s.io/client-go/informers/rbac/v1beta1
k8s.io/client-go/informers/resource/v1
k8s.io/client-go/informers/flowcontrol
k8s.io/client-go/informers/resource/v1alpha3
k8s.io/client-go/informers/resource/v1beta1
k8s.io/client-go/informers/resource/v1beta2
k8s.io/client-go/informers/networking
k8s.io/client-go/informers/scheduling/v1
k8s.io/client-go/informers/scheduling/v1alpha2
k8s.io/client-go/informers/scheduling/v1beta1
k8s.io/client-go/informers/node
k8s.io/client-go/informers/storage/v1
k8s.io/client-go/informers/policy
k8s.io/client-go/informers/storage/v1alpha1
k8s.io/client-go/informers/storage/v1beta1
k8s.io/client-go/informers/storagemigration/v1beta1
k8s.io/client-go/informers/scheduling
k8s.io/client-go/informers/rbac
k8s.io/client-go/informers/resource
k8s.io/client-go/informers/storagemigration
k8s.io/client-go/informers/storage
k8s.io/client-go/informers
k8s.io/client-go/tools/leaderelection
sigs.k8s.io/controller-runtime/pkg/metrics
github.com/kubeovn/kube-ovn/pkg/ovs
github.com/kubeovn/kube-ovn/cmd/acl_sample
github.com/kubeovn/kube-ovn/cmd/cni
CGO_ENABLED=0 GOOS=linux GOARCH=amd64 go build -trimpath -ldflags "-w -s -extldflags '-z now' -X github.com/kubeovn/kube-ovn/versions.COMMIT=git-2471f1a -X github.com/kubeovn/kube-ovn/versions.VERSION=v1.17.0 -X github.com/kubeovn/kube-ovn/versions.BUILDDATE=2026-09-03_19:56:36" -buildmode=pie -o /home/jake/sbomit-overhead-experiment/repos/kube-ovn/dist/images/kube-ovn-cmd -v ./cmd
internal/goarch
internal/unsafeheader
internal/byteorder
internal/coverage/rtcov
internal/godebugs
internal/goos
internal/profilerecord
math/bits
internal/asan
internal/runtime/pprof/label
internal/msan
internal/trace/tracev2
unicode/utf8
internal/goexperiment
internal/cpu
sync/atomic
cmp
internal/abi
internal/runtime/atomic
internal/runtime/syscall/linux
internal/runtime/gc
internal/runtime/sys
internal/runtime/math
unicode
encoding
unicode/utf16
log/internal
log/slog/internal
internal/nettrace
internal/strconv
github.com/kubeovn/kube-ovn/pkg/apis/kubeovn
k8s.io/apimachinery/pkg/api/validate/constraints
k8s.io/apimachinery/pkg/selection
container/list
crypto/internal/fips140/alias
crypto/internal/fips140deps/byteorder
crypto/internal/constanttime
crypto/internal/fips140deps/time
crypto/internal/boring/sig
vendor/golang.org/x/crypto/cryptobyte/asn1
vendor/golang.org/x/crypto/internal/alias
k8s.io/apimachinery/pkg/types
google.golang.org/protobuf/internal/flags
google.golang.org/protobuf/internal/set
github.com/go-openapi/swag/cmdutils
k8s.io/apimachinery/pkg/api/safe
database/sql/internal
github.com/k8snetworkplumbingwg/network-attachment-definition-client/pkg/apis/k8s.cni.cncf.io
crypto/internal/fips140/subtle
golang.org/x/net/internal/iana
k8s.io/client-go/util/exec
kubevirt.io/api/backup
kubevirt.io/api/core
kubevirt.io/containerized-data-importer-api/pkg/apis/core
github.com/go-playground/locales/currency
github.com/leodido/go-urn/scim/schema
k8s.io/utils/internal/third_party/forked/golang/golang-lru
go.opentelemetry.io/otel/trace/embedded
k8s.io/component-base/metrics/internal
internal/chacha8rand
internal/bytealg
internal/runtime/gc/scan
internal/runtime/exithook
crypto/internal/fips140deps/cpu
math
k8s.io/apiserver/pkg/authentication/user
google.golang.org/grpc/serviceconfig
google.golang.org/grpc/encoding/internal
google.golang.org/grpc/internal/transport/internal
go.opentelemetry.io/otel/metric/embedded
go.opentelemetry.io/otel/sdk
go.opentelemetry.io/otel/exporters/otlp/otlptrace/otlptracegrpc/internal/counter
github.com/google/cel-go/common/overloads
github.com/google/cel-go/common/operators
k8s.io/apiserver/pkg/apis/cel
github.com/eapache/queue
github.com/gaissmai/bart/internal/art
github.com/gaissmai/bart/internal/bitset
golang.org/x/text/encoding/internal/identifier
golang.org/x/text/internal/utf8internal
crypto/subtle
github.com/pelletier/go-toml/v2/internal/parserbridge
github.com/spf13/viper/internal/features
github.com/segmentio/fasthash/fnv1a
github.com/gaissmai/bart/internal/lpm
github.com/gaissmai/bart/internal/allot
github.com/gaissmai/bart/internal/sparse
internal/race
internal/synctest
internal/sync
internal/runtime/maps
internal/stringslite
internal/runtime/cgroup
runtime
iter
k8s.io/klog/v2/internal/dbg
internal/reflectlite
weak
runtime/metrics
sync
maps
slices
golang.org/x/exp/slices
k8s.io/apimachinery/pkg/util/sets
log/slog/internal/buffer
internal/singleflight
internal/bisect
github.com/sagikazarmark/locafero/internal/queue
internal/testlog
github.com/cenkalti/hub
crypto/internal/fips140cache
go.uber.org/zap/internal/pool
google.golang.org/protobuf/internal/pragma
unique
errors
sort
internal/godebug
internal/oserror
encoding/json/internal
path
crypto/internal/entropy/v1.0.0
strconv
github.com/go-viper/mapstructure/v2/internal/errors
math/rand/v2
io
google.golang.org/grpc/internal/buffer
vendor/golang.org/x/net/dns/dnsmessage
syscall
encoding/json/internal/jsonflags
encoding/json/internal/jsonopts
reflect
github.com/x448/float16
net/netip
encoding/base32
encoding/base64
bytes
hash
crypto/internal/randutil
internal/saferio
strings
container/heap
k8s.io/utils/buffer
k8s.io/utils/set
math/rand
crypto/internal/fips140deps/godebug
hash/crc32
crypto
hash/fnv
hash/adler32
golang.org/x/text/internal/tag
github.com/beorn7/perks/quantile
github.com/prometheus/client_golang/prometheus/promhttp/internal
k8s.io/utils/third_party/forked/golang/btree
golang.org/x/text/internal/stringset
go/build/constraint
encoding/json/internal/jsonwire
k8s.io/apimachinery/pkg/api/operation
encoding/pem
crypto/internal/impl
vendor/golang.org/x/text/transform
golang.org/x/text/transform
k8s.io/klog/v2/internal/severity
regexp/syntax
net/http/internal/ascii
bufio
crypto/internal/fips140
github.com/go-openapi/swag/conv
github.com/go-openapi/swag/stringutils
github.com/munnerz/goautoneg
github.com/gabriel-vasile/mimetype/internal/json
net/http/internal/testcert
html
golang.org/x/text/runes
golang.org/x/text/encoding
crypto/internal/fips140/sha256
crypto/internal/fips140/sha3
crypto/internal/fips140/sha512
golang.org/x/text/encoding/internal
golang.org/x/text/encoding/unicode
encoding/json/jsontext
internal/syscall/execenv
kernel.org/pub/linux/libs/security/libcap/psx
time
internal/syscall/unix
crypto/sha3
crypto/internal/fips140/hmac
crypto/internal/fips140/check
crypto/internal/fips140hash
crypto/fips140
crypto/internal/fips140/hkdf
crypto/internal/fips140/edwards25519/field
crypto/internal/fips140/tls12
crypto/internal/fips140/bigmod
crypto/internal/fips140/aes
crypto/internal/fips140/nistec/fiat
regexp
crypto/tls/internal/fips140tls
crypto/internal/fips140/tls13
crypto/internal/fips140/edwards25519
context
k8s.io/klog/v2/internal/clock
k8s.io/utils/clock
io/fs
net/http/internal/httpsfv
golang.org/x/net/internal/httpsfv
go.uber.org/zap/buffer
google.golang.org/grpc/backoff
google.golang.org/grpc/internal/idle
google.golang.org/grpc/balancer/pickfirst/internal
google.golang.org/grpc/keepalive
github.com/go-playground/locales
internal/poll
k8s.io/apimachinery/pkg/version
k8s.io/apimachinery/pkg/util/cache
go.uber.org/zap/internal/bufferpool
k8s.io/client-go/tools/cache/synctrack
internal/gate
k8s.io/apiserver/pkg/warning
google.golang.org/grpc/internal/backoff
go.opentelemetry.io/otel/internal/baggage
github.com/cenkalti/backoff/v4
google.golang.org/grpc/internal/grpcsync
internal/filepathlite
github.com/spf13/afero/internal/common
embed
go.uber.org/zap/internal/stacktrace
internal/fmtsort
k8s.io/kube-openapi/pkg/util
encoding/binary
github.com/go-openapi/swag/jsonname
github.com/modern-go/reflect2
github.com/go-openapi/swag/typeutils
sigs.k8s.io/structured-merge-diff/v6/schema
go.opentelemetry.io/otel/attribute/internal
sigs.k8s.io/controller-runtime/pkg/internal/syncs
github.com/eapache/channels
github.com/gaissmai/bart/internal/value
crypto/internal/fips140/nistec
google.golang.org/protobuf/internal/editiondefaults
os
sigs.k8s.io/randfill/bytesource
vendor/golang.org/x/crypto/internal/poly1305
github.com/gabriel-vasile/mimetype/internal/scan
github.com/josharian/native
github.com/osrg/gobgp/v4/pkg/packet/bfd
github.com/dgryski/go-farm
github.com/cespare/xxhash/v2
golang.org/x/sys/unix
github.com/gabriel-vasile/mimetype/internal/markup
github.com/gabriel-vasile/mimetype/internal/csv
github.com/gabriel-vasile/mimetype/internal/charset
go.opentelemetry.io/otel/attribute/internal/xxhash
k8s.io/klog/v2/internal/buffer
fmt
path/filepath
internal/lazyregexp
crypto/internal/sysrand
github.com/prometheus/procfs/internal/util
vendor/golang.org/x/sys/cpu
os/signal
io/ioutil
go.uber.org/zap/internal/exit
internal/sysinfo
google.golang.org/protobuf/internal/detrand
golang.org/x/sys/cpu
net
google.golang.org/grpc/internal/envconfig
crypto/internal/fips140/drbg
go.opentelemetry.io/otel/exporters/otlp/otlptrace/otlptracegrpc/internal/x
go.opentelemetry.io/otel/sdk/internal/x
k8s.io/utils/path
k8s.io/client-go/util/homedir
os/exec
github.com/spf13/afero/mem
crypto/internal/fips140only
crypto/internal/fips140/ed25519
crypto/internal/fips140/mlkem
crypto/internal/fips140/aes/gcm
crypto/internal/fips140/rsa
crypto/internal/fips140/mldsa
sigs.k8s.io/controller-runtime/pkg/manager/signals
golang.org/x/crypto/sha3
crypto/internal/fips140/ecdh
crypto/internal/fips140/ecdsa
crypto/hkdf
crypto/md5
crypto/rc4
crypto/mlkem
crypto/cipher
flag
encoding/hex
os/user
net/url
text/template/parse
k8s.io/apimachinery/third_party/forked/golang/reflect
k8s.io/apimachinery/pkg/api/validate/content
k8s.io/apimachinery/pkg/fields
log
math/big
k8s.io/apimachinery/pkg/util/errors
go/token
go/doc/comment
k8s.io/apimachinery/pkg/runtime/schema
encoding/json/v2
runtime/debug
compress/flate
crypto/internal/boring
crypto/des
vendor/golang.org/x/crypto/chacha20
crypto/mldsa
crypto/aes
k8s.io/apimachinery/pkg/conversion
crypto/internal/rand
crypto/sha512
k8s.io/klog/v2/internal/verbosity
go/scanner
crypto/hmac
k8s.io/apimachinery/pkg/conversion/queryparams
crypto/ecdh
crypto/sha256
vendor/golang.org/x/crypto/chacha20poly1305
crypto/sha1
vendor/golang.org/x/text/unicode/bidi
mime
vendor/golang.org/x/text/unicode/norm
mime/quotedprintable
go/ast
k8s.io/apimachinery/pkg/util/naming
net/http/internal
vendor/golang.org/x/net/http2/hpack
github.com/modern-go/concurrent
go.yaml.in/yaml/v2
sigs.k8s.io/randfill
golang.org/x/text/unicode/bidi
golang.org/x/text/unicode/norm
crypto/hpke
golang.org/x/net/http2/hpack
text/template
vendor/golang.org/x/text/secure/bidirule
k8s.io/utils/ptr
google.golang.org/protobuf/internal/errors
google.golang.org/protobuf/internal/version
go.yaml.in/yaml/v3
github.com/go-openapi/jsonreference/internal
compress/gzip
google.golang.org/protobuf/encoding/protowire
github.com/go-openapi/swag/mangling
k8s.io/kube-openapi/pkg/internal/third_party/go-json-experiment/json
k8s.io/apimachinery/pkg/util/version
k8s.io/client-go/pkg/version
google.golang.org/protobuf/reflect/protoreflect
golang.org/x/term
k8s.io/client-go/tools/metrics
golang.org/x/text/secure/bidirule
vendor/golang.org/x/net/idna
golang.org/x/time/rate
github.com/davecgh/go-spew/spew
k8s.io/kube-openapi/pkg/cached
compress/zlib
k8s.io/client-go/util/flowcontrol
encoding/xml
github.com/emicklei/go-restful/v3/log
go/doc
go/parser
k8s.io/utils/internal/third_party/forked/golang/net
net/textproto
github.com/kubeovn/kube-ovn/pkg/internal
gopkg.in/inf.v0
github.com/fxamacker/cbor/v2
k8s.io/utils/net
crypto/elliptic
crypto/internal/boring/bbig
encoding/asn1
crypto/rand
crypto/dsa
golang.org/x/net/idna
google.golang.org/protobuf/internal/encoding/messageset
google.golang.org/protobuf/internal/genid
crypto/ed25519
crypto/rsa
vendor/golang.org/x/net/http/httpguts
vendor/golang.org/x/net/http/httpproxy
mime/multipart
google.golang.org/protobuf/internal/order
google.golang.org/protobuf/internal/strs
google.golang.org/protobuf/reflect/protoregistry
google.golang.org/protobuf/runtime/protoiface
google.golang.org/protobuf/internal/descfmt
google.golang.org/protobuf/internal/descopts
google.golang.org/protobuf/internal/encoding/text
google.golang.org/protobuf/internal/protolazy
github.com/go-openapi/swag/netutils
k8s.io/client-go/util/connrotation
k8s.io/utils/dump
vendor/golang.org/x/crypto/cryptobyte
crypto/x509/pkix
uuid
github.com/go-openapi/swag/fileutils
k8s.io/apimachinery/third_party/forked/golang/json
github.com/pmezard/go-difflib/difflib
github.com/google/gnostic-models/jsonschema
text/tabwriter
github.com/vishvananda/netns
encoding/json
database/sql/driver
golang.org/x/net/http/httpguts
google.golang.org/protobuf/proto
go.uber.org/multierr
github.com/cenkalti/backoff/v7
go.uber.org/zap/internal/color
github.com/google/gopacket
google.golang.org/protobuf/internal/encoding/defval
github.com/pkg/errors
github.com/vishvananda/netlink/nl
github.com/mdlayher/ethernet
golang.org/x/net/bpf
golang.org/x/sync/errgroup
golang.org/x/net/internal/socket
github.com/mdlayher/netx/eui64
github.com/scylladb/go-set/strset
gopkg.in/natefinch/lumberjack.v2
golang.org/x/net/internal/socks
k8s.io/utils/pointer
encoding/gob
debug/dwarf
golang.org/x/text/internal/language
crypto/ecdsa
net/mail
github.com/prometheus/procfs/internal/fs
github.com/prometheus/procfs
github.com/mdlayher/socket
gopkg.in/k8snetworkplumbingwg/multus-cni.v4/pkg/logging
log/slog
github.com/ovn-kubernetes/libovsdb/ovsdb
sigs.k8s.io/json/internal/golang/encoding/json
k8s.io/apimachinery/pkg/util/validation/field
github.com/json-iterator/go
github.com/go-openapi/jsonpointer
google.golang.org/protobuf/internal/filedesc
google.golang.org/protobuf/encoding/prototext
github.com/go-openapi/swag/jsonutils/adapters/ifaces
github.com/go-openapi/jsonreference
k8s.io/apimachinery/pkg/util/framer
sigs.k8s.io/yaml
github.com/go-openapi/swag/jsonutils/adapters/stdlib/json
github.com/google/uuid
gopkg.in/evanphx/json-patch.v4
k8s.io/apimachinery/pkg/util/diff
k8s.io/kube-openapi/pkg/internal
github.com/digitalocean/go-openvswitch/ovs
crypto/x509
github.com/vishvananda/netlink
github.com/go-logr/logr
k8s.io/klog/v2/internal/sloghandler
go.uber.org/zap/zapcore
k8s.io/apimachinery/pkg/util/mergepatch
github.com/go-openapi/swag/jsonutils/adapters
github.com/evanphx/json-patch/v5/internal/json
github.com/ovn-kubernetes/libovsdb/mapper
github.com/google/gopacket/layers
github.com/containernetworking/cni/pkg/types
k8s.io/klog/v2/internal/serialize
github.com/go-logr/logr/slogr
github.com/mdlayher/packet
github.com/go-openapi/swag/jsonutils
github.com/containernetworking/cni/pkg/types/internal
k8s.io/klog/v2
github.com/ovn-kubernetes/libovsdb/model
k8s.io/klog/v2/textlogger
github.com/containernetworking/cni/pkg/types/020
sigs.k8s.io/json
github.com/go-openapi/swag/yamlutils
github.com/containernetworking/cni/pkg/types/040
github.com/containernetworking/cni/pkg/utils
google.golang.org/protobuf/internal/encoding/tag
k8s.io/apimachinery/pkg/runtime/serializer/cbor/internal/modes
k8s.io/apimachinery/pkg/util/json
github.com/kubeovn/kube-ovn/pkg/ovsdb/ovnnb
github.com/mdlayher/arp
github.com/containernetworking/cni/pkg/types/100
k8s.io/apimachinery/pkg/util/yaml
golang.org/x/net/ipv4
google.golang.org/protobuf/internal/impl
github.com/containernetworking/cni/pkg/types/create
github.com/containernetworking/cni/pkg/ns
golang.org/x/net/ipv6
k8s.io/apimachinery/pkg/runtime/serializer/cbor/direct
go.uber.org/zap/internal
github.com/containernetworking/cni/pkg/version
golang.org/x/net/proxy
sigs.k8s.io/controller-runtime/pkg/log
github.com/cenkalti/rpc2
github.com/kubeovn/kube-ovn/cmd/frr
k8s.io/apimachinery/pkg/util/validation
k8s.io/apimachinery/pkg/api/resource
k8s.io/apimachinery/pkg/util/intstr
k8s.io/utils/trace
github.com/containernetworking/cni/pkg/invoke
github.com/containernetworking/cni/pkg/skel
github.com/evanphx/json-patch/v5
k8s.io/streaming/pkg/runtime
debug/macho
k8s.io/apimachinery/pkg/labels
github.com/go-playground/universal-translator
github.com/leodido/go-urn
github.com/cenkalti/rpc2/jsonrpc
github.com/containernetworking/cni/libcni
golang.org/x/text/internal/language/compact
github.com/ovn-kubernetes/libovsdb/database
github.com/ovn-kubernetes/libovsdb/ovsdb/serverdb
golang.org/x/net/icmp
google.golang.org/protobuf/encoding/protodelim
github.com/ovn-kubernetes/libovsdb/updates
golang.org/x/text/language
github.com/gabriel-vasile/mimetype/internal/magic
github.com/stretchr/testify/assert/yaml
github.com/stretchr/testify/internal/difflib
github.com/stretchr/testify/internal/spew
internal/nettest
runtime/trace
sigs.k8s.io/structured-merge-diff/v6/value
crypto/tls
k8s.io/client-go/util/keyutil
github.com/kubeovn/kube-ovn/pkg/ovsdb/ovnsb
github.com/kubeovn/kube-ovn/pkg/ovsdb/vswitch
testing
github.com/mdlayher/ndp
github.com/kubeovn/kube-ovn/versions
go/printer
encoding/csv
k8s.io/utils/lru
kernel.org/pub/linux/libs/security/libcap/cap
github.com/kubeovn/kube-ovn/pkg/fileutil
github.com/ovn-kubernetes/libovsdb/cache
github.com/gabriel-vasile/mimetype
golang.org/x/text/internal
github.com/fsnotify/fsnotify/internal
github.com/spf13/pflag
internal/profile
golang.org/x/text/cases
runtime/pprof
sigs.k8s.io/controller-runtime/pkg/config
github.com/fsnotify/fsnotify
k8s.io/apimachinery/pkg/util/uuid
database/sql
sigs.k8s.io/controller-runtime/pkg/internal/field/selector
sigs.k8s.io/controller-runtime/pkg/internal/log
gomodules.xyz/jsonpatch/v2
github.com/blang/semver/v4
go.opentelemetry.io/otel/attribute
github.com/go-playground/validator/v10
go/format
go.opentelemetry.io/otel/codes
go.opentelemetry.io/otel/trace/internal/telemetry
k8s.io/component-base/version
k8s.io/apimachinery/pkg/apis/asn1
golang.org/x/sync/singleflight
golang.org/x/net/internal/timeseries
k8s.io/component-base/metrics/api/v1
sigs.k8s.io/structured-merge-diff/v6/fieldpath
github.com/ovn-kubernetes/libovsdb/modelgen
html/template
google.golang.org/grpc/grpclog/internal
google.golang.org/grpc/attributes
google.golang.org/protobuf/internal/encoding/json
google.golang.org/grpc/internal/resolver/dns/internal
google.golang.org/grpc/grpclog
github.com/go-logr/logr/funcr
go.opentelemetry.io/auto/sdk/internal/telemetry
go.opentelemetry.io/otel/internal/errorhandler
go.opentelemetry.io/otel/baggage
google.golang.org/protobuf/encoding/protojson
google.golang.org/grpc/connectivity
google.golang.org/grpc/internal/grpclog
google.golang.org/grpc/internal
google.golang.org/grpc/internal/syscall
go.opentelemetry.io/otel/exporters/otlp/otlptrace/otlptracegrpc/internal
github.com/cenkalti/backoff/v5
google.golang.org/grpc/metadata
google.golang.org/grpc/codes
google.golang.org/grpc/internal/mem
github.com/go-logr/stdr
github.com/grpc-ecosystem/grpc-gateway/v2/utilities
go.opentelemetry.io/otel/semconv/v1.41.0
go.opentelemetry.io/otel/semconv/v1.37.0
go.opentelemetry.io/otel/metric
go.opentelemetry.io/otel/sdk/instrumentation
google.golang.org/grpc/stats
sigs.k8s.io/structured-merge-diff/v6/typed
google.golang.org/grpc/internal/grpcutil
google.golang.org/grpc/internal/balancerload
google.golang.org/grpc/tap
google.golang.org/grpc/experimental/stats
go.opentelemetry.io/otel/exporters/otlp/otlptrace/otlptracegrpc/internal/retry
github.com/grpc-ecosystem/grpc-gateway/v2/internal/httprule
go.opentelemetry.io/otel/semconv/v1.17.0
google.golang.org/grpc/mem
github.com/google/cel-go/common/runes
github.com/antlr4-go/antlr/v4
golang.org/x/text/internal/catmsg
google.golang.org/grpc/internal/stats
golang.org/x/text/internal/number
golang.org/x/text/internal/format
google.golang.org/grpc/encoding
google.golang.org/grpc/internal/transport/readyreader
google.golang.org/grpc/encoding/gzip
golang.org/x/text/message/catalog
go.opentelemetry.io/otel/metric/noop
k8s.io/kube-openapi/pkg/internal/third_party/govalidator
k8s.io/kube-openapi/pkg/validation/errors
k8s.io/kube-openapi/pkg/validation/strfmt/bson
github.com/spf13/cobra
google.golang.org/protobuf/internal/filetype
text/scanner
github.com/osrg/gobgp/v4/pkg/packet/bgp
github.com/orcaman/concurrent-map/v2
go.opentelemetry.io/otel/semconv/v1.41.0/httpconv
go.opentelemetry.io/otel/semconv/v1.41.0/otelconv
github.com/gaissmai/bart/internal/nodes
k8s.io/kube-openapi/pkg/validation/strfmt
golang.org/x/text/feature/plural
sigs.k8s.io/structured-merge-diff/v6/merge
k8s.io/client-go/applyconfigurations/internal
github.com/kubeovn/kube-ovn/pkg/aclsampling
google.golang.org/protobuf/runtime/protoimpl
github.com/osrg/gobgp/v4/internal/pkg/netutils
github.com/k-sone/critbitgo
go.opentelemetry.io/otel/trace
golang.org/x/text/message
github.com/gaissmai/bart
google.golang.org/protobuf/types/known/anypb
google.golang.org/protobuf/types/descriptorpb
net/http/httptrace
k8s.io/client-go/util/cert
google.golang.org/protobuf/types/known/timestamppb
google.golang.org/grpc/internal/credentials
github.com/google/gnostic-models/extensions
google.golang.org/protobuf/protoadapt
google.golang.org/protobuf/types/known/durationpb
net/http/internal/httpcommon
golang.org/x/net/internal/httpcommon
google.golang.org/grpc/credentials
github.com/prometheus/client_model/go
google.golang.org/grpc/binarylog/grpc_binarylog_v1
google.golang.org/genproto/googleapis/rpc/status
google.golang.org/grpc/internal/pretty
google.golang.org/grpc/encoding/proto
net/http/internal/http2
go.opentelemetry.io/otel/trace/noop
go.opentelemetry.io/proto/otlp/common/v1
google.golang.org/genproto/googleapis/api/httpbody
google.golang.org/protobuf/types/known/fieldmaskpb
google.golang.org/grpc/internal/channelz
google.golang.org/grpc/resolver
google.golang.org/grpc/credentials/insecure
google.golang.org/grpc/peer
google.golang.org/grpc/internal/status
go.opentelemetry.io/auto/sdk
google.golang.org/protobuf/types/known/structpb
google.golang.org/protobuf/types/known/wrapperspb
google.golang.org/genproto/googleapis/rpc/errdetails
go.opentelemetry.io/proto/otlp/resource/v1
github.com/prometheus/common/model
google.golang.org/protobuf/types/known/emptypb
google.golang.org/grpc/experimental/balancer/weight
google.golang.org/grpc/status
google.golang.org/grpc/internal/metadata
google.golang.org/grpc/internal/proxyattributes
google.golang.org/grpc/internal/transport/networktype
google.golang.org/grpc/internal/resolver/passthrough
google.golang.org/grpc/balancer/grpclb/state
go.opentelemetry.io/proto/otlp/trace/v1
cel.dev/expr
google.golang.org/genproto/googleapis/api/expr/v1alpha1
google.golang.org/grpc/internal/resolver/unix
google.golang.org/protobuf/types/dynamicpb
google.golang.org/protobuf/internal/editionssupport
google.golang.org/protobuf/types/gofeaturespb
k8s.io/component-base/cli/flag
google.golang.org/grpc/channelz
google.golang.org/grpc/internal/resolver/dns
google.golang.org/grpc/internal/binarylog
google.golang.org/grpc/balancer
github.com/go-viper/mapstructure/v2
github.com/osrg/gobgp/v4/internal/pkg/version
github.com/osrg/gobgp/v4/pkg/packet/rtr
github.com/spf13/cast/internal
github.com/spf13/cast
google.golang.org/protobuf/reflect/protodesc
google.golang.org/grpc/balancer/base
google.golang.org/grpc/balancer/pickfirst
google.golang.org/grpc/internal/serviceconfig
google.golang.org/grpc/resolver/dns
github.com/subosito/gotenv
github.com/spf13/viper/internal/encoding/json
github.com/pelletier/go-toml/v2/unstable
google.golang.org/grpc/internal/resolver
github.com/spf13/viper/internal/encoding/yaml
github.com/kubeovn/kube-ovn/pkg/util/profiling
google.golang.org/grpc/balancer/endpointsharding
google.golang.org/grpc/internal/balancer/gracefulswitch
github.com/prometheus/client_golang/prometheus/internal
github.com/google/cel-go/checker/decls
github.com/google/cel-go/common
github.com/google/cel-go/common/types/ref
github.com/google/cel-go/common/types/pb
google.golang.org/grpc/balancer/roundrobin
github.com/google/cel-go/common/types/traits
github.com/google/cel-go/common/functions
github.com/pelletier/go-toml/v2/internal/tracker
github.com/google/cel-go/interpreter/functions
github.com/pelletier/go-toml/v2
github.com/google/cel-go/common/types
github.com/spf13/viper/internal/encoding/dotenv
github.com/google/cel-go/parser/gen
net/http
github.com/spf13/viper/internal/encoding/toml
github.com/osrg/gobgp/v4/pkg/packet/bmp
github.com/osrg/gobgp/v4/pkg/packet/mrt
github.com/osrg/gobgp/v4/pkg/zebra
github.com/google/cel-go/common/decls
github.com/google/cel-go/common/ast
github.com/google/cel-go/common/stdlib
github.com/google/cel-go/common/env
github.com/google/cel-go/common/containers
github.com/google/cel-go/common/debug
github.com/google/cel-go/interpreter
github.com/google/cel-go/parser
k8s.io/apimachinery/pkg/util/runtime
github.com/google/gnostic-models/compiler
golang.org/x/oauth2/internal
net/http/cookiejar
github.com/moul/http2curl
github.com/go-openapi/swag/loading
net/http/httputil
k8s.io/streaming/pkg/httpstream
k8s.io/apimachinery/pkg/util/httpstream
golang.org/x/net/http2
github.com/emicklei/go-restful/v3
go.uber.org/zap
github.com/gorilla/websocket
github.com/moby/spdystream/spdy
golang.org/x/net/websocket
k8s.io/apimachinery/pkg/runtime
k8s.io/client-go/features
golang.org/x/oauth2
github.com/go-openapi/swag
k8s.io/apimachinery/pkg/util/wait
k8s.io/client-go/util/workqueue
golang.org/x/net/publicsuffix
github.com/google/gnostic-models/openapiv2
github.com/google/gnostic-models/openapiv3
github.com/parnurzeal/gorequest
github.com/moby/spdystream
k8s.io/streaming/pkg/httpstream/wsstream
expvar
github.com/prometheus/common/expfmt
net/http/httptest
github.com/prometheus/client_golang/internal/github.com/golang/gddo/httputil/header
k8s.io/streaming/pkg/httpstream/spdy
github.com/prometheus/client_golang/internal/github.com/golang/gddo/httputil
net/http/pprof
sigs.k8s.io/controller-runtime/pkg/healthz
sigs.k8s.io/controller-runtime/pkg/internal/httpserver
k8s.io/apiserver/pkg/authentication/authenticator
k8s.io/apiserver/pkg/authorization/authorizer
golang.org/x/net/trace
k8s.io/apimachinery/pkg/util/net
google.golang.org/grpc/internal/transport
github.com/felixge/httpsnoop
go.opentelemetry.io/contrib/instrumentation/net/http/otelhttp/internal/request
go.opentelemetry.io/otel/propagation
github.com/stretchr/testify/assert
github.com/go-logr/zapr
k8s.io/apiserver/pkg/authentication/group
k8s.io/apimachinery/pkg/util/httpstream/spdy
github.com/kubeovn/kube-ovn/pkg/request
k8s.io/apiserver/pkg/authentication/request/bearertoken
k8s.io/apiserver/pkg/authentication/request/union
github.com/prometheus/client_golang/prometheus
k8s.io/apiserver/pkg/authentication/request/websocket
k8s.io/apiserver/pkg/authentication/token/tokenfile
github.com/google/cel-go/checker
net/rpc
k8s.io/apimachinery/pkg/runtime/serializer/recognizer
k8s.io/apimachinery/pkg/runtime/serializer/streaming
k8s.io/client-go/tools/clientcmd/api
k8s.io/client-go/tools/internal/events
sigs.k8s.io/controller-runtime/pkg/conversion
go.opentelemetry.io/otel/internal/global
github.com/spf13/afero
k8s.io/apimachinery/pkg/watch
k8s.io/client-go/transport
k8s.io/client-go/tools/clientcmd/api/v1
k8s.io/apimachinery/pkg/apis/meta/v1
github.com/kubeovn/ovsdb
go.opentelemetry.io/otel
go.opentelemetry.io/otel/sdk/trace/internal/env
go.opentelemetry.io/otel/exporters/otlp/otlptrace/otlptracegrpc/internal/envconfig
go.opentelemetry.io/contrib/instrumentation/net/http/otelhttp/internal/semconv
go.opentelemetry.io/otel/sdk/resource
go.opentelemetry.io/otel/sdk/trace/internal/observ
go.opentelemetry.io/otel/exporters/otlp/otlptrace/otlptracegrpc/internal/observ
github.com/sagikazarmark/locafero
github.com/stretchr/testify/require
github.com/google/cel-go/cel
github.com/spf13/viper
google.golang.org/grpc/internal/resolver/delegatingresolver
go.opentelemetry.io/contrib/instrumentation/net/http/otelhttp
go.opentelemetry.io/otel/sdk/trace
google.golang.org/grpc
github.com/prometheus/client_golang/prometheus/promhttp
github.com/prometheus/client_golang/prometheus/collectors
k8s.io/component-base/metrics/prometheusextension
github.com/ovn-kubernetes/libovsdb/client
k8s.io/kube-openapi/pkg/validation/spec
go.opentelemetry.io/otel/exporters/otlp/otlptrace/internal/tracetransform
k8s.io/kube-openapi/pkg/util/proto
go.opentelemetry.io/otel/exporters/otlp/otlptrace
k8s.io/component-base/metrics
k8s.io/apimachinery/pkg/apis/meta/v1/unstructured
k8s.io/apimachinery/pkg/api/errors
k8s.io/apimachinery/pkg/api/equality
k8s.io/apimachinery/pkg/apis/meta/v1/validation
k8s.io/apimachinery/pkg/api/meta
k8s.io/api/apidiscovery/v2
k8s.io/api/apidiscovery/v2beta1
k8s.io/api/admissionregistration/v1
k8s.io/api/apiserverinternal/v1alpha1
k8s.io/api/authentication/v1
k8s.io/api/core/v1
k8s.io/api/authorization/v1
k8s.io/api/certificates/v1alpha1
k8s.io/api/coordination/v1
k8s.io/apimachinery/pkg/api/validate
k8s.io/api/flowcontrol/v1
k8s.io/api/flowcontrol/v1beta1
k8s.io/apimachinery/pkg/runtime/serializer/versioning
k8s.io/api/flowcontrol/v1beta2
k8s.io/api/flowcontrol/v1beta3
k8s.io/api/policy/v1
k8s.io/api/policy/v1beta1
k8s.io/api/coordination/v1alpha2
k8s.io/kube-openapi/pkg/schemaconv
k8s.io/api/authentication/v1alpha1
k8s.io/api/authentication/v1beta1
k8s.io/api/coordination/v1beta1
k8s.io/apimachinery/pkg/api/validation
k8s.io/apimachinery/pkg/runtime/serializer/json
k8s.io/apimachinery/pkg/runtime/serializer/protobuf
k8s.io/api/rbac/v1
k8s.io/api/authorization/v1beta1
k8s.io/api/rbac/v1alpha1
k8s.io/api/rbac/v1beta1
k8s.io/api/resource/v1alpha3
k8s.io/apimachinery/pkg/util/managedfields/internal
k8s.io/api/scheduling/v1alpha2
k8s.io/api/storagemigration/v1beta1
k8s.io/apimachinery/pkg/runtime/serializer/cbor
k8s.io/client-go/pkg/apis/clientauthentication
k8s.io/apimachinery/pkg/runtime/serializer
k8s.io/client-go/rest/watch
k8s.io/kube-openapi/pkg/spec3
k8s.io/client-go/pkg/apis/clientauthentication/v1
k8s.io/client-go/pkg/apis/clientauthentication/v1beta1
k8s.io/apimachinery/pkg/api/meta/testrestmapper
k8s.io/apimachinery/pkg/util/strategicpatch
k8s.io/apimachinery/pkg/apis/meta/v1beta1
k8s.io/client-go/util/consistencydetector
github.com/k8snetworkplumbingwg/network-attachment-definition-client/pkg/apis/k8s.cni.cncf.io/v1
k8s.io/client-go/util/retry
k8s.io/apiextensions-apiserver/pkg/apis/apiextensions
k8s.io/apimachinery/pkg/util/remotecommand
k8s.io/api/admissionregistration/v1alpha1
k8s.io/api/admissionregistration/v1beta1
k8s.io/client-go/pkg/apis/clientauthentication/install
k8s.io/client-go/tools/clientcmd/api/latest
k8s.io/apimachinery/pkg/apis/meta/internalversion
k8s.io/api/admission/v1
k8s.io/api/admission/v1beta1
sigs.k8s.io/controller-runtime/pkg/scheme
k8s.io/component-base/metrics/legacyregistry
k8s.io/client-go/plugin/pkg/client/auth/exec
k8s.io/apimachinery/pkg/util/managedfields
k8s.io/apiserver/pkg/apis/audit
go.opentelemetry.io/otel/exporters/otlp/otlptrace/otlptracegrpc/internal/otlpconfig
google.golang.org/grpc/health/grpc_health_v1
sigs.k8s.io/apiserver-network-proxy/konnectivity-client/proto/client
k8s.io/component-base/metrics/prometheus/feature
k8s.io/client-go/tools/pager
k8s.io/apimachinery/pkg/apis/meta/internalversion/validation
k8s.io/apiextensions-apiserver/pkg/apis/apiextensions/v1
k8s.io/apimachinery/pkg/apis/meta/internalversion/scheme
k8s.io/apiserver/pkg/apis/audit/v1
k8s.io/apiserver/pkg/server/egressselector/metrics
github.com/grpc-ecosystem/grpc-gateway/v2/runtime
k8s.io/client-go/util/watchlist
k8s.io/component-base/featuregate
sigs.k8s.io/apiserver-network-proxy/konnectivity-client/pkg/common/metrics
k8s.io/apiserver/pkg/cel
k8s.io/client-go/rest
k8s.io/component-base/metrics/prometheus/compatversion
github.com/google/cel-go/ext
github.com/osrg/gobgp/v4/api
k8s.io/kube-openapi/pkg/common
sigs.k8s.io/apiserver-network-proxy/konnectivity-client/pkg/client/metrics
sigs.k8s.io/apiserver-network-proxy/konnectivity-client/pkg/client
k8s.io/component-base/tracing/api/v1
k8s.io/apiserver/pkg/util/feature
k8s.io/component-base/zpages/features
k8s.io/component-base/compatibility
k8s.io/kube-openapi/pkg/handler3
k8s.io/apiserver/pkg/features
k8s.io/apiserver/pkg/apis/apiserver
k8s.io/apiserver/pkg/util/compatibility
k8s.io/client-go/testing
k8s.io/client-go/util/apply
k8s.io/client-go/tools/cache
k8s.io/client-go/transport/spdy
k8s.io/client-go/metadata
k8s.io/client-go/transport/websocket
k8s.io/client-go/tools/auth
k8s.io/apiserver/pkg/authentication/request/x509
k8s.io/apiserver/pkg/endpoints/request
k8s.io/client-go/tools/clientcmd
k8s.io/client-go/dynamic
k8s.io/apiserver/pkg/authentication/request/anonymous
k8s.io/apiserver/pkg/apis/apiserver/v1
k8s.io/apiserver/pkg/apis/apiserver/v1alpha1
k8s.io/apiserver/pkg/apis/apiserver/v1beta1
k8s.io/apiserver/pkg/audit
go.opentelemetry.io/proto/otlp/collector/trace/v1
k8s.io/client-go/openapi
go.opentelemetry.io/otel/exporters/otlp/otlptrace/otlptracegrpc
sigs.k8s.io/controller-runtime/pkg/client/config
k8s.io/apiserver/pkg/apis/apiserver/install
k8s.io/apiserver/pkg/util/x509metrics
k8s.io/apiserver/pkg/authentication/token/cache
k8s.io/component-base/tracing
k8s.io/client-go/gentype
k8s.io/client-go/listers
k8s.io/apiserver/pkg/server/egressselector
k8s.io/client-go/listers/apiserverinternal/v1alpha1
k8s.io/client-go/listers/coordination/v1alpha2
k8s.io/client-go/listers/certificates/v1alpha1
k8s.io/client-go/listers/coordination/v1
k8s.io/client-go/listers/admissionregistration/v1alpha1
k8s.io/client-go/listers/flowcontrol/v1beta2
k8s.io/client-go/listers/flowcontrol/v1beta3
k8s.io/client-go/listers/coordination/v1beta1
k8s.io/client-go/listers/admissionregistration/v1
k8s.io/client-go/listers/flowcontrol/v1beta1
k8s.io/client-go/listers/flowcontrol/v1
k8s.io/client-go/listers/admissionregistration/v1beta1
k8s.io/client-go/listers/rbac/v1
k8s.io/client-go/listers/rbac/v1alpha1
k8s.io/client-go/listers/rbac/v1beta1
k8s.io/client-go/listers/resource/v1alpha3
k8s.io/client-go/listers/scheduling/v1alpha2
k8s.io/client-go/listers/storagemigration/v1beta1
github.com/osrg/gobgp/v4/pkg/apiutil
github.com/osrg/gobgp/v4/pkg/config/oc
github.com/osrg/gobgp/v4/internal/pkg/table
k8s.io/api/apps/v1beta1
k8s.io/api/apps/v1beta2
k8s.io/api/apps/v1
github.com/kubeovn/kube-ovn/pkg/apis/kubeovn/v1
k8s.io/api/autoscaling/v1
k8s.io/api/autoscaling/v2
k8s.io/api/batch/v1
k8s.io/api/certificates/v1
k8s.io/api/certificates/v1beta1
k8s.io/api/discovery/v1
k8s.io/api/discovery/v1beta1
k8s.io/api/events/v1
k8s.io/api/networking/v1beta1
k8s.io/api/events/v1beta1
k8s.io/api/networking/v1
k8s.io/api/node/v1
k8s.io/api/node/v1alpha1
k8s.io/api/node/v1beta1
k8s.io/api/resource/v1beta1
k8s.io/api/resource/v1
k8s.io/api/resource/v1beta2
k8s.io/api/scheduling/v1
k8s.io/api/scheduling/v1beta1
k8s.io/api/storage/v1
k8s.io/api/storage/v1alpha1
k8s.io/api/storage/v1beta1
k8s.io/api/extensions/v1beta1
k8s.io/client-go/tools/reference
k8s.io/api/batch/v1beta1
k8s.io/client-go/tools/remotecommand
kubevirt.io/api/backup/v1alpha1
github.com/openshift/custom-resource-status/conditions/v1
k8s.io/client-go/listers/apps/v1beta1
k8s.io/client-go/listers/apps/v1beta2
kubevirt.io/controller-lifecycle-operator-sdk/api
kubevirt.io/containerized-data-importer-api/pkg/apis/core/v1beta1
k8s.io/client-go/listers/autoscaling/v1
k8s.io/client-go/listers/apps/v1
k8s.io/client-go/listers/autoscaling/v2
k8s.io/client-go/listers/batch/v1
k8s.io/client-go/listers/certificates/v1
github.com/kubeovn/kube-ovn/pkg/client/clientset/versioned/scheme
github.com/kubeovn/kube-ovn/pkg/client/listers/kubeovn/v1
k8s.io/client-go/listers/batch/v1beta1
k8s.io/client-go/listers/certificates/v1beta1
k8s.io/client-go/listers/core/v1
k8s.io/client-go/listers/discovery/v1
k8s.io/client-go/listers/discovery/v1beta1
k8s.io/client-go/listers/events/v1
k8s.io/client-go/listers/events/v1beta1
k8s.io/client-go/listers/networking/v1
k8s.io/client-go/listers/networking/v1beta1
k8s.io/client-go/listers/node/v1
k8s.io/client-go/listers/node/v1alpha1
k8s.io/client-go/listers/node/v1beta1
k8s.io/client-go/listers/policy/v1
k8s.io/client-go/listers/policy/v1beta1
k8s.io/client-go/listers/scheduling/v1
k8s.io/client-go/listers/scheduling/v1beta1
k8s.io/client-go/listers/storage/v1alpha1
sigs.k8s.io/network-policy-api/apis/v1alpha2
sigs.k8s.io/network-policy-api/apis/v1alpha1
k8s.io/client-go/tools/record/util
k8s.io/client-go/tools/record
k8s.io/apiserver/pkg/util/webhook
k8s.io/apiserver/pkg/authentication/serviceaccount
github.com/osrg/gobgp/v4/pkg/server
k8s.io/client-go/listers/storage/v1
k8s.io/apiserver/pkg/cel/library
k8s.io/client-go/listers/storage/v1beta1
k8s.io/client-go/listers/resource/v1beta1
kubevirt.io/api/core/v1
k8s.io/client-go/listers/resource/v1
k8s.io/client-go/listers/extensions/v1beta1
k8s.io/client-go/kubernetes/scheme
k8s.io/client-go/listers/resource/v1beta2
k8s.io/client-go/discovery
k8s.io/client-go/kubernetes/typed/authentication/v1
k8s.io/client-go/kubernetes/typed/authentication/v1beta1
k8s.io/client-go/kubernetes/typed/authentication/v1alpha1
k8s.io/client-go/kubernetes/typed/authorization/v1beta1
k8s.io/client-go/kubernetes/typed/authorization/v1
k8s.io/apiserver/plugin/pkg/authenticator/token/webhook
k8s.io/client-go/restmapper
k8s.io/client-go/applyconfigurations/meta/v1
k8s.io/apiserver/pkg/cel/environment
sigs.k8s.io/controller-runtime/pkg/client/apiutil
k8s.io/client-go/applyconfigurations/apiserverinternal/v1alpha1
k8s.io/client-go/applyconfigurations/autoscaling/v1
k8s.io/client-go/applyconfigurations/certificates/v1
k8s.io/client-go/applyconfigurations/autoscaling/v2
k8s.io/client-go/applyconfigurations/certificates/v1alpha1
k8s.io/client-go/applyconfigurations/certificates/v1beta1
k8s.io/client-go/applyconfigurations/coordination/v1
k8s.io/client-go/applyconfigurations/coordination/v1alpha2
k8s.io/client-go/applyconfigurations/coordination/v1beta1
k8s.io/client-go/applyconfigurations/admissionregistration/v1
github.com/kubeovn/kube-ovn/pkg/client/applyconfiguration/kubeovn/v1
k8s.io/client-go/applyconfigurations/core/v1
k8s.io/client-go/applyconfigurations/flowcontrol/v1
k8s.io/client-go/applyconfigurations/flowcontrol/v1beta1
k8s.io/client-go/kubernetes/typed/coordination/v1
k8s.io/client-go/kubernetes/typed/coordination/v1alpha2
k8s.io/client-go/kubernetes/typed/apiserverinternal/v1alpha1
k8s.io/client-go/kubernetes/typed/certificates/v1alpha1
k8s.io/client-go/kubernetes/typed/certificates/v1
k8s.io/client-go/kubernetes/typed/coordination/v1beta1
k8s.io/client-go/kubernetes/typed/autoscaling/v2
k8s.io/client-go/kubernetes/typed/autoscaling/v1
k8s.io/client-go/kubernetes/typed/certificates/v1beta1
k8s.io/client-go/applyconfigurations/flowcontrol/v1beta2
k8s.io/client-go/applyconfigurations/flowcontrol/v1beta3
k8s.io/client-go/applyconfigurations/policy/v1
k8s.io/client-go/applyconfigurations/policy/v1beta1
k8s.io/client-go/kubernetes/typed/flowcontrol/v1beta1
k8s.io/client-go/kubernetes/typed/flowcontrol/v1
k8s.io/client-go/applyconfigurations/rbac/v1
k8s.io/client-go/applyconfigurations/rbac/v1alpha1
k8s.io/client-go/kubernetes/typed/admissionregistration/v1
k8s.io/client-go/applyconfigurations/admissionregistration/v1alpha1
k8s.io/client-go/applyconfigurations/admissionregistration/v1beta1
k8s.io/client-go/applyconfigurations/rbac/v1beta1
k8s.io/client-go/applyconfigurations/resource/v1alpha3
k8s.io/client-go/kubernetes/typed/flowcontrol/v1beta3
k8s.io/client-go/kubernetes/typed/flowcontrol/v1beta2
k8s.io/client-go/kubernetes/typed/policy/v1
k8s.io/client-go/kubernetes/typed/rbac/v1
k8s.io/client-go/applyconfigurations/scheduling/v1
k8s.io/client-go/kubernetes/typed/policy/v1beta1
k8s.io/client-go/applyconfigurations/scheduling/v1alpha2
k8s.io/client-go/kubernetes/typed/resource/v1alpha3
k8s.io/client-go/applyconfigurations/scheduling/v1beta1
k8s.io/client-go/kubernetes/typed/admissionregistration/v1alpha1
k8s.io/client-go/kubernetes/typed/rbac/v1beta1
k8s.io/client-go/kubernetes/typed/rbac/v1alpha1
github.com/kubeovn/kube-ovn/pkg/client/clientset/versioned/typed/kubeovn/v1
k8s.io/client-go/applyconfigurations/storagemigration/v1beta1
k8s.io/client-go/kubernetes/typed/admissionregistration/v1beta1
sigs.k8s.io/controller-runtime/pkg/client
k8s.io/apiserver/pkg/authorization/cel
k8s.io/client-go/kubernetes/typed/scheduling/v1
k8s.io/apiserver/pkg/authentication/cel
k8s.io/client-go/kubernetes/typed/scheduling/v1alpha2
k8s.io/client-go/kubernetes/typed/scheduling/v1beta1
k8s.io/apiserver/plugin/pkg/authorizer/webhook/metrics
k8s.io/client-go/kubernetes/typed/storagemigration/v1beta1
k8s.io/apiserver/pkg/apis/apiserver/validation
k8s.io/client-go/applyconfigurations/apps/v1beta1
k8s.io/client-go/applyconfigurations/apps/v1beta2
k8s.io/client-go/applyconfigurations/batch/v1
k8s.io/client-go/kubernetes/typed/core/v1
k8s.io/client-go/applyconfigurations/discovery/v1
k8s.io/client-go/applyconfigurations/discovery/v1beta1
k8s.io/client-go/applyconfigurations/apps/v1
k8s.io/client-go/applyconfigurations/events/v1
k8s.io/client-go/applyconfigurations/events/v1beta1
k8s.io/client-go/applyconfigurations/extensions/v1beta1
k8s.io/client-go/applyconfigurations/networking/v1
k8s.io/client-go/applyconfigurations/networking/v1beta1
k8s.io/client-go/kubernetes/typed/discovery/v1beta1
k8s.io/client-go/kubernetes/typed/discovery/v1
k8s.io/client-go/kubernetes/typed/events/v1beta1
k8s.io/client-go/kubernetes/typed/events/v1
k8s.io/client-go/applyconfigurations/node/v1
k8s.io/client-go/applyconfigurations/node/v1alpha1
k8s.io/client-go/kubernetes/typed/apps/v1beta1
k8s.io/client-go/kubernetes/typed/batch/v1
k8s.io/client-go/applyconfigurations/batch/v1beta1
k8s.io/client-go/kubernetes/typed/networking/v1beta1
k8s.io/client-go/applyconfigurations/node/v1beta1
k8s.io/client-go/kubernetes/typed/apps/v1beta2
k8s.io/client-go/applyconfigurations/resource/v1
k8s.io/client-go/kubernetes/typed/apps/v1
k8s.io/client-go/kubernetes/typed/extensions/v1beta1
k8s.io/client-go/applyconfigurations/resource/v1beta1
k8s.io/client-go/kubernetes/typed/networking/v1
k8s.io/client-go/applyconfigurations/resource/v1beta2
k8s.io/client-go/kubernetes/typed/node/v1alpha1
k8s.io/client-go/kubernetes/typed/node/v1
k8s.io/client-go/kubernetes/typed/node/v1beta1
k8s.io/client-go/applyconfigurations/storage/v1
k8s.io/client-go/applyconfigurations/storage/v1alpha1
k8s.io/client-go/kubernetes/typed/batch/v1beta1
k8s.io/client-go/applyconfigurations/storage/v1beta1
sigs.k8s.io/controller-runtime/pkg/controller/controllerutil
sigs.k8s.io/controller-runtime/pkg/reconcile
sigs.k8s.io/controller-runtime/pkg/cache/internal
k8s.io/client-go/kubernetes/typed/resource/v1
sigs.k8s.io/controller-runtime/pkg/event
k8s.io/apiserver/plugin/pkg/authorizer/webhook
k8s.io/client-go/kubernetes/typed/resource/v1beta1
sigs.k8s.io/controller-runtime/pkg/predicate
k8s.io/client-go/kubernetes/typed/storage/v1alpha1
k8s.io/client-go/kubernetes/typed/resource/v1beta2
sigs.k8s.io/controller-runtime/pkg/cache
k8s.io/apiserver/pkg/authorization/authorizerfactory
k8s.io/client-go/kubernetes/typed/storage/v1
github.com/kubeovn/kube-ovn/pkg/client/clientset/versioned
k8s.io/client-go/kubernetes/typed/storage/v1beta1
github.com/kubeovn/kube-ovn/pkg/client/informers/externalversions/internalinterfaces
github.com/kubeovn/kube-ovn/pkg/client/informers/externalversions/kubeovn/v1
k8s.io/client-go/kubernetes
github.com/kubeovn/kube-ovn/pkg/client/informers/externalversions/kubeovn
github.com/kubeovn/kube-ovn/pkg/client/informers/externalversions
github.com/k8snetworkplumbingwg/network-attachment-definition-client/pkg/utils
k8s.io/client-go/informers/internalinterfaces
k8s.io/client-go/tools/leaderelection/resourcelock
k8s.io/client-go/tools/events
k8s.io/client-go/informers/apiserverinternal/v1alpha1
k8s.io/client-go/informers/autoscaling/v1
k8s.io/client-go/informers/admissionregistration/v1beta1
k8s.io/client-go/informers/autoscaling/v2
k8s.io/client-go/informers/apps/v1beta2
k8s.io/client-go/informers/certificates/v1
k8s.io/client-go/informers/batch/v1beta1
k8s.io/client-go/informers/admissionregistration/v1alpha1
k8s.io/client-go/informers/certificates/v1alpha1
k8s.io/client-go/informers/apps/v1beta1
k8s.io/client-go/informers/batch/v1
k8s.io/client-go/informers/certificates/v1beta1
k8s.io/client-go/informers/admissionregistration/v1
k8s.io/client-go/informers/apps/v1
gopkg.in/k8snetworkplumbingwg/multus-cni.v4/pkg/types
k8s.io/client-go/informers/coordination/v1
github.com/kubeovn/kube-ovn/pkg/util
k8s.io/client-go/informers/coordination/v1alpha2
k8s.io/client-go/informers/coordination/v1beta1
k8s.io/client-go/informers/batch
k8s.io/client-go/informers/apiserverinternal
k8s.io/client-go/informers/core/v1
k8s.io/client-go/informers/discovery/v1
k8s.io/client-go/informers/discovery/v1beta1
k8s.io/client-go/informers/events/v1
k8s.io/client-go/informers/events/v1beta1
k8s.io/client-go/informers/extensions/v1beta1
k8s.io/client-go/informers/autoscaling
k8s.io/client-go/informers/certificates
k8s.io/client-go/informers/admissionregistration
k8s.io/client-go/informers/apps
k8s.io/client-go/informers/flowcontrol/v1
k8s.io/client-go/informers/flowcontrol/v1beta1
k8s.io/client-go/informers/flowcontrol/v1beta2
k8s.io/client-go/informers/coordination
k8s.io/client-go/informers/flowcontrol/v1beta3
k8s.io/client-go/informers/networking/v1
k8s.io/client-go/informers/networking/v1beta1
k8s.io/client-go/informers/discovery
k8s.io/client-go/informers/node/v1
k8s.io/client-go/informers/node/v1alpha1
k8s.io/client-go/informers/events
k8s.io/client-go/informers/node/v1beta1
k8s.io/client-go/informers/extensions
k8s.io/client-go/informers/policy/v1
k8s.io/client-go/informers/core
k8s.io/client-go/informers/policy/v1beta1
github.com/kubeovn/kube-ovn/pkg/ovsdb/client
k8s.io/client-go/informers/rbac/v1
k8s.io/client-go/informers/rbac/v1alpha1
k8s.io/client-go/informers/rbac/v1beta1
k8s.io/client-go/informers/resource/v1
k8s.io/client-go/informers/resource/v1alpha3
k8s.io/client-go/informers/resource/v1beta1
k8s.io/client-go/informers/flowcontrol
k8s.io/client-go/informers/resource/v1beta2
k8s.io/client-go/informers/scheduling/v1
k8s.io/client-go/informers/networking
k8s.io/client-go/informers/scheduling/v1alpha2
k8s.io/client-go/informers/scheduling/v1beta1
k8s.io/client-go/informers/node
k8s.io/client-go/informers/storage/v1
k8s.io/client-go/informers/storage/v1alpha1
k8s.io/client-go/informers/policy
k8s.io/client-go/informers/storage/v1beta1
k8s.io/client-go/informers/storagemigration/v1beta1
k8s.io/apiserver/pkg/server/dynamiccertificates
sigs.k8s.io/controller-runtime/pkg/internal/recorder
sigs.k8s.io/controller-runtime/pkg/recorder
k8s.io/apiserver/pkg/authentication/request/headerrequest
k8s.io/client-go/informers/rbac
sigs.k8s.io/controller-runtime/pkg/leaderelection
k8s.io/client-go/informers/scheduling
k8s.io/client-go/informers/resource
sigs.k8s.io/controller-runtime/pkg/cluster
k8s.io/client-go/informers/storagemigration
k8s.io/client-go/informers/storage
k8s.io/apiserver/pkg/authentication/authenticatorfactory
k8s.io/client-go/informers
k8s.io/client-go/tools/leaderelection
sigs.k8s.io/controller-runtime/pkg/metrics
sigs.k8s.io/controller-runtime/pkg/internal/controller/metrics
sigs.k8s.io/controller-runtime/pkg/internal/metrics
sigs.k8s.io/controller-runtime/pkg/certwatcher/metrics
sigs.k8s.io/controller-runtime/pkg/webhook/admission/metrics
sigs.k8s.io/controller-runtime/pkg/webhook/conversion/metrics
sigs.k8s.io/controller-runtime/pkg/webhook/internal/metrics
github.com/kubeovn/kube-ovn/pkg/speaker
github.com/kubeovn/kube-ovn/pkg/ovs
sigs.k8s.io/controller-runtime/pkg/certwatcher
sigs.k8s.io/controller-runtime/pkg/webhook/conversion
sigs.k8s.io/controller-runtime/pkg/webhook/admission
sigs.k8s.io/controller-runtime/pkg/controller/priorityqueue
sigs.k8s.io/controller-runtime/pkg/handler
sigs.k8s.io/controller-runtime/pkg/metrics/server
sigs.k8s.io/controller-runtime/pkg/webhook
sigs.k8s.io/controller-runtime/pkg/metrics/filters
sigs.k8s.io/controller-runtime/pkg/internal/source
sigs.k8s.io/controller-runtime/pkg/source
sigs.k8s.io/controller-runtime/pkg/manager
github.com/kubeovn/kube-ovn/pkg/webhook
sigs.k8s.io/controller-runtime/pkg/internal/controller
sigs.k8s.io/controller-runtime/pkg/controller
sigs.k8s.io/controller-runtime/pkg/builder
sigs.k8s.io/controller-runtime
github.com/kubeovn/kube-ovn/pkg/ovn_leader_checker
github.com/kubeovn/kube-ovn/pkg/ovn_ic_controller
github.com/kubeovn/kube-ovn/pkg/ovnmonitor
github.com/kubeovn/kube-ovn/cmd/webhook
github.com/kubeovn/kube-ovn/pkg/metrics
github.com/kubeovn/kube-ovn/cmd/ovn_monitor
github.com/kubeovn/kube-ovn/cmd/speaker
github.com/kubeovn/kube-ovn/cmd/ovn_leader_checker
github.com/kubeovn/kube-ovn/cmd/ovn_ic_controller
github.com/kubeovn/kube-ovn/cmd
CGO_ENABLED=0 GOOS=linux GOARCH=amd64 go build -trimpath -ldflags "-w -s -extldflags '-z now' -X github.com/kubeovn/kube-ovn/versions.COMMIT=git-2471f1a -X github.com/kubeovn/kube-ovn/versions.VERSION=v1.17.0 -X github.com/kubeovn/kube-ovn/versions.BUILDDATE=2026-09-03_19:56:36" -buildmode=pie -o /home/jake/sbomit-overhead-experiment/repos/kube-ovn/dist/images/kube-ovn-bfdd-supervisor -v ./cmd/bfdd_supervisor
github.com/kubeovn/kube-ovn/pkg/bfddsupervisor
github.com/kubeovn/kube-ovn/cmd/bfdd_supervisor
CGO_ENABLED=0 GOOS=linux GOARCH=amd64 go build -trimpath -ldflags "-w -s -extldflags '-z now' -X github.com/kubeovn/kube-ovn/versions.COMMIT=git-2471f1a -X github.com/kubeovn/kube-ovn/versions.VERSION=v1.17.0 -X github.com/kubeovn/kube-ovn/versions.BUILDDATE=2026-09-03_19:56:36" -buildmode=pie -o /home/jake/sbomit-overhead-experiment/repos/kube-ovn/dist/images/kube-ovn-daemon -v ./cmd/daemon
github.com/cert-manager/cert-manager/pkg/apis/acme
github.com/cert-manager/cert-manager/pkg/apis/certmanager
github.com/cert-manager/cert-manager/pkg/client/applyconfigurations/meta/v1
github.com/projectcalico/libcalico-go/lib/apis/v1/unversioned
github.com/cert-manager/cert-manager/pkg/apis/meta
github.com/projectcalico/libcalico-go/lib/ipip
github.com/projectcalico/libcalico-go/lib/scope
github.com/projectcalico/libcalico-go/lib/hash
github.com/containerd/errdefs
golang.org/x/mod/semver
github.com/google/nftables/binaryutil
github.com/google/nftables/userdata
github.com/containerd/continuity/sysx
github.com/cert-manager/cert-manager/pkg/client/applyconfigurations/internal
github.com/cert-manager/cert-manager/pkg/apis/meta/v1
github.com/opencontainers/image-spec/specs-go
github.com/containerd/containerd/v2/internal/randutil
github.com/opencontainers/go-digest
github.com/containerd/containerd/v2/pkg/kernelversion
github.com/moby/sys/userns
github.com/containerd/continuity/devices
github.com/sirupsen/logrus
sigs.k8s.io/gateway-api/apis/v1
github.com/containernetworking/plugins/pkg/ns
github.com/moby/sys/mountinfo
github.com/moby/sys/symlink
github.com/containerd/nerdctl/v2/pkg/internal/filesystem
github.com/opencontainers/image-spec/specs-go/v1
github.com/k8snetworkplumbingwg/sriovnet/pkg/utils/docacaps
github.com/projectcalico/libcalico-go/lib/net
github.com/k8snetworkplumbingwg/sriovnet/pkg/utils/filesystem
github.com/kubeovn/dbus/v5
github.com/projectcalico/libcalico-go/lib/numorstring
github.com/k8snetworkplumbingwg/sriovnet/pkg/utils/netlinkops
github.com/containerd/containerd/api/types
github.com/kubeovn/go-iptables/iptables
github.com/godbus/dbus/v5
github.com/kubeovn/kube-ovn/pkg/net/yusur
github.com/projectcalico/libcalico-go/lib/apis/v1
github.com/kubeovn/kube-ovn/pkg/tproxy
github.com/prometheus-community/pro-bing
github.com/mdlayher/netlink/nlenc
k8s.io/utils/exec
github.com/google/nftables/alignedbuff
github.com/k8snetworkplumbingwg/sriovnet
github.com/mdlayher/netlink
github.com/google/nftables/xt
k8s.io/kubernetes/pkg/proxy/ipvs/ipset
k8s.io/kubernetes/pkg/util/iptables
github.com/containerd/log
github.com/kubeovn/felix/ip
github.com/projectcalico/libcalico-go/lib/selector/tokenizer
github.com/projectcalico/libcalico-go/lib/errors
github.com/projectcalico/libcalico-go/lib/set
github.com/containerd/nerdctl/v2/pkg/resolvconf
github.com/containerd/containerd/v2/pkg/sys
github.com/containerd/continuity/fs
github.com/projectcalico/libcalico-go/lib/selector/parser
github.com/projectcalico/libcalico-go/lib/selector
github.com/cert-manager/cert-manager/pkg/apis/acme/v1
github.com/google/nftables/internal/parseexprfunc
github.com/mdlayher/netlink/nltest
github.com/projectcalico/libcalico-go/lib/apis/v3
github.com/google/nftables/expr
github.com/containerd/containerd/v2/core/mount
github.com/cert-manager/cert-manager/pkg/apis/certmanager/v1
github.com/cert-manager/cert-manager/pkg/client/applyconfigurations/acme/v1
github.com/kubeovn/gonetworkmanager/v3
github.com/google/nftables
github.com/containerd/containerd/v2/pkg/netns
github.com/projectcalico/libcalico-go/lib/namespace
github.com/projectcalico/libcalico-go/lib/backend/model
github.com/cert-manager/cert-manager/pkg/client/clientset/versioned/scheme
github.com/cert-manager/cert-manager/pkg/client/clientset/versioned/typed/acme/v1
github.com/cert-manager/cert-manager/pkg/client/applyconfigurations/certmanager/v1
sigs.k8s.io/knftables
github.com/projectcalico/libcalico-go/lib/backend/api
github.com/kubeovn/felix/dispatcher
github.com/cert-manager/cert-manager/pkg/client/clientset/versioned/typed/certmanager/v1
github.com/kubeovn/felix/labelindex
github.com/kubeovn/felix/ipsets
github.com/cert-manager/cert-manager/pkg/client/clientset/versioned
github.com/kubeovn/kube-ovn/pkg/daemon
github.com/kubeovn/kube-ovn/cmd/daemon
CGO_ENABLED=0 GOOS=linux GOARCH=amd64 go build -trimpath -ldflags "-w -s -extldflags '-z now' -X github.com/kubeovn/kube-ovn/versions.COMMIT=git-2471f1a -X github.com/kubeovn/kube-ovn/versions.VERSION=v1.17.0 -X github.com/kubeovn/kube-ovn/versions.BUILDDATE=2026-09-03_19:56:36" -buildmode=pie -o /home/jake/sbomit-overhead-experiment/repos/kube-ovn/dist/images/kube-ovn-controller -v ./cmd/controller
kubevirt.io/api/clone
kubevirt.io/containerized-data-importer-api/pkg/apis/upload
kubevirt.io/api/snapshot
kubevirt.io/api/export
kubevirt.io/api/plugin
kubevirt.io/api/instancetype
kubevirt.io/api/migrations
kubevirt.io/api/pool
kubevirt.io/client-go/subresources
github.com/kubeovn/kube-ovn/yamls
hash/maphash
k8s.io/utils/keymutex
github.com/cnf/structhash
github.com/k8snetworkplumbingwg/network-attachment-definition-client/pkg/client/clientset/versioned/scheme
github.com/k8snetworkplumbingwg/network-attachment-definition-client/pkg/client/listers/k8s.cni.cncf.io/v1
go.uber.org/mock/gomock
kubevirt.io/api/snapshot/v1beta1
kubevirt.io/api/migrations/v1alpha1
github.com/gogo/protobuf/proto
kubevirt.io/containerized-data-importer-api/pkg/apis/upload/v1beta1
k8s.io/apiextensions-apiserver/pkg/client/applyconfiguration/apiextensions/v1
kubevirt.io/api/clone/v1alpha1
kubevirt.io/api/export/v1
github.com/kubernetes-csi/external-snapshotter/client/v4/apis/volumesnapshot/v1
k8s.io/apiextensions-apiserver/pkg/apis/apiextensions/v1beta1
kubevirt.io/api/export/v1beta1
kubevirt.io/api/instancetype/v1beta1
github.com/kubeovn/kube-ovn/pkg/pinger
kubevirt.io/api/plugin/v1alpha1
github.com/k8snetworkplumbingwg/network-attachment-definition-client/pkg/client/clientset/versioned/typed/k8s.cni.cncf.io/v1
kubevirt.io/client-go/containerizeddataimporter/scheme
kubevirt.io/api/pool/v1alpha1
kubevirt.io/api/pool/v1beta1
kubevirt.io/api/snapshot/v1alpha1
github.com/go-logfmt/logfmt
kubevirt.io/client-go/networkattachmentdefinitionclient/scheme
github.com/prometheus-operator/prometheus-operator/pkg/apis/monitoring
kubevirt.io/client-go/externalsnapshotter/scheme
github.com/prometheus-operator/prometheus-operator/pkg/apis/monitoring/v1
kubevirt.io/client-go/util
kubevirt.io/client-go/containerizeddataimporter/typed/core/v1beta1
kubevirt.io/client-go/containerizeddataimporter/typed/upload/v1beta1
github.com/k8snetworkplumbingwg/network-attachment-definition-client/pkg/client/clientset/versioned
kubevirt.io/client-go/networkattachmentdefinitionclient/typed/k8s.cni.cncf.io/v1
kubevirt.io/client-go/version
github.com/kubeovn/kube-ovn/pkg/ipam
kubevirt.io/client-go/externalsnapshotter/typed/volumesnapshot/v1
github.com/go-kit/log
github.com/ti-mo/netfilter
github.com/puzpuzpuz/xsync/v4
kubevirt.io/api/clone/v1beta1
go.universe.tf/metallb/api/v1beta2
github.com/k8snetworkplumbingwg/network-attachment-definition-client/pkg/client/informers/externalversions/internalinterfaces
sigs.k8s.io/network-policy-api/pkg/client/applyconfiguration/apis/v1alpha1
kubevirt.io/client-go/log
kubevirt.io/client-go/networkattachmentdefinitionclient
sigs.k8s.io/network-policy-api/pkg/client/clientset/versioned/scheme
sigs.k8s.io/network-policy-api/pkg/client/applyconfiguration/apis/v1alpha2
github.com/ti-mo/conntrack
go.universe.tf/metallb/api/v1beta1
kubevirt.io/client-go/kubevirt/scheme
sigs.k8s.io/network-policy-api/pkg/client/listers/apis/v1alpha1
github.com/k8snetworkplumbingwg/network-attachment-definition-client/pkg/client/informers/externalversions/k8s.cni.cncf.io/v1
kubevirt.io/client-go/externalsnapshotter
sigs.k8s.io/network-policy-api/pkg/client/clientset/versioned/typed/apis/v1alpha1
sigs.k8s.io/network-policy-api/pkg/client/listers/apis/v1alpha2
kubevirt.io/client-go/kubevirt/typed/backup/v1alpha1
kubevirt.io/client-go/kubevirt/typed/clone/v1alpha1
kubevirt.io/client-go/kubevirt/typed/clone/v1beta1
kubevirt.io/client-go/kubevirt/typed/core/v1
kubevirt.io/client-go/kubevirt/typed/export/v1
github.com/k8snetworkplumbingwg/network-attachment-definition-client/pkg/client/informers/externalversions/k8s.cni.cncf.io
kubevirt.io/client-go/kubevirt/typed/export/v1beta1
kubevirt.io/client-go/kubevirt/typed/instancetype/v1beta1
kubevirt.io/client-go/kubevirt/typed/migrations/v1alpha1
kubevirt.io/client-go/kubevirt/typed/plugin/v1alpha1
github.com/k8snetworkplumbingwg/network-attachment-definition-client/pkg/client/informers/externalversions
kubevirt.io/client-go/kubevirt/typed/pool/v1alpha1
kubevirt.io/client-go/kubevirt/typed/snapshot/v1alpha1
kubevirt.io/client-go/kubevirt/typed/pool/v1beta1
kubevirt.io/client-go/containerizeddataimporter
kubevirt.io/client-go/kubevirt/typed/snapshot/v1beta1
kubevirt.io/client-go/prometheusoperator/scheme
github.com/kubeovn/kube-ovn/pkg/vegobserver
sigs.k8s.io/network-policy-api/pkg/client/clientset/versioned/typed/apis/v1alpha2
kubevirt.io/client-go/prometheusoperator/typed/monitoring/v1
github.com/kubeovn/kube-ovn/cmd/pinger
sigs.k8s.io/network-policy-api/pkg/client/clientset/versioned
k8s.io/apiextensions-apiserver/pkg/client/clientset/clientset/scheme
k8s.io/apiextensions-apiserver/pkg/client/applyconfiguration/apiextensions/v1beta1
kubevirt.io/client-go/kubevirt
k8s.io/apiextensions-apiserver/pkg/client/clientset/clientset/typed/apiextensions/v1
sigs.k8s.io/network-policy-api/pkg/client/informers/externalversions/internalinterfaces
k8s.io/apiextensions-apiserver/pkg/client/clientset/clientset/typed/apiextensions/v1beta1
sigs.k8s.io/network-policy-api/pkg/client/informers/externalversions/apis/v1alpha2
sigs.k8s.io/network-policy-api/pkg/client/informers/externalversions/apis/v1alpha1
k8s.io/apiextensions-apiserver/pkg/client/clientset/clientset
kubevirt.io/client-go/prometheusoperator
sigs.k8s.io/network-policy-api/pkg/client/informers/externalversions/apis
sigs.k8s.io/network-policy-api/pkg/client/informers/externalversions
github.com/openshift/api/route/v1
github.com/openshift/api/security/v1
github.com/openshift/client-go/route/clientset/versioned/scheme
github.com/openshift/client-go/route/clientset/versioned/typed/route/v1
github.com/openshift/client-go/security/clientset/versioned/scheme
github.com/openshift/client-go/security/clientset/versioned/typed/security/v1
kubevirt.io/client-go/kubecli
github.com/kubeovn/kube-ovn/pkg/informer
github.com/kubeovn/kube-ovn/pkg/controller
github.com/kubeovn/kube-ovn/cmd/controller
CGO_ENABLED=0 GOOS=linux GOARCH=amd64 go build -trimpath -ldflags "-w -s -extldflags '-z now' -X github.com/kubeovn/kube-ovn/versions.COMMIT=git-2471f1a -X github.com/kubeovn/kube-ovn/versions.VERSION=v1.17.0 -X github.com/kubeovn/kube-ovn/versions.BUILDDATE=2026-09-03_19:56:36" -buildmode=pie -o /home/jake/sbomit-overhead-experiment/repos/kube-ovn/dist/images/vpc-egress-gateway-observer -v ./cmd/vpc-egress-gateway-observer
github.com/kubeovn/kube-ovn/cmd/vpc-egress-gateway-observer
CGO_ENABLED=0 GOOS=linux GOARCH=amd64 go build -trimpath -ldflags "-w -s -extldflags '-z now' -X github.com/kubeovn/kube-ovn/versions.COMMIT=git-2471f1a -X github.com/kubeovn/kube-ovn/versions.VERSION=v1.17.0 -X github.com/kubeovn/kube-ovn/versions.BUILDDATE=2026-09-03_19:56:36" -o /home/jake/sbomit-overhead-experiment/repos/kube-ovn/dist/images/test-server -v ./test/server
encoding/csv
github.com/spf13/pflag
github.com/kubeovn/kube-ovn/test/server
