-e [2mBuilding bin/amd64/kube-burner[0m
GOPATH=/home/jake/go
GOARCH=amd64 CGO_ENABLED=0 go build -v \
	-ldflags "-X github.com/cloud-bulldozer/go-commons/v2/version.GitCommit=69cca726f3487cd134f7ae26d5375dd4f9428807 \
	-X github.com/cloud-bulldozer/go-commons/v2/version.BuildDate=2026-09-03-19:20:31 \
	-X github.com/cloud-bulldozer/go-commons/v2/version.Version=main" \
	-o bin/amd64/kube-burner ./cmd/kube-burner
go: downloading k8s.io/apimachinery v0.34.3
go: downloading k8s.io/client-go v0.34.3
go: downloading github.com/cloud-bulldozer/go-commons/v2 v2.3.8
go: downloading github.com/prometheus/common v0.67.5
go: downloading gonum.org/v1/gonum v0.16.0
go: downloading k8s.io/api v0.34.3
go: downloading github.com/kedacore/keda/v2 v2.16.0
go: downloading golang.org/x/exp v0.0.0-20260112195511-716be5621a96
go: downloading github.com/kubernetes-csi/external-snapshotter/client/v4 v4.2.0
go: downloading k8s.io/kubectl v0.27.2
go: downloading k8s.io/utils v0.0.0-20251002143259-bc988d571ff4
go: downloading kubevirt.io/api v1.8.1
go: downloading kubevirt.io/client-go v1.8.1
go: downloading kubevirt.io/containerized-data-importer-api v1.64.0
go: downloading github.com/itchyny/gojq v0.12.16
go: downloading golang.org/x/time v0.14.0
go: downloading github.com/spf13/cast v1.7.0
go: downloading golang.org/x/crypto v0.51.0
go: downloading go.yaml.in/yaml/v2 v2.4.3
go: downloading github.com/elastic/go-elasticsearch/v7 v7.13.1
go: downloading github.com/go-kit/log v0.2.1
go: downloading github.com/prometheus/prometheus v0.55.1
go: downloading github.com/opensearch-project/opensearch-go v1.1.0
go: downloading github.com/prometheus/client_golang v1.23.2
go: downloading k8s.io/klog/v2 v2.130.1
go: downloading github.com/montanaflynn/stats v0.7.1
go: downloading github.com/expr-lang/expr v1.16.9
go: downloading knative.dev/pkg v0.0.0-20241026180704-25f6002b00f3
go: downloading sigs.k8s.io/controller-runtime v0.19.1
go: downloading kubevirt.io/controller-lifecycle-operator-sdk/api v0.2.4
go: downloading k8s.io/apiextensions-apiserver v0.34.3
go: downloading sigs.k8s.io/structured-merge-diff/v6 v6.3.0
go: downloading github.com/itchyny/timefmt-go v0.1.6
go: downloading github.com/google/gnostic-models v0.7.0
go: downloading github.com/gorilla/websocket v1.5.4-0.20250319132907-e064f32e3674
go: downloading github.com/openshift/client-go v0.0.0-20210112165513-ebc401615f47
go: downloading github.com/go-logfmt/logfmt v0.6.0
go: downloading go.uber.org/mock v0.5.1
go: downloading golang.org/x/oauth2 v0.34.0
go: downloading github.com/fxamacker/cbor/v2 v2.9.0
go: downloading k8s.io/kube-openapi v0.0.0-20250710124328-f3f2b991d03b
go: downloading github.com/prometheus/procfs v0.16.1
go: downloading github.com/openshift/custom-resource-status v1.1.2
go: downloading github.com/k8snetworkplumbingwg/network-attachment-definition-client v0.0.0-20191119172530-79f836b90111
go: downloading github.com/prometheus-operator/prometheus-operator/pkg/apis/monitoring v0.68.0
go: downloading github.com/emicklei/go-restful/v3 v3.12.2
go: downloading github.com/go-openapi/jsonreference v0.21.4
go: downloading github.com/go-openapi/swag v0.25.4
go: downloading github.com/go-openapi/jsonpointer v0.22.4
go: downloading github.com/go-openapi/swag/fileutils v0.25.4
go: downloading github.com/go-openapi/swag/jsonname v0.25.4
go: downloading github.com/go-openapi/swag/cmdutils v0.25.4
go: downloading github.com/go-openapi/swag/loading v0.25.4
go: downloading github.com/go-openapi/swag/conv v0.25.4
go: downloading github.com/go-openapi/swag/jsonutils v0.25.4
go: downloading github.com/go-openapi/swag/mangling v0.25.4
go: downloading github.com/go-openapi/swag/netutils v0.25.4
go: downloading github.com/go-openapi/swag/stringutils v0.25.4
go: downloading github.com/go-openapi/swag/typeutils v0.25.4
go: downloading github.com/go-openapi/swag/yamlutils v0.25.4
go: downloading github.com/grafana/regexp v0.0.0-20250905093917-f7b3be9d1853
go: downloading github.com/oklog/ulid v1.3.1
go: downloading github.com/dennwc/varint v1.0.0
go: downloading github.com/prometheus/common/sigv4 v0.1.0
go: downloading github.com/golang/snappy v1.0.0
go: downloading github.com/bboreham/go-loser v0.0.0-20230920113527-fcc2c21820a3
go: downloading github.com/klauspost/compress v1.18.3
go: downloading github.com/mwitkow/go-conntrack v0.0.0-20190716064945-2f068394615f
go: downloading github.com/Azure/azure-sdk-for-go/sdk/azcore v1.21.0
go: downloading github.com/Azure/azure-sdk-for-go/sdk/azidentity v1.13.1
go: downloading google.golang.org/api v0.265.0
go: downloading go.uber.org/goleak v1.3.0
go: downloading github.com/aws/aws-sdk-go v1.55.5
go: downloading github.com/Azure/azure-sdk-for-go/sdk/internal v1.11.2
go: downloading github.com/AzureAD/microsoft-authentication-library-for-go v1.6.0
go: downloading github.com/openshift/api v0.0.0-20230503133300-8bbcb7ca7183
go: downloading github.com/jmespath/go-jmespath v0.4.0
go: downloading google.golang.org/grpc v1.79.3
go: downloading cloud.google.com/go/auth v0.18.1
go: downloading go.opentelemetry.io/contrib/instrumentation/net/http/otelhttp v0.65.0
go: downloading github.com/googleapis/enterprise-certificate-proxy v0.3.11
go: downloading go.opentelemetry.io/otel v1.41.0
go: downloading go.opentelemetry.io/otel/metric v1.41.0
go: downloading go.opentelemetry.io/otel/trace v1.41.0
go: downloading github.com/googleapis/gax-go/v2 v2.16.0
go: downloading google.golang.org/genproto/googleapis/rpc v0.0.0-20260401024825-9d38bb4040a9
github.com/elastic/go-elasticsearch/v7/internal/version
github.com/opensearch-project/opensearch-go/internal/version
github.com/aws/aws-sdk-go/aws/client/metadata
github.com/Azure/azure-sdk-for-go/sdk/azcore/cloud
github.com/AzureAD/microsoft-authentication-library-for-go/apps/internal/exported
github.com/AzureAD/microsoft-authentication-library-for-go/apps/internal/oauth/ops/internal/grant
github.com/AzureAD/microsoft-authentication-library-for-go/apps/internal/version
google.golang.org/grpc/serviceconfig
google.golang.org/grpc/encoding/internal
golang.org/x/crypto/internal/alias
golang.org/x/crypto/cryptobyte/asn1
go.opentelemetry.io/otel/trace/embedded
go.opentelemetry.io/otel/metric/embedded
github.com/dennwc/varint
github.com/aws/aws-sdk-go/internal/sdkmath
github.com/go-logfmt/logfmt
github.com/grafana/regexp/syntax
github.com/grafana/regexp
go.yaml.in/yaml/v2
github.com/elastic/go-elasticsearch/v7/estransport
github.com/opensearch-project/opensearch-go/signer
github.com/oklog/ulid
google.golang.org/protobuf/encoding/protodelim
github.com/prometheus/procfs/internal/fs
github.com/prometheus/procfs/internal/util
github.com/kylelemons/godebug/diff
github.com/jpillora/backoff
github.com/prometheus/client_golang/prometheus/testutil/promlint/validations
github.com/opensearch-project/opensearch-go/opensearchapi
github.com/elastic/go-elasticsearch/v7/esapi
golang.org/x/net/trace
golang.org/x/net/http/httpproxy
golang.org/x/net/http/httpguts
github.com/prometheus/procfs
github.com/opensearch-project/opensearch-go/opensearchtransport
github.com/aws/aws-sdk-go/aws/awserr
golang.org/x/oauth2/internal
github.com/aws/aws-sdk-go/internal/shareddefaults
github.com/aws/aws-sdk-go/internal/sync/singleflight
golang.org/x/net/internal/httpcommon
github.com/go-kit/log
github.com/aws/aws-sdk-go/internal/sdkio
github.com/jmespath/go-jmespath
github.com/aws/aws-sdk-go/internal/ini
github.com/aws/aws-sdk-go/internal/sdkrand
github.com/aws/aws-sdk-go/aws/endpoints
golang.org/x/oauth2
github.com/aws/aws-sdk-go/internal/strings
github.com/aws/aws-sdk-go/internal/sdkuri
k8s.io/client-go/tools/metrics
golang.org/x/net/http2
golang.org/x/time/rate
k8s.io/klog/v2/internal/severity
k8s.io/klog/v2/internal/clock
github.com/go-kit/log/level
k8s.io/klog/v2/internal/dbg
k8s.io/klog/v2/internal/buffer
k8s.io/klog/v2/internal/serialize
k8s.io/klog/v2/internal/sloghandler
k8s.io/apimachinery/pkg/util/sets
golang.org/x/oauth2/clientcredentials
k8s.io/utils/clock
github.com/Azure/azure-sdk-for-go/sdk/internal/log
github.com/aws/aws-sdk-go/aws/credentials
github.com/Azure/azure-sdk-for-go/sdk/azcore/internal/shared
github.com/Azure/azure-sdk-for-go/sdk/internal/exported
github.com/Azure/azure-sdk-for-go/sdk/azcore/tracing
github.com/Azure/azure-sdk-for-go/sdk/internal/diag
github.com/Azure/azure-sdk-for-go/sdk/internal/errorinfo
k8s.io/klog/v2
github.com/Azure/azure-sdk-for-go/sdk/azcore/log
github.com/Azure/azure-sdk-for-go/sdk/internal/temporal
github.com/Azure/azure-sdk-for-go/sdk/internal/uuid
github.com/Azure/azure-sdk-for-go/sdk/internal/poller
github.com/Azure/azure-sdk-for-go/sdk/azcore/internal/log
github.com/Azure/azure-sdk-for-go/sdk/azcore/arm/internal/resource
github.com/AzureAD/microsoft-authentication-library-for-go/apps/cache
github.com/kylelemons/godebug/pretty
github.com/AzureAD/microsoft-authentication-library-for-go/apps/internal/json
github.com/Azure/azure-sdk-for-go/sdk/azcore/internal/exported
github.com/aws/aws-sdk-go/aws/awsutil
github.com/Azure/azure-sdk-for-go/sdk/azidentity/internal
github.com/aws/aws-sdk-go/aws/credentials/processcreds
github.com/AzureAD/microsoft-authentication-library-for-go/apps/internal/json/types/time
github.com/AzureAD/microsoft-authentication-library-for-go/apps/internal/oauth/ops/authority
github.com/AzureAD/microsoft-authentication-library-for-go/apps/internal/shared
github.com/AzureAD/microsoft-authentication-library-for-go/apps/internal/options
github.com/AzureAD/microsoft-authentication-library-for-go/apps/internal/local
golang.org/x/crypto/pkcs12/internal/rc2
golang.org/x/oauth2/authhandler
github.com/AzureAD/microsoft-authentication-library-for-go/apps/errors
github.com/prometheus/common/model
github.com/AzureAD/microsoft-authentication-library-for-go/apps/internal/oauth/ops/wstrust/defs
github.com/Azure/azure-sdk-for-go/sdk/azcore/policy
github.com/Azure/azure-sdk-for-go/sdk/azcore/internal/pollers
github.com/Azure/azure-sdk-for-go/sdk/azcore/streaming
golang.org/x/crypto/pkcs12
golang.org/x/oauth2/google/internal/impersonate
github.com/AzureAD/microsoft-authentication-library-for-go/apps/internal/oauth/ops/internal/comm
golang.org/x/oauth2/google/internal/stsexchange
github.com/Azure/azure-sdk-for-go/sdk/azcore/arm/policy
golang.org/x/oauth2/jws
github.com/Azure/azure-sdk-for-go/sdk/azcore/internal/pollers/async
k8s.io/apimachinery/pkg/util/runtime
github.com/Azure/azure-sdk-for-go/sdk/azcore/internal/pollers/body
github.com/Azure/azure-sdk-for-go/sdk/azcore/internal/pollers/fake
github.com/Azure/azure-sdk-for-go/sdk/azcore/internal/pollers/loc
github.com/Azure/azure-sdk-for-go/sdk/azcore/internal/pollers/op
github.com/AzureAD/microsoft-authentication-library-for-go/apps/internal/oauth/ops/wstrust
golang.org/x/oauth2/google/externalaccount
golang.org/x/oauth2/google/internal/externalaccountauthorizeduser
cloud.google.com/go/auth/internal
golang.org/x/oauth2/jwt
cloud.google.com/go/auth/internal/jwt
k8s.io/client-go/util/workqueue
github.com/googleapis/gax-go/v2/internallog/internal
cloud.google.com/go/auth/internal/credsfile
github.com/AzureAD/microsoft-authentication-library-for-go/apps/internal/oauth/ops/accesstokens
github.com/googleapis/enterprise-certificate-proxy/client/util
cloud.google.com/go/auth/internal/retry
google.golang.org/grpc/attributes
google.golang.org/grpc/grpclog/internal
google.golang.org/grpc/internal/envconfig
github.com/googleapis/gax-go/v2/internallog
github.com/google/s2a-go/internal/proto/common_go_proto
google.golang.org/grpc/backoff
github.com/googleapis/enterprise-certificate-proxy/client
google.golang.org/grpc/balancer/pickfirst/internal
google.golang.org/grpc/internal/pretty
google.golang.org/grpc/internal/backoff
google.golang.org/grpc/binarylog/grpc_binarylog_v1
google.golang.org/grpc/grpclog
cloud.google.com/go/auth
google.golang.org/genproto/googleapis/rpc/status
cloud.google.com/go/auth/internal/transport/cert
golang.org/x/oauth2/google
google.golang.org/grpc/internal/buffer
github.com/google/s2a-go/internal/proto/s2a_context_go_proto
google.golang.org/grpc/internal/idle
github.com/prometheus/client_golang/prometheus/internal
github.com/prometheus/prometheus/model/labels
github.com/prometheus/common/expfmt
github.com/prometheus/prometheus/discovery/targetgroup
google.golang.org/grpc/internal/credentials
github.com/AzureAD/microsoft-authentication-library-for-go/apps/internal/oauth/ops
google.golang.org/grpc/connectivity
google.golang.org/grpc/internal/grpclog
google.golang.org/grpc/internal/grpcsync
google.golang.org/grpc/internal
google.golang.org/grpc/internal/syscall
google.golang.org/grpc/keepalive
cloud.google.com/go/auth/internal/transport/headers
cloud.google.com/go/auth/credentials/internal/stsexchange
cloud.google.com/go/auth/credentials/internal/gdch
github.com/AzureAD/microsoft-authentication-library-for-go/apps/internal/oauth
google.golang.org/grpc/credentials
google.golang.org/grpc/internal/resolver/dns/internal
golang.org/x/crypto/chacha20
cloud.google.com/go/auth/oauth2adapt
golang.org/x/crypto/internal/poly1305
cloud.google.com/go/auth/credentials/internal/impersonate
cloud.google.com/go/auth/internal/trustboundary
google.golang.org/grpc/metadata
cloud.google.com/go/auth/credentials/internal/externalaccountuser
google.golang.org/grpc/codes
google.golang.org/grpc/mem
cloud.google.com/go/auth/credentials/internal/externalaccount
golang.org/x/sys/cpu
github.com/google/s2a-go/fallback
google.golang.org/grpc/internal/channelz
google.golang.org/grpc/stats
github.com/AzureAD/microsoft-authentication-library-for-go/apps/internal/base/storage
github.com/prometheus/prometheus/model/relabel
google.golang.org/grpc/credentials/insecure
google.golang.org/grpc/internal/grpcutil
google.golang.org/grpc/internal/balancerload
github.com/Azure/azure-sdk-for-go/sdk/azcore/runtime
google.golang.org/grpc/internal/status
google.golang.org/grpc/peer
google.golang.org/grpc/experimental/stats
google.golang.org/grpc/tap
golang.org/x/crypto/cryptobyte
google.golang.org/grpc/encoding
golang.org/x/crypto/hkdf
github.com/prometheus/client_golang/prometheus
github.com/prometheus/client_golang/prometheus/testutil/promlint
google.golang.org/grpc/status
github.com/google/s2a-go/internal/proto/v2/common_go_proto
google.golang.org/grpc/resolver
google.golang.org/grpc/encoding/proto
google.golang.org/grpc/internal/stats
golang.org/x/crypto/chacha20poly1305
github.com/google/s2a-go/retry
google.golang.org/api/internal/cert
github.com/AzureAD/microsoft-authentication-library-for-go/apps/internal/base
cloud.google.com/go/auth/credentials
google.golang.org/api/internal/credentialstype
google.golang.org/grpc/internal/balancer/weight
google.golang.org/grpc/internal/metadata
google.golang.org/grpc/internal/binarylog
google.golang.org/grpc/internal/proxyattributes
google.golang.org/grpc/channelz
google.golang.org/grpc/internal/transport/networktype
google.golang.org/grpc/internal/resolver/passthrough
google.golang.org/grpc/balancer/grpclb/state
github.com/google/s2a-go/internal/tokenmanager
google.golang.org/grpc/internal/resolver/unix
google.golang.org/grpc/balancer
github.com/google/s2a-go/internal/proto/v2/s2a_context_go_proto
google.golang.org/grpc/internal/transport
google.golang.org/grpc/internal/resolver/dns
google.golang.org/api/internal/impersonate
github.com/AzureAD/microsoft-authentication-library-for-go/apps/confidential
github.com/AzureAD/microsoft-authentication-library-for-go/apps/managedidentity
github.com/AzureAD/microsoft-authentication-library-for-go/apps/public
github.com/Azure/azure-sdk-for-go/sdk/azcore
google.golang.org/grpc/balancer/base
google.golang.org/grpc/balancer/pickfirst
google.golang.org/grpc/internal/serviceconfig
github.com/felixge/httpsnoop
google.golang.org/grpc/resolver/dns
google.golang.org/grpc/internal/resolver
github.com/google/s2a-go/internal/record/internal/aeadcrypter
go.opentelemetry.io/contrib/instrumentation/net/http/otelhttp/internal/request
github.com/Azure/azure-sdk-for-go/sdk/azcore/arm/runtime
go.opentelemetry.io/otel/attribute/internal
google.golang.org/grpc/balancer/endpointsharding
google.golang.org/grpc/internal/balancer/gracefulswitch
github.com/google/s2a-go/internal/record/internal/halfconn
go.opentelemetry.io/otel/attribute/internal/xxhash
go.opentelemetry.io/otel/codes
go.opentelemetry.io/otel/trace/internal/telemetry
go.opentelemetry.io/otel/internal/errorhandler
go.opentelemetry.io/otel/internal/baggage
go.opentelemetry.io/otel/attribute
google.golang.org/api/googleapi/transport
github.com/prometheus/prometheus/model/exemplar
go.opentelemetry.io/otel/baggage
github.com/prometheus/prometheus/model/histogram
github.com/prometheus/prometheus/model/metadata
github.com/prometheus/prometheus/model/timestamp
github.com/Azure/azure-sdk-for-go/sdk/azidentity
google.golang.org/grpc/balancer/roundrobin
github.com/prometheus/prometheus/model/value
github.com/prometheus/prometheus/tsdb/errors
github.com/prometheus/prometheus/tsdb/fileutil
github.com/prometheus/prometheus/promql/parser/posrange
github.com/prometheus/prometheus/tsdb/encoding
github.com/prometheus/prometheus/util/annotations
github.com/prometheus/prometheus/tsdb/goversion
golang.org/x/exp/constraints
github.com/stretchr/testify/assert/yaml
github.com/bboreham/go-loser
net/http/httptest
go.uber.org/goleak/internal/stack
github.com/golang/snappy
github.com/klauspost/compress
github.com/klauspost/compress/fse
github.com/klauspost/compress/internal/cpuinfo
github.com/klauspost/compress/internal/le
github.com/klauspost/compress/internal/snapref
github.com/klauspost/compress/zstd/internal/xxhash
go.uber.org/goleak
github.com/prometheus/prometheus/util/zeropool
github.com/sirupsen/logrus
github.com/prometheus/client_golang/api
github.com/prometheus/prometheus/tsdb/chunkenc
go.opentelemetry.io/otel/semconv/v1.37.0
go.opentelemetry.io/otel/semconv/v1.39.0
go.opentelemetry.io/otel/metric
github.com/stretchr/testify/assert
github.com/kube-burner/kube-burner/v2/pkg/errors
github.com/klauspost/compress/huff0
github.com/prometheus/client_golang/prometheus/testutil
github.com/mwitkow/go-conntrack
github.com/prometheus/client_golang/api/prometheus/v1
github.com/kube-burner/kube-burner/v2/pkg/measurements/types
dario.cat/mergo
github.com/prometheus/prometheus/storage/remote/azuread
github.com/prometheus/common/config
github.com/Masterminds/goutils
go.opentelemetry.io/otel/metric/noop
github.com/Masterminds/semver/v3
github.com/huandu/xstrings
github.com/mitchellh/reflectwalk
google.golang.org/grpc/internal/resolver/delegatingresolver
github.com/shopspring/decimal
go.opentelemetry.io/otel/semconv/v1.39.0/httpconv
github.com/prometheus/prometheus/tsdb/chunks
github.com/klauspost/compress/zstd
github.com/mitchellh/copystructure
go.opentelemetry.io/otel/trace
github.com/spf13/cast
google.golang.org/grpc
golang.org/x/crypto/blowfish
github.com/cloud-bulldozer/go-commons/v2/prometheus
golang.org/x/crypto/pbkdf2
golang.org/x/crypto/bcrypt
golang.org/x/crypto/scrypt
github.com/cloud-bulldozer/go-commons/v2/version
github.com/prometheus/prometheus/discovery
github.com/stretchr/testify/require
github.com/kube-burner/kube-burner/v2/pkg/util/fileutils
github.com/spf13/cobra
gonum.org/v1/gonum/stat/combin
github.com/fxamacker/cbor/v2
k8s.io/apimachinery/third_party/forked/golang/reflect
k8s.io/apimachinery/pkg/selection
k8s.io/apimachinery/pkg/util/errors
k8s.io/apimachinery/pkg/fields
github.com/prometheus/prometheus/storage
k8s.io/utils/internal/third_party/forked/golang/net
github.com/Masterminds/sprig/v3
go.opentelemetry.io/otel/trace/noop
go.opentelemetry.io/otel/propagation
k8s.io/apimachinery/pkg/conversion
k8s.io/apimachinery/pkg/util/validation/field
k8s.io/utils/net
go.opentelemetry.io/auto/sdk
k8s.io/apimachinery/pkg/api/operation
k8s.io/apimachinery/pkg/conversion/queryparams
k8s.io/apimachinery/pkg/runtime/schema
k8s.io/apimachinery/pkg/util/json
k8s.io/apimachinery/pkg/util/naming
github.com/prometheus/prometheus/util/testutil
k8s.io/apimachinery/pkg/util/validation
sigs.k8s.io/structured-merge-diff/v6/value
k8s.io/apimachinery/pkg/types
k8s.io/apimachinery/pkg/util/net
k8s.io/utils/ptr
go.opentelemetry.io/otel/internal/global
k8s.io/apimachinery/pkg/util/wait
github.com/google/gnostic-models/extensions
github.com/google/gnostic-models/jsonschema
github.com/prometheus/prometheus/tsdb/tsdbutil
k8s.io/apimachinery/pkg/labels
k8s.io/apimachinery/pkg/util/framer
github.com/prometheus/prometheus/tsdb/index
github.com/prometheus/prometheus/tsdb/tombstones
sigs.k8s.io/yaml
k8s.io/apimachinery/pkg/version
k8s.io/apimachinery/pkg/api/safe
k8s.io/apimachinery/pkg/api/validate/constraints
k8s.io/apimachinery/pkg/api/validate/content
github.com/go-openapi/swag/jsonname
go.opentelemetry.io/otel
github.com/go-openapi/jsonreference/internal
github.com/go-openapi/swag/cmdutils
github.com/go-openapi/swag/conv
github.com/google/gnostic-models/compiler
github.com/go-openapi/swag/fileutils
github.com/go-openapi/swag/jsonutils/adapters/ifaces
github.com/prometheus/prometheus/tsdb/record
github.com/go-openapi/swag/typeutils
k8s.io/apimachinery/pkg/util/yaml
github.com/go-openapi/jsonpointer
github.com/go-openapi/swag/mangling
go.opentelemetry.io/contrib/instrumentation/net/http/otelhttp/internal/semconv
github.com/go-openapi/swag/netutils
github.com/go-openapi/swag/jsonutils/adapters/stdlib/json
github.com/go-openapi/swag/stringutils
github.com/google/gnostic-models/openapiv2
github.com/google/gnostic-models/openapiv3
github.com/go-openapi/jsonreference
k8s.io/kube-openapi/pkg/internal/third_party/go-json-experiment/json
sigs.k8s.io/structured-merge-diff/v6/schema
k8s.io/client-go/features
k8s.io/client-go/pkg/version
k8s.io/apimachinery/pkg/util/dump
github.com/google/s2a-go/internal/proto/s2a_go_proto
github.com/google/s2a-go/internal/handshaker/service
github.com/google/s2a-go/internal/proto/v2/s2a_go_proto
k8s.io/apimachinery/pkg/runtime/serializer/cbor/internal/modes
sigs.k8s.io/structured-merge-diff/v6/fieldpath
k8s.io/client-go/util/connrotation
github.com/prometheus/prometheus/tsdb/wlog
go.opentelemetry.io/contrib/instrumentation/net/http/otelhttp
github.com/go-openapi/swag/jsonutils/adapters
k8s.io/client-go/transport
k8s.io/client-go/util/keyutil
k8s.io/client-go/util/flowcontrol
github.com/go-openapi/swag/jsonutils
k8s.io/apimachinery/pkg/runtime/serializer/cbor/direct
k8s.io/client-go/util/cert
github.com/go-openapi/swag/yamlutils
k8s.io/kube-openapi/pkg/cached
k8s.io/apimachinery/pkg/api/resource
k8s.io/apimachinery/pkg/runtime
github.com/google/s2a-go/internal/authinfo
github.com/google/s2a-go/internal/record
k8s.io/apimachinery/pkg/util/intstr
github.com/go-openapi/swag/loading
github.com/emicklei/go-restful/v3/log
github.com/google/s2a-go/stream
github.com/emicklei/go-restful/v3
github.com/aws/aws-sdk-go/aws
github.com/go-openapi/swag
github.com/google/s2a-go/internal/handshaker
github.com/google/s2a-go/internal/v2/certverifier
github.com/google/s2a-go/internal/v2/remotesigner
k8s.io/apimachinery/pkg/util/mergepatch
sigs.k8s.io/structured-merge-diff/v6/typed
k8s.io/apimachinery/third_party/forked/golang/json
k8s.io/client-go/util/homedir
github.com/itchyny/timefmt-go
github.com/kube-burner/kube-burner/v2/pkg/burner/types
github.com/aws/aws-sdk-go/aws/request
github.com/aws/aws-sdk-go/aws/auth/bearer
github.com/google/s2a-go/internal/v2/tlsconfigstore
github.com/expr-lang/expr/file
github.com/expr-lang/expr/parser/operator
github.com/expr-lang/expr/parser/utils
github.com/expr-lang/expr/internal/deref
k8s.io/apimachinery/pkg/util/cache
k8s.io/apimachinery/pkg/util/diff
github.com/expr-lang/expr/ast
github.com/expr-lang/expr/vm/runtime
github.com/expr-lang/expr/parser/lexer
k8s.io/client-go/tools/cache/synctrack
k8s.io/utils/buffer
k8s.io/utils/trace
github.com/google/s2a-go/internal/v2
github.com/itchyny/gojq
knative.dev/pkg/kmp
knative.dev/pkg/kmap
sigs.k8s.io/controller-runtime/pkg/log
k8s.io/apimachinery/pkg/util/uuid
golang.org/x/exp/maps
github.com/prometheus/client_golang/prometheus/collectors
github.com/aws/aws-sdk-go/aws/client
github.com/aws/aws-sdk-go/private/protocol
github.com/aws/aws-sdk-go/aws/corehandlers
github.com/aws/aws-sdk-go/aws/csm
github.com/google/s2a-go
sigs.k8s.io/controller-runtime/pkg/internal/field/selector
sigs.k8s.io/controller-runtime/pkg/internal/syncs
sigs.k8s.io/controller-runtime/pkg/internal/log
k8s.io/apimachinery/pkg/watch
k8s.io/apimachinery/pkg/runtime/serializer/recognizer
sigs.k8s.io/structured-merge-diff/v6/merge
k8s.io/apimachinery/pkg/runtime/serializer/streaming
k8s.io/client-go/tools/clientcmd/api
github.com/aws/aws-sdk-go/private/protocol/query/queryutil
github.com/aws/aws-sdk-go/private/protocol/rest
github.com/aws/aws-sdk-go/private/protocol/xml/xmlutil
github.com/aws/aws-sdk-go/private/protocol/json/jsonutil
github.com/aws/aws-sdk-go/aws/ec2metadata
k8s.io/client-go/applyconfigurations/internal
k8s.io/apimachinery/pkg/apis/meta/v1
k8s.io/client-go/tools/clientcmd/api/v1
github.com/expr-lang/expr/builtin
github.com/aws/aws-sdk-go/private/protocol/jsonrpc
github.com/aws/aws-sdk-go/aws/credentials/endpointcreds
github.com/aws/aws-sdk-go/aws/signer/v4
google.golang.org/api/internal
github.com/aws/aws-sdk-go/private/protocol/query
github.com/aws/aws-sdk-go/aws/credentials/ec2rolecreds
cloud.google.com/go/auth/internal/transport
k8s.io/kube-openapi/pkg/internal
k8s.io/client-go/tools/internal/events
github.com/aws/aws-sdk-go/private/protocol/restjson
k8s.io/utils/internal/third_party/forked/golang/golang-lru
sigs.k8s.io/controller-runtime/pkg/config
sigs.k8s.io/controller-runtime/pkg/healthz
github.com/aws/aws-sdk-go/aws/defaults
sigs.k8s.io/controller-runtime/pkg/internal/httpserver
k8s.io/utils/lru
github.com/expr-lang/expr/conf
github.com/expr-lang/expr/vm
github.com/prometheus/client_golang/internal/github.com/golang/gddo/httputil/header
cloud.google.com/go/auth/httptransport
github.com/aws/aws-sdk-go/service/sts
github.com/aws/aws-sdk-go/service/sso
github.com/aws/aws-sdk-go/service/ssooidc
github.com/prometheus/client_golang/prometheus/promhttp/internal
github.com/fsnotify/fsnotify/internal
github.com/expr-lang/expr/parser
google.golang.org/api/option
github.com/expr-lang/expr/optimizer
github.com/opensearch-project/opensearch-go
github.com/expr-lang/expr/patcher
github.com/prometheus/client_golang/internal/github.com/golang/gddo/httputil
github.com/fsnotify/fsnotify
sigs.k8s.io/controller-runtime/pkg/conversion
sigs.k8s.io/controller-runtime/pkg/manager/signals
github.com/prometheus/client_golang/prometheus/promhttp
github.com/aws/aws-sdk-go/service/sso/ssoiface
github.com/montanaflynn/stats
k8s.io/kube-openapi/pkg/util/proto
golang.org/x/net/internal/socks
github.com/opensearch-project/opensearch-go/opensearchutil
k8s.io/kube-openapi/pkg/validation/spec
k8s.io/apimachinery/pkg/util/httpstream
github.com/aws/aws-sdk-go/service/sts/stsiface
google.golang.org/api/transport/http
github.com/moby/spdystream/spdy
github.com/aws/aws-sdk-go/aws/credentials/ssocreds
k8s.io/apimachinery/third_party/forked/golang/netutil
k8s.io/apimachinery/pkg/util/portforward
golang.org/x/net/websocket
github.com/aws/aws-sdk-go/aws/credentials/stscreds
k8s.io/client-go/util/exec
golang.org/x/net/proxy
k8s.io/utils/pointer
kubevirt.io/api/backup
github.com/moby/spdystream
kubevirt.io/api/core
kubevirt.io/containerized-data-importer-api/pkg/apis/core
github.com/expr-lang/expr/checker
go.uber.org/mock/gomock
kubevirt.io/api/clone
github.com/aws/aws-sdk-go/aws/session
kubevirt.io/api/snapshot
kubevirt.io/api/migrations
github.com/gorilla/websocket
kubevirt.io/containerized-data-importer-api/pkg/apis/upload
kubevirt.io/api/export
kubevirt.io/api/instancetype
github.com/kube-burner/kube-burner/v2/pkg/measurements/metrics
kubevirt.io/api/pool
kubevirt.io/client-go/subresources
github.com/k8snetworkplumbingwg/network-attachment-definition-client/pkg/apis/k8s.cni.cncf.io
github.com/prometheus-operator/prometheus-operator/pkg/apis/monitoring
kubevirt.io/client-go/util
kubevirt.io/client-go/version
github.com/prometheus/prometheus/storage/remote/googleiam
github.com/expr-lang/expr/compiler
github.com/prometheus/common/sigv4
github.com/prometheus/prometheus/config
github.com/expr-lang/expr
k8s.io/kube-openapi/pkg/schemaconv
k8s.io/kube-openapi/pkg/spec3
github.com/prometheus/prometheus/tsdb
k8s.io/apimachinery/pkg/api/errors
k8s.io/apimachinery/pkg/apis/meta/v1/unstructured
k8s.io/api/apidiscovery/v2
k8s.io/api/authentication/v1
k8s.io/api/apiserverinternal/v1alpha1
k8s.io/apimachinery/pkg/api/meta
k8s.io/api/certificates/v1alpha1
k8s.io/apimachinery/pkg/api/equality
k8s.io/api/authorization/v1
k8s.io/api/core/v1
k8s.io/api/admissionregistration/v1
k8s.io/api/apidiscovery/v2beta1
k8s.io/api/coordination/v1
k8s.io/apimachinery/pkg/api/validate
k8s.io/api/flowcontrol/v1
k8s.io/api/flowcontrol/v1beta1
k8s.io/api/flowcontrol/v1beta2
k8s.io/api/flowcontrol/v1beta3
k8s.io/api/coordination/v1alpha2
k8s.io/api/coordination/v1beta1
k8s.io/apimachinery/pkg/runtime/serializer/versioning
k8s.io/api/policy/v1
k8s.io/api/policy/v1beta1
k8s.io/apimachinery/pkg/runtime/serializer/json
k8s.io/apimachinery/pkg/runtime/serializer/protobuf
k8s.io/api/authentication/v1alpha1
k8s.io/api/authentication/v1beta1
k8s.io/api/rbac/v1
k8s.io/api/rbac/v1alpha1
k8s.io/api/rbac/v1beta1
k8s.io/apimachinery/pkg/runtime/serializer
k8s.io/api/authorization/v1beta1
k8s.io/api/resource/v1alpha3
k8s.io/apimachinery/pkg/apis/meta/v1/validation
k8s.io/apimachinery/pkg/runtime/serializer/cbor
k8s.io/client-go/pkg/apis/clientauthentication
k8s.io/client-go/rest/watch
k8s.io/apimachinery/pkg/api/validation
k8s.io/kube-openapi/pkg/common
k8s.io/apimachinery/pkg/api/meta/testrestmapper
k8s.io/client-go/pkg/apis/clientauthentication/v1
k8s.io/api/admissionregistration/v1alpha1
k8s.io/client-go/pkg/apis/clientauthentication/v1beta1
k8s.io/api/admissionregistration/v1beta1
k8s.io/apimachinery/pkg/util/strategicpatch
k8s.io/client-go/tools/clientcmd/api/latest
k8s.io/apimachinery/pkg/util/managedfields/internal
k8s.io/apimachinery/pkg/apis/meta/v1beta1
k8s.io/client-go/util/consistencydetector
k8s.io/api/admission/v1
k8s.io/client-go/pkg/apis/clientauthentication/install
k8s.io/api/admission/v1beta1
k8s.io/apiextensions-apiserver/pkg/apis/apiextensions
sigs.k8s.io/controller-runtime/pkg/scheme
k8s.io/kube-openapi/pkg/handler3
k8s.io/client-go/plugin/pkg/client/auth/exec
k8s.io/apimachinery/pkg/util/proxy
k8s.io/apimachinery/pkg/util/remotecommand
k8s.io/apimachinery/pkg/apis/meta/internalversion
k8s.io/apimachinery/pkg/util/httpstream/wsstream
k8s.io/api/imagepolicy/v1alpha1
kubevirt.io/containerized-data-importer-api/pkg/apis/upload/v1beta1
kubevirt.io/client-go/log
k8s.io/client-go/rest
k8s.io/apiextensions-apiserver/pkg/apis/apiextensions/v1
k8s.io/client-go/tools/pager
k8s.io/apimachinery/pkg/apis/meta/internalversion/scheme
github.com/k8snetworkplumbingwg/network-attachment-definition-client/pkg/apis/k8s.cni.cncf.io/v1
k8s.io/apiextensions-apiserver/pkg/apis/apiextensions/v1beta1
k8s.io/apimachinery/pkg/util/httpstream/spdy
kubevirt.io/client-go/networkattachmentdefinitionclient/scheme
k8s.io/apimachinery/pkg/util/managedfields
k8s.io/client-go/util/apply
k8s.io/client-go/tools/auth
k8s.io/client-go/metadata
k8s.io/client-go/tools/cache
k8s.io/client-go/transport/spdy
k8s.io/client-go/plugin/pkg/client/auth/gcp
k8s.io/client-go/plugin/pkg/client/auth/azure
k8s.io/client-go/transport/websocket
k8s.io/client-go/plugin/pkg/client/auth/oidc
k8s.io/client-go/tools/clientcmd
k8s.io/client-go/dynamic
k8s.io/client-go/openapi
k8s.io/client-go/testing
k8s.io/client-go/plugin/pkg/client/auth
k8s.io/client-go/openapi/cached
sigs.k8s.io/controller-runtime/pkg/client/config
sigs.k8s.io/controller-runtime/pkg/webhook/conversion
k8s.io/client-go/gentype
k8s.io/apiextensions-apiserver/pkg/client/clientset/clientset/scheme
kubevirt.io/client-go/networkattachmentdefinitionclient/typed/k8s.cni.cncf.io/v1
k8s.io/client-go/listers
k8s.io/client-go/listers/apiserverinternal/v1alpha1
k8s.io/client-go/listers/admissionregistration/v1alpha1
k8s.io/client-go/listers/certificates/v1alpha1
k8s.io/client-go/listers/rbac/v1
k8s.io/client-go/listers/admissionregistration/v1
k8s.io/client-go/listers/coordination/v1
k8s.io/client-go/listers/coordination/v1beta1
k8s.io/client-go/listers/admissionregistration/v1beta1
k8s.io/client-go/listers/rbac/v1alpha1
k8s.io/client-go/listers/flowcontrol/v1beta2
k8s.io/client-go/listers/coordination/v1alpha2
k8s.io/client-go/listers/flowcontrol/v1beta1
k8s.io/client-go/listers/flowcontrol/v1
k8s.io/client-go/listers/flowcontrol/v1beta3
k8s.io/client-go/listers/rbac/v1beta1
k8s.io/client-go/listers/resource/v1alpha3
github.com/elastic/go-elasticsearch/v7
github.com/elastic/go-elasticsearch/v7/esutil
github.com/cloud-bulldozer/go-commons/v2/indexers
k8s.io/api/apps/v1beta1
k8s.io/api/autoscaling/v2
k8s.io/api/autoscaling/v1
k8s.io/api/autoscaling/v2beta1
k8s.io/api/apps/v1beta2
k8s.io/api/certificates/v1
k8s.io/api/discovery/v1beta1
k8s.io/api/batch/v1
k8s.io/api/discovery/v1
k8s.io/api/events/v1beta1
k8s.io/api/autoscaling/v2beta2
k8s.io/api/events/v1
k8s.io/api/certificates/v1beta1
k8s.io/api/networking/v1beta1
k8s.io/api/apps/v1
k8s.io/api/networking/v1
k8s.io/api/node/v1
k8s.io/api/node/v1alpha1
k8s.io/api/node/v1beta1
k8s.io/api/resource/v1
k8s.io/api/resource/v1beta1
k8s.io/api/resource/v1beta2
k8s.io/api/scheduling/v1
k8s.io/api/batch/v1beta1
k8s.io/api/scheduling/v1alpha1
k8s.io/api/scheduling/v1beta1
k8s.io/api/storage/v1
k8s.io/api/storage/v1alpha1
k8s.io/api/storage/v1beta1
k8s.io/api/storagemigration/v1alpha1
k8s.io/client-go/tools/reference
k8s.io/api/extensions/v1beta1
k8s.io/client-go/listers/apps/v1beta1
k8s.io/client-go/listers/autoscaling/v1
k8s.io/client-go/listers/autoscaling/v2
k8s.io/client-go/listers/autoscaling/v2beta1
k8s.io/client-go/listers/autoscaling/v2beta2
k8s.io/client-go/listers/batch/v1
k8s.io/client-go/listers/certificates/v1
k8s.io/client-go/listers/batch/v1beta1
k8s.io/client-go/listers/certificates/v1beta1
k8s.io/client-go/listers/core/v1
k8s.io/client-go/listers/discovery/v1
k8s.io/client-go/listers/apps/v1beta2
k8s.io/client-go/listers/discovery/v1beta1
k8s.io/client-go/listers/events/v1
k8s.io/client-go/listers/events/v1beta1
k8s.io/client-go/listers/networking/v1beta1
k8s.io/client-go/listers/node/v1
k8s.io/client-go/listers/networking/v1
k8s.io/client-go/listers/apps/v1
k8s.io/client-go/listers/node/v1alpha1
k8s.io/client-go/listers/node/v1beta1
k8s.io/client-go/listers/policy/v1
k8s.io/client-go/listers/policy/v1beta1
k8s.io/client-go/listers/scheduling/v1
k8s.io/client-go/listers/scheduling/v1alpha1
k8s.io/client-go/listers/scheduling/v1beta1
k8s.io/client-go/listers/storage/v1alpha1
k8s.io/client-go/listers/storagemigration/v1alpha1
knative.dev/pkg/apis
knative.dev/pkg/kmeta
k8s.io/client-go/tools/record/util
k8s.io/client-go/tools/portforward
k8s.io/client-go/tools/remotecommand
github.com/kubernetes-csi/external-snapshotter/client/v4/apis/volumesnapshot/v1
k8s.io/client-go/tools/record
kubevirt.io/api/backup/v1alpha1
github.com/openshift/custom-resource-status/conditions/v1
github.com/openshift/api/route/v1
k8s.io/client-go/listers/storage/v1
kubevirt.io/controller-lifecycle-operator-sdk/api
github.com/openshift/api/security/v1
kubevirt.io/api/clone/v1alpha1
kubevirt.io/containerized-data-importer-api/pkg/apis/core/v1beta1
knative.dev/pkg/apis/duck/ducktypes
knative.dev/pkg/tracker
kubevirt.io/api/export/v1alpha1
kubevirt.io/api/export/v1beta1
kubevirt.io/client-go/externalsnapshotter/scheme
k8s.io/client-go/listers/storage/v1beta1
github.com/prometheus-operator/prometheus-operator/pkg/apis/monitoring/v1
sigs.k8s.io/controller-runtime/pkg/recorder
kubevirt.io/client-go/externalsnapshotter/typed/volumesnapshot/v1
knative.dev/pkg/apis/duck
github.com/openshift/client-go/route/clientset/versioned/scheme
k8s.io/client-go/listers/resource/v1beta1
github.com/openshift/client-go/route/clientset/versioned/typed/route/v1
k8s.io/client-go/listers/resource/v1beta2
k8s.io/client-go/listers/resource/v1
k8s.io/client-go/listers/extensions/v1beta1
k8s.io/client-go/kubernetes/scheme
github.com/openshift/client-go/security/clientset/versioned/scheme
github.com/openshift/client-go/security/clientset/versioned/typed/security/v1
k8s.io/client-go/discovery
k8s.io/client-go/kubernetes/typed/authentication/v1
k8s.io/client-go/kubernetes/typed/authentication/v1alpha1
k8s.io/client-go/kubernetes/typed/authentication/v1beta1
k8s.io/client-go/kubernetes/typed/authorization/v1beta1
k8s.io/client-go/kubernetes/typed/authorization/v1
k8s.io/kubectl/pkg/scheme
kubevirt.io/client-go/containerizeddataimporter/scheme
kubevirt.io/api/core/v1
kubevirt.io/client-go/prometheusoperator/scheme
kubevirt.io/client-go/containerizeddataimporter/typed/core/v1beta1
kubevirt.io/client-go/containerizeddataimporter/typed/upload/v1beta1
kubevirt.io/client-go/prometheusoperator/typed/monitoring/v1
kubevirt.io/client-go/networkattachmentdefinitionclient
k8s.io/client-go/restmapper
k8s.io/client-go/applyconfigurations/meta/v1
k8s.io/client-go/discovery/cached/memory
kubevirt.io/client-go/externalsnapshotter
sigs.k8s.io/controller-runtime/pkg/client/apiutil
k8s.io/client-go/applyconfigurations/apiserverinternal/v1alpha1
k8s.io/client-go/applyconfigurations/certificates/v1
k8s.io/client-go/applyconfigurations/autoscaling/v1
k8s.io/client-go/applyconfigurations/certificates/v1alpha1
k8s.io/client-go/applyconfigurations/coordination/v1
k8s.io/client-go/applyconfigurations/autoscaling/v2
k8s.io/client-go/applyconfigurations/certificates/v1beta1
k8s.io/client-go/applyconfigurations/autoscaling/v2beta2
k8s.io/client-go/applyconfigurations/coordination/v1alpha2
k8s.io/client-go/applyconfigurations/admissionregistration/v1
k8s.io/client-go/applyconfigurations/autoscaling/v2beta1
k8s.io/client-go/applyconfigurations/core/v1
k8s.io/client-go/applyconfigurations/coordination/v1beta1
k8s.io/client-go/applyconfigurations/flowcontrol/v1
k8s.io/client-go/applyconfigurations/flowcontrol/v1beta1
k8s.io/client-go/kubernetes/typed/coordination/v1
k8s.io/client-go/kubernetes/typed/apiserverinternal/v1alpha1
k8s.io/client-go/kubernetes/typed/certificates/v1
k8s.io/client-go/kubernetes/typed/certificates/v1alpha1
k8s.io/client-go/kubernetes/typed/coordination/v1alpha2
k8s.io/client-go/kubernetes/typed/autoscaling/v1
k8s.io/client-go/kubernetes/typed/certificates/v1beta1
k8s.io/client-go/kubernetes/typed/autoscaling/v2
k8s.io/client-go/kubernetes/typed/admissionregistration/v1
k8s.io/client-go/applyconfigurations/admissionregistration/v1alpha1
k8s.io/client-go/applyconfigurations/admissionregistration/v1beta1
k8s.io/client-go/kubernetes/typed/autoscaling/v2beta1
k8s.io/client-go/kubernetes/typed/autoscaling/v2beta2
k8s.io/client-go/kubernetes/typed/coordination/v1beta1
k8s.io/client-go/kubernetes/typed/flowcontrol/v1
k8s.io/client-go/kubernetes/typed/flowcontrol/v1beta1
k8s.io/client-go/applyconfigurations/flowcontrol/v1beta2
k8s.io/client-go/applyconfigurations/flowcontrol/v1beta3
k8s.io/client-go/applyconfigurations/policy/v1
k8s.io/client-go/applyconfigurations/policy/v1beta1
k8s.io/client-go/applyconfigurations/rbac/v1
k8s.io/client-go/applyconfigurations/rbac/v1alpha1
k8s.io/client-go/applyconfigurations/rbac/v1beta1
k8s.io/client-go/applyconfigurations/resource/v1alpha3
k8s.io/client-go/applyconfigurations/scheduling/v1alpha1
k8s.io/client-go/applyconfigurations/scheduling/v1
k8s.io/client-go/applyconfigurations/scheduling/v1beta1
k8s.io/client-go/kubernetes/typed/flowcontrol/v1beta2
k8s.io/client-go/applyconfigurations/storagemigration/v1alpha1
k8s.io/client-go/kubernetes/typed/policy/v1
k8s.io/client-go/kubernetes/typed/policy/v1beta1
k8s.io/client-go/kubernetes/typed/admissionregistration/v1alpha1
k8s.io/client-go/kubernetes/typed/rbac/v1beta1
k8s.io/client-go/kubernetes/typed/flowcontrol/v1beta3
k8s.io/client-go/kubernetes/typed/admissionregistration/v1beta1
k8s.io/client-go/kubernetes/typed/resource/v1alpha3
k8s.io/client-go/kubernetes/typed/rbac/v1
k8s.io/client-go/kubernetes/typed/scheduling/v1
k8s.io/client-go/kubernetes/typed/scheduling/v1alpha1
k8s.io/client-go/kubernetes/typed/scheduling/v1beta1
sigs.k8s.io/controller-runtime/pkg/client
k8s.io/apiextensions-apiserver/pkg/client/applyconfiguration/apiextensions/v1
k8s.io/client-go/kubernetes/typed/rbac/v1alpha1
k8s.io/apiextensions-apiserver/pkg/client/applyconfiguration/apiextensions/v1beta1
k8s.io/client-go/kubernetes/typed/storagemigration/v1alpha1
kubevirt.io/client-go/containerizeddataimporter
kubevirt.io/client-go/prometheusoperator
k8s.io/apiextensions-apiserver/pkg/client/clientset/clientset/typed/apiextensions/v1
kubevirt.io/api/migrations/v1alpha1
kubevirt.io/api/pool/v1alpha1
kubevirt.io/api/snapshot/v1beta1
kubevirt.io/api/instancetype/v1beta1
kubevirt.io/api/pool/v1beta1
k8s.io/apiextensions-apiserver/pkg/client/clientset/clientset/typed/apiextensions/v1beta1
kubevirt.io/api/snapshot/v1alpha1
k8s.io/apiextensions-apiserver/pkg/client/clientset/clientset
kubevirt.io/api/clone/v1beta1
sigs.k8s.io/controller-runtime/pkg/reconcile
sigs.k8s.io/controller-runtime/pkg/cache/internal
sigs.k8s.io/controller-runtime/pkg/controller/controllerutil
sigs.k8s.io/controller-runtime/pkg/event
k8s.io/client-go/applyconfigurations/discovery/v1
k8s.io/client-go/applyconfigurations/batch/v1
k8s.io/client-go/applyconfigurations/apps/v1beta1
k8s.io/client-go/applyconfigurations/apps/v1
k8s.io/client-go/applyconfigurations/apps/v1beta2
k8s.io/client-go/applyconfigurations/discovery/v1beta1
k8s.io/client-go/kubernetes/typed/core/v1
k8s.io/client-go/applyconfigurations/events/v1
k8s.io/client-go/applyconfigurations/events/v1beta1
k8s.io/client-go/applyconfigurations/extensions/v1beta1
k8s.io/client-go/applyconfigurations/node/v1
k8s.io/client-go/applyconfigurations/networking/v1beta1
k8s.io/client-go/applyconfigurations/networking/v1
k8s.io/client-go/applyconfigurations/node/v1alpha1
k8s.io/client-go/applyconfigurations/node/v1beta1
k8s.io/client-go/applyconfigurations/resource/v1
k8s.io/client-go/kubernetes/typed/events/v1
k8s.io/client-go/kubernetes/typed/events/v1beta1
k8s.io/client-go/kubernetes/typed/node/v1
k8s.io/client-go/kubernetes/typed/discovery/v1beta1
k8s.io/client-go/kubernetes/typed/discovery/v1
k8s.io/client-go/kubernetes/typed/networking/v1beta1
k8s.io/client-go/applyconfigurations/resource/v1beta1
k8s.io/client-go/kubernetes/typed/batch/v1
k8s.io/client-go/kubernetes/typed/apps/v1beta1
k8s.io/client-go/applyconfigurations/batch/v1beta1
k8s.io/client-go/kubernetes/typed/node/v1alpha1
k8s.io/client-go/kubernetes/typed/networking/v1
k8s.io/client-go/kubernetes/typed/node/v1beta1
k8s.io/client-go/applyconfigurations/resource/v1beta2
k8s.io/client-go/applyconfigurations/storage/v1
k8s.io/client-go/kubernetes/typed/apps/v1
k8s.io/client-go/applyconfigurations/storage/v1alpha1
k8s.io/client-go/kubernetes/typed/apps/v1beta2
k8s.io/client-go/kubernetes/typed/extensions/v1beta1
k8s.io/client-go/applyconfigurations/storage/v1beta1
k8s.io/client-go/kubernetes/typed/resource/v1
sigs.k8s.io/controller-runtime/pkg/cache
sigs.k8s.io/controller-runtime/pkg/handler
k8s.io/client-go/kubernetes/typed/batch/v1beta1
sigs.k8s.io/controller-runtime/pkg/predicate
kubevirt.io/client-go/kubevirt/scheme
k8s.io/client-go/kubernetes/typed/resource/v1beta1
k8s.io/client-go/kubernetes/typed/storage/v1
kubevirt.io/client-go/kubevirt/typed/backup/v1alpha1
k8s.io/client-go/kubernetes/typed/storage/v1alpha1
kubevirt.io/client-go/kubevirt/typed/clone/v1alpha1
kubevirt.io/client-go/kubevirt/typed/clone/v1beta1
kubevirt.io/client-go/kubevirt/typed/core/v1
sigs.k8s.io/controller-runtime/pkg/internal/source
kubevirt.io/client-go/kubevirt/typed/export/v1alpha1
kubevirt.io/client-go/kubevirt/typed/export/v1beta1
k8s.io/client-go/kubernetes/typed/resource/v1beta2
kubevirt.io/client-go/kubevirt/typed/instancetype/v1beta1
sigs.k8s.io/controller-runtime/pkg/source
k8s.io/client-go/kubernetes/typed/storage/v1beta1
kubevirt.io/client-go/kubevirt/typed/migrations/v1alpha1
kubevirt.io/client-go/kubevirt/typed/pool/v1alpha1
kubevirt.io/client-go/kubevirt/typed/pool/v1beta1
kubevirt.io/client-go/kubevirt/typed/snapshot/v1alpha1
kubevirt.io/client-go/kubevirt/typed/snapshot/v1beta1
sigs.k8s.io/controller-runtime/pkg/internal/recorder
k8s.io/client-go/kubernetes
kubevirt.io/client-go/kubevirt
sigs.k8s.io/controller-runtime/pkg/cluster
k8s.io/client-go/informers/internalinterfaces
github.com/kube-burner/kube-burner/v2/pkg/util/cluster
k8s.io/client-go/tools/leaderelection/resourcelock
github.com/kube-burner/kube-burner/v2/pkg/util
github.com/kube-burner/kube-burner/v2/pkg/measurements/util
kubevirt.io/client-go/kubecli
sigs.k8s.io/controller-runtime/pkg/leaderelection
k8s.io/client-go/informers/apiserverinternal/v1alpha1
k8s.io/client-go/informers/apps/v1beta1
k8s.io/client-go/informers/autoscaling/v2beta1
k8s.io/client-go/informers/autoscaling/v1
k8s.io/client-go/informers/admissionregistration/v1alpha1
k8s.io/client-go/informers/admissionregistration/v1
k8s.io/client-go/informers/autoscaling/v2beta2
k8s.io/client-go/informers/autoscaling/v2
k8s.io/client-go/informers/apps/v1beta2
k8s.io/client-go/informers/apps/v1
k8s.io/client-go/informers/admissionregistration/v1beta1
k8s.io/client-go/informers/batch/v1
k8s.io/client-go/informers/batch/v1beta1
k8s.io/client-go/informers/certificates/v1
github.com/kube-burner/kube-burner/v2/pkg/config
k8s.io/client-go/informers/certificates/v1alpha1
k8s.io/client-go/informers/certificates/v1beta1
k8s.io/client-go/informers/coordination/v1
k8s.io/client-go/informers/coordination/v1alpha2
k8s.io/client-go/informers/coordination/v1beta1
k8s.io/client-go/informers/core/v1
k8s.io/client-go/informers/discovery/v1
k8s.io/client-go/informers/autoscaling
k8s.io/client-go/informers/discovery/v1beta1
k8s.io/client-go/informers/events/v1
k8s.io/client-go/informers/apiserverinternal
k8s.io/client-go/informers/batch
k8s.io/client-go/informers/admissionregistration
k8s.io/client-go/informers/apps
github.com/kube-burner/kube-burner/v2/pkg/prometheus
github.com/kube-burner/kube-burner/v2/pkg/alerting
k8s.io/client-go/informers/events/v1beta1
k8s.io/client-go/informers/extensions/v1beta1
k8s.io/client-go/informers/flowcontrol/v1
k8s.io/client-go/informers/flowcontrol/v1beta1
k8s.io/client-go/informers/flowcontrol/v1beta2
k8s.io/client-go/informers/certificates
k8s.io/client-go/informers/discovery
k8s.io/client-go/informers/flowcontrol/v1beta3
k8s.io/client-go/informers/networking/v1
k8s.io/client-go/informers/networking/v1beta1
k8s.io/client-go/informers/node/v1
k8s.io/client-go/informers/node/v1alpha1
k8s.io/client-go/informers/node/v1beta1
k8s.io/client-go/informers/coordination
k8s.io/client-go/informers/policy/v1
k8s.io/client-go/informers/core
k8s.io/client-go/informers/policy/v1beta1
k8s.io/client-go/informers/rbac/v1alpha1
k8s.io/client-go/informers/rbac/v1
k8s.io/client-go/informers/rbac/v1beta1
k8s.io/client-go/informers/events
k8s.io/client-go/informers/resource/v1
k8s.io/client-go/informers/networking
k8s.io/client-go/informers/resource/v1alpha3
k8s.io/client-go/informers/resource/v1beta1
k8s.io/client-go/informers/extensions
k8s.io/client-go/informers/resource/v1beta2
k8s.io/client-go/informers/flowcontrol
k8s.io/client-go/informers/scheduling/v1
k8s.io/client-go/informers/node
k8s.io/client-go/informers/scheduling/v1alpha1
k8s.io/client-go/informers/scheduling/v1beta1
k8s.io/client-go/informers/policy
k8s.io/client-go/informers/storage/v1
k8s.io/client-go/informers/storage/v1alpha1
k8s.io/client-go/informers/storage/v1beta1
k8s.io/client-go/informers/storagemigration/v1alpha1
k8s.io/client-go/informers/rbac
github.com/kube-burner/kube-burner/v2/pkg/watchers
github.com/kube-burner/kube-burner/v2/pkg/util/metrics
k8s.io/client-go/informers/resource
k8s.io/client-go/informers/scheduling
k8s.io/client-go/informers/storagemigration
k8s.io/client-go/informers/storage
k8s.io/client-go/informers
k8s.io/client-go/tools/leaderelection
sigs.k8s.io/controller-runtime/pkg/metrics
github.com/kedacore/keda/v2/pkg/metricscollector/webhook
sigs.k8s.io/controller-runtime/pkg/internal/controller/metrics
sigs.k8s.io/controller-runtime/pkg/webhook/admission/metrics
sigs.k8s.io/controller-runtime/pkg/webhook/internal/metrics
sigs.k8s.io/controller-runtime/pkg/certwatcher/metrics
sigs.k8s.io/controller-runtime/pkg/certwatcher
sigs.k8s.io/controller-runtime/pkg/internal/controller
sigs.k8s.io/controller-runtime/pkg/webhook/admission
sigs.k8s.io/controller-runtime/pkg/metrics/server
sigs.k8s.io/controller-runtime/pkg/webhook
sigs.k8s.io/controller-runtime/pkg/manager
sigs.k8s.io/controller-runtime/pkg/controller
sigs.k8s.io/controller-runtime/pkg/builder
sigs.k8s.io/controller-runtime
github.com/kedacore/keda/v2/apis/keda/v1alpha1
github.com/kube-burner/kube-burner/v2/pkg/measurements
github.com/kube-burner/kube-burner/v2/pkg/burner
github.com/kube-burner/kube-burner/v2/cmd/kube-burner
