go: downloading github.com/MicahParks/keyfunc/v2 v2.1.0
go: downloading github.com/openfga/api/proto v0.0.0-20260319214821-f153694bfc20
go: downloading github.com/spf13/viper v1.20.1
go: downloading github.com/stretchr/testify v1.12.1
go: downloading github.com/google/cel-go v0.31.0
go: downloading github.com/natefinch/wrap v0.2.0
go: downloading github.com/grpc-ecosystem/go-grpc-middleware/v2 v2.3.3
go: downloading github.com/sourcegraph/conc v0.3.0
go: downloading github.com/openfga/language/pkg/go v0.3.2-0.20260730144454-83fedf8a4e70
go: downloading github.com/grpc-ecosystem/go-grpc-middleware/providers/prometheus v1.1.0
go: downloading github.com/oklog/ulid/v2 v2.1.2
go: downloading github.com/rs/cors v1.11.1
go: downloading sigs.k8s.io/controller-runtime v0.23.3
go: downloading gonum.org/v1/gonum v0.17.0
go: downloading go.opentelemetry.io/otel/exporters/otlp/otlptrace/otlptracegrpc v1.45.0
go: downloading go.opentelemetry.io/otel/sdk v1.45.0
go: downloading github.com/jackc/pgx/v5 v5.10.0
go: downloading github.com/go-sql-driver/mysql v1.10.0
go: downloading github.com/pressly/goose/v3 v3.27.3
go: downloading github.com/IBM/pgxpoolprometheus v1.1.3
go: downloading go.opentelemetry.io/otel/exporters/otlp/otlptrace v1.45.0
go: downloading github.com/Masterminds/squirrel v1.5.4
go: downloading github.com/Yiling-J/theine-go v0.6.2
go: downloading modernc.org/sqlite v1.57.0
go: downloading google.golang.org/genproto/googleapis/rpc v0.0.0-20260803160001-6ac0973c030d
go: downloading google.golang.org/genproto/googleapis/api v0.0.0-20260803160001-6ac0973c030d
go: downloading github.com/sagikazarmark/locafero v0.9.0
go: downloading github.com/antlr4-go/antlr/v4 v4.13.1
go: downloading filippo.io/edwards25519 v1.2.0
go: downloading github.com/lann/builder v0.0.0-20180802200727-47ae307949d0
go: downloading github.com/sethvargo/go-retry v0.4.0
go: downloading github.com/lann/ps v0.0.0-20150810152359-62de8c46ede0
go: downloading golang.org/x/exp v0.0.0-20260718201538-764159d718ef
go: downloading github.com/mfridman/interpolate v0.0.2
go: downloading github.com/zeebo/xxh3 v1.0.2
go: downloading k8s.io/apimachinery v0.35.0
go: downloading k8s.io/client-go v0.35.0
go: downloading github.com/klauspost/cpuid/v2 v2.0.9
go: downloading golang.org/x/time v0.11.0
go: downloading k8s.io/api v0.35.0
go: downloading sigs.k8s.io/structured-merge-diff/v6 v6.3.2-0.20260122202528-d9cc6641c482
go: downloading github.com/go-openapi/swag v0.28.0
go: downloading github.com/go-openapi/swag/netutils v0.28.0
go: downloading github.com/go-openapi/swag/mangling v0.28.0
go: downloading github.com/go-openapi/swag/fileutils v0.28.0
go: downloading github.com/go-openapi/swag/cmdutils v0.28.0
go: downloading modernc.org/libc v1.74.4
go: downloading modernc.org/mathutil v1.7.1
go: downloading modernc.org/memory v1.11.0
go: downloading github.com/remyoudompheng/bigfft v0.0.0-20230129092748-24d4a6f8daec
[3m[37m 🚀 [34m Building the OpenFGA binary within /home/jake/sbomit-overhead-experiment/repos/openfga/dist/openfga [37m [23m
github.com/openfga/openfga/internal/build
github.com/spf13/viper/internal/features
github.com/jackc/pgx/v5/internal/pgio
go.opentelemetry.io/otel/sdk
github.com/pressly/goose/v3/database/dialect
github.com/openfga/openfga/internal/utils/apimethod
gonum.org/v1/gonum/blas
go.opentelemetry.io/otel/exporters/otlp/otlptrace/otlptracegrpc/internal/counter
github.com/google/cel-go/common/operators
gonum.org/v1/gonum/graph
github.com/google/cel-go/common/overloads
gonum.org/v1/gonum/internal/asm/f64
github.com/openfga/openfga/pkg/featureflags
k8s.io/apimachinery/pkg/selection
github.com/Yiling-J/theine-go/internal/bf
github.com/sourcegraph/conc/panics
github.com/sourcegraph/conc/internal/multierror
github.com/spf13/viper/internal/encoding/json
github.com/spf13/viper/internal/encoding/yaml
github.com/jackc/pgx/v5/internal/sanitize
github.com/jackc/pgx/v5/internal/iobufpool
github.com/jackc/pgx/v5/pgconn/ctxwatch
github.com/spf13/viper/internal/encoding/dotenv
github.com/spf13/viper/internal/encoding/toml
golang.org/x/text/width
github.com/Yiling-J/theine-go/internal/clock
github.com/Yiling-J/theine-go/internal/hasher
github.com/Yiling-J/theine-go/internal/xruntime
github.com/sourcegraph/conc
github.com/jackc/pgx/v5/pgtype
github.com/stretchr/testify/assert/yaml
github.com/stretchr/testify/internal/difflib
github.com/stretchr/testify/internal/spew
github.com/klauspost/cpuid/v2
github.com/jackc/pgx/v5/pgconn/internal/bgreader
github.com/emirpasic/gods/trees/redblacktree
github.com/jackc/pgx/v5/pgproto3
google.golang.org/grpc/internal/credentials
google.golang.org/genproto/googleapis/api/httpbody
github.com/grpc-ecosystem/grpc-gateway/v2/protoc-gen-openapiv2/options
github.com/sourcegraph/conc/iter
google.golang.org/grpc/internal
github.com/sagikazarmark/locafero
google.golang.org/grpc/internal/pretty
google.golang.org/grpc/binarylog/grpc_binarylog_v1
golang.org/x/text/secure/precis
google.golang.org/genproto/googleapis/rpc/status
google.golang.org/grpc/credentials
google.golang.org/grpc/internal/syscall
google.golang.org/grpc/internal/resolver/dns/internal
google.golang.org/grpc/metadata
github.com/spf13/viper
google.golang.org/grpc/codes
google.golang.org/grpc/internal/mem
google.golang.org/genproto/googleapis/api
google.golang.org/genproto/googleapis/api/visibility
google.golang.org/grpc/internal/status
google.golang.org/grpc/stats
google.golang.org/grpc/internal/channelz
google.golang.org/grpc/credentials/insecure
google.golang.org/grpc/internal/grpcutil
google.golang.org/grpc/internal/balancerload
google.golang.org/grpc/mem
google.golang.org/grpc/peer
google.golang.org/grpc/experimental/stats
github.com/zeebo/xxh3
google.golang.org/grpc/tap
google.golang.org/genproto/googleapis/api/annotations
google.golang.org/grpc/status
github.com/prometheus/common/expfmt
github.com/stretchr/testify/assert
github.com/prometheus/procfs
github.com/oklog/ulid/v2
google.golang.org/grpc/resolver
google.golang.org/grpc/encoding
google.golang.org/grpc/internal/binarylog
google.golang.org/grpc/internal/stats
google.golang.org/grpc/internal/transport/readyreader
google.golang.org/grpc/encoding/proto
google.golang.org/grpc/experimental/balancer/weight
google.golang.org/grpc/internal/metadata
google.golang.org/grpc/channelz
google.golang.org/grpc/internal/proxyattributes
google.golang.org/grpc/balancer
google.golang.org/grpc/internal/transport/networktype
google.golang.org/grpc/internal/resolver/passthrough
google.golang.org/grpc/balancer/grpclb/state
go.opentelemetry.io/otel/propagation
go.opentelemetry.io/otel/sdk/instrumentation
google.golang.org/grpc/internal/transport
google.golang.org/grpc/internal/resolver/unix
go.opentelemetry.io/otel/sdk/internal/attrnorm
google.golang.org/grpc/internal/resolver/dns
go.opentelemetry.io/otel/sdk/internal/x
go.opentelemetry.io/otel/semconv/v1.43.0/otelconv
go.opentelemetry.io/otel/exporters/otlp/otlptrace/otlptracegrpc/internal
google.golang.org/grpc/balancer/base
google.golang.org/grpc/balancer/pickfirst
github.com/openfga/openfga/cmd
google.golang.org/grpc/internal/serviceconfig
go.opentelemetry.io/otel/exporters/otlp/otlptrace/otlptracegrpc/internal/x
go.opentelemetry.io/otel/internal/global
google.golang.org/grpc/resolver/dns
go.opentelemetry.io/otel/exporters/otlp/otlptrace/otlptracegrpc/internal/retry
google.golang.org/grpc/encoding/gzip
google.golang.org/grpc/internal/resolver
google.golang.org/genproto/googleapis/rpc/errdetails
github.com/lann/ps
filippo.io/edwards25519/field
google.golang.org/grpc/balancer/endpointsharding
google.golang.org/grpc/internal/balancer/gracefulswitch
github.com/openfga/openfga/pkg/encrypter
github.com/openfga/openfga/pkg/server/config
github.com/lann/builder
github.com/pressly/goose/v3/internal/dialects
github.com/pressly/goose/v3/internal/gooseutil
github.com/mfridman/interpolate
github.com/pressly/goose/v3/lock/internal/store
github.com/sethvargo/go-retry
modernc.org/libc/uuid/uuid
github.com/remyoudompheng/bigfft
github.com/Masterminds/squirrel
google.golang.org/grpc/balancer/roundrobin
github.com/pressly/goose/v3/database
filippo.io/edwards25519
github.com/stretchr/testify/require
github.com/pressly/goose/v3/internal/sqlparser
modernc.org/memory
modernc.org/libc/sys/types
modernc.org/sqlite/vtab
go.opentelemetry.io/otel
go.opentelemetry.io/otel/sdk/trace/internal/env
go.opentelemetry.io/otel/exporters/otlp/otlptrace/otlptracegrpc/internal/envconfig
github.com/pressly/goose/v3/lock/internal/table
modernc.org/mathutil
github.com/felixge/httpsnoop
github.com/pressly/goose/v3/internal/controller
github.com/pressly/goose/v3/internal/legacystore
go.opentelemetry.io/contrib/instrumentation/net/http/otelhttp/internal/request
go.opentelemetry.io/contrib/instrumentation/net/http/otelhttp/internal/semconv
go.opentelemetry.io/otel/sdk/resource
go.opentelemetry.io/otel/sdk/trace/internal/observ
go.opentelemetry.io/otel/exporters/otlp/otlptrace/otlptracegrpc/internal/observ
github.com/pressly/goose/v3/lock
github.com/go-sql-driver/mysql
github.com/openfga/openfga/assets
github.com/moby/moby/api/pkg/stdcopy
golang.org/x/exp/slices
github.com/antlr4-go/antlr/v4
github.com/openfga/language/pkg/go/errors
github.com/pressly/goose/v3
github.com/golang-jwt/jwt/v5
github.com/openfga/openfga/pkg/authclaims
gonum.org/v1/gonum/floats/scalar
math/cmplx
gonum.org/v1/gonum/mathext/internal/gonum
gonum.org/v1/gonum/floats
github.com/Yiling-J/theine-go/internal
gonum.org/v1/gonum/internal/math32
gonum.org/v1/gonum/mathext/internal/cephes
gonum.org/v1/gonum/mathext/internal/amos
gonum.org/v1/gonum/internal/asm/c128
go.opentelemetry.io/otel/sdk/trace
google.golang.org/grpc/internal/resolver/delegatingresolver
github.com/prometheus/client_golang/prometheus
gonum.org/v1/gonum/internal/cmplx64
gonum.org/v1/gonum/internal/asm/f32
gonum.org/v1/gonum/lapack
gonum.org/v1/gonum/internal/asm/c64
google.golang.org/grpc
gonum.org/v1/gonum/mathext
github.com/MicahParks/keyfunc/v2
gonum.org/v1/gonum/stat/combin
modernc.org/libc
github.com/Yiling-J/theine-go
github.com/emirpasic/gods/sets
gonum.org/v1/gonum/graph/encoding
github.com/emirpasic/gods/sets/hashset
gonum.org/v1/gonum/graph/formats/dot/ast
gonum.org/v1/gonum/graph/formats/dot/internal/token
gonum.org/v1/gonum/graph/internal/set
gonum.org/v1/gonum/internal/order
gonum.org/v1/gonum/graph/iterator
gonum.org/v1/gonum/graph/internal/linear
gonum.org/v1/gonum/graph/set/uid
google.golang.org/genproto/googleapis/api/expr/v1alpha1
gonum.org/v1/gonum/graph/formats/dot/internal/lexer
gonum.org/v1/gonum/graph/formats/dot/internal/astx
gonum.org/v1/gonum/graph/formats/dot/internal/errors
gonum.org/v1/gonum/graph/traverse
go.opentelemetry.io/otel/exporters/otlp/otlptrace/internal/tracetransform
github.com/google/cel-go/common/runes
google.golang.org/protobuf/types/dynamicpb
gonum.org/v1/gonum/blas/gonum
gonum.org/v1/gonum/graph/formats/dot/internal/parser
gonum.org/v1/gonum/graph/multi
gonum.org/v1/gonum/graph/topo
github.com/natefinch/wrap
github.com/openfga/openfga/internal/utils
github.com/sourcegraph/conc/pool
github.com/openfga/openfga/internal/errors
go.opentelemetry.io/otel/exporters/otlp/otlptrace
github.com/openfga/openfga/internal/concurrency
github.com/openfga/openfga/pkg/dispatch
gonum.org/v1/gonum/graph/formats/dot
github.com/openfga/openfga/internal/containers/mpsc
github.com/openfga/openfga/internal/containers
github.com/openfga/openfga/internal/containers/mpmc
github.com/openfga/openfga/internal/listobjects/pipeline/internal/track
gonum.org/v1/gonum/graph/encoding/dot
github.com/emirpasic/gods/queues
github.com/openfga/openfga/internal/stack
github.com/prometheus/client_golang/internal/github.com/golang/gddo/httputil/header
github.com/rs/cors/internal
go.opentelemetry.io/contrib/instrumentation/google.golang.org/grpc/otelgrpc/internal
go.opentelemetry.io/otel/semconv/v1.37.0/rpcconv
go.opentelemetry.io/otel/semconv/v1.43.0/rpcconv
go.opentelemetry.io/otel/semconv/internal
github.com/emirpasic/gods/queues/arrayqueue
github.com/google/cel-go/checker/decls
github.com/google/cel-go/common
github.com/google/cel-go/common/types/ref
github.com/google/cel-go/common/types/pb
github.com/prometheus/client_golang/internal/github.com/golang/gddo/httputil
github.com/google/cel-go/common/functions
github.com/google/cel-go/common/types/traits
github.com/rs/cors
k8s.io/apimachinery/pkg/util/sets
k8s.io/klog/v2/internal/serialize
go.opentelemetry.io/otel/semconv/v1.12.0
k8s.io/apimachinery/pkg/runtime/serializer/cbor/internal/modes
k8s.io/apimachinery/third_party/forked/golang/reflect
k8s.io/apimachinery/pkg/fields
k8s.io/klog/v2
k8s.io/apimachinery/pkg/api/validate/constraints
k8s.io/apimachinery/pkg/api/validate/content
k8s.io/utils/internal/third_party/forked/golang/net
k8s.io/apimachinery/pkg/api/operation
k8s.io/apimachinery/pkg/runtime/serializer/cbor/direct
k8s.io/apimachinery/pkg/conversion/queryparams
k8s.io/apimachinery/pkg/conversion
k8s.io/utils/net
k8s.io/apimachinery/pkg/runtime/schema
github.com/prometheus/client_golang/prometheus/promauto
github.com/prometheus/client_golang/prometheus/collectors
github.com/prometheus/client_golang/prometheus/promhttp
k8s.io/apimachinery/pkg/api/resource
github.com/google/cel-go/common/types
k8s.io/apimachinery/pkg/util/json
k8s.io/apimachinery/pkg/util/naming
k8s.io/kube-openapi/pkg/util
github.com/openfga/openfga/internal/condition/metrics
github.com/openfga/openfga/internal/check/metrics
sigs.k8s.io/structured-merge-diff/v6/value
k8s.io/apimachinery/pkg/types
k8s.io/apimachinery/pkg/api/safe
github.com/google/gnostic-models/extensions
github.com/google/gnostic-models/jsonschema
k8s.io/apimachinery/pkg/util/framer
k8s.io/apimachinery/pkg/util/yaml
k8s.io/apimachinery/pkg/util/runtime
google.golang.org/grpc/health/grpc_health_v1
go.opentelemetry.io/otel/exporters/otlp/otlptrace/otlptracegrpc/internal/otlpconfig
github.com/grpc-ecosystem/go-grpc-middleware
github.com/grpc-ecosystem/go-grpc-middleware/v2/interceptors
google.golang.org/grpc/reflection/grpc_reflection_v1
google.golang.org/grpc/reflection/grpc_reflection_v1alpha
github.com/grpc-ecosystem/go-grpc-middleware/v2
github.com/grpc-ecosystem/go-grpc-middleware/tags
github.com/grpc-ecosystem/go-grpc-middleware/v2/interceptors/recovery
github.com/grpc-ecosystem/go-grpc-middleware/v2/interceptors/auth
github.com/grpc-ecosystem/go-grpc-middleware/v2/interceptors/validator
go.opentelemetry.io/contrib/instrumentation/google.golang.org/grpc/otelgrpc
github.com/grpc-ecosystem/grpc-gateway/v2/runtime
k8s.io/apimachinery/pkg/util/errors
github.com/grpc-ecosystem/go-grpc-middleware/logging/zap/ctxzap
github.com/openfga/openfga/pkg/middleware/requestid
github.com/openfga/openfga/pkg/middleware/storeid
github.com/openfga/language/pkg/go/gen
github.com/google/cel-go/parser/gen
github.com/openfga/openfga/pkg/server/health
github.com/openfga/openfga/pkg/logger
k8s.io/apimachinery/pkg/util/wait
k8s.io/apimachinery/pkg/util/validation/field
gonum.org/v1/gonum/blas/blas64
gonum.org/v1/gonum/blas/cblas128
google.golang.org/grpc/reflection/internal
github.com/openfga/openfga/pkg/middleware/validator
k8s.io/apimachinery/pkg/util/intstr
github.com/openfga/openfga/pkg/gateway
github.com/openfga/openfga/pkg/middleware
gonum.org/v1/gonum/lapack/gonum
k8s.io/apimachinery/pkg/util/net
github.com/google/gnostic-models/compiler
k8s.io/apimachinery/pkg/version
github.com/go-openapi/swag/cmdutils
github.com/go-openapi/swag/fileutils
go.opentelemetry.io/contrib/instrumentation/net/http/otelhttp
github.com/go-openapi/swag/loading
github.com/go-openapi/swag/mangling
google.golang.org/grpc/reflection
k8s.io/apimachinery/pkg/util/validation
k8s.io/apimachinery/pkg/runtime
github.com/go-openapi/swag/netutils
k8s.io/kube-openapi/pkg/internal/third_party/go-json-experiment/json
sigs.k8s.io/structured-merge-diff/v6/schema
github.com/grpc-ecosystem/go-grpc-middleware/providers/prometheus
github.com/go-openapi/swag
github.com/google/gnostic-models/openapiv2
github.com/google/gnostic-models/openapiv3
k8s.io/apimachinery/pkg/labels
github.com/moby/moby/client
sigs.k8s.io/structured-merge-diff/v6/fieldpath
k8s.io/apimachinery/pkg/util/version
github.com/google/cel-go/common/decls
github.com/google/cel-go/common/ast
github.com/openfga/api/proto/openfga/v1
go.opentelemetry.io/proto/otlp/collector/trace/v1
github.com/openfga/api/proto/authzen/v1
github.com/google/cel-go/common/env
go.opentelemetry.io/otel/exporters/otlp/otlptrace/otlptracegrpc
github.com/google/cel-go/common/stdlib
k8s.io/apimachinery/pkg/watch
k8s.io/apimachinery/pkg/runtime/serializer/recognizer
sigs.k8s.io/structured-merge-diff/v6/typed
github.com/google/cel-go/common/containers
github.com/openfga/openfga/internal/telemetry
github.com/google/cel-go/common/debug
github.com/google/cel-go/interpreter
k8s.io/apimachinery/pkg/apis/meta/v1
github.com/openfga/openfga/internal/throttler
github.com/openfga/openfga/internal/throttler/threshold
k8s.io/apimachinery/pkg/runtime/serializer/streaming
k8s.io/client-go/features
k8s.io/client-go/pkg/version
k8s.io/apimachinery/pkg/util/dump
k8s.io/client-go/tools/clientcmd/api
k8s.io/client-go/tools/metrics
k8s.io/client-go/util/connrotation
golang.org/x/time/rate
k8s.io/client-go/util/keyutil
k8s.io/kube-openapi/pkg/cached
github.com/emicklei/go-restful/v3
k8s.io/client-go/util/workqueue
gonum.org/v1/gonum/lapack/lapack64
k8s.io/client-go/util/cert
k8s.io/client-go/util/flowcontrol
github.com/google/cel-go/parser
k8s.io/kube-openapi/pkg/internal
sigs.k8s.io/structured-merge-diff/v6/merge
gonum.org/v1/gonum/mat
k8s.io/client-go/applyconfigurations/internal
k8s.io/apimachinery/pkg/util/mergepatch
k8s.io/apimachinery/third_party/forked/golang/json
github.com/jackc/pgx/v5/pgconn
k8s.io/apimachinery/pkg/util/cache
k8s.io/apimachinery/pkg/util/diff
k8s.io/client-go/tools/cache/synctrack
k8s.io/utils/trace
sigs.k8s.io/controller-runtime/pkg/log
github.com/google/cel-go/cel/async
k8s.io/client-go/transport
sigs.k8s.io/controller-runtime/pkg/internal/log
k8s.io/kube-openapi/pkg/validation/spec
k8s.io/kube-openapi/pkg/util/proto
github.com/google/cel-go/checker
github.com/jackc/pgx/v5/internal/stmtcache
github.com/jackc/pgx/v5
k8s.io/kube-openapi/pkg/spec3
k8s.io/kube-openapi/pkg/schemaconv
gonum.org/v1/gonum/optimize/convex/lp
k8s.io/api/coordination/v1
k8s.io/apimachinery/pkg/api/errors
k8s.io/api/admissionregistration/v1
k8s.io/api/apiserverinternal/v1alpha1
k8s.io/api/certificates/v1alpha1
k8s.io/apimachinery/pkg/api/equality
k8s.io/api/flowcontrol/v1
k8s.io/api/core/v1
k8s.io/api/flowcontrol/v1beta1
k8s.io/api/flowcontrol/v1beta2
github.com/google/cel-go/cel
k8s.io/apimachinery/pkg/api/validate
gonum.org/v1/gonum/stat
k8s.io/api/flowcontrol/v1beta3
k8s.io/api/policy/v1
k8s.io/api/policy/v1beta1
k8s.io/api/coordination/v1beta1
k8s.io/api/coordination/v1alpha2
github.com/jackc/pgx/v5/pgxpool
gonum.org/v1/gonum/stat/distuv
k8s.io/api/rbac/v1
k8s.io/api/rbac/v1alpha1
k8s.io/api/rbac/v1beta1
k8s.io/api/resource/v1alpha3
k8s.io/api/storagemigration/v1beta1
github.com/openfga/openfga/pkg/storage/cache/keys
github.com/openfga/openfga/pkg/tuple
github.com/jackc/pgx/v5/stdlib
github.com/IBM/pgxpoolprometheus
github.com/openfga/language/pkg/go/utils
github.com/openfga/openfga/internal/authn
github.com/openfga/language/pkg/go/graph
k8s.io/api/apidiscovery/v2
k8s.io/api/apidiscovery/v2beta1
github.com/openfga/openfga/pkg/storage
github.com/openfga/language/pkg/go/transformer
k8s.io/apimachinery/pkg/api/meta
k8s.io/api/admissionregistration/v1alpha1
github.com/openfga/openfga/internal/planner
k8s.io/api/admissionregistration/v1beta1
k8s.io/apimachinery/pkg/apis/meta/v1/unstructured
github.com/openfga/openfga/internal/authn/oidc
github.com/openfga/openfga/internal/authn/presharedkey
github.com/openfga/openfga/internal/middleware/authn
k8s.io/api/authentication/v1
k8s.io/api/authorization/v1
k8s.io/apimachinery/pkg/apis/meta/v1/validation
k8s.io/client-go/pkg/apis/clientauthentication
k8s.io/client-go/rest/watch
k8s.io/kube-openapi/pkg/common
k8s.io/apimachinery/pkg/runtime/serializer/versioning
k8s.io/apimachinery/pkg/runtime/serializer/cbor
k8s.io/client-go/pkg/apis/clientauthentication/v1
k8s.io/client-go/pkg/apis/clientauthentication/v1beta1
k8s.io/apimachinery/pkg/runtime/serializer/json
github.com/openfga/openfga/pkg/testutils
k8s.io/apimachinery/pkg/runtime/serializer/protobuf
k8s.io/apimachinery/pkg/api/validation
k8s.io/client-go/pkg/apis/clientauthentication/install
github.com/openfga/openfga/internal/condition/types
k8s.io/apimachinery/pkg/api/meta/testrestmapper
k8s.io/api/authentication/v1alpha1
github.com/openfga/openfga/internal/listobjects/pipeline/internal/worker
k8s.io/api/authentication/v1beta1
github.com/openfga/openfga/pkg/storage/memory
github.com/openfga/openfga/pkg/encoder
github.com/openfga/openfga/pkg/server/errors
github.com/openfga/openfga/internal/cachecontroller
github.com/openfga/openfga/pkg/storage/sqlcommon
github.com/openfga/openfga/internal/iterator
github.com/openfga/openfga/pkg/storage/storagewrappers/sharediterator
k8s.io/api/authorization/v1beta1
k8s.io/apimachinery/pkg/util/managedfields/internal
github.com/openfga/openfga/internal/condition
k8s.io/apimachinery/pkg/runtime/serializer
github.com/openfga/openfga/pkg/middleware/http
github.com/openfga/openfga/pkg/testfixtures/storage
github.com/openfga/openfga/pkg/middleware/logging
github.com/openfga/openfga/pkg/middleware/recovery
k8s.io/kube-openapi/pkg/handler3
k8s.io/apimachinery/pkg/util/strategicpatch
k8s.io/apimachinery/pkg/apis/meta/v1beta1
k8s.io/client-go/plugin/pkg/client/auth/exec
k8s.io/client-go/util/consistencydetector
github.com/openfga/openfga/pkg/storage/mysql
github.com/openfga/openfga/pkg/storage/postgres
github.com/openfga/openfga/internal/condition/eval
github.com/openfga/openfga/pkg/typesystem
github.com/openfga/openfga/internal/modelgraph
k8s.io/apimachinery/pkg/apis/meta/internalversion
github.com/openfga/openfga/internal/shared
k8s.io/apimachinery/pkg/apis/meta/internalversion/validation
k8s.io/client-go/tools/pager
k8s.io/client-go/rest
k8s.io/client-go/util/watchlist
k8s.io/apimachinery/pkg/util/managedfields
github.com/openfga/openfga/internal/check
k8s.io/client-go/openapi
k8s.io/client-go/testing
k8s.io/client-go/util/apply
k8s.io/client-go/tools/cache
github.com/openfga/openfga/pkg/storage/storagewrappers
github.com/openfga/openfga/internal/validation
github.com/openfga/openfga/internal/authz
github.com/openfga/openfga/pkg/server/commands/v2breaking
github.com/openfga/openfga/internal/checkutil
k8s.io/client-go/gentype
github.com/openfga/openfga/internal/listobjects/pipeline
github.com/openfga/openfga/internal/graph
k8s.io/client-go/listers
k8s.io/client-go/listers/coordination/v1
k8s.io/client-go/listers/apiserverinternal/v1alpha1
k8s.io/client-go/listers/admissionregistration/v1
k8s.io/client-go/listers/flowcontrol/v1
k8s.io/client-go/listers/admissionregistration/v1beta1
k8s.io/client-go/listers/certificates/v1alpha1
k8s.io/client-go/listers/coordination/v1alpha2
k8s.io/client-go/listers/flowcontrol/v1beta1
k8s.io/client-go/listers/admissionregistration/v1alpha1
k8s.io/client-go/listers/flowcontrol/v1beta2
k8s.io/client-go/listers/coordination/v1beta1
k8s.io/client-go/listers/flowcontrol/v1beta3
k8s.io/client-go/listers/rbac/v1
k8s.io/client-go/listers/rbac/v1alpha1
k8s.io/client-go/listers/rbac/v1beta1
k8s.io/client-go/listers/resource/v1alpha3
k8s.io/client-go/listers/storagemigration/v1beta1
modernc.org/sqlite/lib
github.com/openfga/openfga/pkg/server/commands/reverseexpand
github.com/openfga/openfga/pkg/server/commands/listusers
github.com/openfga/openfga/pkg/server/commands
github.com/openfga/openfga/pkg/server
k8s.io/api/apps/v1beta1
k8s.io/api/apps/v1
k8s.io/api/autoscaling/v2
k8s.io/api/autoscaling/v2beta2
k8s.io/api/apps/v1beta2
k8s.io/api/autoscaling/v1
k8s.io/api/autoscaling/v2beta1
k8s.io/api/certificates/v1
k8s.io/api/discovery/v1beta1
k8s.io/api/discovery/v1
k8s.io/api/batch/v1
k8s.io/api/events/v1
k8s.io/api/certificates/v1beta1
k8s.io/api/events/v1beta1
k8s.io/api/networking/v1
k8s.io/api/networking/v1beta1
k8s.io/api/node/v1
k8s.io/api/node/v1alpha1
k8s.io/api/node/v1beta1
k8s.io/api/resource/v1
k8s.io/api/resource/v1beta1
k8s.io/api/resource/v1beta2
k8s.io/api/scheduling/v1
k8s.io/api/scheduling/v1alpha1
k8s.io/api/scheduling/v1beta1
k8s.io/api/storage/v1
k8s.io/api/storage/v1alpha1
k8s.io/api/batch/v1beta1
k8s.io/api/storage/v1beta1
k8s.io/api/extensions/v1beta1
k8s.io/client-go/tools/reference
k8s.io/client-go/listers/apps/v1beta1
k8s.io/client-go/listers/autoscaling/v1
k8s.io/client-go/listers/apps/v1
k8s.io/client-go/listers/autoscaling/v2
k8s.io/client-go/listers/autoscaling/v2beta1
k8s.io/client-go/listers/autoscaling/v2beta2
k8s.io/client-go/listers/batch/v1
k8s.io/client-go/listers/batch/v1beta1
k8s.io/client-go/listers/certificates/v1
k8s.io/client-go/listers/apps/v1beta2
k8s.io/client-go/listers/certificates/v1beta1
k8s.io/client-go/listers/core/v1
k8s.io/client-go/listers/discovery/v1
k8s.io/client-go/listers/discovery/v1beta1
k8s.io/client-go/listers/events/v1
k8s.io/client-go/listers/events/v1beta1
k8s.io/client-go/listers/networking/v1
k8s.io/client-go/listers/networking/v1beta1
k8s.io/client-go/listers/node/v1
k8s.io/client-go/listers/node/v1alpha1
k8s.io/client-go/listers/node/v1beta1
k8s.io/client-go/listers/policy/v1
k8s.io/client-go/listers/policy/v1beta1
k8s.io/client-go/listers/scheduling/v1
k8s.io/client-go/listers/scheduling/v1alpha1
k8s.io/client-go/listers/scheduling/v1beta1
k8s.io/client-go/listers/storage/v1alpha1
k8s.io/client-go/listers/storage/v1beta1
k8s.io/client-go/listers/storage/v1
k8s.io/client-go/listers/resource/v1
k8s.io/client-go/listers/resource/v1beta1
k8s.io/client-go/listers/resource/v1beta2
k8s.io/client-go/kubernetes/scheme
k8s.io/client-go/listers/extensions/v1beta1
k8s.io/client-go/discovery
k8s.io/client-go/kubernetes/typed/authentication/v1alpha1
k8s.io/client-go/kubernetes/typed/authentication/v1beta1
k8s.io/client-go/kubernetes/typed/authorization/v1
k8s.io/client-go/kubernetes/typed/authorization/v1beta1
k8s.io/client-go/kubernetes/typed/authentication/v1
k8s.io/client-go/applyconfigurations/meta/v1
k8s.io/client-go/applyconfigurations/apiserverinternal/v1alpha1
k8s.io/client-go/applyconfigurations/certificates/v1alpha1
k8s.io/client-go/applyconfigurations/certificates/v1
k8s.io/client-go/applyconfigurations/coordination/v1alpha2
k8s.io/client-go/applyconfigurations/coordination/v1beta1
k8s.io/client-go/applyconfigurations/autoscaling/v1
k8s.io/client-go/applyconfigurations/coordination/v1
k8s.io/client-go/applyconfigurations/flowcontrol/v1beta1
k8s.io/client-go/applyconfigurations/autoscaling/v2beta2
k8s.io/client-go/applyconfigurations/certificates/v1beta1
k8s.io/client-go/applyconfigurations/autoscaling/v2
k8s.io/client-go/applyconfigurations/autoscaling/v2beta1
k8s.io/client-go/applyconfigurations/admissionregistration/v1
k8s.io/client-go/applyconfigurations/flowcontrol/v1
k8s.io/client-go/applyconfigurations/core/v1
k8s.io/client-go/kubernetes/typed/certificates/v1
k8s.io/client-go/kubernetes/typed/coordination/v1
k8s.io/client-go/kubernetes/typed/certificates/v1alpha1
k8s.io/client-go/kubernetes/typed/apiserverinternal/v1alpha1
k8s.io/client-go/kubernetes/typed/coordination/v1alpha2
k8s.io/client-go/kubernetes/typed/flowcontrol/v1beta1
k8s.io/client-go/kubernetes/typed/autoscaling/v1
k8s.io/client-go/kubernetes/typed/coordination/v1beta1
k8s.io/client-go/kubernetes/typed/flowcontrol/v1
k8s.io/client-go/kubernetes/typed/autoscaling/v2beta1
k8s.io/client-go/kubernetes/typed/autoscaling/v2beta2
k8s.io/client-go/kubernetes/typed/certificates/v1beta1
k8s.io/client-go/kubernetes/typed/autoscaling/v2
k8s.io/client-go/kubernetes/typed/admissionregistration/v1
k8s.io/client-go/applyconfigurations/admissionregistration/v1alpha1
k8s.io/client-go/applyconfigurations/admissionregistration/v1beta1
k8s.io/client-go/applyconfigurations/flowcontrol/v1beta2
k8s.io/client-go/applyconfigurations/flowcontrol/v1beta3
k8s.io/client-go/applyconfigurations/policy/v1
k8s.io/client-go/applyconfigurations/policy/v1beta1
k8s.io/client-go/applyconfigurations/rbac/v1
k8s.io/client-go/applyconfigurations/rbac/v1alpha1
k8s.io/client-go/applyconfigurations/rbac/v1beta1
k8s.io/client-go/applyconfigurations/resource/v1alpha3
k8s.io/client-go/applyconfigurations/scheduling/v1
k8s.io/client-go/applyconfigurations/scheduling/v1alpha1
k8s.io/client-go/applyconfigurations/scheduling/v1beta1
k8s.io/client-go/kubernetes/typed/policy/v1
k8s.io/client-go/kubernetes/typed/admissionregistration/v1alpha1
k8s.io/client-go/kubernetes/typed/policy/v1beta1
k8s.io/client-go/kubernetes/typed/flowcontrol/v1beta3
k8s.io/client-go/kubernetes/typed/flowcontrol/v1beta2
k8s.io/client-go/kubernetes/typed/rbac/v1beta1
k8s.io/client-go/kubernetes/typed/resource/v1alpha3
k8s.io/client-go/applyconfigurations/storagemigration/v1beta1
k8s.io/client-go/kubernetes/typed/admissionregistration/v1beta1
k8s.io/client-go/kubernetes/typed/scheduling/v1
k8s.io/client-go/kubernetes/typed/scheduling/v1beta1
k8s.io/client-go/kubernetes/typed/rbac/v1
k8s.io/client-go/kubernetes/typed/scheduling/v1alpha1
k8s.io/client-go/kubernetes/typed/rbac/v1alpha1
k8s.io/client-go/kubernetes/typed/storagemigration/v1beta1
k8s.io/client-go/applyconfigurations/events/v1
k8s.io/client-go/applyconfigurations/events/v1beta1
k8s.io/client-go/applyconfigurations/discovery/v1
k8s.io/client-go/applyconfigurations/node/v1alpha1
k8s.io/client-go/applyconfigurations/node/v1
k8s.io/client-go/applyconfigurations/apps/v1beta1
k8s.io/client-go/applyconfigurations/batch/v1
k8s.io/client-go/applyconfigurations/node/v1beta1
k8s.io/client-go/applyconfigurations/discovery/v1beta1
k8s.io/client-go/applyconfigurations/apps/v1
k8s.io/client-go/applyconfigurations/apps/v1beta2
k8s.io/client-go/applyconfigurations/extensions/v1beta1
k8s.io/client-go/applyconfigurations/networking/v1
k8s.io/client-go/kubernetes/typed/core/v1
k8s.io/client-go/applyconfigurations/networking/v1beta1
k8s.io/client-go/kubernetes/typed/events/v1beta1
k8s.io/client-go/kubernetes/typed/node/v1alpha1
k8s.io/client-go/kubernetes/typed/events/v1
k8s.io/client-go/kubernetes/typed/discovery/v1beta1
k8s.io/client-go/kubernetes/typed/node/v1beta1
k8s.io/client-go/kubernetes/typed/node/v1
k8s.io/client-go/kubernetes/typed/discovery/v1
k8s.io/client-go/kubernetes/typed/networking/v1
k8s.io/client-go/kubernetes/typed/batch/v1
k8s.io/client-go/applyconfigurations/batch/v1beta1
k8s.io/client-go/kubernetes/typed/networking/v1beta1
k8s.io/client-go/applyconfigurations/resource/v1
k8s.io/client-go/kubernetes/typed/apps/v1beta1
k8s.io/client-go/applyconfigurations/resource/v1beta1
k8s.io/client-go/applyconfigurations/resource/v1beta2
k8s.io/client-go/applyconfigurations/storage/v1
k8s.io/client-go/applyconfigurations/storage/v1alpha1
k8s.io/client-go/applyconfigurations/storage/v1beta1
k8s.io/client-go/kubernetes/typed/apps/v1beta2
k8s.io/client-go/kubernetes/typed/apps/v1
k8s.io/client-go/kubernetes/typed/extensions/v1beta1
k8s.io/client-go/kubernetes/typed/batch/v1beta1
k8s.io/client-go/kubernetes/typed/storage/v1alpha1
k8s.io/client-go/kubernetes/typed/storage/v1beta1
k8s.io/client-go/kubernetes/typed/resource/v1
k8s.io/client-go/kubernetes/typed/resource/v1beta2
k8s.io/client-go/kubernetes/typed/storage/v1
k8s.io/client-go/kubernetes/typed/resource/v1beta1
k8s.io/client-go/kubernetes
k8s.io/client-go/informers/internalinterfaces
k8s.io/client-go/tools/leaderelection/resourcelock
k8s.io/client-go/informers/admissionregistration/v1
k8s.io/client-go/informers/apiserverinternal/v1alpha1
k8s.io/client-go/informers/admissionregistration/v1alpha1
k8s.io/client-go/informers/autoscaling/v2
k8s.io/client-go/informers/certificates/v1
k8s.io/client-go/informers/apps/v1beta1
k8s.io/client-go/informers/autoscaling/v2beta1
k8s.io/client-go/informers/admissionregistration/v1beta1
k8s.io/client-go/informers/autoscaling/v1
k8s.io/client-go/informers/autoscaling/v2beta2
k8s.io/client-go/informers/apps/v1
k8s.io/client-go/informers/apps/v1beta2
k8s.io/client-go/informers/batch/v1beta1
k8s.io/client-go/informers/certificates/v1alpha1
k8s.io/client-go/informers/batch/v1
k8s.io/client-go/informers/apiserverinternal
k8s.io/client-go/informers/certificates/v1beta1
k8s.io/client-go/informers/coordination/v1
k8s.io/client-go/informers/coordination/v1alpha2
k8s.io/client-go/informers/coordination/v1beta1
k8s.io/client-go/informers/core/v1
k8s.io/client-go/informers/discovery/v1
k8s.io/client-go/informers/discovery/v1beta1
k8s.io/client-go/informers/events/v1
k8s.io/client-go/informers/events/v1beta1
k8s.io/client-go/informers/autoscaling
k8s.io/client-go/informers/extensions/v1beta1
k8s.io/client-go/informers/admissionregistration
k8s.io/client-go/informers/batch
k8s.io/client-go/informers/apps
k8s.io/client-go/informers/flowcontrol/v1
k8s.io/client-go/informers/flowcontrol/v1beta1
k8s.io/client-go/informers/flowcontrol/v1beta2
k8s.io/client-go/informers/flowcontrol/v1beta3
k8s.io/client-go/informers/certificates
k8s.io/client-go/informers/networking/v1
k8s.io/client-go/informers/networking/v1beta1
k8s.io/client-go/informers/discovery
k8s.io/client-go/informers/events
k8s.io/client-go/informers/node/v1
k8s.io/client-go/informers/coordination
k8s.io/client-go/informers/extensions
k8s.io/client-go/informers/node/v1alpha1
k8s.io/client-go/informers/node/v1beta1
k8s.io/client-go/informers/core
k8s.io/client-go/informers/policy/v1
k8s.io/client-go/informers/policy/v1beta1
k8s.io/client-go/informers/rbac/v1
k8s.io/client-go/informers/rbac/v1alpha1
k8s.io/client-go/informers/rbac/v1beta1
k8s.io/client-go/informers/flowcontrol
k8s.io/client-go/informers/resource/v1
k8s.io/client-go/informers/resource/v1alpha3
k8s.io/client-go/informers/resource/v1beta1
k8s.io/client-go/informers/resource/v1beta2
k8s.io/client-go/informers/networking
k8s.io/client-go/informers/scheduling/v1
k8s.io/client-go/informers/scheduling/v1alpha1
k8s.io/client-go/informers/scheduling/v1beta1
k8s.io/client-go/informers/node
k8s.io/client-go/informers/storage/v1
k8s.io/client-go/informers/policy
k8s.io/client-go/informers/storage/v1alpha1
k8s.io/client-go/informers/storage/v1beta1
k8s.io/client-go/informers/rbac
modernc.org/sqlite
k8s.io/client-go/informers/storagemigration/v1beta1
k8s.io/client-go/informers/resource
k8s.io/client-go/informers/scheduling
k8s.io/client-go/informers/storage
k8s.io/client-go/informers/storagemigration
github.com/openfga/openfga/pkg/storage/sqlite
github.com/openfga/openfga/cmd/util
github.com/openfga/openfga/pkg/storage/migrate
k8s.io/client-go/informers
github.com/openfga/openfga/cmd/migrate
github.com/openfga/openfga/cmd/validatemodels
k8s.io/client-go/tools/leaderelection
sigs.k8s.io/controller-runtime/pkg/metrics
sigs.k8s.io/controller-runtime/pkg/certwatcher/metrics
sigs.k8s.io/controller-runtime/pkg/certwatcher
github.com/openfga/openfga/cmd/run
github.com/openfga/openfga/cmd/openfga
