[36m---> Building binary 'manager' for linux/amd64[0m
go: downloading github.com/google/cel-go v0.30.0
go: downloading k8s.io/kube-openapi v0.0.0-20260501160325-927ab1f70cd6
go: downloading github.com/getkin/kin-openapi v0.145.0
go: downloading github.com/bufbuild/protocompile v0.14.1
go: downloading google.golang.org/genproto/googleapis/rpc v0.0.0-20260622175928-b703f567277d
go: downloading github.com/oasdiff/yaml v0.1.1
go: downloading github.com/oasdiff/yaml3 v0.0.14
[36m---> Building binary 'occ' for linux/amd64[0m
go: downloading github.com/oapi-codegen/runtime v1.6.0
go: downloading github.com/tidwall/gjson v1.19.0
go: downloading github.com/apapsch/go-jsonmerge/v2 v2.0.0
[36m---> Building binary 'openchoreo-api' for linux/amd64[0m
go: downloading github.com/knadh/koanf/parsers/yaml v1.1.0
go: downloading github.com/knadh/koanf/providers/env v1.1.0
go: downloading github.com/knadh/koanf/providers/file v1.2.1
go: downloading github.com/knadh/koanf/providers/structs v1.0.0
go: downloading github.com/modelcontextprotocol/go-sdk v1.4.1
go: downloading github.com/casbin/casbin/v2 v2.135.0
go: downloading github.com/fatih/structs v1.1.0
go: downloading github.com/bmatcuk/doublestar/v4 v4.6.1
go: downloading github.com/casbin/govaluate v1.3.0
go: downloading github.com/google/jsonschema-go v0.4.2
go: downloading github.com/segmentio/asm v1.1.3
[36m---> Building binary 'observer' for linux/amd64[0m
go: downloading modernc.org/sqlite v1.53.0
go: downloading modernc.org/libc v1.73.4
[36m---> Building binary 'event-forwarder' for linux/amd64[0m
[36m---> Building binary 'cluster-gateway' for linux/amd64[0m
[36m---> Building binary 'cluster-agent' for linux/amd64[0m
go: downloading github.com/cilium/cilium v1.20.0
[36m---> Building binary 'remote-agent' for linux/amd64[0m
[36m---> Building binary 'remote-agent-router' for linux/amd64[0m
