GOPROXY=https://proxy.golang.org,direct GIT_VERSION=dev-fbefb6b bash hack/make-rules/build.sh 
+++ dirname hack/make-rules/build.sh
++ cd hack/make-rules/../..
++ pwd -P
+ YURT_ROOT=/home/jake/sbomit-overhead-experiment/repos/openyurt
+ source /home/jake/sbomit-overhead-experiment/repos/openyurt/hack/lib/init.sh
++ set -o errexit
++ set -o nounset
++ set -o pipefail
+++ head -1 /home/jake/sbomit-overhead-experiment/repos/openyurt/go.mod
+++ awk '{print $2}'
++ YURT_MOD=github.com/openyurtio/openyurt
++ YURT_OUTPUT_DIR=/home/jake/sbomit-overhead-experiment/repos/openyurt/_output
++ YURT_BIN_DIR=/home/jake/sbomit-overhead-experiment/repos/openyurt/_output/bin
++ YURT_LOCAL_BIN_DIR=/home/jake/sbomit-overhead-experiment/repos/openyurt/_output/local/bin
++ PROJECT_PREFIX=yurt
++ LABEL_PREFIX=openyurt.io
++ GIT_VERSION=dev-fbefb6b
+++ git rev-parse HEAD
++ GIT_COMMIT=fbefb6baca665cf4431cf37100a9cc0c0528fb4d
+++ date -u +%Y-%m-%dT%H:%M:%SZ
++ BUILD_DATE=2026-09-03T19:41:09Z
++ NODEPOOL_LABEL_KEY=apps.openyurt.io/nodepool
++ source /home/jake/sbomit-overhead-experiment/repos/openyurt/hack/lib/common.sh
+++ set -x
+ source /home/jake/sbomit-overhead-experiment/repos/openyurt/hack/lib/build.sh
++ set -x
+ YURT_ALL_TARGETS=('yurtadm' 'yurt-node-servant' 'yurthub' 'yurt-manager' 'yurt-iot-dock')
+ readonly YURT_ALL_TARGETS
++ get_binary_dir_with_arch /home/jake/sbomit-overhead-experiment/repos/openyurt/_output/local/bin
+++ go env GOOS
+++ go env GOARCH
++ echo /home/jake/sbomit-overhead-experiment/repos/openyurt/_output/local/bin/linux/amd64
+ rm -rf /home/jake/sbomit-overhead-experiment/repos/openyurt/_output/local/bin/linux/amd64
+ build_binaries
+ local goflags goldflags gcflags
++ project_info
++ PROJECT_INFO_PKG=github.com/openyurtio/openyurt/pkg/projectinfo
++ echo '-X github.com/openyurtio/openyurt/pkg/projectinfo.projectPrefix=yurt'
++ echo '-X github.com/openyurtio/openyurt/pkg/projectinfo.labelPrefix=openyurt.io'
++ echo '-X github.com/openyurtio/openyurt/pkg/projectinfo.gitVersion=dev-fbefb6b'
++ echo '-X github.com/openyurtio/openyurt/pkg/projectinfo.gitCommit=fbefb6baca665cf4431cf37100a9cc0c0528fb4d'
++ echo '-X github.com/openyurtio/openyurt/pkg/projectinfo.buildDate=2026-09-03T19:41:09Z'
+++ get_maintained_versions
+++ tr ' ' ,
+++ MAINTAINED_VERSION_NUM=3
++++ git for-each-ref refs/tags --sort=authordate
++++ awk '{print $3}'
++++ awk -F / '{print $3}'
+++ allVersions=
++++ git for-each-ref refs/tags --sort=authordate
++++ awk 'END{print}'
++++ awk '{print $3}'
++++ awk -F / '{print $3}'
+++ latestVersion=
+++ [[ -z '' ]]
+++ return 0
++ maintainingVersions=
++ versionSeparator=,
++ echo '-X github.com/openyurtio/openyurt/pkg/projectinfo.separator=,'
++ echo '-X github.com/openyurtio/openyurt/pkg/projectinfo.maintainingVersions='
++ echo '-X github.com/openyurtio/openyurt/pkg/projectinfo.nodePoolLabelKey=apps.openyurt.io/nodepool'
+ goldflags='-s -w -X github.com/openyurtio/openyurt/pkg/projectinfo.projectPrefix=yurt
-X github.com/openyurtio/openyurt/pkg/projectinfo.labelPrefix=openyurt.io
-X github.com/openyurtio/openyurt/pkg/projectinfo.gitVersion=dev-fbefb6b
-X github.com/openyurtio/openyurt/pkg/projectinfo.gitCommit=fbefb6baca665cf4431cf37100a9cc0c0528fb4d
-X github.com/openyurtio/openyurt/pkg/projectinfo.buildDate=2026-09-03T19:41:09Z
-X github.com/openyurtio/openyurt/pkg/projectinfo.separator=,
-X github.com/openyurtio/openyurt/pkg/projectinfo.maintainingVersions=
-X github.com/openyurtio/openyurt/pkg/projectinfo.nodePoolLabelKey=apps.openyurt.io/nodepool'
+ gcflags=
+ goflags=
+ targets=()
+ local -a targets
+ local arg
+ [[ 0 -eq 0 ]]
+ targets=("${YURT_ALL_TARGETS[@]}")
++ get_binary_dir_with_arch /home/jake/sbomit-overhead-experiment/repos/openyurt/_output/local/bin
+++ go env GOOS
+++ go env GOARCH
++ echo /home/jake/sbomit-overhead-experiment/repos/openyurt/_output/local/bin/linux/amd64
+ local target_bin_dir=/home/jake/sbomit-overhead-experiment/repos/openyurt/_output/local/bin/linux/amd64
+ mkdir -p /home/jake/sbomit-overhead-experiment/repos/openyurt/_output/local/bin/linux/amd64
+ cd /home/jake/sbomit-overhead-experiment/repos/openyurt/_output/local/bin/linux/amd64
+ for binary in "${targets[@]}"
+ echo 'Building yurtadm'
Building yurtadm
++ get_output_name yurtadm
+++ canonicalize_target yurtadm
+++ local target=yurtadm
+++ [[ yurtadm =~ ^cmd/.* ]]
+++ echo yurtadm
++ local oup_name=yurtadm
++ PROJECT_PREFIX=yurt
++ '[' -z yurt ']'
++ '[' yurt = yurt ']'
++ oup_name=yurtadm
++ echo yurtadm
++ canonicalize_target yurtadm
++ local target=yurtadm
++ [[ yurtadm =~ ^cmd/.* ]]
++ echo yurtadm
+ go build -o yurtadm -ldflags '-s -w -X github.com/openyurtio/openyurt/pkg/projectinfo.projectPrefix=yurt
-X github.com/openyurtio/openyurt/pkg/projectinfo.labelPrefix=openyurt.io
-X github.com/openyurtio/openyurt/pkg/projectinfo.gitVersion=dev-fbefb6b
-X github.com/openyurtio/openyurt/pkg/projectinfo.gitCommit=fbefb6baca665cf4431cf37100a9cc0c0528fb4d
-X github.com/openyurtio/openyurt/pkg/projectinfo.buildDate=2026-09-03T19:41:09Z
-X github.com/openyurtio/openyurt/pkg/projectinfo.separator=,
-X github.com/openyurtio/openyurt/pkg/projectinfo.maintainingVersions=
-X github.com/openyurtio/openyurt/pkg/projectinfo.nodePoolLabelKey=apps.openyurt.io/nodepool' -gcflags '' /home/jake/sbomit-overhead-experiment/repos/openyurt/cmd/yurtadm
go: downloading k8s.io/client-go v0.34.0
go: downloading gopkg.in/cheggaaa/pb.v1 v1.0.28
go: downloading github.com/lithammer/dedent v1.1.0
go: downloading k8s.io/cli-runtime v0.34.0
go: downloading sigs.k8s.io/controller-runtime v0.19.5
go: downloading k8s.io/cluster-bootstrap v0.34.0
go: downloading github.com/kubernetes/kubernetes v1.34.0
go: downloading gopkg.in/go-jose/go-jose.v2 v2.6.3
go: downloading github.com/cyphar/filepath-securejoin v0.6.0
go: downloading k8s.io/apiserver v0.34.0
go: downloading k8s.io/controller-manager v0.34.0
go: downloading k8s.io/component-base v0.34.0
go: downloading k8s.io/component-helpers v0.34.0
+ for binary in "${targets[@]}"
+ echo 'Building yurt-node-servant'
Building yurt-node-servant
++ get_output_name yurt-node-servant
+++ canonicalize_target yurt-node-servant
+++ local target=yurt-node-servant
+++ [[ yurt-node-servant =~ ^cmd/.* ]]
+++ echo yurt-node-servant
++ local oup_name=yurt-node-servant
++ PROJECT_PREFIX=yurt
++ '[' -z yurt ']'
++ '[' yurt = yurt ']'
++ oup_name=yurt-node-servant
++ echo yurt-node-servant
++ canonicalize_target yurt-node-servant
++ local target=yurt-node-servant
++ [[ yurt-node-servant =~ ^cmd/.* ]]
++ echo yurt-node-servant
+ go build -o yurt-node-servant -ldflags '-s -w -X github.com/openyurtio/openyurt/pkg/projectinfo.projectPrefix=yurt
-X github.com/openyurtio/openyurt/pkg/projectinfo.labelPrefix=openyurt.io
-X github.com/openyurtio/openyurt/pkg/projectinfo.gitVersion=dev-fbefb6b
-X github.com/openyurtio/openyurt/pkg/projectinfo.gitCommit=fbefb6baca665cf4431cf37100a9cc0c0528fb4d
-X github.com/openyurtio/openyurt/pkg/projectinfo.buildDate=2026-09-03T19:41:09Z
-X github.com/openyurtio/openyurt/pkg/projectinfo.separator=,
-X github.com/openyurtio/openyurt/pkg/projectinfo.maintainingVersions=
-X github.com/openyurtio/openyurt/pkg/projectinfo.nodePoolLabelKey=apps.openyurt.io/nodepool' -gcflags '' /home/jake/sbomit-overhead-experiment/repos/openyurt/cmd/yurt-node-servant
+ for binary in "${targets[@]}"
+ echo 'Building yurthub'
Building yurthub
++ get_output_name yurthub
+++ canonicalize_target yurthub
+++ local target=yurthub
+++ [[ yurthub =~ ^cmd/.* ]]
+++ echo yurthub
++ local oup_name=yurthub
++ PROJECT_PREFIX=yurt
++ '[' -z yurt ']'
++ '[' yurt = yurt ']'
++ oup_name=yurthub
++ echo yurthub
++ canonicalize_target yurthub
++ local target=yurthub
++ [[ yurthub =~ ^cmd/.* ]]
++ echo yurthub
+ go build -o yurthub -ldflags '-s -w -X github.com/openyurtio/openyurt/pkg/projectinfo.projectPrefix=yurt
-X github.com/openyurtio/openyurt/pkg/projectinfo.labelPrefix=openyurt.io
-X github.com/openyurtio/openyurt/pkg/projectinfo.gitVersion=dev-fbefb6b
-X github.com/openyurtio/openyurt/pkg/projectinfo.gitCommit=fbefb6baca665cf4431cf37100a9cc0c0528fb4d
-X github.com/openyurtio/openyurt/pkg/projectinfo.buildDate=2026-09-03T19:41:09Z
-X github.com/openyurtio/openyurt/pkg/projectinfo.separator=,
-X github.com/openyurtio/openyurt/pkg/projectinfo.maintainingVersions=
-X github.com/openyurtio/openyurt/pkg/projectinfo.nodePoolLabelKey=apps.openyurt.io/nodepool' -gcflags '' /home/jake/sbomit-overhead-experiment/repos/openyurt/cmd/yurthub
go: downloading k8s.io/kubectl v0.34.0
go: downloading go.opentelemetry.io/contrib/instrumentation/net/http/otelhttp v0.58.0
go: downloading go.opentelemetry.io/otel/exporters/otlp/otlptrace/otlptracegrpc v1.34.0
go: downloading sigs.k8s.io/apiserver-network-proxy/konnectivity-client v0.30.2
go: downloading go.etcd.io/etcd/client/pkg/v3 v3.6.4
go: downloading go.etcd.io/etcd/client/v3 v3.6.4
go: downloading go.opentelemetry.io/contrib/instrumentation/google.golang.org/grpc/otelgrpc v0.60.0
go: downloading k8s.io/kms v0.34.0
go: downloading go.etcd.io/etcd/api/v3 v3.6.4
go: downloading k8s.io/kube-controller-manager v0.34.0
go: downloading go.opentelemetry.io/otel/exporters/otlp/otlptrace v1.34.0
go: downloading go.opentelemetry.io/proto/otlp v1.5.0
go: downloading github.com/openyurtio/apiserver-network-proxy v0.1.0
go: downloading k8s.io/cloud-provider v0.34.0
+ for binary in "${targets[@]}"
+ echo 'Building yurt-manager'
Building yurt-manager
++ get_output_name yurt-manager
+++ canonicalize_target yurt-manager
+++ local target=yurt-manager
+++ [[ yurt-manager =~ ^cmd/.* ]]
+++ echo yurt-manager
++ local oup_name=yurt-manager
++ PROJECT_PREFIX=yurt
++ '[' -z yurt ']'
++ '[' yurt = yurt ']'
++ oup_name=yurt-manager
++ echo yurt-manager
++ canonicalize_target yurt-manager
++ local target=yurt-manager
++ [[ yurt-manager =~ ^cmd/.* ]]
++ echo yurt-manager
+ go build -o yurt-manager -ldflags '-s -w -X github.com/openyurtio/openyurt/pkg/projectinfo.projectPrefix=yurt
-X github.com/openyurtio/openyurt/pkg/projectinfo.labelPrefix=openyurt.io
-X github.com/openyurtio/openyurt/pkg/projectinfo.gitVersion=dev-fbefb6b
-X github.com/openyurtio/openyurt/pkg/projectinfo.gitCommit=fbefb6baca665cf4431cf37100a9cc0c0528fb4d
-X github.com/openyurtio/openyurt/pkg/projectinfo.buildDate=2026-09-03T19:41:09Z
-X github.com/openyurtio/openyurt/pkg/projectinfo.separator=,
-X github.com/openyurtio/openyurt/pkg/projectinfo.maintainingVersions=
-X github.com/openyurtio/openyurt/pkg/projectinfo.nodePoolLabelKey=apps.openyurt.io/nodepool' -gcflags '' /home/jake/sbomit-overhead-experiment/repos/openyurt/cmd/yurt-manager
go: downloading k8s.io/kubelet v0.34.0
go: downloading github.com/projectcalico/api v0.0.0-20240708202104-e3f70b269c2c
+ for binary in "${targets[@]}"
+ echo 'Building yurt-iot-dock'
Building yurt-iot-dock
++ get_output_name yurt-iot-dock
+++ canonicalize_target yurt-iot-dock
+++ local target=yurt-iot-dock
+++ [[ yurt-iot-dock =~ ^cmd/.* ]]
+++ echo yurt-iot-dock
++ local oup_name=yurt-iot-dock
++ PROJECT_PREFIX=yurt
++ '[' -z yurt ']'
++ '[' yurt = yurt ']'
++ oup_name=yurt-iot-dock
++ echo yurt-iot-dock
++ canonicalize_target yurt-iot-dock
++ local target=yurt-iot-dock
++ [[ yurt-iot-dock =~ ^cmd/.* ]]
++ echo yurt-iot-dock
+ go build -o yurt-iot-dock -ldflags '-s -w -X github.com/openyurtio/openyurt/pkg/projectinfo.projectPrefix=yurt
-X github.com/openyurtio/openyurt/pkg/projectinfo.labelPrefix=openyurt.io
-X github.com/openyurtio/openyurt/pkg/projectinfo.gitVersion=dev-fbefb6b
-X github.com/openyurtio/openyurt/pkg/projectinfo.gitCommit=fbefb6baca665cf4431cf37100a9cc0c0528fb4d
-X github.com/openyurtio/openyurt/pkg/projectinfo.buildDate=2026-09-03T19:41:09Z
-X github.com/openyurtio/openyurt/pkg/projectinfo.separator=,
-X github.com/openyurtio/openyurt/pkg/projectinfo.maintainingVersions=
-X github.com/openyurtio/openyurt/pkg/projectinfo.nodePoolLabelKey=apps.openyurt.io/nodepool' -gcflags '' /home/jake/sbomit-overhead-experiment/repos/openyurt/cmd/yurt-iot-dock
go: downloading github.com/edgexfoundry/go-mod-core-contracts/v3 v3.1.0
go: downloading github.com/go-resty/resty/v2 v2.12.0
go: downloading github.com/go-playground/validator/v10 v10.15.5
go: downloading github.com/gabriel-vasile/mimetype v1.4.2
go: downloading github.com/leodido/go-urn v1.2.4
