CGO_ENABLED=0 go build -ldflags "-extldflags \"-static\" -s -w -X github.com/opencost/opencost/core/pkg/version.Version=develop-c467650 -X github.com/opencost/opencost/core/pkg/version.GitCommit=c467650" ./cmd/costmodel
go: downloading github.com/rs/zerolog v1.34.0
go: downloading github.com/modelcontextprotocol/go-sdk v1.6.0
go: downloading k8s.io/client-go v0.36.0
go: downloading cloud.google.com/go/storage v1.60.0
go: downloading github.com/Azure/azure-sdk-for-go/sdk/storage/azblob v1.6.4
go: downloading github.com/aws/aws-sdk-go-v2/feature/s3/manager v1.22.6
go: downloading github.com/aws/aws-sdk-go-v2/service/s3 v1.97.3
go: downloading github.com/hashicorp/go-plugin v1.7.0
go: downloading github.com/kubecost/events v0.0.8
go: downloading github.com/jszwec/csvutil v1.10.0
go: downloading github.com/oracle/oci-go-sdk/v65 v65.117.1
go: downloading github.com/stackitcloud/stackit-sdk-go/core v0.24.0
go: downloading github.com/stackitcloud/stackit-sdk-go/services/cost v0.2.1
go: downloading cloud.google.com/go/bigquery v1.74.0
go: downloading google.golang.org/api v0.269.0
go: downloading github.com/aws/aws-sdk-go-v2/service/athena v1.57.6
go: downloading github.com/opencost/bingen v0.2.0
go: downloading k8s.io/kubelet v0.36.0
go: downloading github.com/minio/minio-go/v7 v7.0.98
go: downloading github.com/digitalocean/godo v1.192.0
go: downloading github.com/scaleway/scaleway-sdk-go v1.0.0-beta.36
go: downloading github.com/hashicorp/yamux v0.1.2
go: downloading github.com/google/jsonschema-go v0.4.3
go: downloading github.com/yosida95/uritemplate/v3 v3.0.2
go: downloading cloud.google.com/go/auth v0.18.2
go: downloading github.com/GoogleCloudPlatform/opentelemetry-operations-go/exporter/metric v0.55.0
go: downloading github.com/googleapis/gax-go/v2 v2.17.0
go: downloading go.opentelemetry.io/contrib/detectors/gcp v1.40.0
go: downloading go.opentelemetry.io/otel/sdk/metric v1.41.0
go: downloading go.opentelemetry.io/otel/sdk v1.41.0
go: downloading google.golang.org/genproto v0.0.0-20260226221140-a57be14db171
go: downloading github.com/Azure/go-autorest/autorest/validation v0.3.2
go: downloading github.com/gofrs/uuid v4.4.0+incompatible
go: downloading github.com/aws/aws-sdk-go-v2/aws/protocol/eventstream v1.7.8
go: downloading github.com/aws/aws-sdk-go-v2/service/internal/checksum v1.9.13
go: downloading github.com/aws/aws-sdk-go-v2/service/internal/s3shared v1.19.21
go: downloading github.com/apache/arrow/go/v15 v15.0.2
go: downloading google.golang.org/genproto/googleapis/rpc v0.0.0-20260316180232-0b37fe3546d5
go: downloading github.com/segmentio/encoding v0.5.4
go: downloading google.golang.org/genproto/googleapis/api v0.0.0-20260226221140-a57be14db171
go: downloading cloud.google.com/go/monitoring v1.24.3
go: downloading github.com/GoogleCloudPlatform/opentelemetry-operations-go/internal/resourcemapping v0.55.0
go: downloading github.com/GoogleCloudPlatform/opentelemetry-operations-go/detectors/gcp v1.31.0
go: downloading github.com/golang-jwt/jwt/v4 v4.5.0
go: downloading github.com/google/flatbuffers v23.5.26+incompatible
go: downloading github.com/pierrec/lz4/v4 v4.1.18
go: downloading github.com/googleapis/enterprise-certificate-proxy v0.3.12
