fatal: No names found, cannot describe anything.
fatal: No names found, cannot describe anything.
fatal: No names found, cannot describe anything.
fatal: No names found, cannot describe anything.
fatal: No names found, cannot describe anything.
fatal: No names found, cannot describe anything.
fatal: No names found, cannot describe anything.
fatal: No names found, cannot describe anything.
/usr/local/go/bin/go build -gcflags "all=-trimpath=/home/jake/sbomit-overhead-experiment/repos" -asmflags "all=-trimpath=/home/jake/sbomit-overhead-experiment/repos" -ldflags " -X 'github.com/operator-framework/operator-sdk/internal/version.Version=' -X 'github.com/operator-framework/operator-sdk/internal/version.GitVersion=299157a' -X 'github.com/operator-framework/operator-sdk/internal/version.GitCommit=299157a814e674f8f40d1b91ee77d64a90e850de' -X 'github.com/operator-framework/operator-sdk/internal/version.KubernetesVersion=v1.33.1' -X 'github.com/operator-framework/operator-sdk/internal/version.ImageVersion=v1.42.3' "  -tags=containers_image_openpgp -o build ./cmd/{operator-sdk,helm-operator}
go: downloading k8s.io/apimachinery v0.33.9
go: downloading helm.sh/helm/v3 v3.18.6
go: downloading k8s.io/client-go v0.33.9
go: downloading sigs.k8s.io/controller-runtime v0.21.0
go: downloading github.com/operator-framework/ansible-operator-plugins v1.42.3
go: downloading sigs.k8s.io/kubebuilder/v4 v4.6.0
go: downloading github.com/go-task/slim-sprig v0.0.0-20230315185526-52ccab3ef572
go: downloading gomodules.xyz/jsonpatch/v3 v3.0.1
go: downloading k8s.io/apiextensions-apiserver v0.33.9
go: downloading k8s.io/cli-runtime v0.33.9
go: downloading github.com/operator-framework/operator-lib v0.19.0
go: downloading k8s.io/api v0.33.9
go: downloading github.com/operator-framework/operator-registry v1.59.0
go: downloading golang.org/x/text v0.38.0
go: downloading github.com/operator-framework/api v0.34.0
go: downloading github.com/iancoleman/strcase v0.3.0
go: downloading sigs.k8s.io/structured-merge-diff/v4 v4.7.0
go: downloading k8s.io/apiserver v0.33.9
go: downloading gomodules.xyz/orderedmap v0.1.0
go: downloading golang.org/x/tools v0.47.0
go: downloading k8s.io/kube-openapi v0.0.0-20250610211856-8b98d1ed966a
go: downloading k8s.io/kubectl v0.33.9
go: downloading github.com/rubenv/sql-migrate v1.8.0
go: downloading github.com/lib/pq v1.10.9
go: downloading sigs.k8s.io/kustomize/api v0.19.0
go: downloading sigs.k8s.io/kustomize/kyaml v0.19.0
go: downloading github.com/gobuffalo/flect v1.0.3
go: downloading github.com/operator-framework/operator-manifest-tools v0.10.0
go: downloading github.com/thoas/go-funk v0.9.3
go: downloading github.com/BurntSushi/toml v1.5.0
go: downloading oras.land/oras-go/v2 v2.6.1
go: downloading github.com/go-openapi/swag v0.23.1
go: downloading github.com/google/go-containerregistry v0.21.5
go: downloading github.com/docker/cli v29.4.0+incompatible
go: downloading go.podman.io/common v0.65.0
go: downloading go.podman.io/image/v5 v5.37.0
go: downloading k8s.io/component-base v0.33.9
go: downloading github.com/google/cel-go v0.26.0
go: downloading github.com/klauspost/compress v1.18.5
go: downloading github.com/containerd/continuity v0.4.5
go: downloading github.com/containerd/containerd/api v1.9.0
go: downloading github.com/containerd/ttrpc v1.2.7
go: downloading github.com/containerd/typeurl/v2 v2.2.3
go: downloading github.com/fatih/structtag v1.2.0
go: downloading github.com/markbates/inflect v1.0.4
go: downloading sigs.k8s.io/controller-tools v0.18.0
go: downloading github.com/joelanford/ignore v0.1.1
go: downloading google.golang.org/genproto/googleapis/rpc v0.0.0-20260511170946-3700d4141b60
go: downloading github.com/h2non/filetype v1.1.3
go: downloading github.com/h2non/go-is-svg v0.0.0-20160927212452-35e8c4b0612c
go: downloading github.com/moby/sys/mountinfo v0.7.2
go: downloading github.com/stoewer/go-strcase v1.3.1
go: downloading github.com/gobuffalo/envy v1.6.5
go: downloading github.com/golang-migrate/migrate/v4 v4.19.0
go: downloading github.com/mattn/go-sqlite3 v1.14.32
go: downloading sigs.k8s.io/apiserver-network-proxy/konnectivity-client v0.33.0
go: downloading go.opentelemetry.io/otel/exporters/otlp/otlptrace/otlptracegrpc v1.42.0
go: downloading go.podman.io/storage v1.60.0
go: downloading github.com/joho/godotenv v1.3.0
go: downloading github.com/containers/ocicrypt v1.2.1
go: downloading go.opentelemetry.io/otel/exporters/otlp/otlptrace v1.43.0
go: downloading github.com/vbauerster/mpb/v8 v8.10.2
go: downloading github.com/klauspost/pgzip v1.2.6
go: downloading github.com/sigstore/fulcio v1.8.6
go: downloading github.com/sigstore/sigstore v1.10.6
go: downloading github.com/containerd/stargz-snapshotter/estargz v0.18.2
go: downloading github.com/containers/libtrust v0.0.0-20230121012942-c1716e8a8d01
go: downloading github.com/secure-systems-lab/go-securesystemslib v0.9.1
go: downloading github.com/VividCortex/ewma v1.2.0
go: downloading github.com/acarl005/stripansi v0.0.0-20180116102854-5a71ef0e047d
go: downloading github.com/smallstep/pkcs7 v0.2.1
go: downloading github.com/stefanberger/go-pkcs11uri v0.0.0-20230803200340-78284954bff6
go: downloading github.com/vbatts/tar-split v0.12.2
go: downloading github.com/opencontainers/runtime-spec v1.2.1
go: downloading github.com/moby/sys/user v0.4.0
