mkdir out/tests || (exit 0)
=====> Building...
go build -ldflags "-s -w -X 'github.com/buildpacks/pack/pkg/client.Version=0.0.0+git-8210eb1' -extldflags ''" -trimpath -o ./out/pack -a
go: downloading github.com/heroku/color v0.0.6
go: downloading github.com/apex/log v1.9.0
go: downloading github.com/moby/moby/client v0.4.1
go: downloading github.com/BurntSushi/toml v1.3.2
go: downloading github.com/buildpacks/imgutil v0.0.0-20251202182233-51c1c8c186ea
go: downloading github.com/buildpacks/lifecycle v0.21.0
go: downloading github.com/chainguard-dev/kaniko v1.25.16
go: downloading github.com/sabhiram/go-gitignore v0.0.0-20210923224102-525f6e181f06
go: downloading github.com/moby/go-archive v0.2.0
go: downloading github.com/moby/moby/api v1.54.2
go: downloading github.com/go-git/go-git/v5 v5.19.2
go: downloading github.com/gdamore/tcell/v2 v2.13.10
go: downloading github.com/rivo/tview v0.42.0
go: downloading github.com/mitchellh/ioprogress v0.0.0-20180201004757-6a23b12fa88e
go: downloading github.com/opencontainers/selinux v1.13.1
go: downloading github.com/moby/sys/sequential v0.6.0
go: downloading github.com/gdamore/encoding v1.0.1
go: downloading github.com/lucasb-eyer/go-colorful v1.3.0
go: downloading github.com/ProtonMail/go-crypto v1.3.0
go: downloading github.com/sergi/go-diff v1.3.2-0.20230802210424-5b0b94c5c0d3
go: downloading github.com/moby/buildkit v0.30.0
go: downloading github.com/kevinburke/ssh_config v1.2.0
go: downloading github.com/prometheus/common v0.66.1
go: downloading github.com/prometheus/procfs v0.17.0
go: downloading github.com/aws/aws-sdk-go-v2/service/ecr v1.55.3
go: downloading github.com/aws/aws-sdk-go-v2/service/ecrpublic v1.38.10
