Thu Sep 3 19:52:40 UTC 2026: Building source tree
go: downloading github.com/bndr/gotabulate v1.1.2
go: downloading golang.org/x/exp v0.0.0-20260824195058-e88cd73687aa
go: downloading github.com/z-division/go-zookeeper v1.0.0
go: downloading github.com/aquarapid/vaultlib v0.5.1
go: downloading github.com/DataDog/datadog-go/v5 v5.9.1
go: downloading github.com/hanwen/go-fuse/v2 v2.11.0
go: downloading github.com/buger/jsonparser v1.6.1
go: downloading github.com/google/safehtml v0.1.0
go: downloading github.com/google/go-containerregistry v0.22.0
go: downloading github.com/golang/glog v1.2.5
go: downloading github.com/Azure/azure-pipeline-go v0.2.3
go: downloading github.com/minio/minio-go v6.0.14+incompatible
go: downloading cloud.google.com/go/storage v1.66.0
go: downloading github.com/lmittmann/tint v1.2.0
go: downloading github.com/Azure/azure-storage-blob-go v0.15.0
go: downloading github.com/planetscale/vtprotobuf v0.6.1-0.20250313105119-ba97887b0a25
go: downloading google.golang.org/api v0.296.0
go: downloading github.com/aws/aws-sdk-go-v2 v1.45.1
go: downloading github.com/aws/aws-sdk-go-v2/config v1.33.2
go: downloading github.com/aws/aws-sdk-go-v2/feature/s3/transfermanager v0.4.2
go: downloading github.com/aws/aws-sdk-go-v2/service/s3 v1.110.0
go: downloading github.com/pierrec/lz4 v2.6.1+incompatible
go: downloading github.com/planetscale/pargzip v0.0.0-20201116224723-90c7fc03ea8a
go: downloading github.com/tchap/go-patricia v2.3.0+incompatible
go: downloading github.com/hashicorp/consul/api/v2 v2.0.0
go: downloading github.com/yudai/golcs v0.0.0-20170316035057-ecda9a501e82
go: downloading github.com/containerd/cgroups/v3 v3.1.3
go: downloading github.com/shirou/gopsutil/v4 v4.26.7
go: downloading github.com/sjmudd/stopwatch v0.1.1
go: downloading google.golang.org/genproto/googleapis/rpc v0.0.0-20260831171406-18b4a7587f8a
go: downloading github.com/olekukonko/errors v1.3.0
go: downloading github.com/mattn/go-runewidth v0.0.28
go: downloading github.com/olekukonko/ll v0.1.8
go: downloading google.golang.org/genproto v0.0.0-20260831171406-18b4a7587f8a
go: downloading github.com/prometheus/procfs v0.22.0
go: downloading github.com/tidwall/match v1.2.0
go: downloading github.com/mattn/go-ieproxy v0.0.12
go: downloading github.com/aws/aws-sdk-go-v2/credentials v1.20.2
go: downloading github.com/aws/aws-sdk-go-v2/feature/ec2/imds v1.19.1
go: downloading github.com/aws/aws-sdk-go-v2/service/signin v1.8.0
go: downloading github.com/aws/aws-sdk-go-v2/service/ssooidc v1.41.0
go: downloading github.com/aws/aws-sdk-go-v2/service/sts v1.48.0
go: downloading github.com/aws/aws-sdk-go-v2/service/sso v1.36.0
go: downloading cloud.google.com/go/iam v1.13.0
go: downloading github.com/GoogleCloudPlatform/opentelemetry-operations-go/exporter/metric v0.61.0
go: downloading go.opentelemetry.io/contrib/detectors/gcp v1.46.0
go: downloading github.com/moby/sys/userns v0.2.0
go: downloading github.com/hashicorp/serf v0.10.4
go: downloading github.com/aws/aws-sdk-go-v2/internal/configsources v1.5.1
go: downloading github.com/aws/aws-sdk-go-v2/internal/v4a v1.5.1
go: downloading github.com/aws/aws-sdk-go-v2/service/internal/checksum v1.11.1
go: downloading github.com/aws/aws-sdk-go-v2/service/internal/presigned-url v1.14.1
go: downloading github.com/aws/aws-sdk-go-v2/service/internal/s3shared v1.20.1
go: downloading modernc.org/libc v1.75.6
go: downloading github.com/clipperhouse/displaywidth v0.11.0
go: downloading github.com/tklauser/go-sysconf v0.4.0
go: downloading google.golang.org/genproto/googleapis/api v0.0.0-20260831171406-18b4a7587f8a
go: downloading github.com/docker/cli v29.7.2+incompatible
go: downloading github.com/GoogleCloudPlatform/opentelemetry-operations-go/internal/resourcemapping v0.61.0
go: downloading github.com/GoogleCloudPlatform/opentelemetry-operations-go/detectors/gcp v1.37.0
go: downloading github.com/aws/aws-sdk-go-v2/internal/endpoints/v2 v2.8.1
go: downloading github.com/hashicorp/go-metrics v0.6.1
go: downloading github.com/spiffe/go-spiffe/v2 v2.8.1
go: downloading github.com/docker/docker-credential-helpers v0.9.9
go: downloading cel.dev/expr v0.25.3
go: downloading modernc.org/memory v1.12.1
go: downloading go.opentelemetry.io/contrib/instrumentation/google.golang.org/grpc/otelgrpc v0.71.0
Building VTAdmin Web, disable VTAdmin build by setting 'NOVTADMINBUILD'
~/sbomit-overhead-experiment/repos/vitess ~/sbomit-overhead-experiment/repos/vitess
~/sbomit-overhead-experiment/repos/vitess

[1;32mhostname was empty, set it to "sbomit-worker-jen-v2.c.jc4946-sbomit-6903.internal"[0m

Installing nvm...

[1;32mnvm is already installed![0m

Configuring Node.js 22.13.1

v22.13.1 is already installed.
Now using node v22.13.1 (npm v10.9.2)

[1;32mSetting VITE_VTADMIN_API_ADDRESS to "http://sbomit-worker-jen-v2.c.jc4946-sbomit-6903.internal:14200"[0m

> vtadmin@0.1.0 build
> vite build

vite v8.0.16 building client environment for production...
[2Ktransforming...
../fonts/NotoSans-Regular.ttf referenced in ../fonts/NotoSans-Regular.ttf didn't resolve at build time, it will remain unchanged to be resolved at runtime

../fonts/NotoSans-SemiBold.ttf referenced in ../fonts/NotoSans-SemiBold.ttf didn't resolve at build time, it will remain unchanged to be resolved at runtime

../fonts/NotoSans-Bold.ttf referenced in ../fonts/NotoSans-Bold.ttf didn't resolve at build time, it will remain unchanged to be resolved at runtime

../fonts/NotoMono-Regular.ttf referenced in ../fonts/NotoMono-Regular.ttf didn't resolve at build time, it will remain unchanged to be resolved at runtime
✓ 1789 modules transformed.
rendering chunks...
computing gzip size...
build/index.html                     0.90 kB │ gzip:   0.48 kB
build/assets/index-BM4264nH.css     82.99 kB │ gzip:  15.40 kB
build/assets/index-C9jKVOj9.js   4,254.54 kB │ gzip: 604.02 kB

[plugin builtin:vite-reporter] 
(!) Some chunks are larger than 500 kB after minification. Consider:
- Using dynamic import() to code-split the application
- Use build.rolldownOptions.output.codeSplitting to improve chunking: https://rolldown.rs/reference/OutputOptions.codeSplitting
- Adjust chunk size limit for this warning via build.chunkSizeWarningLimit.
✓ built in 2.95s
