mkdir -p _output/bin
mkdir -p _output/release
if [ "no" = "yes" ];then\
	CC="/usr/local/musl/bin/musl-gcc" CGO_ENABLED=1 go build -ldflags " -linkmode=external -X 'volcano.sh/volcano/pkg/version.GitSHA=`git rev-parse HEAD`' -X 'volcano.sh/volcano/pkg/version.Built=`date "+%Y-%m-%d %H:%M:%S"`' -X 'volcano.sh/volcano/pkg/version.Version=4ca2f8251eb81e59daf4ec29dc2222b389356bf2'" -o _output/bin/vc-scheduler ./cmd/scheduler;\
else\
	CC=cc CGO_ENABLED=0 go build -ldflags " -X 'volcano.sh/volcano/pkg/version.GitSHA=`git rev-parse HEAD`' -X 'volcano.sh/volcano/pkg/version.Built=`date "+%Y-%m-%d %H:%M:%S"`' -X 'volcano.sh/volcano/pkg/version.Version=4ca2f8251eb81e59daf4ec29dc2222b389356bf2'" -o _output/bin/vc-scheduler ./cmd/scheduler;\
fi;
go: downloading github.com/prometheus/procfs v0.21.0
go: downloading k8s.io/kubernetes v1.36.1
go: downloading k8s.io/kube-scheduler v0.36.1
go: downloading k8s.io/dynamic-resource-allocation v0.36.1
go: downloading k8s.io/csi-translation-lib v0.36.1
go: downloading k8s.io/cloud-provider v0.36.1
go: downloading k8s.io/controller-manager v0.36.1
go: downloading github.com/google/cadvisor v0.56.2
go: downloading github.com/elastic/go-elasticsearch/v7 v7.17.10
go: downloading k8s.io/metrics v0.36.1
if [ "no" = "yes" ];then\
	CC="/usr/local/musl/bin/musl-gcc" CGO_ENABLED=1 go build -ldflags " -linkmode=external -X 'volcano.sh/volcano/pkg/version.GitSHA=`git rev-parse HEAD`' -X 'volcano.sh/volcano/pkg/version.Built=`date "+%Y-%m-%d %H:%M:%S"`' -X 'volcano.sh/volcano/pkg/version.Version=4ca2f8251eb81e59daf4ec29dc2222b389356bf2'" -o _output/bin/vc-agent-scheduler ./cmd/agent-scheduler;\
else\
	CC=cc CGO_ENABLED=0 go build -ldflags " -X 'volcano.sh/volcano/pkg/version.GitSHA=`git rev-parse HEAD`' -X 'volcano.sh/volcano/pkg/version.Built=`date "+%Y-%m-%d %H:%M:%S"`' -X 'volcano.sh/volcano/pkg/version.Version=4ca2f8251eb81e59daf4ec29dc2222b389356bf2'" -o _output/bin/vc-agent-scheduler ./cmd/agent-scheduler;\
fi;
CC=cc CGO_ENABLED=0 go build -ldflags " -X 'volcano.sh/volcano/pkg/version.GitSHA=`git rev-parse HEAD`' -X 'volcano.sh/volcano/pkg/version.Built=`date "+%Y-%m-%d %H:%M:%S"`' -X 'volcano.sh/volcano/pkg/version.Version=4ca2f8251eb81e59daf4ec29dc2222b389356bf2'" -o _output/bin/vc-controller-manager ./cmd/controller-manager
CC=cc CGO_ENABLED=0 go build -ldflags " -X 'volcano.sh/volcano/pkg/version.GitSHA=`git rev-parse HEAD`' -X 'volcano.sh/volcano/pkg/version.Built=`date "+%Y-%m-%d %H:%M:%S"`' -X 'volcano.sh/volcano/pkg/version.Version=4ca2f8251eb81e59daf4ec29dc2222b389356bf2'" -o _output/bin/vc-hypernode-controller-manager ./cmd/hypernode-controller-manager
CC=cc CGO_ENABLED=0 go build -ldflags " -X 'volcano.sh/volcano/pkg/version.GitSHA=`git rev-parse HEAD`' -X 'volcano.sh/volcano/pkg/version.Built=`date "+%Y-%m-%d %H:%M:%S"`' -X 'volcano.sh/volcano/pkg/version.Version=4ca2f8251eb81e59daf4ec29dc2222b389356bf2'" -o _output/bin/vc-webhook-manager ./cmd/webhook-manager
CC=cc CGO_ENABLED=0 go build -ldflags " -X 'volcano.sh/volcano/pkg/version.GitSHA=`git rev-parse HEAD`' -X 'volcano.sh/volcano/pkg/version.Built=`date "+%Y-%m-%d %H:%M:%S"`' -X 'volcano.sh/volcano/pkg/version.Version=4ca2f8251eb81e59daf4ec29dc2222b389356bf2'" -o _output/bin/vc-agent ./cmd/agent
go: downloading github.com/opencontainers/cgroups v0.0.8
go: downloading github.com/prometheus/prometheus v0.311.3
go: downloading k8s.io/cri-client v0.36.1
go: downloading k8s.io/cri-api v0.36.1
CC=cc CGO_ENABLED=0 go build -ldflags " -X 'volcano.sh/volcano/pkg/version.GitSHA=`git rev-parse HEAD`' -X 'volcano.sh/volcano/pkg/version.Built=`date "+%Y-%m-%d %H:%M:%S"`' -X 'volcano.sh/volcano/pkg/version.Version=4ca2f8251eb81e59daf4ec29dc2222b389356bf2'" -o _output/bin/network-qos ./cmd/network-qos
go: downloading github.com/cilium/ebpf v0.17.3
go: downloading github.com/containernetworking/plugins v1.1.1
CC=cc CGO_ENABLED=0 GOOS=linux GOARCH=amd64 go build -ldflags " -X 'volcano.sh/volcano/pkg/version.GitSHA=`git rev-parse HEAD`' -X 'volcano.sh/volcano/pkg/version.Built=`date "+%Y-%m-%d %H:%M:%S"`' -X 'volcano.sh/volcano/pkg/version.Version=4ca2f8251eb81e59daf4ec29dc2222b389356bf2'" -o _output/bin/vcctl ./cmd/cli
go build -ldflags " -X 'volcano.sh/volcano/pkg/version.GitSHA=`git rev-parse HEAD`' -X 'volcano.sh/volcano/pkg/version.Built=`date "+%Y-%m-%d %H:%M:%S"`' -X 'volcano.sh/volcano/pkg/version.Version=4ca2f8251eb81e59daf4ec29dc2222b389356bf2'" -o=_output/bin/vcancel ./cmd/cli/vcancel
go build -ldflags " -X 'volcano.sh/volcano/pkg/version.GitSHA=`git rev-parse HEAD`' -X 'volcano.sh/volcano/pkg/version.Built=`date "+%Y-%m-%d %H:%M:%S"`' -X 'volcano.sh/volcano/pkg/version.Version=4ca2f8251eb81e59daf4ec29dc2222b389356bf2'" -o=_output/bin/vresume ./cmd/cli/vresume
go build -ldflags " -X 'volcano.sh/volcano/pkg/version.GitSHA=`git rev-parse HEAD`' -X 'volcano.sh/volcano/pkg/version.Built=`date "+%Y-%m-%d %H:%M:%S"`' -X 'volcano.sh/volcano/pkg/version.Version=4ca2f8251eb81e59daf4ec29dc2222b389356bf2'" -o=_output/bin/vsuspend ./cmd/cli/vsuspend
go build -ldflags " -X 'volcano.sh/volcano/pkg/version.GitSHA=`git rev-parse HEAD`' -X 'volcano.sh/volcano/pkg/version.Built=`date "+%Y-%m-%d %H:%M:%S"`' -X 'volcano.sh/volcano/pkg/version.Version=4ca2f8251eb81e59daf4ec29dc2222b389356bf2'" -o=_output/bin/vjobs ./cmd/cli/vjobs
go build -ldflags " -X 'volcano.sh/volcano/pkg/version.GitSHA=`git rev-parse HEAD`' -X 'volcano.sh/volcano/pkg/version.Built=`date "+%Y-%m-%d %H:%M:%S"`' -X 'volcano.sh/volcano/pkg/version.Version=4ca2f8251eb81e59daf4ec29dc2222b389356bf2'" -o=_output/bin/vqueues ./cmd/cli/vqueues
go build -ldflags " -X 'volcano.sh/volcano/pkg/version.GitSHA=`git rev-parse HEAD`' -X 'volcano.sh/volcano/pkg/version.Built=`date "+%Y-%m-%d %H:%M:%S"`' -X 'volcano.sh/volcano/pkg/version.Version=4ca2f8251eb81e59daf4ec29dc2222b389356bf2'" -o=_output/bin/vsub ./cmd/cli/vsub
