GOOS=linux go build -o /home/jake/sbomit-overhead-experiment/repos/antrea/bin -trimpath -ldflags '-s -w -X antrea.io/antrea/v2/pkg/version.Version=v2.8.0-dev -X antrea.io/antrea/v2/pkg/version.GitSHA=fb51eb2 -X antrea.io/antrea/v2/pkg/version.GitTreeState=clean -X antrea.io/antrea/v2/pkg/version.ReleaseStatus=unreleased' antrea.io/antrea/v2/cmd/...
go: downloading k8s.io/client-go v0.36.1
go: downloading k8s.io/klog/v2 v2.140.0
go: downloading github.com/spf13/cobra v1.10.2
go: downloading github.com/containernetworking/cni v1.3.0
go: downloading k8s.io/apimachinery v0.36.1
go: downloading k8s.io/component-base v0.36.1
go: downloading github.com/spf13/afero v1.15.0
go: downloading github.com/spf13/pflag v1.0.10
go: downloading k8s.io/utils v0.0.0-20260210185600-b8788abfbbc2
go: downloading k8s.io/apiserver v0.36.1
go: downloading k8s.io/apiextensions-apiserver v0.36.1
go: downloading k8s.io/kube-aggregator v0.36.1
go: downloading sigs.k8s.io/network-policy-api v0.2.0
go: downloading golang.org/x/mod v0.40.0
go: downloading github.com/fsnotify/fsnotify v1.10.1
go: downloading github.com/gofrs/uuid/v5 v5.5.1
go: downloading google.golang.org/protobuf v1.36.12
go: downloading github.com/containernetworking/plugins v1.9.1
go: downloading go.yaml.in/yaml/v3 v3.0.5
go: downloading k8s.io/api v0.36.1
go: downloading google.golang.org/grpc v1.83.1
go: downloading antrea.io/libOpenflow v0.17.0
go: downloading github.com/k8snetworkplumbingwg/sriovnet v1.2.0
go: downloading github.com/vishvananda/netlink v1.3.1
go: downloading antrea.io/ofnet v0.15.1
go: downloading github.com/miekg/dns v1.1.73
go: downloading github.com/vmware/go-ipfix v0.18.0
go: downloading github.com/antrea-io/lumberjack v0.0.0-20260603202205-2fb47fcd712a
go: downloading golang.org/x/sys v0.47.0
go: downloading github.com/hashicorp/memberlist v0.6.0
go: downloading golang.org/x/net v0.58.0
go: downloading golang.org/x/time v0.15.0
go: downloading github.com/gopacket/gopacket v1.7.1
go: downloading sigs.k8s.io/knftables v0.0.21
go: downloading golang.org/x/text v0.41.0
go: downloading github.com/k8snetworkplumbingwg/network-attachment-definition-client v1.7.7
go: downloading github.com/antrea-io/libovsdb v0.0.0-20260616084319-8ae94b472b23
go: downloading github.com/go-logr/logr v1.4.4
go: downloading github.com/cenkalti/backoff/v4 v4.3.0
go: downloading github.com/sirupsen/logrus v1.10.2
go: downloading k8s.io/kube-openapi v0.0.0-20260317180543-43fb72c5454a
go: downloading golang.org/x/crypto v0.55.0
go: downloading sigs.k8s.io/randfill v1.0.0
go: downloading sigs.k8s.io/structured-merge-diff/v6 v6.3.2
go: downloading sigs.k8s.io/controller-runtime v0.24.1
go: downloading sigs.k8s.io/mcs-api v0.5.0
go: downloading github.com/coreos/go-iptables v0.8.0
go: downloading github.com/safchain/ethtool v0.6.2
go: downloading github.com/google/uuid v1.6.0
go: downloading go.opentelemetry.io/otel v1.44.0
go: downloading go.opentelemetry.io/otel/exporters/otlp/otlptrace/otlptracegrpc v1.40.0
go: downloading go.opentelemetry.io/otel/metric v1.44.0
go: downloading go.opentelemetry.io/otel/sdk v1.44.0
go: downloading go.opentelemetry.io/otel/exporters/otlp/otlptrace v1.40.0
go: downloading github.com/emicklei/go-restful/v3 v3.13.0
go: downloading github.com/coreos/go-systemd/v22 v22.7.0
go: downloading gopkg.in/evanphx/json-patch.v4 v4.13.0
go: downloading github.com/munnerz/goautoneg v0.0.0-20191010083416-a7dc8b61c822
go: downloading golang.org/x/term v0.45.0
go: downloading github.com/gorilla/websocket v1.5.4-0.20250319132907-e064f32e3674
go: downloading github.com/mxk/go-flowrate v0.0.0-20140419014527-cca7078d478f
go: downloading k8s.io/streaming v0.36.1
go: downloading golang.zx2c4.com/wireguard/wgctrl v0.0.0-20241231184526-a9ab2273dd10
go: downloading github.com/osrg/gobgp/v4 v4.8.0
go: downloading k8s.io/kubectl v0.36.1
go: downloading github.com/cheggaaa/pb/v3 v3.2.1
go: downloading golang.zx2c4.com/wireguard v0.0.0-20231211153847-12269c276173
go: downloading golang.org/x/sync v0.22.0
go: downloading sigs.k8s.io/yaml v1.6.0
go: downloading gopkg.in/inf.v0 v0.9.1
go: downloading antrea.io/ndp v0.0.0-20260520020856-5015f7fd30ea
go: downloading github.com/contiv/libovsdb v0.0.0-20170227191248-d0061a53e358
go: downloading github.com/orcaman/concurrent-map/v2 v2.0.1
go: downloading github.com/ti-mo/conntrack v0.6.0
go: downloading github.com/google/btree v1.1.3
go: downloading github.com/blang/semver/v4 v4.0.0
go: downloading github.com/prometheus/client_golang v1.24.1
go: downloading github.com/prometheus/client_model v0.6.2
go: downloading github.com/prometheus/procfs v0.21.1
go: downloading go.opentelemetry.io/otel/trace v1.44.0
go: downloading go.yaml.in/yaml/v2 v2.4.4
go: downloading github.com/pkg/sftp v1.13.11
go: downloading github.com/hashicorp/go-metrics v0.6.0
go: downloading github.com/hashicorp/go-msgpack/v2 v2.1.5
go: downloading github.com/hashicorp/go-multierror v1.1.1
go: downloading github.com/hashicorp/go-sockaddr v1.0.7
go: downloading github.com/sean-/seed v0.0.0-20170313163322-e2103e2c3529
go: downloading github.com/vishvananda/netns v0.0.5
go: downloading k8s.io/kubelet v0.36.1
go: downloading google.golang.org/genproto/googleapis/rpc v0.0.0-20260526163538-3dc84a4a5aaa
go: downloading github.com/cenkalti/rpc2 v1.0.5
go: downloading github.com/go-playground/validator/v10 v10.30.1
go: downloading github.com/stretchr/testify v1.12.1
go: downloading sigs.k8s.io/json v0.0.0-20250730193827-2d320260d730
go: downloading github.com/pion/dtls/v3 v3.1.8
go: downloading github.com/ClickHouse/clickhouse-go/v2 v2.46.0
go: downloading github.com/gammazero/deque v1.2.1
go: downloading github.com/aws/aws-sdk-go-v2 v1.41.9
go: downloading github.com/aws/aws-sdk-go-v2/config v1.32.20
go: downloading github.com/aws/aws-sdk-go-v2/feature/s3/manager v1.22.22
go: downloading github.com/aws/aws-sdk-go-v2/feature/s3/transfermanager v0.2.2
go: downloading github.com/aws/aws-sdk-go-v2/service/s3 v1.102.2
go: downloading github.com/google/gnostic-models v0.7.1
go: downloading github.com/pkg/errors v0.9.1
go: downloading github.com/json-iterator/go v1.1.12
go: downloading github.com/google/cel-go v0.29.0
go: downloading sigs.k8s.io/apiserver-network-proxy/konnectivity-client v0.34.0
go: downloading k8s.io/kms v0.36.1
go: downloading github.com/grpc-ecosystem/go-grpc-middleware/providers/prometheus v1.1.0
go: downloading go.etcd.io/etcd/client/pkg/v3 v3.6.14
go: downloading go.etcd.io/etcd/client/v3 v3.6.8
go: downloading go.opentelemetry.io/contrib/instrumentation/google.golang.org/grpc/otelgrpc v0.65.0
go: downloading go.uber.org/zap v1.27.1
go: downloading golang.org/x/oauth2 v0.36.0
go: downloading go.opentelemetry.io/contrib/instrumentation/net/http/otelhttp v0.65.0
go: downloading github.com/fxamacker/cbor/v2 v2.9.0
go: downloading gomodules.xyz/jsonpatch/v2 v2.4.0
go: downloading github.com/pmezard/go-difflib v1.0.1-0.20181226105442-5d4384ee4fb2
go: downloading github.com/NYTimes/gziphandler v1.1.1
go: downloading github.com/go-openapi/jsonreference v0.20.2
go: downloading github.com/go-openapi/swag v0.23.0
go: downloading github.com/alexflint/go-filemutex v1.3.0
go: downloading github.com/moby/spdystream v0.5.1
go: downloading github.com/fatih/color v1.19.0
go: downloading github.com/VividCortex/ewma v1.2.0
go: downloading github.com/mattn/go-colorable v0.1.15
go: downloading github.com/mattn/go-isatty v0.0.24
go: downloading github.com/mattn/go-runewidth v0.0.27
go: downloading github.com/evanphx/json-patch/v5 v5.9.11
go: downloading antrea.io/arp v0.0.0-20260520024042-c5afcf686f2f
go: downloading github.com/mdlayher/netlink v1.7.2
go: downloading github.com/ti-mo/netfilter v0.5.3
go: downloading github.com/dgryski/go-farm v0.0.0-20240924180020-3414d57e47da
go: downloading github.com/eapache/channels v1.1.0
go: downloading go.uber.org/mock v0.6.0
go: downloading github.com/armon/go-metrics v0.4.1
go: downloading github.com/hashicorp/errwrap v1.1.0
go: downloading github.com/beorn7/perks v1.0.1
go: downloading github.com/cespare/xxhash/v2 v2.3.0
go: downloading github.com/prometheus/common v0.71.0
go: downloading github.com/kr/fs v0.1.0
go: downloading github.com/cenkalti/hub v1.0.2
go: downloading github.com/evanphx/json-patch v5.6.0+incompatible
go: downloading go.opentelemetry.io/proto/otlp v1.9.0
go: downloading google.golang.org/genproto/googleapis/api v0.0.0-20260526163538-3dc84a4a5aaa
go: downloading github.com/leodido/go-urn v1.4.0
go: downloading go.etcd.io/etcd/api/v3 v3.6.8
go: downloading github.com/modern-go/concurrent v0.0.0-20180306012644-bacd9c7ef1dd
go: downloading github.com/go-playground/universal-translator v0.18.1
go: downloading github.com/modern-go/reflect2 v1.0.3-0.20250322232337-35a7c28c31ee
go: downloading github.com/gabriel-vasile/mimetype v1.4.12
go: downloading github.com/grpc-ecosystem/go-grpc-middleware/v2 v2.3.3
go: downloading github.com/coreos/go-semver v0.3.1
go: downloading github.com/aws/smithy-go v1.26.0
go: downloading github.com/aws/aws-sdk-go-v2/credentials v1.19.19
go: downloading github.com/aws/aws-sdk-go-v2/feature/ec2/imds v1.18.25
go: downloading github.com/aws/aws-sdk-go-v2/service/signin v1.1.1
go: downloading github.com/aws/aws-sdk-go-v2/service/sso v1.30.19
go: downloading github.com/aws/aws-sdk-go-v2/service/ssooidc v1.36.2
go: downloading github.com/aws/aws-sdk-go-v2/service/sts v1.42.3
go: downloading github.com/davecgh/go-spew v1.1.2-0.20180830191138-d8f796af33cc
go: downloading github.com/pion/logging v0.2.4
go: downloading github.com/pion/transport/v4 v4.0.2
go: downloading github.com/liggitt/tabwriter v0.0.0-20181228230101-89fcab3d43de
go: downloading k8s.io/cli-runtime v0.36.1
go: downloading github.com/felixge/httpsnoop v1.0.4
go: downloading github.com/go-openapi/jsonpointer v0.21.0
go: downloading github.com/mdlayher/genetlink v1.3.2
go: downloading github.com/mailru/easyjson v0.7.7
go: downloading gopkg.in/yaml.v3 v3.0.1
go: downloading github.com/gaissmai/bart v0.26.1
go: downloading github.com/k-sone/critbitgo v1.4.0
go: downloading github.com/segmentio/fasthash v1.0.3
go: downloading github.com/clipperhouse/uax29/v2 v2.2.0
go: downloading github.com/go-viper/mapstructure/v2 v2.4.0
go: downloading github.com/spf13/viper v1.20.1
go: downloading antrea.io/ethernet v0.0.0-20260520021600-167b4cbe358b
go: downloading antrea.io/packet v0.0.0-20260515064457-4eaabd67893f
go: downloading github.com/x448/float16 v0.8.4
go: downloading github.com/aws/aws-sdk-go-v2/aws/protocol/eventstream v1.7.11
go: downloading github.com/aws/aws-sdk-go-v2/internal/configsources v1.4.25
go: downloading github.com/aws/aws-sdk-go-v2/internal/v4a v1.4.26
go: downloading github.com/aws/aws-sdk-go-v2/service/internal/accept-encoding v1.13.10
go: downloading github.com/aws/aws-sdk-go-v2/service/internal/checksum v1.9.18
go: downloading github.com/aws/aws-sdk-go-v2/service/internal/presigned-url v1.13.25
go: downloading github.com/aws/aws-sdk-go-v2/service/internal/s3shared v1.19.25
go: downloading github.com/eapache/queue v1.1.0
go: downloading go.uber.org/multierr v1.11.0
go: downloading github.com/go-logr/stdr v1.2.2
go: downloading go.opentelemetry.io/auto/sdk v1.2.1
go: downloading github.com/cenkalti/backoff/v5 v5.0.3
go: downloading github.com/josharian/native v1.1.0
go: downloading github.com/mdlayher/socket v0.5.1
go: downloading github.com/hashicorp/go-immutable-radix v1.3.1
go: downloading cel.dev/expr v0.25.2
go: downloading github.com/antlr4-go/antlr/v4 v4.13.1
go: downloading github.com/grpc-ecosystem/grpc-gateway/v2 v2.27.7
go: downloading github.com/ClickHouse/ch-go v0.71.0
go: downloading github.com/andybalholm/brotli v1.2.0
go: downloading github.com/go-playground/locales v0.14.1
go: downloading github.com/gogo/protobuf v1.3.2
go: downloading github.com/golang/protobuf v1.5.4
go: downloading github.com/chai2010/gettext-go v1.0.2
go: downloading github.com/mitchellh/go-wordwrap v1.0.1
go: downloading github.com/MakeNowJust/heredoc v1.0.0
go: downloading github.com/russross/blackfriday/v2 v2.1.0
go: downloading github.com/josharian/intern v1.0.0
go: downloading github.com/aws/aws-sdk-go-v2/internal/endpoints/v2 v2.7.25
go: downloading github.com/sagikazarmark/locafero v0.7.0
go: downloading github.com/spf13/cast v1.7.1
go: downloading github.com/kylelemons/godebug v1.1.0
go: downloading github.com/paulmach/orb v0.12.0
go: downloading github.com/shopspring/decimal v1.4.0
go: downloading github.com/hashicorp/golang-lru v0.5.4
go: downloading github.com/moby/term v0.5.2
go: downloading sigs.k8s.io/kustomize/api v0.21.1
go: downloading sigs.k8s.io/kustomize/kyaml v0.21.1
go: downloading github.com/exponent-io/jsonpath v0.0.0-20210407135951-1de76d718b3f
go: downloading golang.org/x/exp v0.0.0-20251219203646-944ab1f22d93
go: downloading github.com/subosito/gotenv v1.6.0
go: downloading github.com/pelletier/go-toml/v2 v2.2.3
go: downloading github.com/sourcegraph/conc v0.3.0
go: downloading github.com/peterbourgon/diskv v2.0.1+incompatible
go: downloading github.com/pierrec/lz4/v4 v4.1.29
go: downloading github.com/go-faster/city v1.0.1
go: downloading github.com/go-faster/errors v0.7.1
go: downloading github.com/klauspost/compress v1.19.2
go: downloading github.com/segmentio/asm v1.2.1
go: downloading github.com/go-errors/errors v1.4.2
go: downloading github.com/xlab/treeprint v1.2.0
go: downloading github.com/monochromegane/go-gitignore v0.0.0-20200626010858-205db1a8cc00
