go: downloading go1.26.6 (linux/amd64)
go: downloading github.com/pkg/errors v0.9.1
go: downloading go.etcd.io/bbolt v1.4.3
go: downloading github.com/gorilla/websocket v1.5.3
go: downloading github.com/hashicorp/go-version v1.9.0
go: downloading github.com/google/uuid v1.6.0
go: downloading github.com/uber-go/tally/v4 v4.1.17
go: downloading go.uber.org/mock v0.6.0
go: downloading github.com/petergtz/pegomock/v4 v4.4.0
go: downloading golang.org/x/text v0.41.0
go: downloading github.com/bmatcuk/doublestar/v4 v4.10.0
go: downloading github.com/go-ozzo/ozzo-validation v3.6.0+incompatible
go: downloading github.com/google/shlex v0.0.0-20191202100458-e7afc7fbc510
go: downloading github.com/mitchellh/go-homedir v1.1.0
go: downloading github.com/aws/aws-sdk-go-v2 v1.42.0
go: downloading go.yaml.in/yaml/v4 v4.0.0-rc.6
go: downloading github.com/moby/patternmatcher v0.6.1
go: downloading github.com/drmaxgit/go-azuredevops v0.13.2
go: downloading github.com/go-playground/validator/v10 v10.30.3
go: downloading github.com/Masterminds/sprig/v3 v3.3.0
go: downloading github.com/aws/aws-sdk-go-v2/config v1.32.11
go: downloading github.com/redis/go-redis/v9 v9.17.3
go: downloading github.com/google/go-github/v88 v88.0.0
go: downloading github.com/gorilla/mux v1.8.1
go: downloading github.com/hashicorp/go-getter/v2 v2.2.3
go: downloading github.com/aws/aws-sdk-go-v2/service/s3 v1.103.3
go: downloading github.com/microcosm-cc/bluemonday v1.0.27
go: downloading github.com/hashicorp/hc-install v0.9.5
go: downloading github.com/cyphar/filepath-securejoin v0.6.1
go: downloading github.com/spf13/cobra v1.10.2
go: downloading gitlab.com/gitlab-org/api/client-go v0.161.1
go: downloading go.uber.org/zap v1.27.1
go: downloading github.com/hashicorp/hcl/v2 v2.24.0
go: downloading github.com/spf13/viper v1.21.0
go: downloading github.com/hashicorp/terraform-config-inspect v0.0.0-20260709150029-2fb54c236733
go: downloading github.com/urfave/negroni/v3 v3.1.1
go: downloading github.com/opentofu/tofudl v0.0.1
go: downloading github.com/zclconf/go-cty v1.16.3
go: downloading code.gitea.io/sdk/gitea v0.23.2
go: downloading github.com/hashicorp/golang-lru/v2 v2.0.7
go: downloading github.com/remeh/sizedwaitgroup v1.0.0
go: downloading github.com/spf13/pflag v1.0.10
go: downloading github.com/hashicorp/hcl v1.0.0
go: downloading github.com/asaskevich/govalidator v0.0.0-20230301143203-a9d515a09cc2
go: downloading github.com/agext/levenshtein v1.2.3
go: downloading github.com/bradleyfalzon/ghinstallation/v2 v2.17.0
go: downloading github.com/gofri/go-github-ratelimit/v2 v2.0.2
go: downloading github.com/shurcooL/githubv4 v0.0.0-20260209031235-2402fdf4a9ed
go: downloading dario.cat/mergo v1.0.1
go: downloading github.com/Masterminds/goutils v1.1.1
go: downloading github.com/Masterminds/semver/v3 v3.4.0
go: downloading github.com/huandu/xstrings v1.5.0
go: downloading github.com/mitchellh/copystructure v1.2.0
go: downloading github.com/shopspring/decimal v1.4.0
go: downloading github.com/spf13/cast v1.10.0
go: downloading golang.org/x/crypto v0.55.0
go: downloading github.com/briandowns/spinner v1.23.2
go: downloading github.com/mitchellh/colorstring v0.0.0-20190213212951-d06e56a500db
go: downloading golang.org/x/term v0.45.0
go: downloading github.com/google/go-querystring v1.2.0
go: downloading github.com/rivo/uniseg v0.4.7
go: downloading github.com/slack-go/slack v0.23.1
go: downloading github.com/jpillora/backoff v1.0.0
go: downloading github.com/onsi/gomega v1.38.2
go: downloading golang.org/x/sys v0.47.0
go: downloading github.com/aymerick/douceur v0.2.0
go: downloading golang.org/x/net v0.58.0
go: downloading github.com/golang/mock v1.6.0
go: downloading go.uber.org/atomic v1.11.0
go: downloading github.com/cactus/go-statsd-client/v5 v5.0.0
go: downloading github.com/cactus/go-statsd-client/v6 v6.0.0
go: downloading github.com/gabriel-vasile/mimetype v1.4.13
go: downloading github.com/go-playground/universal-translator v0.18.1
go: downloading github.com/leodido/go-urn v1.4.0
go: downloading github.com/bgentry/go-netrc v0.0.0-20140422174119-9fd32a8b3d3d
go: downloading github.com/hashicorp/go-cleanhttp v0.5.2
go: downloading github.com/hashicorp/go-multierror v1.1.1
go: downloading github.com/hashicorp/go-safetemp v1.0.0
go: downloading github.com/klauspost/compress v1.18.7
go: downloading github.com/mitchellh/go-testing-interface v1.14.1
go: downloading github.com/ulikunitz/xz v0.5.15
go: downloading github.com/fsnotify/fsnotify v1.9.0
go: downloading github.com/go-viper/mapstructure/v2 v2.4.0
go: downloading github.com/sagikazarmark/locafero v0.11.0
go: downloading github.com/spf13/afero v1.15.0
go: downloading github.com/prometheus/client_golang v1.12.1
go: downloading go.uber.org/multierr v1.11.0
go: downloading github.com/aws/smithy-go v1.27.1
go: downloading github.com/aws/aws-sdk-go-v2/credentials v1.19.12
go: downloading github.com/aws/aws-sdk-go-v2/feature/ec2/imds v1.18.20
go: downloading github.com/aws/aws-sdk-go-v2/internal/ini v1.8.6
go: downloading github.com/aws/aws-sdk-go-v2/service/signin v1.0.8
go: downloading github.com/aws/aws-sdk-go-v2/service/sso v1.30.13
go: downloading github.com/aws/aws-sdk-go-v2/service/ssooidc v1.35.17
go: downloading github.com/aws/aws-sdk-go-v2/service/sts v1.41.9
go: downloading github.com/aws/aws-sdk-go-v2/aws/protocol/eventstream v1.7.13
go: downloading github.com/aws/aws-sdk-go-v2/internal/configsources v1.4.29
go: downloading github.com/aws/aws-sdk-go-v2/internal/v4a v1.4.30
go: downloading github.com/aws/aws-sdk-go-v2/service/internal/accept-encoding v1.13.12
go: downloading github.com/aws/aws-sdk-go-v2/service/internal/checksum v1.9.22
go: downloading github.com/aws/aws-sdk-go-v2/service/internal/presigned-url v1.13.29
go: downloading github.com/aws/aws-sdk-go-v2/service/internal/s3shared v1.19.29
go: downloading github.com/ProtonMail/gopenpgp/v2 v2.7.5
go: downloading github.com/go-test/deep v1.1.1
go: downloading github.com/kr/pretty v0.3.1
go: downloading github.com/42wim/httpsig v1.2.3
go: downloading github.com/go-fed/httpsig v1.1.0
go: downloading github.com/golang-jwt/jwt/v4 v4.5.2
go: downloading github.com/google/go-github/v75 v75.0.0
go: downloading github.com/apparentlymart/go-textseg/v15 v15.0.0
go: downloading github.com/mitchellh/go-wordwrap v1.0.1
go: downloading github.com/shurcooL/graphql v0.0.0-20220606043923-3cf50f8a0a29
go: downloading github.com/mitchellh/reflectwalk v1.0.2
go: downloading github.com/gorilla/css v1.0.1
go: downloading github.com/fatih/color v1.16.0
go: downloading github.com/hashicorp/go-retryablehttp v0.7.8
go: downloading golang.org/x/exp v0.0.0-20240506185415-9bf2ced13842
go: downloading golang.org/x/oauth2 v0.30.0
go: downloading golang.org/x/time v0.12.0
go: downloading github.com/twmb/murmur3 v1.1.8
go: downloading github.com/cespare/xxhash/v2 v2.3.0
go: downloading github.com/dgryski/go-rendezvous v0.0.0-20200823014737-9f7001d12a5f
go: downloading github.com/go-playground/locales v0.14.1
go: downloading github.com/hashicorp/errwrap v1.1.0
go: downloading github.com/subosito/gotenv v1.6.0
go: downloading github.com/pelletier/go-toml/v2 v2.2.4
go: downloading go.yaml.in/yaml/v3 v3.0.4
go: downloading github.com/sourcegraph/conc v0.3.1-0.20240121214520-5f936abd7ae8
go: downloading github.com/prometheus/client_model v0.2.0
go: downloading github.com/prometheus/common v0.34.0
go: downloading github.com/beorn7/perks v1.0.1
go: downloading github.com/golang/protobuf v1.5.4
go: downloading github.com/prometheus/procfs v0.10.1
go: downloading google.golang.org/protobuf v1.36.10
go: downloading github.com/aws/aws-sdk-go-v2/internal/endpoints/v2 v2.7.29
go: downloading github.com/google/go-cmp v0.7.0
go: downloading github.com/kr/text v0.2.0
go: downloading github.com/rogpeppe/go-internal v1.9.0
go: downloading github.com/mattn/go-colorable v0.1.13
go: downloading github.com/mattn/go-isatty v0.0.20
go: downloading golang.org/x/mod v0.40.0
go: downloading github.com/ProtonMail/go-crypto v1.4.1
go: downloading github.com/ProtonMail/go-mime v0.0.0-20230322103455-7d82a3887f2f
go: downloading github.com/matttproud/golang_protobuf_extensions v1.0.4
go: downloading github.com/cloudflare/circl v1.6.3
CGO_ENABLED=0 GOOS=linux GOARCH=amd64 go build -v -o atlantis .
internal/goarch
internal/coverage/rtcov
internal/byteorder
internal/godebugs
internal/unsafeheader
internal/goos
internal/profilerecord
math/bits
internal/asan
internal/runtime/pprof/label
unicode/utf8
cmp
internal/msan
internal/trace/tracev2
internal/goexperiment
internal/runtime/gc
internal/runtime/math
unicode
container/list
crypto/internal/fips140/alias
crypto/internal/constanttime
crypto/internal/fips140deps/byteorder
internal/cpu
sync/atomic
internal/strconv
internal/abi
internal/runtime/atomic
internal/runtime/sys
internal/runtime/syscall/linux
crypto/internal/boring/sig
unicode/utf16
vendor/golang.org/x/crypto/cryptobyte/asn1
vendor/golang.org/x/crypto/internal/alias
internal/nettrace
encoding
github.com/go-playground/locales/currency
github.com/leodido/go-urn/scim/schema
crypto/internal/fips140/subtle
log/internal
golang.org/x/crypto/internal/alias
golang.org/x/crypto/cryptobyte/asn1
github.com/cyphar/filepath-securejoin/internal/consts
github.com/agext/levenshtein
github.com/google/go-cmp/cmp/internal/flags
github.com/aws/aws-sdk-go-v2/internal/sdkio
github.com/aws/smithy-go/container/private/cache
github.com/aws/smithy-go/endpoints/private/bdd
github.com/hashicorp/hc-install/errors
github.com/hashicorp/hc-install/internal/src
github.com/hashicorp/hc-install/internal/pubkey
github.com/aws/smithy-go/container/private/cache/lru
github.com/ProtonMail/go-crypto/internal/byteutil
image/color
golang.org/x/text/internal/utf8internal
golang.org/x/text/encoding/internal/identifier
github.com/ProtonMail/gopenpgp/v2/constants
github.com/opentofu/tofudl/branding
google.golang.org/protobuf/internal/flags
crypto/subtle
google.golang.org/protobuf/internal/set
github.com/slack-go/slack/internal/errorsx
github.com/rivo/uniseg
golang.org/x/exp/constraints
golang.org/x/net/html/atom
github.com/dgryski/go-rendezvous
github.com/redis/go-redis/v9/auth
github.com/klauspost/compress/internal/cpuinfo
github.com/klauspost/compress/internal/le
github.com/ulikunitz/xz/internal/hash
internal/runtime/exithook
github.com/pelletier/go-toml/v2/internal/characters
github.com/spf13/viper/internal/features
log/slog/internal
internal/bytealg
internal/chacha8rand
crypto/internal/fips140deps/cpu
internal/runtime/gc/scan
math
internal/synctest
internal/race
internal/sync
internal/runtime/maps
internal/stringslite
internal/runtime/cgroup
runtime
github.com/klauspost/compress
iter
internal/reflectlite
weak
runtime/metrics
sync
slices
maps
internal/bisect
internal/singleflight
internal/testlog
crypto/internal/fips140cache
log/slog/internal/buffer
go.uber.org/zap/internal/pool
google.golang.org/protobuf/internal/pragma
unique
github.com/aws/smithy-go/sync
errors
sort
io
internal/oserror
golang.org/x/crypto/cast5
github.com/hashicorp/hcl/hcl/strconv
go.etcd.io/bbolt/errors
path
strconv
vendor/golang.org/x/net/dns/dnsmessage
math/rand/v2
github.com/go-viper/mapstructure/v2/internal/errors
syscall
internal/godebug
golang.org/x/crypto/blowfish
reflect
net/netip
encoding/base64
hash
encoding/base32
bytes
github.com/aws/smithy-go/transport/http/internal/io
github.com/cloudflare/circl/internal/sha3
strings
internal/saferio
crypto/internal/randutil
golang.org/x/text/internal/tag
github.com/beorn7/perks/quantile
crypto
hash/adler32
hash/crc32
github.com/twmb/murmur3
hash/maphash
hash/crc64
hash/fnv
golang.org/x/crypto/ripemd160
github.com/cloudflare/circl/sign
math/rand
crypto/internal/fips140deps/godebug
github.com/mitchellh/go-wordwrap
vendor/golang.org/x/text/transform
golang.org/x/text/transform
github.com/aws/smithy-go/io
github.com/gabriel-vasile/mimetype/internal/json
regexp/syntax
crypto/internal/fips140
crypto/internal/impl
encoding/pem
bufio
net/http/internal/ascii
html
github.com/aws/aws-sdk-go-v2/internal/strings
github.com/huandu/xstrings
github.com/aws/aws-sdk-go-v2/aws/arn
golang.org/x/mod/semver
github.com/prometheus/common/internal/bitbucket.org/ww/goautoneg
github.com/shurcooL/graphql/ident
github.com/slack-go/slack/slackutilsx
golang.org/x/text/encoding
golang.org/x/text/runes
crypto/internal/fips140/sha256
crypto/internal/fips140/sha3
crypto/internal/fips140/sha512
github.com/redis/go-redis/v9/internal/rand
golang.org/x/text/encoding/internal
github.com/redis/go-redis/v9/internal/hashtag
golang.org/x/text/encoding/unicode
golang.org/x/text/encoding/charmap
golang.org/x/text/encoding/korean
golang.org/x/text/encoding/japanese
golang.org/x/text/encoding/traditionalchinese
golang.org/x/text/encoding/simplifiedchinese
github.com/apparentlymart/go-textseg/v15/textseg
compress/bzip2
image
internal/syscall/execenv
time
internal/syscall/unix
regexp
crypto/internal/fips140/hmac
crypto/sha3
crypto/internal/fips140/check
crypto/internal/fips140hash
crypto/fips140
crypto/internal/fips140/edwards25519/field
crypto/internal/fips140/nistec/fiat
crypto/internal/fips140/hkdf
crypto/internal/fips140/bigmod
crypto/internal/fips140/aes
crypto/internal/fips140/tls12
crypto/tls/internal/fips140tls
crypto/internal/fips140/tls13
crypto/internal/fips140/pbkdf2
image/internal/imageutil
image/jpeg
github.com/hashicorp/hc-install/internal/validators
github.com/runatlantis/atlantis/server/core/terraform/ansi
github.com/microcosm-cc/bluemonday/css
crypto/internal/fips140/edwards25519
crypto/internal/fips140deps/time
io/fs
github.com/go-playground/locales
context
go.uber.org/zap/buffer
internal/poll
github.com/uber-go/tally/v4/internal/identity
github.com/slack-go/slack/internal/backoff
github.com/aws/aws-sdk-go-v2/internal/timeconv
github.com/aws/smithy-go/ptr
github.com/google/go-cmp/cmp/internal/diff
github.com/hashicorp/golang-lru/v2/internal
crypto/internal/entropy/v1.0.0
github.com/hashicorp/golang-lru/v2/simplelru
github.com/slack-go/slack/internal/timex
github.com/jpillora/backoff
go.uber.org/zap/internal/bufferpool
github.com/hashicorp/golang-lru/v2
go.uber.org/zap/internal/stacktrace
github.com/remeh/sizedwaitgroup
github.com/aws/aws-sdk-go-v2/internal/sdk
github.com/aws/smithy-go/context
github.com/aws/aws-sdk-go-v2/service/internal/s3shared/config
internal/filepathlite
embed
github.com/spf13/afero/internal/common
google.golang.org/protobuf/internal/editiondefaults
crypto/internal/fips140/nistec
internal/fmtsort
github.com/google/go-cmp/cmp/internal/function
encoding/binary
github.com/hashicorp/errwrap
os
github.com/gabriel-vasile/mimetype/internal/scan
golang.org/x/crypto/internal/poly1305
vendor/golang.org/x/crypto/internal/poly1305
github.com/cespare/xxhash/v2
github.com/klauspost/compress/zstd/internal/xxhash
github.com/klauspost/compress/internal/snapref
golang.org/x/sys/unix
github.com/gabriel-vasile/mimetype/internal/markup
github.com/gabriel-vasile/mimetype/internal/csv
github.com/gabriel-vasile/mimetype/internal/charset
crypto/internal/sysrand
path/filepath
go.uber.org/zap/internal/exit
io/ioutil
fmt
google.golang.org/protobuf/internal/detrand
vendor/golang.org/x/sys/cpu
os/signal
github.com/prometheus/procfs/internal/util
golang.org/x/mod/internal/lazyregexp
golang.org/x/sys/cpu
net
crypto/internal/fips140/drbg
os/exec
github.com/hashicorp/go-safetemp
github.com/cyphar/filepath-securejoin
github.com/runatlantis/atlantis/server/utils
github.com/spf13/afero/mem
github.com/bmatcuk/doublestar/v4
crypto/internal/fips140only
crypto/internal/fips140/ecdh
crypto/internal/fips140/ecdsa
crypto/internal/fips140/aes/gcm
crypto/internal/fips140/ed25519
crypto/internal/fips140/mlkem
crypto/internal/fips140/rsa
golang.org/x/crypto/sha3
crypto/hkdf
crypto/md5
crypto/rc4
crypto/pbkdf2
golang.org/x/crypto/blake2b
golang.org/x/crypto/blake2s
golang.org/x/crypto/pbkdf2
github.com/mitchellh/go-homedir
github.com/runatlantis/atlantis/server/core/runtime/common
crypto/cipher
crypto/mlkem
text/scanner
encoding/hex
net/url
log
flag
compress/flate
encoding/json
debug/dwarf
mime
vendor/golang.org/x/text/unicode/norm
golang.org/x/text/internal/language
math/big
crypto/internal/boring
crypto/des
vendor/golang.org/x/crypto/chacha20
github.com/moby/patternmatcher
crypto/aes
crypto/internal/rand
crypto/sha512
crypto/hmac
crypto/sha256
crypto/ecdh
vendor/golang.org/x/text/unicode/bidi
crypto/sha1
vendor/golang.org/x/crypto/chacha20poly1305
vendor/golang.org/x/net/http2/hpack
mime/quotedprintable
compress/zlib
compress/gzip
net/http/internal
database/sql/driver
dario.cat/mergo
github.com/mitchellh/reflectwalk
github.com/spf13/cast/internal
golang.org/x/text/internal/language/compact
text/template/parse
golang.org/x/crypto/scrypt
go.uber.org/multierr
go.uber.org/zap/internal/color
go.uber.org/zap/internal/ztest
encoding/gob
golang.org/x/text/unicode/norm
vendor/golang.org/x/text/secure/bidirule
github.com/mitchellh/copystructure
github.com/hashicorp/go-version
golang.org/x/crypto/chacha20
golang.org/x/text/language
golang.org/x/crypto/curve25519
debug/macho
golang.org/x/crypto/ssh/internal/bcrypt_pbkdf
github.com/google/go-querystring/query
github.com/google/shlex
crypto/hpke
github.com/zclconf/go-cty/cty/set
runtime/debug
github.com/google/go-cmp/cmp/internal/value
encoding/csv
github.com/hashicorp/hcl/hcl/token
go.yaml.in/yaml/v4/internal/libyaml
vendor/golang.org/x/net/idna
github.com/hashicorp/hcl/hcl/ast
text/template
github.com/gabriel-vasile/mimetype/internal/magic
github.com/hashicorp/hcl/hcl/scanner
github.com/hashicorp/hcl/json/token
github.com/google/go-cmp/cmp
github.com/aws/smithy-go/logging
github.com/aws/aws-sdk-go-v2/aws/ratelimit
golang.org/x/text/internal
github.com/hashicorp/hcl/json/scanner
github.com/hashicorp/hcl/hcl/parser
github.com/aws/smithy-go/middleware
github.com/aws/aws-sdk-go-v2/feature/ec2/imds/internal/config
github.com/aws/aws-sdk-go-v2/internal/sync/singleflight
github.com/aws/smithy-go/internal/sync/singleflight
github.com/leodido/go-urn
github.com/go-playground/universal-translator
github.com/Masterminds/semver/v3
go.uber.org/zap/zapcore
go.uber.org/atomic
github.com/hashicorp/hcl/json/parser
crypto/elliptic
crypto/internal/boring/bbig
encoding/asn1
crypto/rand
crypto/dsa
net/textproto
vendor/golang.org/x/net/http/httpproxy
github.com/gabriel-vasile/mimetype
crypto/rsa
github.com/google/uuid
crypto/ed25519
github.com/Masterminds/goutils
github.com/shopspring/decimal
golang.org/x/crypto/bcrypt
golang.org/x/text/cases
github.com/zclconf/go-cty/cty/ctystrings
github.com/zclconf/go-cty/cty
github.com/hashicorp/hcl
html/template
github.com/go-ozzo/ozzo-validation
net/mail
vendor/golang.org/x/net/http/httpguts
mime/multipart
github.com/golang/mock/mockgen/model
github.com/aws/aws-sdk-go-v2/internal/rand
github.com/aws/smithy-go/document
golang.org/x/crypto/ed25519
github.com/aws/smithy-go/time
github.com/aws/smithy-go/rand
github.com/aws/aws-sdk-go-v2/internal/context
vendor/golang.org/x/crypto/cryptobyte
github.com/go-playground/validator/v10
crypto/x509/pkix
github.com/uber-go/tally/v4
golang.org/x/crypto/cryptobyte
github.com/aws/aws-sdk-go-v2/internal/middleware
os/user
github.com/aws/smithy-go/encoding
encoding/xml
github.com/aws/smithy-go
github.com/aws/aws-sdk-go-v2/internal/ini
github.com/aws/aws-sdk-go-v2/aws/protocol/eventstream
go.uber.org/zap/internal
github.com/aws/smithy-go/encoding/json
github.com/aws/aws-sdk-go-v2/service/internal/s3shared/arn
github.com/aws/smithy-go/waiter
github.com/hashicorp/go-multierror
github.com/hashicorp/hc-install/src
github.com/aws/aws-sdk-go-v2/internal/shareddefaults
github.com/aws/aws-sdk-go-v2/service/s3/internal/arn
golang.org/x/mod/module
archive/zip
github.com/ProtonMail/go-crypto/openpgp/errors
github.com/aws/smithy-go/auth
github.com/aws/smithy-go/traits
crypto/ecdsa
github.com/aws/smithy-go/metrics
github.com/spf13/cast
github.com/aws/smithy-go/tracing
github.com/aws/aws-sdk-go-v2/aws/protocol/restjson
go.yaml.in/yaml/v4/plugin/limit
github.com/aws/aws-sdk-go-v2/service/signin/types
github.com/aws/aws-sdk-go-v2/service/sso/types
github.com/aws/smithy-go/eventstream
github.com/aws/aws-sdk-go-v2/service/ssooidc/types
github.com/aws/aws-sdk-go-v2/service/sts/types
go.yaml.in/yaml/v4
github.com/aws/aws-sdk-go-v2/service/s3/types
github.com/hashicorp/hc-install
github.com/ProtonMail/go-crypto/openpgp/armor
github.com/ProtonMail/go-crypto/openpgp/aes/keywrap
github.com/ProtonMail/go-crypto/eax
golang.org/x/mod/modfile
github.com/ProtonMail/go-crypto/ocb
github.com/ProtonMail/go-crypto/bitcurves
github.com/ProtonMail/go-crypto/brainpool
github.com/ProtonMail/go-crypto/openpgp/internal/encoding
github.com/cloudflare/circl/internal/conv
github.com/cloudflare/circl/math
github.com/ProtonMail/go-crypto/openpgp/elgamal
golang.org/x/crypto/argon2
golang.org/x/crypto/hkdf
github.com/hashicorp/hc-install/version
archive/tar
github.com/cloudflare/circl/math/fp25519
github.com/cloudflare/circl/math/fp448
github.com/cloudflare/circl/math/mlsbset
github.com/ProtonMail/go-crypto/openpgp/internal/algorithm
golang.org/x/text/encoding/htmlindex
github.com/pkg/errors
github.com/cactus/go-statsd-client/v5/statsd
github.com/cactus/go-statsd-client/v6/statsd
github.com/aws/aws-sdk-go-v2/aws/protocol/xml
github.com/aws/smithy-go/encoding/xml
github.com/ProtonMail/go-crypto/openpgp/s2k
github.com/ProtonMail/gopenpgp/v2/internal
google.golang.org/protobuf/internal/errors
github.com/ProtonMail/gopenpgp/v2/armor
github.com/cloudflare/circl/dh/x25519
github.com/cloudflare/circl/sign/ed25519
github.com/cloudflare/circl/dh/x448
github.com/cloudflare/circl/ecc/goldilocks
google.golang.org/protobuf/encoding/protowire
go/token
google.golang.org/protobuf/internal/version
github.com/prometheus/common/model
github.com/prometheus/procfs/internal/fs
github.com/zclconf/go-cty/cty/convert
github.com/zclconf/go-cty/cty/function
github.com/uber-go/tally/v4/statsd
github.com/shurcooL/graphql/internal/jsonutil
google.golang.org/protobuf/reflect/protoreflect
github.com/prometheus/procfs
github.com/runatlantis/atlantis/server/i18n
crypto/x509
github.com/aws/aws-sdk-go-v2/internal/v4a/internal/crypto
github.com/hashicorp/hc-install/internal/build
github.com/runatlantis/atlantis/server/recovery
github.com/ProtonMail/go-crypto/openpgp/ed25519
github.com/ProtonMail/go-crypto/openpgp/x25519
github.com/spf13/pflag
golang.org/x/time/rate
github.com/aymerick/douceur/css
github.com/gorilla/css/scanner
github.com/cloudflare/circl/sign/ed448
golang.org/x/net/html
github.com/redis/go-redis/v9/internal/util
go.etcd.io/bbolt/internal/common
github.com/hashicorp/hc-install/product
github.com/redis/go-redis/v9/internal/interfaces
github.com/aymerick/douceur/parser
github.com/bgentry/go-netrc/netrc
github.com/redis/go-redis/v9/internal
github.com/redis/go-redis/v9/internal/proto
github.com/redis/go-redis/v9/internal/hscan
github.com/ProtonMail/go-crypto/openpgp/ed448
github.com/hashicorp/go-getter/v2/helper/url
github.com/klauspost/compress/fse
github.com/mitchellh/go-testing-interface
github.com/ulikunitz/xz/internal/xlog
go.etcd.io/bbolt/internal/freelist
internal/profile
github.com/ProtonMail/go-crypto/openpgp/internal/ecc
github.com/ProtonMail/go-crypto/openpgp/x448
github.com/hashicorp/hcl/v2
github.com/zclconf/go-cty/cty/gocty
github.com/zclconf/go-cty/cty/json
google.golang.org/protobuf/internal/encoding/messageset
google.golang.org/protobuf/internal/strs
google.golang.org/protobuf/internal/genid
google.golang.org/protobuf/internal/order
google.golang.org/protobuf/runtime/protoiface
google.golang.org/protobuf/internal/descfmt
google.golang.org/protobuf/reflect/protoregistry
google.golang.org/protobuf/internal/descopts
google.golang.org/protobuf/internal/encoding/text
google.golang.org/protobuf/internal/protolazy
go.etcd.io/bbolt
github.com/redis/go-redis/v9/internal/maintnotifications/logs
github.com/redis/go-redis/v9/push
github.com/ProtonMail/go-crypto/openpgp/ecdh
github.com/ProtonMail/go-crypto/openpgp/ecdsa
github.com/ProtonMail/go-crypto/openpgp/eddsa
text/tabwriter
github.com/ulikunitz/xz/lzma
github.com/klauspost/compress/huff0
runtime/trace
github.com/redis/go-redis/v9/internal/pool
google.golang.org/protobuf/proto
github.com/ProtonMail/go-crypto/openpgp/packet
github.com/zclconf/go-cty/cty/function/stdlib
google.golang.org/protobuf/internal/encoding/defval
github.com/mattn/go-isatty
runtime/pprof
github.com/hashicorp/hcl/v2/ext/customdecode
golang.org/x/term
github.com/mitchellh/colorstring
github.com/mattn/go-colorable
github.com/microcosm-cc/bluemonday
github.com/fsnotify/fsnotify/internal
github.com/fatih/color
github.com/go-viper/mapstructure/v2
crypto/tls
github.com/Masterminds/sprig/v3
golang.org/x/crypto/ssh
github.com/asaskevich/govalidator
google.golang.org/protobuf/encoding/prototext
google.golang.org/protobuf/internal/filedesc
github.com/golang-jwt/jwt/v4
github.com/klauspost/compress/zstd
github.com/ulikunitz/xz
github.com/redis/go-redis/v9/internal/auth/streaming
github.com/redis/go-redis/v9/maintnotifications
github.com/briandowns/spinner
github.com/spf13/cobra
github.com/fsnotify/fsnotify
github.com/sourcegraph/conc/panics
github.com/sourcegraph/conc
github.com/subosito/gotenv
github.com/spf13/viper/internal/encoding/json
github.com/sourcegraph/conc/pool
github.com/pelletier/go-toml/v2/internal/danger
go.yaml.in/yaml/v3
log/slog
github.com/go-ozzo/ozzo-validation/is
github.com/spf13/viper/internal/encoding/dotenv
github.com/hashicorp/hcl/v2/hclsyntax
github.com/ProtonMail/go-crypto/openpgp
github.com/pelletier/go-toml/v2/unstable
github.com/pelletier/go-toml/v2/internal/tracker
github.com/pelletier/go-toml/v2
github.com/ProtonMail/go-crypto/openpgp/clearsign
google.golang.org/protobuf/internal/encoding/tag
google.golang.org/protobuf/internal/impl
github.com/spf13/viper/internal/encoding/toml
github.com/spf13/viper/internal/encoding/yaml
golang.org/x/crypto/ssh/agent
github.com/hashicorp/hcl/v2/json
github.com/hashicorp/hcl/v2/hclwrite
net/http/httptrace
github.com/redis/go-redis/v9
github.com/hashicorp/hcl/v2/hclparse
net/http/internal/httpcommon
net/http
github.com/hashicorp/hcl/v2/gohcl
github.com/hashicorp/terraform-config-inspect/tfconfig
google.golang.org/protobuf/internal/filetype
google.golang.org/protobuf/runtime/protoimpl
google.golang.org/protobuf/types/known/timestamppb
google.golang.org/protobuf/types/descriptorpb
github.com/golang/protobuf/ptypes/timestamp
google.golang.org/protobuf/internal/editionssupport
google.golang.org/protobuf/types/gofeaturespb
google.golang.org/protobuf/reflect/protodesc
github.com/golang/protobuf/proto
github.com/gorilla/mux
go.uber.org/zap
github.com/42wim/httpsig
github.com/gorilla/websocket
github.com/aws/smithy-go/endpoints
github.com/aws/smithy-go/encoding/httpbinding
github.com/hashicorp/go-cleanhttp
github.com/aws/aws-sdk-go-v2/internal/v4a/internal/v4
github.com/go-fed/httpsig
expvar
github.com/ProtonMail/go-mime
github.com/drmaxgit/go-azuredevops/azuredevops
net/http/httputil
github.com/google/go-github/v88/github
github.com/google/go-github/v75/github
github.com/hashicorp/go-retryablehttp
github.com/gofri/go-github-ratelimit/v2/github_ratelimit/github_primary_ratelimit
github.com/gofri/go-github-ratelimit/v2/github_ratelimit/github_secondary_ratelimit
github.com/prometheus/client_model/go
github.com/matttproud/golang_protobuf_extensions/pbutil
github.com/ProtonMail/gopenpgp/v2/crypto
golang.org/x/net/context/ctxhttp
golang.org/x/oauth2/internal
github.com/hashicorp/go-getter/v2
github.com/urfave/negroni/v3
code.gitea.io/sdk/gitea
github.com/gofri/go-github-ratelimit/v2/github_ratelimit
github.com/shurcooL/graphql
github.com/aws/smithy-go/transport/http
github.com/prometheus/client_golang/prometheus/internal
github.com/hashicorp/hc-install/internal/httpclient
github.com/prometheus/common/expfmt
github.com/slack-go/slack
github.com/shurcooL/githubv4
golang.org/x/oauth2
net/http/pprof
github.com/hashicorp/hc-install/internal/releasesjson
github.com/spf13/afero
gitlab.com/gitlab-org/api/client-go
go.uber.org/zap/zaptest
github.com/hashicorp/hc-install/releases
github.com/runatlantis/atlantis/server/logging
github.com/opentofu/tofudl
github.com/aws/smithy-go/auth/bearer
github.com/aws/aws-sdk-go-v2/internal/endpoints/awsrulesfn
github.com/aws/aws-sdk-go-v2/internal/auth
github.com/aws/smithy-go/endpoints/private/rulesfn
github.com/aws/aws-sdk-go-v2/aws/protocol/query
github.com/runatlantis/atlantis/server/core/config/valid
github.com/runatlantis/atlantis/server/events/models
github.com/runatlantis/atlantis/server/controllers/websocket
github.com/aws/aws-sdk-go-v2/service/internal/accept-encoding
github.com/aws/aws-sdk-go-v2/aws
github.com/aws/smithy-go/private/requestcompression
github.com/aws/aws-sdk-go-v2/aws/protocol/eventstream/eventstreamapi
github.com/prometheus/client_golang/prometheus
github.com/runatlantis/atlantis/server/scheduled
github.com/runatlantis/atlantis/server/events/vcs/bitbucketcloud
github.com/runatlantis/atlantis/server/events/vcs
github.com/runatlantis/atlantis/server/core/drift
github.com/runatlantis/atlantis/server/events/command
github.com/runatlantis/atlantis/server/core/config/raw
github.com/runatlantis/atlantis/server/core/terraform
github.com/aws/aws-sdk-go-v2/credentials
github.com/aws/aws-sdk-go-v2/aws/middleware
github.com/aws/aws-sdk-go-v2/aws/defaults
github.com/aws/aws-sdk-go-v2/aws/signer/internal/v4
github.com/aws/aws-sdk-go-v2/internal/configsources
github.com/aws/aws-sdk-go-v2/internal/endpoints
github.com/aws/aws-sdk-go-v2/internal/endpoints/v2
github.com/aws/aws-sdk-go-v2/credentials/processcreds
github.com/runatlantis/atlantis/server/jobs
github.com/runatlantis/atlantis/server/core/db
github.com/sagikazarmark/locafero
github.com/aws/aws-sdk-go-v2/service/signin/internal/endpoints
github.com/aws/aws-sdk-go-v2/service/sso/internal/endpoints
github.com/aws/aws-sdk-go-v2/service/ssooidc/internal/endpoints
github.com/runatlantis/atlantis/server/core/locking
github.com/aws/aws-sdk-go-v2/aws/transport/http
github.com/aws/aws-sdk-go-v2/aws/retry
github.com/runatlantis/atlantis/server/core/config
github.com/aws/aws-sdk-go-v2/service/sts/internal/endpoints
github.com/aws/aws-sdk-go-v2/service/s3/internal/endpoints
github.com/runatlantis/atlantis/server/core/boltdb
github.com/spf13/viper
github.com/aws/aws-sdk-go-v2/aws/signer/v4
github.com/runatlantis/atlantis/server/controllers/web_templates
github.com/runatlantis/atlantis/server/core/runtime/models
github.com/aws/aws-sdk-go-v2/service/internal/s3shared
github.com/runatlantis/atlantis/server/events/vcs/gitea
github.com/aws/aws-sdk-go-v2/credentials/endpointcreds/internal/client
github.com/aws/aws-sdk-go-v2/feature/ec2/imds
github.com/runatlantis/atlantis/server/core/terraform/tfclient
github.com/runatlantis/atlantis/server/core/runtime/cache
github.com/prometheus/client_golang/prometheus/promhttp
github.com/aws/aws-sdk-go-v2/service/internal/presigned-url
github.com/aws/aws-sdk-go-v2/internal/auth/smithy
github.com/aws/aws-sdk-go-v2/internal/v4a
github.com/runatlantis/atlantis/server/core/runtime/policy
github.com/aws/aws-sdk-go-v2/service/signin
github.com/aws/aws-sdk-go-v2/service/sso
github.com/aws/aws-sdk-go-v2/service/ssooidc
github.com/aws/aws-sdk-go-v2/service/sts
github.com/aws/aws-sdk-go-v2/credentials/endpointcreds
github.com/aws/aws-sdk-go-v2/service/internal/checksum
github.com/aws/aws-sdk-go-v2/credentials/ec2rolecreds
github.com/aws/aws-sdk-go-v2/service/s3/internal/customizations
github.com/uber-go/tally/v4/prometheus
github.com/aws/aws-sdk-go-v2/service/s3
github.com/aws/aws-sdk-go-v2/credentials/logincreds
github.com/runatlantis/atlantis/server/metrics
github.com/aws/aws-sdk-go-v2/credentials/ssocreds
github.com/runatlantis/atlantis/server/events/vcs/common
github.com/runatlantis/atlantis/server/events/vcs/bitbucketserver
github.com/runatlantis/atlantis/server/events/vcs/azuredevops
github.com/runatlantis/atlantis/server/events/webhooks
github.com/aws/aws-sdk-go-v2/credentials/stscreds
github.com/aws/aws-sdk-go-v2/config
github.com/runatlantis/atlantis/server/events/vcs/gitlab
github.com/bradleyfalzon/ghinstallation/v2
github.com/runatlantis/atlantis/server/core/redis
github.com/runatlantis/atlantis/testdrive
github.com/runatlantis/atlantis/server/events/vcs/github
github.com/runatlantis/atlantis/server/core/planstore
github.com/runatlantis/atlantis/server/core/runtime
github.com/runatlantis/atlantis/server/events
github.com/runatlantis/atlantis/server/controllers/events
github.com/runatlantis/atlantis/server/controllers
github.com/runatlantis/atlantis/server
github.com/runatlantis/atlantis/cmd
github.com/runatlantis/atlantis
