level=info msg="Starting prematerial attestors stage..."
level=info msg="Starting git attestor..."
level=info msg="Starting environment attestor..."
level=info msg="Finished environment attestor... (0.00012006s)"
level=info msg="Finished git attestor... (0.065361995s)"
level=info msg="Completed prematerial attestors stage..."
level=info msg="Starting material attestors stage..."
level=info msg="Starting material attestor..."
level=info msg="Finished material attestor... (0.444772546s)"
level=info msg="Completed material attestors stage..."
level=info msg="Starting execute attestors stage..."
level=info msg="Starting command-run attestor..."
go: downloading go1.26.6 (linux/amd64)
go: downloading go.uber.org/mock v0.6.0
go: downloading github.com/pkg/errors v0.9.1
go: downloading github.com/google/uuid v1.6.0
go: downloading github.com/redis/go-redis/v9 v9.17.3
go: downloading github.com/aws/aws-sdk-go-v2 v1.42.0
go: downloading github.com/aws/aws-sdk-go-v2/config v1.32.11
go: downloading github.com/aws/aws-sdk-go-v2/service/s3 v1.103.3
go: downloading github.com/petergtz/pegomock/v4 v4.4.0
go: downloading github.com/cyphar/filepath-securejoin v0.6.1
go: downloading github.com/hashicorp/go-version v1.9.0
go: downloading github.com/gorilla/websocket v1.5.3
go: downloading go.etcd.io/bbolt v1.4.3
go: downloading github.com/Masterminds/sprig/v3 v3.3.0
go: downloading github.com/bmatcuk/doublestar/v4 v4.10.0
go: downloading github.com/mitchellh/go-homedir v1.1.0
go: downloading github.com/hashicorp/go-getter/v2 v2.2.3
go: downloading github.com/go-playground/validator/v10 v10.30.3
go: downloading github.com/go-ozzo/ozzo-validation v3.6.0+incompatible
go: downloading github.com/drmaxgit/go-azuredevops v0.13.2
go: downloading github.com/hashicorp/hc-install v0.9.5
go: downloading github.com/moby/patternmatcher v0.6.1
go: downloading github.com/hashicorp/hcl/v2 v2.24.0
go: downloading github.com/gorilla/mux v1.8.1
go: downloading github.com/google/shlex v0.0.0-20191202100458-e7afc7fbc510
go: downloading github.com/google/go-github/v88 v88.0.0
go: downloading code.gitea.io/sdk/gitea v0.23.2
go: downloading github.com/spf13/cobra v1.10.2
go: downloading github.com/uber-go/tally/v4 v4.1.17
go: downloading go.yaml.in/yaml/v4 v4.0.0-rc.6
go: downloading github.com/microcosm-cc/bluemonday v1.0.27
go: downloading gitlab.com/gitlab-org/api/client-go v0.161.1
go: downloading github.com/spf13/viper v1.21.0
go: downloading golang.org/x/text v0.41.0
go: downloading github.com/hashicorp/terraform-config-inspect v0.0.0-20260709150029-2fb54c236733
go: downloading github.com/urfave/negroni/v3 v3.1.1
go: downloading github.com/zclconf/go-cty v1.16.3
go: downloading github.com/hashicorp/golang-lru/v2 v2.0.7
go: downloading github.com/opentofu/tofudl v0.0.1
go: downloading github.com/jpillora/backoff v1.0.0
go: downloading github.com/bradleyfalzon/ghinstallation/v2 v2.17.0
go: downloading github.com/rivo/uniseg v0.4.7
go: downloading github.com/slack-go/slack v0.23.1
go: downloading github.com/hashicorp/hcl v1.0.0
go: downloading go.uber.org/zap v1.27.1
go: downloading github.com/remeh/sizedwaitgroup v1.0.0
go: downloading github.com/cactus/go-statsd-client/v5 v5.0.0
go: downloading github.com/gofri/go-github-ratelimit/v2 v2.0.2
go: downloading github.com/agext/levenshtein v1.2.3
go: downloading github.com/spf13/pflag v1.0.10
go: downloading github.com/cactus/go-statsd-client/v6 v6.0.0
go: downloading github.com/shurcooL/githubv4 v0.0.0-20260209031235-2402fdf4a9ed
go: downloading github.com/go-test/deep v1.1.1
go: downloading github.com/kr/pretty v0.3.1
go: downloading github.com/briandowns/spinner v1.23.2
go: downloading github.com/mitchellh/colorstring v0.0.0-20190213212951-d06e56a500db
go: downloading golang.org/x/term v0.45.0
go: downloading dario.cat/mergo v1.0.1
go: downloading github.com/Masterminds/goutils v1.1.1
go: downloading github.com/Masterminds/semver/v3 v3.4.0
go: downloading github.com/huandu/xstrings v1.5.0
go: downloading github.com/shopspring/decimal v1.4.0
go: downloading github.com/spf13/cast v1.10.0
go: downloading golang.org/x/crypto v0.55.0
go: downloading github.com/onsi/gomega v1.38.2
go: downloading golang.org/x/sys v0.47.0
go: downloading github.com/mitchellh/copystructure v1.2.0
go: downloading github.com/google/go-querystring v1.2.0
go: downloading github.com/asaskevich/govalidator v0.0.0-20230301143203-a9d515a09cc2
go: downloading github.com/aws/aws-sdk-go-v2/credentials v1.19.12
go: downloading github.com/aws/aws-sdk-go-v2/feature/ec2/imds v1.18.20
go: downloading github.com/aws/aws-sdk-go-v2/service/signin v1.0.8
go: downloading github.com/aws/aws-sdk-go-v2/service/sso v1.30.13
go: downloading github.com/aws/aws-sdk-go-v2/service/ssooidc v1.35.17
go: downloading github.com/aws/aws-sdk-go-v2/internal/ini v1.8.6
go: downloading github.com/aws/aws-sdk-go-v2/service/sts v1.41.9
go: downloading github.com/aws/smithy-go v1.27.1
go: downloading github.com/aymerick/douceur v0.2.0
go: downloading golang.org/x/net v0.58.0
go: downloading github.com/42wim/httpsig v1.2.3
go: downloading github.com/go-fed/httpsig v1.1.0
go: downloading github.com/bgentry/go-netrc v0.0.0-20140422174119-9fd32a8b3d3d
go: downloading github.com/hashicorp/go-cleanhttp v0.5.2
go: downloading github.com/hashicorp/go-multierror v1.1.1
go: downloading github.com/hashicorp/go-safetemp v1.0.0
go: downloading github.com/klauspost/compress v1.18.7
go: downloading github.com/mitchellh/go-testing-interface v1.14.1
go: downloading github.com/ulikunitz/xz v0.5.15
go: downloading github.com/golang/mock v1.6.0
go: downloading go.uber.org/atomic v1.11.0
go: downloading github.com/prometheus/client_golang v1.12.1
go: downloading github.com/gabriel-vasile/mimetype v1.4.13
go: downloading github.com/go-playground/universal-translator v0.18.1
go: downloading github.com/fsnotify/fsnotify v1.9.0
go: downloading github.com/go-viper/mapstructure/v2 v2.4.0
go: downloading github.com/sagikazarmark/locafero v0.11.0
go: downloading github.com/spf13/afero v1.15.0
go: downloading github.com/leodido/go-urn v1.4.0
go: downloading github.com/aws/aws-sdk-go-v2/aws/protocol/eventstream v1.7.13
go: downloading github.com/aws/aws-sdk-go-v2/internal/configsources v1.4.29
go: downloading github.com/aws/aws-sdk-go-v2/internal/v4a v1.4.30
go: downloading github.com/aws/aws-sdk-go-v2/service/internal/accept-encoding v1.13.12
go: downloading github.com/aws/aws-sdk-go-v2/service/internal/checksum v1.9.22
go: downloading github.com/aws/aws-sdk-go-v2/service/internal/presigned-url v1.13.29
go: downloading github.com/aws/aws-sdk-go-v2/service/internal/s3shared v1.19.29
go: downloading github.com/golang-jwt/jwt/v4 v4.5.2
go: downloading github.com/google/go-github/v75 v75.0.0
go: downloading github.com/ProtonMail/gopenpgp/v2 v2.7.5
go: downloading github.com/apparentlymart/go-textseg/v15 v15.0.0
go: downloading github.com/mitchellh/go-wordwrap v1.0.1
go: downloading github.com/cespare/xxhash/v2 v2.3.0
go: downloading github.com/dgryski/go-rendezvous v0.0.0-20200823014737-9f7001d12a5f
go: downloading go.uber.org/multierr v1.11.0
go: downloading github.com/fatih/color v1.16.0
go: downloading github.com/kr/text v0.2.0
go: downloading github.com/rogpeppe/go-internal v1.9.0
go: downloading github.com/shurcooL/graphql v0.0.0-20220606043923-3cf50f8a0a29
go: downloading github.com/mitchellh/reflectwalk v1.0.2
go: downloading github.com/gorilla/css v1.0.1
go: downloading github.com/hashicorp/errwrap v1.1.0
go: downloading github.com/twmb/murmur3 v1.1.8
go: downloading golang.org/x/exp v0.0.0-20240506185415-9bf2ced13842
go: downloading github.com/hashicorp/go-retryablehttp v0.7.8
go: downloading golang.org/x/oauth2 v0.30.0
go: downloading golang.org/x/time v0.12.0
go: downloading github.com/subosito/gotenv v1.6.0
go: downloading github.com/pelletier/go-toml/v2 v2.2.4
go: downloading go.yaml.in/yaml/v3 v3.0.4
go: downloading golang.org/x/mod v0.40.0
go: downloading github.com/ProtonMail/go-crypto v1.4.1
go: downloading github.com/beorn7/perks v1.0.1
go: downloading github.com/golang/protobuf v1.5.4
go: downloading github.com/prometheus/client_model v0.2.0
go: downloading github.com/prometheus/common v0.34.0
go: downloading github.com/prometheus/procfs v0.10.1
go: downloading google.golang.org/protobuf v1.36.10
go: downloading github.com/go-playground/locales v0.14.1
go: downloading github.com/aws/aws-sdk-go-v2/internal/endpoints/v2 v2.7.29
go: downloading github.com/sourcegraph/conc v0.3.1-0.20240121214520-5f936abd7ae8
go: downloading github.com/google/go-cmp v0.7.0
go: downloading github.com/mattn/go-colorable v0.1.13
go: downloading github.com/mattn/go-isatty v0.0.20
go: downloading github.com/ProtonMail/go-mime v0.0.0-20230322103455-7d82a3887f2f
go: downloading github.com/matttproud/golang_protobuf_extensions v1.0.4
go: downloading github.com/cloudflare/circl v1.6.3
CGO_ENABLED=0 GOOS=linux GOARCH=amd64 go build -v -o atlantis .
internal/godebugs
internal/goos
internal/runtime/pprof/label
internal/msan
internal/trace/tracev2
internal/asan
unicode
internal/byteorder
container/list
internal/cpu
internal/coverage/rtcov
crypto/internal/fips140/alias
crypto/internal/constanttime
crypto/internal/fips140deps/byteorder
crypto/internal/boring/sig
unicode/utf16
vendor/golang.org/x/crypto/cryptobyte/asn1
vendor/golang.org/x/crypto/internal/alias
internal/nettrace
encoding
github.com/go-playground/locales/currency
log/internal
github.com/leodido/go-urn/scim/schema
golang.org/x/crypto/internal/alias
golang.org/x/crypto/cryptobyte/asn1
github.com/cyphar/filepath-securejoin/internal/consts
github.com/agext/levenshtein
github.com/aws/aws-sdk-go-v2/internal/sdkio
github.com/google/go-cmp/cmp/internal/flags
github.com/aws/smithy-go/container/private/cache
github.com/aws/smithy-go/endpoints/private/bdd
github.com/aws/smithy-go/container/private/cache/lru
github.com/hashicorp/hc-install/errors
github.com/hashicorp/hc-install/internal/src
github.com/hashicorp/hc-install/internal/pubkey
github.com/ProtonMail/go-crypto/internal/byteutil
image/color
cmp
unicode/utf8
golang.org/x/text/encoding/internal/identifier
golang.org/x/text/internal/utf8internal
github.com/ProtonMail/gopenpgp/v2/constants
github.com/opentofu/tofudl/branding
github.com/slack-go/slack/internal/errorsx
sync/atomic
google.golang.org/protobuf/internal/flags
internal/profilerecord
golang.org/x/net/html/atom
github.com/dgryski/go-rendezvous
github.com/redis/go-redis/v9/auth
math/bits
github.com/klauspost/compress/internal/le
github.com/klauspost/compress/internal/cpuinfo
github.com/ulikunitz/xz/internal/hash
github.com/spf13/viper/internal/features
crypto/internal/fips140/subtle
google.golang.org/protobuf/internal/set
log/slog/internal
internal/strconv
internal/bytealg
golang.org/x/exp/constraints
math
internal/goarch
internal/goexperiment
internal/abi
internal/chacha8rand
internal/runtime/atomic
internal/runtime/syscall/linux
internal/runtime/gc
internal/runtime/exithook
internal/runtime/sys
internal/race
crypto/internal/fips140deps/cpu
internal/runtime/math
internal/stringslite
internal/sync
internal/runtime/cgroup
internal/synctest
internal/runtime/gc/scan
internal/runtime/maps
crypto/subtle
github.com/klauspost/compress
github.com/rivo/uniseg
github.com/pelletier/go-toml/v2/internal/characters
internal/unsafeheader
runtime
iter
sync
runtime/metrics
weak
internal/reflectlite
slices
maps
internal/bisect
crypto/internal/fips140cache
internal/testlog
unique
internal/singleflight
go.uber.org/zap/internal/pool
internal/godebug
github.com/aws/smithy-go/sync
google.golang.org/protobuf/internal/pragma
log/slog/internal/buffer
sort
errors
crypto/internal/fips140deps/godebug
math/rand
strconv
path
vendor/golang.org/x/net/dns/dnsmessage
golang.org/x/text/internal/tag
github.com/hashicorp/hcl/hcl/strconv
golang.org/x/crypto/cast5
reflect
net/netip
github.com/beorn7/perks/quantile
go.etcd.io/bbolt/errors
github.com/redis/go-redis/v9/internal/rand
golang.org/x/crypto/blowfish
io
internal/oserror
syscall
bytes
math/rand/v2
encoding/base32
github.com/aws/smithy-go/transport/http/internal/io
hash
internal/saferio
encoding/base64
crypto/internal/randutil
github.com/gabriel-vasile/mimetype/internal/json
vendor/golang.org/x/text/transform
golang.org/x/text/transform
github.com/mitchellh/go-wordwrap
github.com/aws/smithy-go/io
github.com/cloudflare/circl/internal/sha3
golang.org/x/text/encoding
golang.org/x/text/runes
golang.org/x/text/encoding/internal
strings
time
internal/syscall/execenv
golang.org/x/text/encoding/korean
golang.org/x/text/encoding/simplifiedchinese
golang.org/x/text/encoding/japanese
internal/fmtsort
encoding/binary
io/fs
context
crypto/internal/fips140deps/time
github.com/go-playground/locales
github.com/hashicorp/golang-lru/v2/internal
github.com/hashicorp/golang-lru/v2/simplelru
embed
github.com/google/go-cmp/cmp/internal/diff
github.com/aws/aws-sdk-go-v2/internal/sdk
github.com/aws/smithy-go/context
github.com/hashicorp/golang-lru/v2
internal/filepathlite
github.com/aws/smithy-go/ptr
github.com/remeh/sizedwaitgroup
github.com/aws/aws-sdk-go-v2/internal/timeconv
github.com/aws/aws-sdk-go-v2/service/internal/s3shared/config
golang.org/x/text/encoding/charmap
golang.org/x/text/encoding/traditionalchinese
golang.org/x/text/encoding/unicode
google.golang.org/protobuf/internal/editiondefaults
github.com/slack-go/slack/internal/backoff
github.com/slack-go/slack/internal/timex
github.com/jpillora/backoff
crypto/internal/entropy/v1.0.0
vendor/golang.org/x/crypto/internal/poly1305
github.com/gabriel-vasile/mimetype/internal/scan
golang.org/x/crypto/internal/poly1305
github.com/cespare/xxhash/v2
github.com/gabriel-vasile/mimetype/internal/markup
github.com/gabriel-vasile/mimetype/internal/csv
github.com/klauspost/compress/zstd/internal/xxhash
crypto/internal/impl
crypto/internal/fips140
regexp/syntax
crypto
bufio
github.com/gabriel-vasile/mimetype/internal/charset
net/http/internal/ascii
hash/adler32
html
github.com/apparentlymart/go-textseg/v15/textseg
internal/syscall/unix
hash/crc64
github.com/aws/aws-sdk-go-v2/internal/strings
crypto/internal/fips140/sha3
go.uber.org/zap/buffer
github.com/aws/aws-sdk-go-v2/aws/arn
hash/crc32
github.com/huandu/xstrings
github.com/hashicorp/errwrap
github.com/twmb/murmur3
go.uber.org/zap/internal/bufferpool
golang.org/x/mod/semver
github.com/cloudflare/circl/sign
golang.org/x/crypto/ripemd160
encoding/pem
hash/maphash
crypto/internal/fips140/sha256
crypto/internal/fips140/sha512
go.uber.org/zap/internal/stacktrace
hash/fnv
github.com/prometheus/common/internal/bitbucket.org/ww/goautoneg
github.com/shurcooL/graphql/ident
golang.org/x/sys/unix
github.com/slack-go/slack/slackutilsx
github.com/redis/go-redis/v9/internal/hashtag
github.com/uber-go/tally/v4/internal/identity
github.com/go-viper/mapstructure/v2/internal/errors
github.com/klauspost/compress/internal/snapref
github.com/spf13/afero/internal/common
compress/bzip2
crypto/sha3
internal/poll
crypto/internal/fips140hash
crypto/internal/fips140/hmac
os
crypto/internal/fips140/check
regexp
image
crypto/fips140
crypto/internal/fips140/aes
crypto/internal/fips140/hkdf
crypto/tls/internal/fips140tls
crypto/internal/fips140/pbkdf2
crypto/internal/fips140/tls13
crypto/internal/fips140/tls12
fmt
path/filepath
crypto/internal/sysrand
crypto/internal/fips140/bigmod
golang.org/x/sys/cpu
crypto/internal/fips140/edwards25519/field
golang.org/x/crypto/sha3
net
golang.org/x/crypto/blake2b
image/internal/imageutil
golang.org/x/crypto/blake2s
image/jpeg
golang.org/x/crypto/argon2
google.golang.org/protobuf/internal/detrand
github.com/prometheus/procfs/internal/util
os/signal
crypto/internal/fips140/drbg
github.com/redis/go-redis/v9/internal/interfaces
vendor/golang.org/x/sys/cpu
crypto/internal/fips140only
crypto/internal/fips140/mlkem
crypto/internal/fips140/rsa
crypto/internal/fips140/aes/gcm
go.uber.org/zap/internal/exit
crypto/mlkem
crypto/hkdf
crypto/rc4
crypto/pbkdf2
crypto/md5
github.com/mattn/go-isatty
github.com/cyphar/filepath-securejoin
os/exec
github.com/bmatcuk/doublestar/v4
crypto/internal/fips140/nistec/fiat
text/scanner
encoding/hex
net/url
github.com/mitchellh/go-homedir
github.com/moby/patternmatcher
flag
compress/flate
debug/dwarf
mime
crypto/internal/fips140/edwards25519
io/ioutil
log
compress/zlib
net/textproto
golang.org/x/text/internal/language
compress/gzip
vendor/golang.org/x/text/unicode/bidi
vendor/golang.org/x/text/unicode/norm
golang.org/x/text/internal/language/compact
vendor/golang.org/x/net/http2/hpack
crypto/internal/fips140/nistec
vendor/golang.org/x/text/secure/bidirule
net/http/internal
mime/quotedprintable
database/sql/driver
golang.org/x/text/language
vendor/golang.org/x/net/idna
dario.cat/mergo
math/big
github.com/hashicorp/go-version
vendor/golang.org/x/net/http/httpguts
vendor/golang.org/x/net/http/httpproxy
github.com/mitchellh/reflectwalk
github.com/spf13/cast/internal
crypto/internal/fips140/ecdh
crypto/internal/fips140/ecdsa
github.com/mitchellh/copystructure
golang.org/x/crypto/pbkdf2
text/template/parse
go.uber.org/zap/internal/color
go.uber.org/zap/internal/ztest
golang.org/x/text/internal
golang.org/x/text/unicode/norm
github.com/google/go-querystring/query
github.com/google/shlex
encoding/gob
github.com/zclconf/go-cty/cty/set
go.uber.org/multierr
runtime/debug
github.com/google/go-cmp/cmp/internal/function
github.com/google/go-cmp/cmp/internal/value
encoding/csv
github.com/hashicorp/hcl/hcl/token
github.com/zclconf/go-cty/cty/ctystrings
golang.org/x/text/cases
github.com/google/go-cmp/cmp
go.yaml.in/yaml/v4/internal/libyaml
github.com/hashicorp/hcl/hcl/ast
github.com/hashicorp/hcl/hcl/scanner
github.com/golang/mock/mockgen/model
crypto/cipher
text/template
crypto/internal/boring
encoding/json
debug/macho
crypto/aes
crypto/internal/rand
crypto/sha512
crypto/hmac
crypto/sha256
crypto/ecdh
vendor/golang.org/x/crypto/chacha20
crypto/sha1
crypto/internal/fips140/ed25519
net/mail
crypto/elliptic
crypto/internal/boring/bbig
encoding/asn1
crypto/rand
vendor/golang.org/x/crypto/chacha20poly1305
crypto/dsa
crypto/ed25519
vendor/golang.org/x/crypto/cryptobyte
crypto/x509/pkix
crypto/rsa
github.com/Masterminds/goutils
crypto/ecdsa
github.com/shopspring/decimal
crypto/hpke
mime/multipart
golang.org/x/crypto/scrypt
golang.org/x/crypto/ed25519
golang.org/x/crypto/chacha20
golang.org/x/crypto/cryptobyte
golang.org/x/crypto/curve25519
golang.org/x/crypto/ssh/internal/bcrypt_pbkdf
github.com/hashicorp/hcl/hcl/parser
github.com/hashicorp/hcl/json/token
github.com/aws/aws-sdk-go-v2/internal/sync/singleflight
github.com/aws/aws-sdk-go-v2/internal/rand
github.com/aws/smithy-go/internal/sync/singleflight
github.com/aws/smithy-go/logging
github.com/hashicorp/hcl/json/scanner
github.com/gabriel-vasile/mimetype/internal/magic
golang.org/x/crypto/bcrypt
github.com/aws/smithy-go/time
github.com/aws/smithy-go/rand
github.com/aws/aws-sdk-go-v2/aws/ratelimit
github.com/aws/aws-sdk-go-v2/feature/ec2/imds/internal/config
os/user
github.com/aws/smithy-go/encoding
github.com/aws/smithy-go/middleware
github.com/gabriel-vasile/mimetype
encoding/xml
github.com/aws/aws-sdk-go-v2/internal/shareddefaults
github.com/aws/aws-sdk-go-v2/internal/v4a/internal/crypto
github.com/go-playground/universal-translator
github.com/leodido/go-urn
github.com/Masterminds/semver/v3
github.com/google/uuid
html/template
github.com/go-playground/validator/v10
go.uber.org/zap/zapcore
go.uber.org/atomic
github.com/uber-go/tally/v4
github.com/aws/smithy-go/document
github.com/zclconf/go-cty/cty
github.com/aws/aws-sdk-go-v2/internal/context
go.yaml.in/yaml/v4/plugin/limit
github.com/aws/aws-sdk-go-v2/internal/middleware
github.com/aws/smithy-go/encoding/json
github.com/aws/aws-sdk-go-v2/aws/protocol/xml
github.com/aws/smithy-go/encoding/xml
go.uber.org/zap/internal
github.com/aws/aws-sdk-go-v2/internal/ini
github.com/aws/aws-sdk-go-v2/aws/protocol/eventstream
github.com/aws/aws-sdk-go-v2/service/internal/s3shared/arn
github.com/aws/smithy-go/waiter
github.com/runatlantis/atlantis/server/utils
github.com/runatlantis/atlantis/server/core/runtime/common
go.yaml.in/yaml/v4
github.com/runatlantis/atlantis/server/core/terraform/ansi
github.com/hashicorp/hc-install/src
github.com/hashicorp/go-multierror
golang.org/x/mod/internal/lazyregexp
archive/zip
crypto/des
github.com/go-ozzo/ozzo-validation
crypto/x509
github.com/ProtonMail/go-crypto/openpgp/errors
github.com/hashicorp/hcl/json/parser
github.com/ProtonMail/go-crypto/openpgp/aes/keywrap
github.com/ProtonMail/go-crypto/openpgp/armor
github.com/ProtonMail/go-crypto/eax
github.com/ProtonMail/go-crypto/ocb
github.com/ProtonMail/go-crypto/bitcurves
crypto/tls
github.com/zclconf/go-cty/cty/function
github.com/zclconf/go-cty/cty/convert
github.com/asaskevich/govalidator
github.com/ProtonMail/go-crypto/openpgp/internal/algorithm
github.com/ProtonMail/go-crypto/brainpool
github.com/ProtonMail/go-crypto/openpgp/internal/encoding
github.com/cloudflare/circl/internal/conv
github.com/hashicorp/hcl/v2
github.com/zclconf/go-cty/cty/gocty
golang.org/x/crypto/ssh
github.com/zclconf/go-cty/cty/json
github.com/go-ozzo/ozzo-validation/is
github.com/aws/aws-sdk-go-v2/service/s3/internal/arn
github.com/cloudflare/circl/math
github.com/hashicorp/hcl/v2/ext/customdecode
github.com/ProtonMail/go-crypto/openpgp/elgamal
github.com/ProtonMail/go-crypto/openpgp/s2k
golang.org/x/crypto/hkdf
golang.org/x/mod/module
github.com/hashicorp/hc-install/version
github.com/hashicorp/hc-install/internal/validators
github.com/cloudflare/circl/math/fp448
github.com/cloudflare/circl/math/fp25519
net/http/httptrace
github.com/zclconf/go-cty/cty/function/stdlib
github.com/cloudflare/circl/math/mlsbset
github.com/hashicorp/hcl
github.com/hashicorp/hc-install
github.com/aws/smithy-go
golang.org/x/text/encoding/htmlindex
archive/tar
github.com/pkg/errors
github.com/cactus/go-statsd-client/v5/statsd
github.com/ProtonMail/gopenpgp/v2/internal
github.com/ProtonMail/gopenpgp/v2/armor
github.com/cactus/go-statsd-client/v6/statsd
net/http/internal/httpcommon
github.com/aws/smithy-go/traits
github.com/aws/smithy-go/auth
github.com/aws/smithy-go/tracing
github.com/aws/smithy-go/eventstream
github.com/aws/aws-sdk-go-v2/aws/protocol/restjson
net/http
github.com/aws/aws-sdk-go-v2/service/signin/types
github.com/aws/aws-sdk-go-v2/service/sso/types
github.com/aws/smithy-go/metrics
github.com/aws/aws-sdk-go-v2/service/sts/types
github.com/aws/aws-sdk-go-v2/service/ssooidc/types
github.com/aws/aws-sdk-go-v2/service/s3/types
github.com/cloudflare/circl/dh/x448
google.golang.org/protobuf/internal/errors
go/token
google.golang.org/protobuf/internal/version
google.golang.org/protobuf/encoding/protowire
github.com/prometheus/procfs/internal/fs
github.com/ProtonMail/go-crypto/openpgp/x448
github.com/prometheus/common/model
github.com/uber-go/tally/v4/statsd
github.com/golang-jwt/jwt/v4
github.com/cloudflare/circl/ecc/goldilocks
golang.org/x/mod/modfile
github.com/shurcooL/graphql/internal/jsonutil
github.com/cloudflare/circl/sign/ed448
github.com/runatlantis/atlantis/server/recovery
github.com/hashicorp/hc-install/internal/build
github.com/spf13/pflag
github.com/prometheus/procfs
github.com/hashicorp/hc-install/product
github.com/ProtonMail/go-crypto/openpgp/ed448
golang.org/x/time/rate
github.com/runatlantis/atlantis/server/i18n
github.com/gorilla/css/scanner
github.com/spf13/cast
github.com/microcosm-cc/bluemonday/css
golang.org/x/net/html
github.com/cloudflare/circl/dh/x25519
github.com/hashicorp/hcl/v2/hclsyntax
github.com/aymerick/douceur/css
github.com/aymerick/douceur/parser
go.etcd.io/bbolt/internal/common
github.com/redis/go-redis/v9/internal/util
github.com/bgentry/go-netrc/netrc
github.com/microcosm-cc/bluemonday
github.com/redis/go-redis/v9/internal/proto
github.com/redis/go-redis/v9/internal
github.com/redis/go-redis/v9/internal/hscan
go.etcd.io/bbolt/internal/freelist
github.com/cloudflare/circl/sign/ed25519
github.com/redis/go-redis/v9/internal/maintnotifications/logs
github.com/redis/go-redis/v9/push
github.com/hashicorp/go-getter/v2/helper/url
github.com/hashicorp/go-safetemp
github.com/klauspost/compress/fse
github.com/ProtonMail/go-crypto/openpgp/ed25519
github.com/mitchellh/go-testing-interface
github.com/klauspost/compress/huff0
github.com/ulikunitz/xz/internal/xlog
text/tabwriter
github.com/Masterminds/sprig/v3
github.com/ulikunitz/xz/lzma
internal/profile
runtime/pprof
runtime/trace
github.com/ProtonMail/go-crypto/openpgp/internal/ecc
golang.org/x/crypto/ssh/agent
github.com/ProtonMail/go-crypto/openpgp/x25519
github.com/mattn/go-colorable
github.com/ProtonMail/go-crypto/openpgp/ecdh
go.uber.org/zap
github.com/gorilla/websocket
github.com/42wim/httpsig
github.com/go-fed/httpsig
github.com/drmaxgit/go-azuredevops/azuredevops
github.com/hashicorp/hcl/v2/json
net/http/httputil
github.com/aws/smithy-go/encoding/httpbinding
go.uber.org/zap/zaptest
github.com/aws/smithy-go/transport/http
github.com/runatlantis/atlantis/server/logging
github.com/aws/smithy-go/endpoints
github.com/hashicorp/hcl/v2/hclparse
github.com/aws/aws-sdk-go-v2/internal/v4a/internal/v4
github.com/runatlantis/atlantis/server/core/config/valid
github.com/runatlantis/atlantis/server/events/models
github.com/runatlantis/atlantis/server/controllers/websocket
github.com/runatlantis/atlantis/server/core/config/raw
github.com/runatlantis/atlantis/server/events/command
github.com/runatlantis/atlantis/server/core/drift
github.com/google/go-github/v88/github
github.com/aws/smithy-go/auth/bearer
github.com/gorilla/mux
github.com/runatlantis/atlantis/server/core/config
github.com/aws/aws-sdk-go-v2/aws
github.com/runatlantis/atlantis/server/jobs
code.gitea.io/sdk/gitea
github.com/runatlantis/atlantis/server/core/db
github.com/runatlantis/atlantis/server/core/locking
github.com/aws/aws-sdk-go-v2/internal/auth
github.com/aws/aws-sdk-go-v2/aws/middleware
github.com/aws/aws-sdk-go-v2/credentials
github.com/aws/aws-sdk-go-v2/aws/transport/http
github.com/aws/aws-sdk-go-v2/aws/retry
github.com/aws/aws-sdk-go-v2/aws/defaults
github.com/hashicorp/hcl/v2/hclwrite
github.com/aws/aws-sdk-go-v2/aws/signer/internal/v4
github.com/aws/aws-sdk-go-v2/internal/configsources
github.com/aws/aws-sdk-go-v2/internal/endpoints
github.com/aws/aws-sdk-go-v2/internal/endpoints/v2
github.com/aws/smithy-go/endpoints/private/rulesfn
github.com/aws/aws-sdk-go-v2/service/signin/internal/endpoints
github.com/aws/aws-sdk-go-v2/service/sso/internal/endpoints
github.com/aws/aws-sdk-go-v2/credentials/processcreds
github.com/aws/aws-sdk-go-v2/service/ssooidc/internal/endpoints
github.com/aws/aws-sdk-go-v2/service/internal/accept-encoding
github.com/aws/aws-sdk-go-v2/aws/protocol/query
github.com/aws/aws-sdk-go-v2/service/sts/internal/endpoints
github.com/aws/aws-sdk-go-v2/aws/protocol/eventstream/eventstreamapi
github.com/aws/aws-sdk-go-v2/service/s3/internal/endpoints
github.com/runatlantis/atlantis/server/core/runtime/models
github.com/aws/smithy-go/private/requestcompression
github.com/ProtonMail/go-crypto/openpgp/ecdsa
github.com/ProtonMail/go-crypto/openpgp/eddsa
github.com/hashicorp/go-cleanhttp
github.com/ProtonMail/go-mime
github.com/hashicorp/go-retryablehttp
github.com/aws/aws-sdk-go-v2/credentials/endpointcreds/internal/client
github.com/ProtonMail/go-crypto/openpgp/packet
github.com/aws/aws-sdk-go-v2/service/internal/s3shared
github.com/aws/aws-sdk-go-v2/aws/signer/v4
github.com/aws/aws-sdk-go-v2/credentials/endpointcreds
github.com/hashicorp/hc-install/internal/httpclient
github.com/runatlantis/atlantis/server/events/vcs
github.com/runatlantis/atlantis/server/events/vcs/bitbucketcloud
google.golang.org/protobuf/reflect/protoreflect
expvar
github.com/runatlantis/atlantis/server/events/vcs/gitea
github.com/ProtonMail/go-crypto/openpgp
github.com/gofri/go-github-ratelimit/v2/github_ratelimit/github_primary_ratelimit
github.com/gofri/go-github-ratelimit/v2/github_ratelimit/github_secondary_ratelimit
github.com/runatlantis/atlantis/server/scheduled
github.com/aws/aws-sdk-go-v2/internal/endpoints/awsrulesfn
github.com/aws/aws-sdk-go-v2/internal/auth/smithy
github.com/aws/aws-sdk-go-v2/service/internal/presigned-url
github.com/aws/aws-sdk-go-v2/feature/ec2/imds
github.com/google/go-github/v75/github
github.com/aws/aws-sdk-go-v2/internal/v4a
golang.org/x/net/context/ctxhttp
github.com/shurcooL/graphql
github.com/hashicorp/hcl/v2/gohcl
github.com/shurcooL/githubv4
github.com/aws/aws-sdk-go-v2/service/internal/checksum
github.com/gofri/go-github-ratelimit/v2/github_ratelimit
go.etcd.io/bbolt
golang.org/x/oauth2/internal
golang.org/x/oauth2
github.com/redis/go-redis/v9/internal/pool
google.golang.org/protobuf/internal/encoding/messageset
google.golang.org/protobuf/internal/strs
google.golang.org/protobuf/internal/genid
google.golang.org/protobuf/internal/order
google.golang.org/protobuf/reflect/protoregistry
google.golang.org/protobuf/runtime/protoiface
google.golang.org/protobuf/internal/descfmt
github.com/aws/aws-sdk-go-v2/credentials/ec2rolecreds
google.golang.org/protobuf/internal/descopts
github.com/aws/aws-sdk-go-v2/service/ssooidc
github.com/aws/aws-sdk-go-v2/service/sso
github.com/aws/aws-sdk-go-v2/service/sts
github.com/aws/aws-sdk-go-v2/service/s3/internal/customizations
google.golang.org/protobuf/internal/protolazy
github.com/aws/aws-sdk-go-v2/service/signin
github.com/runatlantis/atlantis/server/core/boltdb
github.com/redis/go-redis/v9/internal/auth/streaming
github.com/aws/aws-sdk-go-v2/credentials/ssocreds
github.com/redis/go-redis/v9/maintnotifications
github.com/ulikunitz/xz
github.com/aws/aws-sdk-go-v2/credentials/stscreds
github.com/runatlantis/atlantis/server/core/runtime/cache
github.com/redis/go-redis/v9
github.com/urfave/negroni/v3
net/http/pprof
github.com/klauspost/compress/zstd
github.com/fatih/color
github.com/hashicorp/hc-install/internal/releasesjson
github.com/ProtonMail/go-crypto/openpgp/clearsign
github.com/hashicorp/terraform-config-inspect/tfconfig
github.com/aws/aws-sdk-go-v2/credentials/logincreds
google.golang.org/protobuf/internal/encoding/text
google.golang.org/protobuf/proto
gitlab.com/gitlab-org/api/client-go
golang.org/x/term
github.com/mitchellh/colorstring
github.com/spf13/cobra
github.com/fsnotify/fsnotify/internal
github.com/aws/aws-sdk-go-v2/config
github.com/fsnotify/fsnotify
github.com/go-viper/mapstructure/v2
github.com/runatlantis/atlantis/server/controllers/web_templates
github.com/hashicorp/go-getter/v2
github.com/spf13/afero/mem
github.com/sourcegraph/conc/panics
github.com/spf13/afero
github.com/runatlantis/atlantis/server/core/runtime/policy
github.com/sourcegraph/conc
github.com/subosito/gotenv
github.com/briandowns/spinner
github.com/spf13/viper/internal/encoding/json
github.com/pelletier/go-toml/v2/internal/danger
google.golang.org/protobuf/internal/encoding/defval
github.com/pelletier/go-toml/v2/unstable
github.com/spf13/viper/internal/encoding/dotenv
google.golang.org/protobuf/internal/filedesc
github.com/sourcegraph/conc/pool
google.golang.org/protobuf/encoding/prototext
go.yaml.in/yaml/v3
github.com/ProtonMail/gopenpgp/v2/crypto
github.com/pelletier/go-toml/v2/internal/tracker
github.com/pelletier/go-toml/v2
log/slog
github.com/aws/aws-sdk-go-v2/service/s3
google.golang.org/protobuf/internal/encoding/tag
github.com/spf13/viper/internal/encoding/toml
github.com/spf13/viper/internal/encoding/yaml
github.com/sagikazarmark/locafero
github.com/hashicorp/hc-install/releases
github.com/spf13/viper
github.com/opentofu/tofudl
github.com/runatlantis/atlantis/server/core/terraform
github.com/slack-go/slack
github.com/runatlantis/atlantis/server/core/terraform/tfclient
google.golang.org/protobuf/internal/impl
github.com/runatlantis/atlantis/testdrive
github.com/bradleyfalzon/ghinstallation/v2
github.com/runatlantis/atlantis/server/events/webhooks
google.golang.org/protobuf/internal/filetype
google.golang.org/protobuf/runtime/protoimpl
google.golang.org/protobuf/types/descriptorpb
google.golang.org/protobuf/types/known/timestamppb
github.com/golang/protobuf/ptypes/timestamp
google.golang.org/protobuf/internal/editionssupport
google.golang.org/protobuf/types/gofeaturespb
google.golang.org/protobuf/reflect/protodesc
github.com/runatlantis/atlantis/server/core/redis
github.com/golang/protobuf/proto
github.com/prometheus/client_model/go
github.com/matttproud/golang_protobuf_extensions/pbutil
github.com/prometheus/client_golang/prometheus/internal
github.com/prometheus/common/expfmt
github.com/prometheus/client_golang/prometheus
github.com/runatlantis/atlantis/server/core/planstore
github.com/prometheus/client_golang/prometheus/promhttp
github.com/runatlantis/atlantis/server/core/runtime
github.com/uber-go/tally/v4/prometheus
github.com/runatlantis/atlantis/server/metrics
github.com/runatlantis/atlantis/server/events/vcs/common
github.com/runatlantis/atlantis/server/events/vcs/azuredevops
github.com/runatlantis/atlantis/server/events/vcs/bitbucketserver
github.com/runatlantis/atlantis/server/events/vcs/gitlab
github.com/runatlantis/atlantis/server/events/vcs/github
github.com/runatlantis/atlantis/server/events
github.com/runatlantis/atlantis/server/controllers/events
github.com/runatlantis/atlantis/server/controllers
github.com/runatlantis/atlantis/server
github.com/runatlantis/atlantis/cmd
github.com/runatlantis/atlantis
level=info msg="Finished command-run attestor... (376.863535528s)"
level=info msg="Completed execute attestors stage..."
level=info msg="Starting product attestors stage..."
level=info msg="Starting product attestor..."
level=info msg="Finished product attestor... (0.158375208s)"
level=info msg="Completed product attestors stage..."
level=info msg="Starting postproduct attestors stage..."
level=info msg="Completed postproduct attestors stage..."
