go build -race -o build/ ./cmd/bank-vaults
go: downloading github.com/fsnotify/fsnotify v1.10.1
go: downloading github.com/prometheus/client_golang v1.24.1
go: downloading emperror.dev/errors v0.8.1
go: downloading github.com/bank-vaults/vault-sdk v0.12.0
go: downloading github.com/ramizpolic/multiparser v1.0.1
go: downloading github.com/jpillora/backoff v1.0.0
go: downloading github.com/spf13/viper v1.21.0
go: downloading github.com/spf13/cobra v1.10.2
go: downloading github.com/aws/aws-sdk-go-v2 v1.44.0
go: downloading github.com/aws/aws-sdk-go-v2/config v1.32.40
go: downloading github.com/aws/aws-sdk-go-v2/service/kms v1.56.0
go: downloading github.com/Azure/azure-sdk-for-go/sdk/azcore v1.23.0
go: downloading github.com/Azure/azure-sdk-for-go/sdk/azidentity v1.14.0
go: downloading github.com/Azure/azure-sdk-for-go/sdk/security/keyvault/azsecrets v1.5.0
go: downloading github.com/dimchansky/utfbom v1.1.1
go: downloading k8s.io/api v0.37.0
go: downloading k8s.io/apimachinery v0.37.0
go: downloading k8s.io/client-go v0.37.0
go: downloading cloud.google.com/go/storage v1.65.1
go: downloading github.com/oracle/oci-go-sdk/v65 v65.124.0
go: downloading github.com/spf13/cast v1.10.0
go: downloading golang.org/x/oauth2 v0.36.0
go: downloading google.golang.org/api v0.294.0
go: downloading github.com/miekg/pkcs11 v1.1.2
go: downloading github.com/aliyun/alibaba-cloud-sdk-go v1.63.107
go: downloading github.com/aws/aws-sdk-go-v2/service/s3 v1.108.0
go: downloading github.com/aliyun/aliyun-oss-go-sdk v3.0.2+incompatible
go: downloading cloud.google.com/go v0.123.0
go: downloading github.com/hashicorp/go-uuid v1.0.3
go: downloading github.com/hashicorp/hcl v1.0.1-vault-7
go: downloading github.com/hashicorp/vault/api v1.23.0
go: downloading github.com/mitchellh/mapstructure v1.5.0
go: downloading sigs.k8s.io/controller-runtime v0.24.1
go: downloading github.com/pkg/errors v0.9.1
go: downloading go.uber.org/multierr v1.11.0
go: downloading cloud.google.com/go/compute/metadata v0.9.0
go: downloading github.com/hashicorp/vault/api/auth/aws v0.12.0
go: downloading github.com/hashicorp/vault/api/auth/azure v0.11.0
go: downloading github.com/hashicorp/vault/api/auth/gcp v0.12.0
go: downloading github.com/hashicorp/vault/api/auth/kubernetes v0.12.0
go: downloading cloud.google.com/go/kms v1.32.0
go: downloading github.com/Masterminds/sprig/v3 v3.3.0
go: downloading gocloud.dev v0.45.0
go: downloading github.com/Azure/azure-sdk-for-go/sdk/security/keyvault/internal v1.2.0
go: downloading github.com/go-viper/mapstructure/v2 v2.5.0
go: downloading github.com/sagikazarmark/locafero v0.12.0
go: downloading github.com/spf13/afero v1.15.0
go: downloading github.com/spf13/pflag v1.0.10
go: downloading golang.org/x/sys v0.47.0
go: downloading github.com/Azure/azure-sdk-for-go/sdk/internal v1.12.0
go: downloading github.com/AzureAD/microsoft-authentication-library-for-go v1.7.2
go: downloading golang.org/x/crypto v0.55.0
go: downloading github.com/prometheus/client_model v0.6.2
go: downloading github.com/prometheus/common v0.70.1
go: downloading github.com/beorn7/perks v1.0.1
go: downloading github.com/cespare/xxhash/v2 v2.3.0
go: downloading github.com/prometheus/procfs v0.21.1
go: downloading google.golang.org/protobuf v1.36.12
go: downloading github.com/aws/smithy-go v1.28.1
go: downloading github.com/aws/aws-sdk-go-v2/internal/configsources v1.4.40
go: downloading github.com/aws/aws-sdk-go-v2/credentials v1.19.39
go: downloading github.com/aws/aws-sdk-go-v2/feature/ec2/imds v1.18.40
go: downloading github.com/aws/aws-sdk-go-v2/service/signin v1.6.0
go: downloading github.com/aws/aws-sdk-go-v2/service/sso v1.34.0
go: downloading github.com/aws/aws-sdk-go-v2/service/ssooidc v1.39.0
go: downloading github.com/aws/aws-sdk-go-v2/service/sts v1.46.0
go: downloading cloud.google.com/go/auth v0.23.2
go: downloading cloud.google.com/go/iam v1.12.0
go: downloading github.com/GoogleCloudPlatform/opentelemetry-operations-go/exporter/metric v0.57.0
go: downloading github.com/google/uuid v1.6.0
go: downloading github.com/googleapis/gax-go/v2 v2.24.0
go: downloading go.opentelemetry.io/contrib/detectors/gcp v1.44.0
go: downloading go.opentelemetry.io/otel v1.44.0
go: downloading go.opentelemetry.io/otel/metric v1.44.0
go: downloading go.opentelemetry.io/otel/sdk/metric v1.44.0
go: downloading go.opentelemetry.io/otel/sdk v1.44.0
go: downloading go.opentelemetry.io/otel/trace v1.44.0
go: downloading golang.org/x/sync v0.22.0
go: downloading google.golang.org/genproto v0.0.0-20260715232425-e75dac1f907d
go: downloading google.golang.org/grpc v1.83.2
go: downloading golang.org/x/time v0.15.0
go: downloading k8s.io/utils v0.0.0-20260626114624-be93311217bd
go: downloading sigs.k8s.io/randfill v1.0.0
go: downloading github.com/aws/aws-sdk-go-v2/aws/protocol/eventstream v1.7.20
go: downloading github.com/aws/aws-sdk-go-v2/internal/v4a v1.4.41
go: downloading github.com/aws/aws-sdk-go-v2/service/internal/accept-encoding v1.13.19
go: downloading github.com/aws/aws-sdk-go-v2/service/internal/checksum v1.10.0
go: downloading github.com/aws/aws-sdk-go-v2/service/internal/presigned-url v1.13.40
go: downloading github.com/aws/aws-sdk-go-v2/service/internal/s3shared v1.19.41
go: downloading github.com/cenkalti/backoff/v4 v4.3.0
go: downloading github.com/go-jose/go-jose/v4 v4.1.4
go: downloading github.com/hashicorp/errwrap v1.1.0
go: downloading github.com/hashicorp/go-cleanhttp v0.5.2
go: downloading github.com/hashicorp/go-multierror v1.1.1
go: downloading github.com/hashicorp/go-retryablehttp v0.7.8
go: downloading github.com/hashicorp/go-rootcerts v1.0.2
go: downloading github.com/hashicorp/go-secure-stdlib/parseutil v0.2.0
go: downloading github.com/hashicorp/go-secure-stdlib/strutil v0.1.2
go: downloading golang.org/x/net v0.58.0
go: downloading gopkg.in/yaml.v3 v3.0.1
go: downloading github.com/aws/aws-sdk-go v1.55.8
go: downloading github.com/hashicorp/go-hclog v1.6.3
go: downloading github.com/hashicorp/go-secure-stdlib/awsutil v0.3.0
go: downloading dario.cat/mergo v1.0.2
go: downloading github.com/Masterminds/goutils v1.1.1
go: downloading github.com/Masterminds/semver/v3 v3.5.0
go: downloading github.com/huandu/xstrings v1.5.0
go: downloading github.com/mitchellh/copystructure v1.2.0
go: downloading github.com/shopspring/decimal v1.4.0
go: downloading cloud.google.com/go/longrunning v1.2.0
go: downloading google.golang.org/genproto/googleapis/api v0.0.0-20260715232425-e75dac1f907d
go: downloading github.com/evanphx/json-patch/v5 v5.9.11
go: downloading github.com/Azure/azure-sdk-for-go/sdk/storage/azblob v1.7.0
go: downloading github.com/Azure/go-autorest/autorest/to v0.4.1
go: downloading github.com/Azure/go-autorest v14.2.0+incompatible
go: downloading github.com/google/wire v0.7.0
go: downloading github.com/aws/aws-sdk-go-v2/feature/s3/manager v1.22.18
go: downloading github.com/subosito/gotenv v1.6.0
go: downloading github.com/pelletier/go-toml/v2 v2.3.1
go: downloading go.yaml.in/yaml/v3 v3.0.5
go: downloading golang.org/x/text v0.41.0
go: downloading github.com/kylelemons/godebug v1.1.0
go: downloading github.com/pkg/browser v0.0.0-20240102092130-5ac0b6a4141c
go: downloading github.com/munnerz/goautoneg v0.0.0-20191010083416-a7dc8b61c822
go: downloading k8s.io/klog/v2 v2.140.0
go: downloading golang.org/x/term v0.45.0
go: downloading github.com/aws/aws-sdk-go-v2/internal/endpoints/v2 v2.7.40
go: downloading google.golang.org/genproto/googleapis/rpc v0.0.0-20260819154853-08b0e4226688
go: downloading cloud.google.com/go/monitoring v1.30.0
go: downloading github.com/GoogleCloudPlatform/opentelemetry-operations-go/internal/resourcemapping v0.57.0
go: downloading github.com/GoogleCloudPlatform/opentelemetry-operations-go/detectors/gcp v1.33.0
go: downloading github.com/go-logr/logr v1.4.3
go: downloading k8s.io/kube-openapi v0.0.0-20260721132016-d427ff9ee9ad
go: downloading sigs.k8s.io/structured-merge-diff/v6 v6.4.2
go: downloading gopkg.in/inf.v0 v0.9.1
go: downloading sigs.k8s.io/json v0.0.0-20250730193827-2d320260d730
go: downloading github.com/hashicorp/go-sockaddr v1.0.7
go: downloading github.com/ryanuber/go-glob v1.0.0
go: downloading cloud.google.com/go/auth/oauth2adapt v0.2.8
go: downloading go.opentelemetry.io/contrib/instrumentation/net/http/otelhttp v0.68.0
go: downloading github.com/mitchellh/reflectwalk v1.0.2
go: downloading github.com/fatih/color v1.19.0
go: downloading github.com/mattn/go-isatty v0.0.22
go: downloading go.opentelemetry.io/contrib/instrumentation/google.golang.org/grpc/otelgrpc v0.68.0
go: downloading golang.org/x/xerrors v0.0.0-20240903120638-7835f813f4da
go: downloading github.com/golang-jwt/jwt/v5 v5.3.1
go: downloading github.com/google/gnostic-models v0.7.1
go: downloading github.com/fxamacker/cbor/v2 v2.9.2
go: downloading github.com/go-logr/stdr v1.2.2
go: downloading go.opentelemetry.io/auto/sdk v1.2.1
go: downloading github.com/envoyproxy/go-control-plane/envoy v1.37.0
go: downloading github.com/json-iterator/go v1.1.12
go: downloading go.yaml.in/yaml/v2 v2.4.4
go: downloading github.com/google/s2a-go v0.1.9
go: downloading github.com/googleapis/enterprise-certificate-proxy v0.3.20
go: downloading github.com/felixge/httpsnoop v1.0.4
go: downloading sigs.k8s.io/yaml v1.6.0
go: downloading github.com/go-openapi/jsonreference v1.0.0
go: downloading github.com/go-openapi/swag v0.27.1
go: downloading github.com/davecgh/go-spew v1.1.2-0.20180830191138-d8f796af33cc
go: downloading github.com/spiffe/go-spiffe/v2 v2.7.0
go: downloading github.com/mattn/go-colorable v0.1.14
go: downloading github.com/cncf/xds/go v0.0.0-20260202195803-dba9d589def2
go: downloading github.com/jmespath/go-jmespath v0.4.0
go: downloading gopkg.in/evanphx/json-patch.v4 v4.13.0
go: downloading github.com/go-openapi/jsonpointer v1.0.0
go: downloading github.com/go-openapi/swag/cmdutils v0.27.1
go: downloading github.com/go-openapi/swag/conv v0.27.1
go: downloading github.com/go-openapi/swag/fileutils v0.27.1
go: downloading github.com/go-openapi/swag/jsonutils v0.27.1
go: downloading github.com/go-openapi/swag/mangling v0.27.1
go: downloading github.com/go-openapi/swag/loading v0.27.1
go: downloading github.com/go-openapi/swag/netutils v0.27.1
go: downloading github.com/go-openapi/swag/stringutils v0.27.1
go: downloading github.com/go-openapi/swag/typeutils v0.27.1
go: downloading github.com/go-openapi/swag/yamlutils v0.27.1
go: downloading github.com/x448/float16 v0.8.4
go: downloading github.com/modern-go/concurrent v0.0.0-20180306012644-bacd9c7ef1dd
go: downloading github.com/modern-go/reflect2 v1.0.3-0.20250322232337-35a7c28c31ee
go: downloading cel.dev/expr v0.25.2
go: downloading github.com/envoyproxy/protoc-gen-validate v1.3.3
go: downloading github.com/emicklei/go-restful/v3 v3.13.0
go: downloading github.com/go-openapi/swag/pools v0.27.1
go: downloading github.com/youmark/pkcs8 v0.0.0-20240726163527-a2c0da244d78
go: downloading github.com/gofrs/flock v0.13.0
go: downloading github.com/sony/gobreaker/v2 v2.4.0
go: downloading github.com/opentracing/opentracing-go v1.2.1-0.20220228012449-10b1cf09e00b
go: downloading gopkg.in/ini.v1 v1.67.2
