go: downloading golang.org/x/crypto v0.32.0
go: downloading github.com/envoyproxy/go-control-plane/envoy v1.32.3
go: downloading github.com/bfenetworks/go-lib v0.0.2
go: downloading github.com/armon/go-radix v1.0.0
go: downloading github.com/spaolacci/murmur3 v1.1.0
go: downloading github.com/tidwall/gjson v1.18.0
go: downloading github.com/tidwall/sjson v1.2.5
go: downloading gopkg.in/gcfg.v1 v1.2.3
go: downloading github.com/prometheus/client_golang v1.22.0
go: downloading github.com/prometheus/common v0.62.0
go: downloading golang.org/x/net v0.33.0
go: downloading github.com/abbot/go-http-auth v0.4.1-0.20181019201920-860ed7f246ff
go: downloading github.com/andybalholm/brotli v1.0.2
go: downloading github.com/miekg/dns v1.1.29
go: downloading github.com/google/uuid v1.6.0
go: downloading github.com/bfenetworks/bfe-access-pb v0.3.4
go: downloading google.golang.org/protobuf v1.36.5
go: downloading github.com/go-jose/go-jose/v4 v4.0.5
go: downloading github.com/opentracing/opentracing-go v1.1.0
go: downloading github.com/golang-jwt/jwt v3.2.2+incompatible
go: downloading go.elastic.co/apm v1.11.0
go: downloading go.elastic.co/apm/module/apmot v1.7.2
go: downloading github.com/openzipkin-contrib/zipkin-go-opentracing v0.4.5
go: downloading github.com/openzipkin/zipkin-go v0.2.2
go: downloading github.com/uber/jaeger-client-go v2.25.0+incompatible
go: downloading github.com/uber/jaeger-lib v2.4.0+incompatible
go: downloading github.com/bfenetworks/bfe-mock-waf v0.1.0
go: downloading github.com/bfenetworks/bwi v0.1.2
go: downloading github.com/oschwald/geoip2-golang v1.4.0
go: downloading golang.org/x/sys v0.30.0
go: downloading github.com/microcosm-cc/bluemonday v1.0.16
go: downloading github.com/json-iterator/go v1.1.12
go: downloading github.com/zmap/go-iptree v0.0.0-20170831022036-1948b1097e25
go: downloading github.com/gomodule/redigo v2.0.0+incompatible
go: downloading github.com/russross/blackfriday/v2 v2.0.1
go: downloading google.golang.org/grpc v1.67.1
go: downloading github.com/bfenetworks/proxy-wasm-go-host v0.0.1
go: downloading github.com/alicebob/miniredis/v2 v2.34.0
go: downloading go.uber.org/automaxprocs v1.4.0
go: downloading github.com/tjfoc/gmsm v1.3.2
go: downloading github.com/tidwall/match v1.1.1
go: downloading github.com/tidwall/pretty v1.2.0
go: downloading gopkg.in/warnings.v0 v0.1.2
go: downloading github.com/munnerz/goautoneg v0.0.0-20191010083416-a7dc8b61c822
go: downloading github.com/prometheus/client_model v0.6.1
go: downloading github.com/beorn7/perks v1.0.1
go: downloading github.com/cespare/xxhash/v2 v2.3.0
go: downloading github.com/prometheus/procfs v0.15.1
go: downloading github.com/jehiah/go-strftime v0.0.0-20171201141054-1d33003b3869
go: downloading github.com/opentracing-contrib/go-observer v0.0.0-20170622124052-a52f23424492
go: downloading github.com/oschwald/maxminddb-golang v1.6.0
go: downloading github.com/asergeyev/nradix v0.0.0-20170505151046-3872ab85bb56
go: downloading github.com/aymerick/douceur v0.2.0
go: downloading github.com/pkg/errors v0.9.1
go: downloading github.com/elastic/go-sysinfo v1.1.1
go: downloading go.elastic.co/fastjson v1.1.0
go: downloading github.com/shurcooL/sanitized_anchor_name v1.0.0
go: downloading go.uber.org/atomic v1.7.0
go: downloading github.com/modern-go/concurrent v0.0.0-20180306012644-bacd9c7ef1dd
go: downloading github.com/modern-go/reflect2 v1.0.2
go: downloading go.elastic.co/apm/module/apmhttp v1.7.2
go: downloading github.com/alicebob/gopher-json v0.0.0-20230218143504-906a9b012302
go: downloading github.com/yuin/gopher-lua v1.1.1
go: downloading github.com/tetratelabs/wazero v1.2.1
go: downloading github.com/gorilla/css v1.0.0
go: downloading golang.org/x/text v0.21.0
go: downloading howett.net/plist v0.0.0-20181124034731-591f970eefbb
go: downloading github.com/joeshaw/multierror v0.0.0-20140124173710-69b34d4ec901
go: downloading google.golang.org/genproto v0.0.0-20230410155749-daa745c078e1
go: downloading github.com/cncf/xds/go v0.0.0-20240723142845-024c85f92f20
go: downloading github.com/envoyproxy/protoc-gen-validate v1.1.0
go build -ldflags "-X main.version=1.8.6 -X main.commit=193abe86d6684e4507b22adcbccdac2dc8793005 -extldflags=-static"
