level=info msg="Starting prematerial attestors stage..."
level=info msg="Starting git attestor..."
level=info msg="Starting environment attestor..."
level=info msg="Finished environment attestor... (0.000112009s)"
level=info msg="Finished git attestor... (0.050046647s)"
level=info msg="Completed prematerial attestors stage..."
level=info msg="Starting material attestors stage..."
level=info msg="Starting material attestor..."
level=info msg="Finished material attestor... (0.360558842s)"
level=info msg="Completed material attestors stage..."
level=info msg="Starting execute attestors stage..."
level=info msg="Starting command-run attestor..."
level=info msg="Using tracer: ebpf for command-run"
cd cmd/controller && GOOS=linux GOARCH=amd64 CGO_ENABLED=0 GOEXPERIMENT= GOMAXPROCS= go build -o ../../_bin/server/controller-linux-amd64 -trimpath -ldflags '-w -s -X github.com/cert-manager/cert-manager/pkg/util.AppVersion=7cf91c451c07ab -X github.com/cert-manager/cert-manager/pkg/util.AppGitCommit=7cf91c451c07aba59b773cc16dd01919dd02e148' main.go
go: downloading golang.org/x/sync v0.22.0
go: downloading github.com/spf13/cobra v1.10.2
go: downloading k8s.io/apimachinery v0.37.0
go: downloading github.com/go-logr/logr v1.4.4
go: downloading k8s.io/client-go v0.37.0
go: downloading github.com/spf13/pflag v1.0.10
go: downloading k8s.io/component-base v0.37.0
go: downloading k8s.io/klog/v2 v2.140.0
go: downloading sigs.k8s.io/gateway-api v1.6.1
go: downloading k8s.io/api v0.37.0
go: downloading github.com/miekg/dns v1.1.73
go: downloading k8s.io/utils v0.0.0-20260707023825-cf1189d6abe3
go: downloading k8s.io/apiserver v0.37.0
go: downloading sigs.k8s.io/controller-runtime v0.24.1
go: downloading github.com/Azure/azure-sdk-for-go/sdk/azcore v1.23.1
go: downloading github.com/aws/aws-sdk-go-v2 v1.45.1
go: downloading github.com/Azure/azure-sdk-for-go/sdk/azidentity v1.14.1
go: downloading github.com/digitalocean/godo v1.206.0
go: downloading gopkg.in/inf.v0 v0.9.1
go: downloading sigs.k8s.io/randfill v1.0.0
go: downloading k8s.io/kube-openapi v0.0.0-20260721132016-d427ff9ee9ad
go: downloading sigs.k8s.io/structured-merge-diff/v6 v6.4.2
go: downloading github.com/Venafi/vcert/v5 v5.13.9
go: downloading golang.org/x/crypto v0.56.0
go: downloading github.com/go-ldap/ldap/v3 v3.4.14
go: downloading golang.org/x/net v0.58.0
go: downloading golang.org/x/sys v0.47.0
go: downloading github.com/aws/aws-sdk-go-v2/config v1.33.1
go: downloading github.com/aws/aws-sdk-go-v2/service/sts v1.47.1
go: downloading github.com/hashicorp/vault/api v1.23.0
go: downloading github.com/hashicorp/vault/sdk v0.25.1
go: downloading k8s.io/apiextensions-apiserver v0.37.0
go: downloading github.com/prometheus/client_golang v1.24.1
go: downloading golang.org/x/oauth2 v0.36.0
go: downloading golang.org/x/time v0.15.0
go: downloading github.com/munnerz/goautoneg v0.0.0-20191010083416-a7dc8b61c822
go: downloading github.com/pmezard/go-difflib v1.0.1-0.20181226105442-5d4384ee4fb2
go: downloading github.com/go-logr/zapr v1.3.0
go: downloading go.uber.org/zap v1.28.0
go: downloading sigs.k8s.io/json v0.0.0-20250730193827-2d320260d730
go: downloading sigs.k8s.io/yaml v1.6.0
go: downloading github.com/google/gnostic-models v0.7.1
go: downloading google.golang.org/protobuf v1.36.12
go: downloading github.com/Azure/azure-sdk-for-go/sdk/internal v1.12.0
go: downloading github.com/AzureAD/microsoft-authentication-library-for-go v1.8.0
go: downloading github.com/json-iterator/go v1.1.12
go: downloading go.yaml.in/yaml/v2 v2.4.4
go: downloading github.com/google/go-querystring v1.1.0
go: downloading github.com/hashicorp/go-retryablehttp v0.7.8
go: downloading github.com/aws/smithy-go v1.28.1
go: downloading gopkg.in/ini.v1 v1.67.3
go: downloading github.com/youmark/pkcs8 v0.0.0-20240726163527-a2c0da244d78
go: downloading gopkg.in/yaml.v3 v3.0.1
go: downloading github.com/Khan/genqlient v0.8.1
go: downloading github.com/google/uuid v1.6.0
go: downloading github.com/evanphx/json-patch/v5 v5.9.11
go: downloading github.com/Azure/go-ntlmssp v0.1.1
go: downloading github.com/go-asn1-ber/asn1-ber v1.5.8
go: downloading golang.org/x/term v0.45.0
go: downloading github.com/aws/aws-sdk-go-v2/credentials v1.20.1
go: downloading github.com/aws/aws-sdk-go-v2/feature/ec2/imds v1.19.1
go: downloading github.com/aws/aws-sdk-go-v2/service/signin v1.7.1
go: downloading github.com/aws/aws-sdk-go-v2/service/sso v1.35.1
go: downloading github.com/aws/aws-sdk-go-v2/service/ssooidc v1.40.1
go: downloading github.com/aws/aws-sdk-go-v2/internal/configsources v1.5.1
go: downloading github.com/aws/aws-sdk-go-v2/internal/v4a v1.5.1
go: downloading github.com/aws/aws-sdk-go-v2/service/internal/accept-encoding v1.13.19
go: downloading github.com/aws/aws-sdk-go-v2/service/internal/presigned-url v1.14.1
go: downloading github.com/cenkalti/backoff/v4 v4.3.0
go: downloading github.com/go-jose/go-jose/v4 v4.1.4
go: downloading github.com/hashicorp/errwrap v1.1.0
go: downloading github.com/hashicorp/go-cleanhttp v0.5.2
go: downloading github.com/hashicorp/go-multierror v1.1.1
go: downloading github.com/hashicorp/go-rootcerts v1.0.2
go: downloading github.com/hashicorp/go-secure-stdlib/strutil v0.1.2
go: downloading github.com/hashicorp/go-secure-stdlib/parseutil v0.2.0
go: downloading github.com/hashicorp/hcl v1.0.1-vault-7
go: downloading github.com/mitchellh/mapstructure v1.5.0
go: downloading github.com/google/cel-go v0.30.0
go: downloading go.opentelemetry.io/otel/trace v1.44.0
go: downloading go.opentelemetry.io/otel v1.44.0
go: downloading google.golang.org/grpc v1.83.2
go: downloading github.com/grpc-ecosystem/go-grpc-middleware/providers/prometheus v1.1.0
go: downloading go.etcd.io/etcd/client/pkg/v3 v3.7.1
go: downloading go.etcd.io/etcd/client/v3 v3.7.0
go: downloading go.opentelemetry.io/contrib/instrumentation/google.golang.org/grpc/otelgrpc v0.68.0
go: downloading github.com/fxamacker/cbor/v2 v2.9.1
go: downloading github.com/emicklei/go-restful/v3 v3.13.0
go: downloading github.com/nrdcg/goacmedns v0.2.0
go: downloading github.com/akamai/AkamaiOPEN-edgegrid-golang/v13 v13.4.0
go: downloading github.com/Azure/azure-sdk-for-go/sdk/resourcemanager/dns/armdns v1.2.0
go: downloading github.com/Azure/azure-sdk-for-go/sdk/resourcemanager/privatedns/armprivatedns/v2 v2.0.0
go: downloading google.golang.org/api v0.295.0
go: downloading github.com/aws/aws-sdk-go-v2/service/route53 v1.67.1
go: downloading github.com/davecgh/go-spew v1.1.2-0.20180830191138-d8f796af33cc
go: downloading github.com/blang/semver/v4 v4.0.0
go: downloading github.com/prometheus/client_model v0.6.2
go: downloading github.com/prometheus/procfs v0.21.1
go: downloading github.com/beorn7/perks v1.0.1
go: downloading github.com/cespare/xxhash/v2 v2.3.0
go: downloading github.com/prometheus/common v0.70.1
go: downloading github.com/google/go-cmp v0.7.0
go: downloading github.com/pavlo-v-chernykh/keystore-go/v4 v4.5.0
go: downloading software.sslmate.com/src/go-pkcs12 v0.7.3
go: downloading go.uber.org/multierr v1.11.0
go: downloading go.yaml.in/yaml/v3 v3.0.5
go: downloading github.com/google/certificate-transparency-go v1.3.1
go: downloading github.com/kylelemons/godebug v1.1.0
go: downloading github.com/pkg/browser v0.0.0-20240102092130-5ac0b6a4141c
go: downloading github.com/sosodev/duration v1.4.0
go: downloading github.com/modern-go/concurrent v0.0.0-20180306012644-bacd9c7ef1dd
go: downloading github.com/modern-go/reflect2 v1.0.3-0.20250322232337-35a7c28c31ee
go: downloading github.com/gorilla/websocket v1.5.4-0.20250319132907-e064f32e3674
go: downloading github.com/vektah/gqlparser/v2 v2.5.30
go: downloading github.com/aws/aws-sdk-go-v2/internal/endpoints/v2 v2.8.1
go: downloading github.com/ryanuber/go-glob v1.0.0
go: downloading sigs.k8s.io/apiserver-network-proxy/konnectivity-client v0.36.0
go: downloading go.etcd.io/etcd/api/v3 v3.7.0
go: downloading github.com/hashicorp/go-sockaddr v1.0.7
go: downloading github.com/grpc-ecosystem/go-grpc-middleware/v2 v2.3.3
go: downloading github.com/coreos/go-systemd/v22 v22.7.0
go: downloading go.opentelemetry.io/contrib/instrumentation/net/http/otelhttp v0.69.0
go: downloading go.opentelemetry.io/otel/exporters/otlp/otlptrace/otlptracegrpc v1.44.0
go: downloading go.opentelemetry.io/otel/exporters/otlp/otlptrace v1.44.0
go: downloading go.opentelemetry.io/otel/sdk v1.44.0
go: downloading go.opentelemetry.io/otel/metric v1.44.0
go: downloading github.com/go-openapi/jsonreference v1.0.1
go: downloading github.com/go-openapi/swag v0.27.1
go: downloading gopkg.in/evanphx/json-patch.v4 v4.13.0
go: downloading github.com/coreos/go-semver v0.3.1
go: downloading github.com/golang/protobuf v1.5.4
go: downloading github.com/x448/float16 v0.8.4
go: downloading cloud.google.com/go/compute/metadata v0.9.0
go: downloading google.golang.org/genproto/googleapis/api v0.0.0-20260715232425-e75dac1f907d
go: downloading cel.dev/expr v0.25.2
go: downloading github.com/antlr4-go/antlr/v4 v4.13.1
go: downloading github.com/hashicorp/go-secure-stdlib/cryptoutil v0.1.1
go: downloading github.com/golang-jwt/jwt/v5 v5.3.1
go: downloading golang.org/x/text v0.41.0
go: downloading github.com/go-ozzo/ozzo-validation/v4 v4.3.0
go: downloading github.com/stretchr/testify v1.12.1
go: downloading github.com/mitchellh/go-homedir v1.1.0
go: downloading go.uber.org/ratelimit v0.3.1
go: downloading github.com/felixge/httpsnoop v1.0.4
go: downloading go.opentelemetry.io/proto/otlp v1.10.0
go: downloading google.golang.org/genproto/googleapis/rpc v0.0.0-20260819154853-08b0e4226688
go: downloading github.com/go-openapi/jsonpointer v1.0.0
go: downloading github.com/go-openapi/swag/cmdutils v0.27.1
go: downloading github.com/go-openapi/swag/conv v0.27.1
go: downloading github.com/go-openapi/swag/fileutils v0.27.1
go: downloading github.com/go-openapi/swag/jsonutils v0.27.1
go: downloading github.com/go-openapi/swag/loading v0.27.1
go: downloading github.com/go-openapi/swag/mangling v0.27.1
go: downloading github.com/go-openapi/swag/netutils v0.27.1
go: downloading github.com/go-openapi/swag/stringutils v0.27.1
go: downloading github.com/go-openapi/swag/typeutils v0.27.1
go: downloading github.com/go-openapi/swag/yamlutils v0.27.1
go: downloading github.com/grpc-ecosystem/grpc-gateway/v2 v2.29.0
go: downloading github.com/golang/snappy v0.0.4
go: downloading github.com/pierrec/lz4 v2.6.1+incompatible
go: downloading github.com/hashicorp/go-hmac-drbg v0.0.0-20210916214228-a6e5a68489f6
go: downloading github.com/go-logr/stdr v1.2.2
go: downloading go.opentelemetry.io/auto/sdk v1.2.1
go: downloading github.com/cenkalti/backoff/v5 v5.0.3
go: downloading github.com/benbjohnson/clock v1.3.5
go: downloading golang.org/x/exp v0.0.0-20260410095643-746e56fc9e2f
go: downloading github.com/stretchr/objx v0.5.3
go: downloading github.com/go-openapi/swag/pools v0.27.1
go: downloading cloud.google.com/go/auth v0.23.2
go: downloading cloud.google.com/go/auth/oauth2adapt v0.2.8
go: downloading github.com/googleapis/gax-go/v2 v2.24.0
go: downloading github.com/googleapis/enterprise-certificate-proxy v0.3.20
go: downloading github.com/google/s2a-go v0.1.9
cd cmd/controller && GOOS=linux GOARCH=arm64 CGO_ENABLED=0 GOEXPERIMENT= GOMAXPROCS= go build -o ../../_bin/server/controller-linux-arm64 -trimpath -ldflags '-w -s -X github.com/cert-manager/cert-manager/pkg/util.AppVersion=7cf91c451c07ab -X github.com/cert-manager/cert-manager/pkg/util.AppGitCommit=7cf91c451c07aba59b773cc16dd01919dd02e148' main.go
cd cmd/controller && GOOS=linux GOARCH=s390x CGO_ENABLED=0 GOEXPERIMENT= GOMAXPROCS= go build -o ../../_bin/server/controller-linux-s390x -trimpath -ldflags '-w -s -X github.com/cert-manager/cert-manager/pkg/util.AppVersion=7cf91c451c07ab -X github.com/cert-manager/cert-manager/pkg/util.AppGitCommit=7cf91c451c07aba59b773cc16dd01919dd02e148' main.go
cd cmd/controller && GOOS=linux GOARCH=ppc64le CGO_ENABLED=0 GOEXPERIMENT= GOMAXPROCS= go build -o ../../_bin/server/controller-linux-ppc64le -trimpath -ldflags '-w -s -X github.com/cert-manager/cert-manager/pkg/util.AppVersion=7cf91c451c07ab -X github.com/cert-manager/cert-manager/pkg/util.AppGitCommit=7cf91c451c07aba59b773cc16dd01919dd02e148' main.go
cd cmd/controller && GOOS=linux GOARCH=arm GOARM=7 CGO_ENABLED=0 GOEXPERIMENT= GOMAXPROCS= go build -o ../../_bin/server/controller-linux-arm -trimpath -ldflags '-w -s -X github.com/cert-manager/cert-manager/pkg/util.AppVersion=7cf91c451c07ab -X github.com/cert-manager/cert-manager/pkg/util.AppGitCommit=7cf91c451c07aba59b773cc16dd01919dd02e148' main.go
cd cmd/acmesolver && GOOS=linux GOARCH=amd64 CGO_ENABLED=0 GOEXPERIMENT= GOMAXPROCS= go build -o ../../_bin/server/acmesolver-linux-amd64 -trimpath -ldflags '-w -s -X github.com/cert-manager/cert-manager/pkg/util.AppVersion=7cf91c451c07ab -X github.com/cert-manager/cert-manager/pkg/util.AppGitCommit=7cf91c451c07aba59b773cc16dd01919dd02e148' main.go
cd cmd/acmesolver && GOOS=linux GOARCH=arm64 CGO_ENABLED=0 GOEXPERIMENT= GOMAXPROCS= go build -o ../../_bin/server/acmesolver-linux-arm64 -trimpath -ldflags '-w -s -X github.com/cert-manager/cert-manager/pkg/util.AppVersion=7cf91c451c07ab -X github.com/cert-manager/cert-manager/pkg/util.AppGitCommit=7cf91c451c07aba59b773cc16dd01919dd02e148' main.go
cd cmd/acmesolver && GOOS=linux GOARCH=s390x CGO_ENABLED=0 GOEXPERIMENT= GOMAXPROCS= go build -o ../../_bin/server/acmesolver-linux-s390x -trimpath -ldflags '-w -s -X github.com/cert-manager/cert-manager/pkg/util.AppVersion=7cf91c451c07ab -X github.com/cert-manager/cert-manager/pkg/util.AppGitCommit=7cf91c451c07aba59b773cc16dd01919dd02e148' main.go
cd cmd/acmesolver && GOOS=linux GOARCH=ppc64le CGO_ENABLED=0 GOEXPERIMENT= GOMAXPROCS= go build -o ../../_bin/server/acmesolver-linux-ppc64le -trimpath -ldflags '-w -s -X github.com/cert-manager/cert-manager/pkg/util.AppVersion=7cf91c451c07ab -X github.com/cert-manager/cert-manager/pkg/util.AppGitCommit=7cf91c451c07aba59b773cc16dd01919dd02e148' main.go
cd cmd/acmesolver && GOOS=linux GOARCH=arm GOARM=7 CGO_ENABLED=0 GOEXPERIMENT= GOMAXPROCS= go build -o ../../_bin/server/acmesolver-linux-arm -trimpath -ldflags '-w -s -X github.com/cert-manager/cert-manager/pkg/util.AppVersion=7cf91c451c07ab -X github.com/cert-manager/cert-manager/pkg/util.AppGitCommit=7cf91c451c07aba59b773cc16dd01919dd02e148' main.go
cd cmd/webhook && GOOS=linux GOARCH=amd64 CGO_ENABLED=0 GOEXPERIMENT= GOMAXPROCS= go build -o ../../_bin/server/webhook-linux-amd64 -trimpath -ldflags '-w -s -X github.com/cert-manager/cert-manager/pkg/util.AppVersion=7cf91c451c07ab -X github.com/cert-manager/cert-manager/pkg/util.AppGitCommit=7cf91c451c07aba59b773cc16dd01919dd02e148' main.go
go: downloading gomodules.xyz/jsonpatch/v2 v2.5.0
go: downloading github.com/fsnotify/fsnotify v1.9.0
cd cmd/webhook && GOOS=linux GOARCH=arm64 CGO_ENABLED=0 GOEXPERIMENT= GOMAXPROCS= go build -o ../../_bin/server/webhook-linux-arm64 -trimpath -ldflags '-w -s -X github.com/cert-manager/cert-manager/pkg/util.AppVersion=7cf91c451c07ab -X github.com/cert-manager/cert-manager/pkg/util.AppGitCommit=7cf91c451c07aba59b773cc16dd01919dd02e148' main.go
cd cmd/webhook && GOOS=linux GOARCH=s390x CGO_ENABLED=0 GOEXPERIMENT= GOMAXPROCS= go build -o ../../_bin/server/webhook-linux-s390x -trimpath -ldflags '-w -s -X github.com/cert-manager/cert-manager/pkg/util.AppVersion=7cf91c451c07ab -X github.com/cert-manager/cert-manager/pkg/util.AppGitCommit=7cf91c451c07aba59b773cc16dd01919dd02e148' main.go
cd cmd/webhook && GOOS=linux GOARCH=ppc64le CGO_ENABLED=0 GOEXPERIMENT= GOMAXPROCS= go build -o ../../_bin/server/webhook-linux-ppc64le -trimpath -ldflags '-w -s -X github.com/cert-manager/cert-manager/pkg/util.AppVersion=7cf91c451c07ab -X github.com/cert-manager/cert-manager/pkg/util.AppGitCommit=7cf91c451c07aba59b773cc16dd01919dd02e148' main.go
cd cmd/webhook && GOOS=linux GOARCH=arm GOARM=7 CGO_ENABLED=0 GOEXPERIMENT= GOMAXPROCS= go build -o ../../_bin/server/webhook-linux-arm -trimpath -ldflags '-w -s -X github.com/cert-manager/cert-manager/pkg/util.AppVersion=7cf91c451c07ab -X github.com/cert-manager/cert-manager/pkg/util.AppGitCommit=7cf91c451c07aba59b773cc16dd01919dd02e148' main.go
cd cmd/cainjector && GOOS=linux GOARCH=amd64 CGO_ENABLED=0 GOEXPERIMENT= GOMAXPROCS= go build -o ../../_bin/server/cainjector-linux-amd64 -trimpath -ldflags '-w -s -X github.com/cert-manager/cert-manager/pkg/util.AppVersion=7cf91c451c07ab -X github.com/cert-manager/cert-manager/pkg/util.AppGitCommit=7cf91c451c07aba59b773cc16dd01919dd02e148' main.go
go: downloading k8s.io/kube-aggregator v0.37.0
cd cmd/cainjector && GOOS=linux GOARCH=arm64 CGO_ENABLED=0 GOEXPERIMENT= GOMAXPROCS= go build -o ../../_bin/server/cainjector-linux-arm64 -trimpath -ldflags '-w -s -X github.com/cert-manager/cert-manager/pkg/util.AppVersion=7cf91c451c07ab -X github.com/cert-manager/cert-manager/pkg/util.AppGitCommit=7cf91c451c07aba59b773cc16dd01919dd02e148' main.go
cd cmd/cainjector && GOOS=linux GOARCH=s390x CGO_ENABLED=0 GOEXPERIMENT= GOMAXPROCS= go build -o ../../_bin/server/cainjector-linux-s390x -trimpath -ldflags '-w -s -X github.com/cert-manager/cert-manager/pkg/util.AppVersion=7cf91c451c07ab -X github.com/cert-manager/cert-manager/pkg/util.AppGitCommit=7cf91c451c07aba59b773cc16dd01919dd02e148' main.go
cd cmd/cainjector && GOOS=linux GOARCH=ppc64le CGO_ENABLED=0 GOEXPERIMENT= GOMAXPROCS= go build -o ../../_bin/server/cainjector-linux-ppc64le -trimpath -ldflags '-w -s -X github.com/cert-manager/cert-manager/pkg/util.AppVersion=7cf91c451c07ab -X github.com/cert-manager/cert-manager/pkg/util.AppGitCommit=7cf91c451c07aba59b773cc16dd01919dd02e148' main.go
cd cmd/cainjector && GOOS=linux GOARCH=arm GOARM=7 CGO_ENABLED=0 GOEXPERIMENT= GOMAXPROCS= go build -o ../../_bin/server/cainjector-linux-arm -trimpath -ldflags '-w -s -X github.com/cert-manager/cert-manager/pkg/util.AppVersion=7cf91c451c07ab -X github.com/cert-manager/cert-manager/pkg/util.AppGitCommit=7cf91c451c07aba59b773cc16dd01919dd02e148' main.go
cd cmd/startupapicheck && GOOS=linux GOARCH=amd64 CGO_ENABLED=0 GOEXPERIMENT= GOMAXPROCS= go build -o ../../_bin/server/startupapicheck-linux-amd64 -trimpath -ldflags '-w -s -X github.com/cert-manager/cert-manager/pkg/util.AppVersion=7cf91c451c07ab -X github.com/cert-manager/cert-manager/pkg/util.AppGitCommit=7cf91c451c07aba59b773cc16dd01919dd02e148' main.go
go: downloading k8s.io/cli-runtime v0.37.0
go: downloading github.com/peterbourgon/diskv v2.0.1+incompatible
go: downloading sigs.k8s.io/kustomize/kyaml v0.21.1
go: downloading github.com/moby/term v0.5.2
go: downloading github.com/liggitt/tabwriter v0.0.0-20181228230101-89fcab3d43de
go: downloading sigs.k8s.io/kustomize/api v0.21.1
go: downloading github.com/google/btree v1.1.3
go: downloading github.com/go-errors/errors v1.5.1
go: downloading github.com/monochromegane/go-gitignore v0.0.0-20200626010858-205db1a8cc00
go: downloading github.com/xlab/treeprint v1.2.0
cd cmd/startupapicheck && GOOS=linux GOARCH=arm64 CGO_ENABLED=0 GOEXPERIMENT= GOMAXPROCS= go build -o ../../_bin/server/startupapicheck-linux-arm64 -trimpath -ldflags '-w -s -X github.com/cert-manager/cert-manager/pkg/util.AppVersion=7cf91c451c07ab -X github.com/cert-manager/cert-manager/pkg/util.AppGitCommit=7cf91c451c07aba59b773cc16dd01919dd02e148' main.go
cd cmd/startupapicheck && GOOS=linux GOARCH=s390x CGO_ENABLED=0 GOEXPERIMENT= GOMAXPROCS= go build -o ../../_bin/server/startupapicheck-linux-s390x -trimpath -ldflags '-w -s -X github.com/cert-manager/cert-manager/pkg/util.AppVersion=7cf91c451c07ab -X github.com/cert-manager/cert-manager/pkg/util.AppGitCommit=7cf91c451c07aba59b773cc16dd01919dd02e148' main.go
cd cmd/startupapicheck && GOOS=linux GOARCH=ppc64le CGO_ENABLED=0 GOEXPERIMENT= GOMAXPROCS= go build -o ../../_bin/server/startupapicheck-linux-ppc64le -trimpath -ldflags '-w -s -X github.com/cert-manager/cert-manager/pkg/util.AppVersion=7cf91c451c07ab -X github.com/cert-manager/cert-manager/pkg/util.AppGitCommit=7cf91c451c07aba59b773cc16dd01919dd02e148' main.go
cd cmd/startupapicheck && GOOS=linux GOARCH=arm GOARM=7 CGO_ENABLED=0 GOEXPERIMENT= GOMAXPROCS= go build -o ../../_bin/server/startupapicheck-linux-arm -trimpath -ldflags '-w -s -X github.com/cert-manager/cert-manager/pkg/util.AppVersion=7cf91c451c07ab -X github.com/cert-manager/cert-manager/pkg/util.AppGitCommit=7cf91c451c07aba59b773cc16dd01919dd02e148' main.go
level=info msg="Finished command-run attestor... (321.769805717s)"
level=info msg="Completed execute attestors stage..."
level=info msg="Starting product attestors stage..."
level=info msg="Starting product attestor..."
level=info msg="Finished product attestor... (1.200172136s)"
level=info msg="Completed product attestors stage..."
level=info msg="Starting postproduct attestors stage..."
level=info msg="Completed postproduct attestors stage..."
