level=info msg="Starting prematerial attestors stage..."
level=info msg="Starting git attestor..."
level=info msg="Starting environment attestor..."
level=info msg="Finished environment attestor... (9.632e-05s)"
level=info msg="Finished git attestor... (0.030538558s)"
level=info msg="Completed prematerial attestors stage..."
level=info msg="Starting material attestors stage..."
level=info msg="Starting material attestor..."
level=info msg="Finished material attestor... (0.072681454s)"
level=info msg="Completed material attestors stage..."
level=info msg="Starting execute attestors stage..."
level=info msg="Starting command-run attestor..."
level=info msg="Using tracer: ebpf for command-run"
CGO_ENABLED=0 go build -ldflags "-s -w -X 'github.com/chaos-mesh/chaos-mesh/pkg/version.buildDate=2026-09-04T18:58:35Z' -X 'github.com/chaos-mesh/chaos-mesh/pkg/version.gitCommit=536c193f8796ca52e6bd4dbb41b5493d858f30b5' -X 'github.com/chaos-mesh/chaos-mesh/pkg/version.gitVersion=master-536c193f8796ca'" -tags "" -o bin/chaos-controller-manager cmd/chaos-controller-manager/main.go
go: downloading go.uber.org/fx v1.19.2
go: downloading github.com/go-logr/logr v1.4.3
go: downloading github.com/chaos-mesh/fx-logr v0.1.0
go: downloading k8s.io/client-go v0.35.3
go: downloading sigs.k8s.io/controller-runtime v0.21.0
go: downloading github.com/pkg/errors v0.9.1
go: downloading google.golang.org/grpc v1.79.3
go: downloading k8s.io/apimachinery v0.35.3
go: downloading github.com/hashicorp/golang-lru/v2 v2.0.7
go: downloading github.com/bxcodec/faker v2.0.1+incompatible
go: downloading github.com/gin-gonic/gin v1.10.1
go: downloading github.com/grpc-ecosystem/go-grpc-prometheus v1.2.0
go: downloading github.com/prometheus/client_golang v1.23.2
go: downloading github.com/go-logr/zapr v1.3.0
go: downloading go.uber.org/zap v1.27.0
go: downloading k8s.io/api v0.35.3
go: downloading github.com/alecthomas/units v0.0.0-20211218093645-b94a6e3cc137
go: downloading github.com/docker/go-units v0.5.0
go: downloading github.com/google/uuid v1.6.0
go: downloading github.com/robfig/cron/v3 v3.0.1
go: downloading go.uber.org/dig v1.16.1
go: downloading go.uber.org/multierr v1.11.0
go: downloading golang.org/x/sys v0.42.0
go: downloading gomodules.xyz/jsonpatch/v2 v2.4.0
go: downloading k8s.io/utils v0.0.0-20251002143259-bc988d571ff4
go: downloading github.com/evanphx/json-patch/v5 v5.9.11
go: downloading github.com/evanphx/json-patch v5.9.11+incompatible
go: downloading github.com/kelseyhightower/envconfig v1.4.0
go: downloading helm.sh/helm/v3 v3.18.6
go: downloading github.com/iancoleman/strcase v0.2.0
go: downloading github.com/retailnext/iptables_exporter v0.1.0
go: downloading github.com/romana/ipset v1.0.0
go: downloading golang.org/x/net v0.52.0
go: downloading k8s.io/klog/v2 v2.130.1
go: downloading k8s.io/kube-openapi v0.0.0-20250910181357-589584f1c912
go: downloading sigs.k8s.io/structured-merge-diff/v6 v6.3.0
go: downloading github.com/gin-contrib/sse v1.1.0
go: downloading github.com/mattn/go-isatty v0.0.20
go: downloading github.com/pingcap/failpoint v0.0.0-20200210140405-f8f9fb234798
go: downloading github.com/beorn7/perks v1.0.1
go: downloading github.com/cespare/xxhash/v2 v2.3.0
go: downloading github.com/prometheus/client_model v0.6.2
go: downloading github.com/prometheus/common v0.66.1
go: downloading github.com/prometheus/procfs v0.16.1
go: downloading google.golang.org/protobuf v1.36.11
go: downloading sigs.k8s.io/randfill v1.0.0
go: downloading github.com/fsnotify/fsnotify v1.9.0
go: downloading sigs.k8s.io/json v0.0.0-20250730193827-2d320260d730
go: downloading github.com/chaos-mesh/k8s_dns_chaos v0.2.0
go: downloading github.com/munnerz/goautoneg v0.0.0-20191010083416-a7dc8b61c822
go: downloading github.com/pingcap/errors v0.11.5-0.20190809092503-95897b64e011
go: downloading github.com/google/gnostic-models v0.7.0
go: downloading github.com/spf13/pflag v1.0.9
go: downloading golang.org/x/term v0.41.0
go: downloading github.com/golang/protobuf v1.5.4
go: downloading k8s.io/cli-runtime v0.35.3
go: downloading k8s.io/apiserver v0.35.3
go: downloading google.golang.org/genproto/googleapis/rpc v0.0.0-20260319201613-d00831a3d3e7
go: downloading google.golang.org/genproto v0.0.0-20260319201613-d00831a3d3e7
go: downloading github.com/containerd/containerd v1.7.32
go: downloading k8s.io/cri-api v0.35.3
go: downloading github.com/docker/docker v28.5.2+incompatible
go: downloading github.com/shirou/gopsutil v3.21.11+incompatible
go: downloading github.com/go-playground/validator/v10 v10.27.0
go: downloading github.com/pelletier/go-toml/v2 v2.2.4
go: downloading github.com/ugorji/go/codec v1.3.0
go: downloading gopkg.in/yaml.v3 v3.0.1
go: downloading github.com/romana/rlog v0.0.0-20171115192701-f018bc92e7d7
go: downloading gopkg.in/inf.v0 v0.9.1
go: downloading k8s.io/apiextensions-apiserver v0.35.3
go: downloading sigs.k8s.io/yaml v1.6.0
go: downloading go.yaml.in/yaml/v2 v2.4.3
go: downloading github.com/aws/aws-sdk-go-v2/config v1.29.15
go: downloading github.com/aws/aws-sdk-go-v2/credentials v1.17.68
go: downloading github.com/aws/aws-sdk-go-v2/service/ec2 v1.224.1
go: downloading github.com/aws/aws-sdk-go-v2 v1.36.3
go: downloading github.com/json-iterator/go v1.1.12
go: downloading github.com/Azure/azure-sdk-for-go v68.0.0+incompatible
go: downloading github.com/Azure/go-autorest/autorest/to v0.4.0
go: downloading google.golang.org/api v0.236.0
go: downloading github.com/Azure/go-autorest/autorest v0.11.29
go: downloading golang.org/x/time v0.12.0
go: downloading github.com/Azure/go-autorest v14.2.0+incompatible
go: downloading github.com/fxamacker/cbor/v2 v2.9.0
go: downloading golang.org/x/oauth2 v0.34.0
go: downloading github.com/pmezard/go-difflib v1.0.1-0.20181226105442-5d4384ee4fb2
go: downloading github.com/google/btree v1.1.3
go: downloading go.yaml.in/yaml/v3 v3.0.4
go: downloading github.com/go-openapi/jsonreference v0.21.1
go: downloading github.com/go-openapi/swag v0.24.1
go: downloading github.com/Masterminds/squirrel v1.5.4
go: downloading github.com/jmoiron/sqlx v1.4.0
go: downloading github.com/lib/pq v1.10.9
go: downloading github.com/rubenv/sql-migrate v1.8.0
go: downloading github.com/Masterminds/semver/v3 v3.4.0
go: downloading github.com/Masterminds/sprig/v3 v3.3.0
go: downloading github.com/gosuri/uitable v0.0.4
go: downloading github.com/cyphar/filepath-securejoin v0.6.1
go: downloading github.com/mitchellh/copystructure v1.2.0
go: downloading github.com/santhosh-tekuri/jsonschema/v6 v6.0.2
go: downloading github.com/hashicorp/go-multierror v1.1.1
go: downloading k8s.io/kubectl v0.35.3
go: downloading github.com/opencontainers/image-spec v1.1.1
go: downloading oras.land/oras-go/v2 v2.6.0
go: downloading github.com/antonmedv/expr v1.8.9
go: downloading golang.org/x/sync v0.20.0
go: downloading github.com/davecgh/go-spew v1.1.2-0.20180830191138-d8f796af33cc
go: downloading github.com/spf13/cobra v1.10.0
go: downloading gopkg.in/evanphx/json-patch.v4 v4.13.0
go: downloading github.com/gabriel-vasile/mimetype v1.4.9
go: downloading github.com/go-playground/universal-translator v0.18.1
go: downloading github.com/leodido/go-urn v1.4.0
go: downloading golang.org/x/crypto v0.49.0
go: downloading golang.org/x/text v0.35.0
go: downloading github.com/tklauser/go-sysconf v0.3.12
go: downloading github.com/Azure/go-autorest/autorest/azure/auth v0.5.11
go: downloading github.com/modern-go/concurrent v0.0.0-20180306012644-bacd9c7ef1dd
go: downloading github.com/modern-go/reflect2 v1.0.3-0.20250322232337-35a7c28c31ee
go: downloading github.com/aws/smithy-go v1.22.2
go: downloading github.com/aws/aws-sdk-go-v2/feature/ec2/imds v1.16.30
go: downloading github.com/aws/aws-sdk-go-v2/internal/ini v1.8.3
go: downloading github.com/aws/aws-sdk-go-v2/service/sso v1.25.3
go: downloading github.com/aws/aws-sdk-go-v2/service/ssooidc v1.30.1
go: downloading github.com/aws/aws-sdk-go-v2/service/sts v1.33.20
go: downloading github.com/x448/float16 v0.8.4
go: downloading github.com/go-openapi/jsonpointer v0.22.0
go: downloading github.com/go-openapi/swag/cmdutils v0.24.0
go: downloading github.com/go-openapi/swag/conv v0.24.0
go: downloading github.com/go-openapi/swag/fileutils v0.24.0
go: downloading github.com/go-openapi/swag/jsonname v0.24.0
go: downloading github.com/go-openapi/swag/jsonutils v0.24.0
go: downloading github.com/go-openapi/swag/loading v0.24.0
go: downloading github.com/go-openapi/swag/mangling v0.24.0
go: downloading github.com/go-openapi/swag/netutils v0.24.0
go: downloading github.com/go-openapi/swag/stringutils v0.24.0
go: downloading github.com/go-openapi/swag/typeutils v0.24.0
go: downloading github.com/go-openapi/swag/yamlutils v0.24.0
go: downloading github.com/lann/builder v0.0.0-20180802200727-47ae307949d0
go: downloading github.com/BurntSushi/toml v1.5.0
go: downloading github.com/gobwas/glob v0.2.3
go: downloading github.com/liggitt/tabwriter v0.0.0-20181228230101-89fcab3d43de
go: downloading github.com/moby/term v0.5.2
go: downloading sigs.k8s.io/kustomize/api v0.20.1
go: downloading sigs.k8s.io/kustomize/kyaml v0.20.1
go: downloading github.com/fatih/color v1.18.0
go: downloading github.com/go-gorp/gorp/v3 v3.1.0
go: downloading github.com/mitchellh/reflectwalk v1.0.2
go: downloading dario.cat/mergo v1.0.1
go: downloading github.com/Masterminds/goutils v1.1.1
go: downloading github.com/huandu/xstrings v1.5.0
go: downloading github.com/shopspring/decimal v1.4.0
go: downloading github.com/spf13/cast v1.7.0
go: downloading github.com/hashicorp/errwrap v1.1.0
go: downloading github.com/opencontainers/go-digest v1.0.0
go: downloading github.com/gregjones/httpcache v0.0.0-20190611155906-901d90724c79
go: downloading github.com/peterbourgon/diskv v2.0.1+incompatible
go: downloading github.com/go-playground/locales v0.14.1
go: downloading github.com/Azure/go-autorest/autorest/adal v0.9.23
go: downloading github.com/Azure/go-autorest/logger v0.2.1
go: downloading github.com/Azure/go-autorest/tracing v0.6.0
go: downloading github.com/aws/aws-sdk-go-v2/internal/configsources v1.3.34
go: downloading github.com/aws/aws-sdk-go-v2/service/internal/accept-encoding v1.12.3
go: downloading github.com/aws/aws-sdk-go-v2/service/internal/presigned-url v1.12.15
go: downloading github.com/Azure/go-autorest/autorest/azure/cli v0.4.5
go: downloading github.com/dimchansky/utfbom v1.1.1
go: downloading github.com/tklauser/numcpus v0.6.1
go: downloading github.com/containerd/log v0.1.0
go: downloading github.com/containerd/platforms v0.2.1
go: downloading github.com/containerd/containerd/api v1.10.0
go: downloading github.com/containerd/fifo v1.1.0
go: downloading github.com/containerd/typeurl/v2 v2.2.3
go: downloading github.com/moby/sys/signal v0.7.1
go: downloading github.com/opencontainers/runtime-spec v1.2.0
go: downloading github.com/opencontainers/selinux v1.13.1
go: downloading k8s.io/component-base v0.35.3
go: downloading github.com/exponent-io/jsonpath v0.0.0-20210407135951-1de76d718b3f
go: downloading github.com/emicklei/go-restful/v3 v3.12.2
go: downloading github.com/mailru/easyjson v0.9.1
go: downloading github.com/lann/ps v0.0.0-20150810152359-62de8c46ede0
go: downloading github.com/asaskevich/govalidator v0.0.0-20230301143203-a9d515a09cc2
go: downloading github.com/mattn/go-colorable v0.1.14
go: downloading github.com/mattn/go-runewidth v0.0.13
go: downloading github.com/Azure/go-autorest/autorest/date v0.3.0
go: downloading github.com/golang-jwt/jwt/v4 v4.5.2
go: downloading github.com/aws/aws-sdk-go-v2/internal/endpoints/v2 v2.6.34
go: downloading github.com/mitchellh/go-homedir v1.1.0
go: downloading github.com/containerd/errdefs v1.0.0
go: downloading github.com/sirupsen/logrus v1.9.4
go: downloading github.com/docker/go-connections v0.4.0
go: downloading github.com/moby/docker-image-spec v1.3.1
go: downloading github.com/containerd/errdefs/pkg v0.3.0
go: downloading github.com/distribution/reference v0.6.0
go: downloading go.opentelemetry.io/contrib/instrumentation/net/http/otelhttp v0.67.0
go: downloading go.opentelemetry.io/otel/trace v1.42.0
go: downloading github.com/containerd/ttrpc v1.2.8
go: downloading github.com/klauspost/compress v1.18.5
go: downloading github.com/containerd/continuity v0.4.5
go: downloading github.com/moby/sys/userns v0.1.0
go: downloading github.com/moby/sys/mountinfo v0.7.2
go: downloading github.com/moby/sys/user v0.4.0
go: downloading github.com/google/go-cmp v0.7.0
go: downloading go.opentelemetry.io/otel v1.42.0
go: downloading github.com/moby/locker v1.0.1
go: downloading github.com/MakeNowJust/heredoc v1.0.0
go: downloading github.com/chai2010/gettext-go v1.0.2
go: downloading github.com/mitchellh/go-wordwrap v1.0.1
go: downloading github.com/russross/blackfriday/v2 v2.1.0
go: downloading github.com/gogo/protobuf v1.3.2
go: downloading github.com/blang/semver/v4 v4.0.0
go: downloading github.com/go-errors/errors v1.5.1
go: downloading github.com/rivo/uniseg v0.2.0
go: downloading github.com/josharian/intern v1.0.0
go: downloading github.com/docker/go-events v0.0.0-20250808211157-605354379745
go: downloading github.com/felixge/httpsnoop v1.0.4
go: downloading go.opentelemetry.io/otel/metric v1.42.0
go: downloading github.com/monochromegane/go-gitignore v0.0.0-20200626010858-205db1a8cc00
go: downloading github.com/xlab/treeprint v1.2.0
go: downloading go.opentelemetry.io/auto/sdk v1.2.1
go: downloading github.com/go-logr/stdr v1.2.2
go: downloading github.com/googleapis/gax-go/v2 v2.14.2
go: downloading cloud.google.com/go/auth v0.16.1
go: downloading cloud.google.com/go/auth/oauth2adapt v0.2.8
go: downloading github.com/googleapis/enterprise-certificate-proxy v0.3.6
go: downloading github.com/google/s2a-go v0.1.9
go: downloading cloud.google.com/go/compute/metadata v0.9.0
go: downloading github.com/Azure/go-autorest/autorest/validation v0.3.1
level=info msg="Finished command-run attestor... (66.587986659s)"
level=info msg="Completed execute attestors stage..."
level=info msg="Starting product attestors stage..."
level=info msg="Starting product attestor..."
level=info msg="Finished product attestor... (0.174205846s)"
level=info msg="Completed product attestors stage..."
level=info msg="Starting postproduct attestors stage..."
level=info msg="Completed postproduct attestors stage..."
