level=info msg="Starting prematerial attestors stage..."
level=info msg="Starting git attestor..."
level=info msg="Starting environment attestor..."
level=info msg="Finished environment attestor... (9.028e-05s)"
level=info msg="Finished git attestor... (0.304698996s)"
level=info msg="Completed prematerial attestors stage..."
level=info msg="Starting material attestors stage..."
level=info msg="Starting material attestor..."
level=info msg="Finished material attestor... (2.659083483s)"
level=info msg="Completed material attestors stage..."
level=info msg="Starting execute attestors stage..."
level=info msg="Starting command-run attestor..."
level=info msg="Using tracer: ebpf for command-run"
make[1]: Entering directory '/home/jake/sbomit-overhead-experiment/repos/cilium/cilium-dbg'
CGO_ENABLED=0 GOARCH=amd64 go build -mod=vendor -ldflags '-X "github.com/cilium/cilium/pkg/version.ciliumVersion=1.21.0-dev d20668dc 2026-08-18T12:19:00+09:00" -s -w -X "github.com/cilium/cilium/pkg/envoy.requiredEnvoyVersionSHA=140a56cf682197aba29b9d5cd5f786d376ee9286" ' -tags=osusergo  -o cilium-dbg
make[1]: Leaving directory '/home/jake/sbomit-overhead-experiment/repos/cilium/cilium-dbg'
make[1]: Entering directory '/home/jake/sbomit-overhead-experiment/repos/cilium/daemon'
CGO_ENABLED=0 GOARCH=amd64 go build -mod=vendor -ldflags '-X "github.com/cilium/cilium/pkg/version.ciliumVersion=1.21.0-dev d20668dc 2026-08-18T12:19:00+09:00" -s -w -X "github.com/cilium/cilium/pkg/envoy.requiredEnvoyVersionSHA=140a56cf682197aba29b9d5cd5f786d376ee9286" ' -tags=osusergo  -o cilium-agent
make[1]: Leaving directory '/home/jake/sbomit-overhead-experiment/repos/cilium/daemon'
make[1]: Entering directory '/home/jake/sbomit-overhead-experiment/repos/cilium/cilium-health'
CGO_ENABLED=0 GOARCH=amd64 go build -mod=vendor -ldflags '-X "github.com/cilium/cilium/pkg/version.ciliumVersion=1.21.0-dev d20668dc 2026-08-18T12:19:00+09:00" -s -w -X "github.com/cilium/cilium/pkg/envoy.requiredEnvoyVersionSHA=140a56cf682197aba29b9d5cd5f786d376ee9286" ' -tags=osusergo  -o cilium-health
make[2]: Entering directory '/home/jake/sbomit-overhead-experiment/repos/cilium/cilium-health/responder'
CGO_ENABLED=0 GOARCH=amd64 go build -mod=vendor -ldflags '-X "github.com/cilium/cilium/pkg/version.ciliumVersion=1.21.0-dev d20668dc 2026-08-18T12:19:00+09:00" -s -w -X "github.com/cilium/cilium/pkg/envoy.requiredEnvoyVersionSHA=140a56cf682197aba29b9d5cd5f786d376ee9286" ' -tags=osusergo  -o cilium-health-responder
make[2]: Leaving directory '/home/jake/sbomit-overhead-experiment/repos/cilium/cilium-health/responder'
make[1]: Leaving directory '/home/jake/sbomit-overhead-experiment/repos/cilium/cilium-health'
make[1]: Entering directory '/home/jake/sbomit-overhead-experiment/repos/cilium/bugtool'
CGO_ENABLED=0 GOARCH=amd64 go build -mod=vendor -ldflags '-X "github.com/cilium/cilium/pkg/version.ciliumVersion=1.21.0-dev d20668dc 2026-08-18T12:19:00+09:00" -s -w -X "github.com/cilium/cilium/pkg/envoy.requiredEnvoyVersionSHA=140a56cf682197aba29b9d5cd5f786d376ee9286" ' -tags=osusergo  -o cilium-bugtool
make[1]: Leaving directory '/home/jake/sbomit-overhead-experiment/repos/cilium/bugtool'
make[1]: Entering directory '/home/jake/sbomit-overhead-experiment/repos/cilium/hubble'
CGO_ENABLED=0 GOARCH=amd64 go build -mod=vendor -ldflags '-X "github.com/cilium/cilium/pkg/version.ciliumVersion=1.21.0-dev d20668dc 2026-08-18T12:19:00+09:00" -s -w -X "github.com/cilium/cilium/pkg/envoy.requiredEnvoyVersionSHA=140a56cf682197aba29b9d5cd5f786d376ee9286" -X "github.com/cilium/cilium/hubble/pkg.GitBranch=main" -X "github.com/cilium/cilium/hubble/pkg.GitHash=d20668dc" -X "github.com/cilium/cilium/hubble/pkg.Version=v1.21.0-dev" ' -tags=osusergo  -o ./hubble .
make[1]: Leaving directory '/home/jake/sbomit-overhead-experiment/repos/cilium/hubble'
make[1]: Entering directory '/home/jake/sbomit-overhead-experiment/repos/cilium/operator'
CGO_ENABLED=0 GOARCH=amd64 go build -mod=vendor -ldflags '-X "github.com/cilium/cilium/pkg/version.ciliumVersion=1.21.0-dev d20668dc 2026-08-18T12:19:00+09:00" -s -w -X "github.com/cilium/cilium/pkg/envoy.requiredEnvoyVersionSHA=140a56cf682197aba29b9d5cd5f786d376ee9286" ' -tags=osusergo,ipam_provider_aws,ipam_provider_azure,ipam_provider_operator,ipam_provider_alibabacloud  -o cilium-operator
CGO_ENABLED=0 GOARCH=amd64 go build -mod=vendor -ldflags '-X "github.com/cilium/cilium/pkg/version.ciliumVersion=1.21.0-dev d20668dc 2026-08-18T12:19:00+09:00" -s -w -X "github.com/cilium/cilium/pkg/envoy.requiredEnvoyVersionSHA=140a56cf682197aba29b9d5cd5f786d376ee9286" ' -tags=osusergo,ipam_provider_operator  -o cilium-operator-generic
CGO_ENABLED=0 GOARCH=amd64 go build -mod=vendor -ldflags '-X "github.com/cilium/cilium/pkg/version.ciliumVersion=1.21.0-dev d20668dc 2026-08-18T12:19:00+09:00" -s -w -X "github.com/cilium/cilium/pkg/envoy.requiredEnvoyVersionSHA=140a56cf682197aba29b9d5cd5f786d376ee9286" ' -tags=osusergo,ipam_provider_aws  -o cilium-operator-aws
CGO_ENABLED=0 GOARCH=amd64 go build -mod=vendor -ldflags '-X "github.com/cilium/cilium/pkg/version.ciliumVersion=1.21.0-dev d20668dc 2026-08-18T12:19:00+09:00" -s -w -X "github.com/cilium/cilium/pkg/envoy.requiredEnvoyVersionSHA=140a56cf682197aba29b9d5cd5f786d376ee9286" ' -tags=osusergo,ipam_provider_azure  -o cilium-operator-azure
CGO_ENABLED=0 GOARCH=amd64 go build -mod=vendor -ldflags '-X "github.com/cilium/cilium/pkg/version.ciliumVersion=1.21.0-dev d20668dc 2026-08-18T12:19:00+09:00" -s -w -X "github.com/cilium/cilium/pkg/envoy.requiredEnvoyVersionSHA=140a56cf682197aba29b9d5cd5f786d376ee9286" ' -tags=osusergo,ipam_provider_alibabacloud  -o cilium-operator-alibabacloud
make[1]: Leaving directory '/home/jake/sbomit-overhead-experiment/repos/cilium/operator'
make[1]: Entering directory '/home/jake/sbomit-overhead-experiment/repos/cilium/plugins'
make[2]: Entering directory '/home/jake/sbomit-overhead-experiment/repos/cilium/plugins/cilium-cni'
CGO_ENABLED=0 GOARCH=amd64 go build -mod=vendor -ldflags '-X "github.com/cilium/cilium/pkg/version.ciliumVersion=1.21.0-dev d20668dc 2026-08-18T12:19:00+09:00" -s -w -X "github.com/cilium/cilium/pkg/envoy.requiredEnvoyVersionSHA=140a56cf682197aba29b9d5cd5f786d376ee9286" ' -tags=osusergo  -o cilium-cni
make[2]: Leaving directory '/home/jake/sbomit-overhead-experiment/repos/cilium/plugins/cilium-cni'
make[1]: Leaving directory '/home/jake/sbomit-overhead-experiment/repos/cilium/plugins'
make[1]: Entering directory '/home/jake/sbomit-overhead-experiment/repos/cilium/tools'
make[2]: Entering directory '/home/jake/sbomit-overhead-experiment/repos/cilium/tools/alignchecker'
CGO_ENABLED=0 GOARCH=amd64 go build -mod=vendor -ldflags '-X "github.com/cilium/cilium/pkg/version.ciliumVersion=1.21.0-dev d20668dc 2026-08-18T12:19:00+09:00" -s -w -X "github.com/cilium/cilium/pkg/envoy.requiredEnvoyVersionSHA=140a56cf682197aba29b9d5cd5f786d376ee9286" ' -tags=osusergo  -o cilium-align-checker
make[2]: Leaving directory '/home/jake/sbomit-overhead-experiment/repos/cilium/tools/alignchecker'
make[2]: Entering directory '/home/jake/sbomit-overhead-experiment/repos/cilium/tools/mount'
CGO_ENABLED=0 GOARCH=amd64 go build -mod=vendor -ldflags '-X "github.com/cilium/cilium/pkg/version.ciliumVersion=1.21.0-dev d20668dc 2026-08-18T12:19:00+09:00" -s -w -X "github.com/cilium/cilium/pkg/envoy.requiredEnvoyVersionSHA=140a56cf682197aba29b9d5cd5f786d376ee9286" ' -tags=osusergo  -o cilium-mount
make[2]: Leaving directory '/home/jake/sbomit-overhead-experiment/repos/cilium/tools/mount'
make[2]: Entering directory '/home/jake/sbomit-overhead-experiment/repos/cilium/tools/slogloggercheck'
CGO_ENABLED=0 go build  -o slogloggercheck
make[2]: Leaving directory '/home/jake/sbomit-overhead-experiment/repos/cilium/tools/slogloggercheck'
make[2]: Entering directory '/home/jake/sbomit-overhead-experiment/repos/cilium/tools/metricslint'
CGO_ENABLED=0 go build  -o metricslint
make[2]: Leaving directory '/home/jake/sbomit-overhead-experiment/repos/cilium/tools/metricslint'
make[2]: Entering directory '/home/jake/sbomit-overhead-experiment/repos/cilium/tools/feature-helm-generator'
CGO_ENABLED=0 GOARCH=amd64 go build -mod=vendor -ldflags '-X "github.com/cilium/cilium/pkg/version.ciliumVersion=1.21.0-dev d20668dc 2026-08-18T12:19:00+09:00" -s -w -X "github.com/cilium/cilium/pkg/envoy.requiredEnvoyVersionSHA=140a56cf682197aba29b9d5cd5f786d376ee9286" ' -tags=osusergo  -o feature-helm-generator
make[2]: Leaving directory '/home/jake/sbomit-overhead-experiment/repos/cilium/tools/feature-helm-generator'
make[2]: Entering directory '/home/jake/sbomit-overhead-experiment/repos/cilium/tools/cloud-dep-check'
CGO_ENABLED=0 GOARCH=amd64 go build -mod=vendor -ldflags '-X "github.com/cilium/cilium/pkg/version.ciliumVersion=1.21.0-dev d20668dc 2026-08-18T12:19:00+09:00" -s -w -X "github.com/cilium/cilium/pkg/envoy.requiredEnvoyVersionSHA=140a56cf682197aba29b9d5cd5f786d376ee9286" ' -tags=osusergo  -o cilium-cloud-dep-check
make[2]: Leaving directory '/home/jake/sbomit-overhead-experiment/repos/cilium/tools/cloud-dep-check'
make[2]: Entering directory '/home/jake/sbomit-overhead-experiment/repos/cilium/tools/statedblint'
CGO_ENABLED=0 go build  -o statedblint
make[2]: Leaving directory '/home/jake/sbomit-overhead-experiment/repos/cilium/tools/statedblint'
make[1]: Leaving directory '/home/jake/sbomit-overhead-experiment/repos/cilium/tools'
make[1]: Entering directory '/home/jake/sbomit-overhead-experiment/repos/cilium/hubble-relay'
CGO_ENABLED=0 GOARCH=amd64 go build -mod=vendor -ldflags '-X "github.com/cilium/cilium/pkg/version.ciliumVersion=1.21.0-dev d20668dc 2026-08-18T12:19:00+09:00" -s -w -X "github.com/cilium/cilium/pkg/envoy.requiredEnvoyVersionSHA=140a56cf682197aba29b9d5cd5f786d376ee9286" ' -tags=osusergo  -o hubble-relay
make[1]: Leaving directory '/home/jake/sbomit-overhead-experiment/repos/cilium/hubble-relay'
make[1]: Entering directory '/home/jake/sbomit-overhead-experiment/repos/cilium/bpf'
clang -DSKIP_DEBUG=1 -DENABLE_IPV4=1 -DENABLE_IPV6=1 -DENABLE_ROUTING=1 -DPOLICY_VERDICT_NOTIFY=1 -DCT_REPORT_FLAGS=0x0002 -DENABLE_HOST_FIREWALL=1 -DENABLE_SRV6=1 -DENABLE_L7_LB=1 -DENABLE_MASQUERADE_IPV4=1 -DENABLE_IP_MASQ_AGENT_IPV4=1 -DENABLE_MASQUERADE_IPV6=1 -DENABLE_IP_MASQ_AGENT_IPV6=1 -DENABLE_NODEPORT=1 -DENABLE_NODEPORT_ACCELERATION=1 -DENABLE_DSR_ICMP_ERRORS=1 -DENABLE_DSR=1 -DENABLE_DSR_BYUSER=1 -DENABLE_BANDWIDTH_MANAGER=1 -DENABLE_EGRESS_GATEWAY=1 -DENABLE_VTEP=1 -DENABLE_CLUSTER_AWARE_ADDRESSING=1 -DENABLE_INTER_CLUSTER_SNAT=1 -DENABLE_NAT_46X64=1 -DENABLE_NAT_46X64_GATEWAY=1 -DENCAP_IFINDEX=1 -DTUNNEL_MODE=1 -DENABLE_MULTICAST=1 -DENABLE_WIREGUARD=1 -DENCRYPTION_STRICT_MODE_EGRESS=1 -DENABLE_SCTP=1 -DENABLE_ACTIVE_CONNECTION_TRACKING=1 -I/home/jake/sbomit-overhead-experiment/repos/cilium/bpf -I/home/jake/sbomit-overhead-experiment/repos/cilium/bpf/include -O2 -g --target=bpf -std=gnu99 -nostdinc -ftrap-function=__undefined_trap -Wall -Wextra -Werror -Wshadow -Wno-address-of-packed-member -Wno-unknown-warning-option -Wno-gnu-variable-sized-type-not-at-end -Wimplicit-int-conversion -Wenum-conversion -Wimplicit-fallthrough -mcpu=v3 -c bpf_lxc.c -o bpf_lxc.o
clang -DSKIP_DEBUG=1 -DENABLE_IPV4=1 -DENABLE_IPV6=1 -DENABLE_ROUTING=1 -DPOLICY_VERDICT_NOTIFY=1 -DCT_REPORT_FLAGS=0x0002 -DENABLE_HOST_FIREWALL=1 -DENABLE_SRV6=1 -DENABLE_L7_LB=1 -DENABLE_MASQUERADE_IPV4=1 -DENABLE_IP_MASQ_AGENT_IPV4=1 -DENABLE_MASQUERADE_IPV6=1 -DENABLE_IP_MASQ_AGENT_IPV6=1 -DENABLE_NODEPORT=1 -DENABLE_NODEPORT_ACCELERATION=1 -DENABLE_DSR_ICMP_ERRORS=1 -DENABLE_DSR=1 -DENABLE_DSR_BYUSER=1 -DENABLE_BANDWIDTH_MANAGER=1 -DENABLE_EGRESS_GATEWAY=1 -DENABLE_VTEP=1 -DENABLE_CLUSTER_AWARE_ADDRESSING=1 -DENABLE_INTER_CLUSTER_SNAT=1 -DENABLE_NAT_46X64=1 -DENABLE_NAT_46X64_GATEWAY=1 -DENCAP_IFINDEX=1 -DTUNNEL_MODE=1 -DENABLE_MULTICAST=1 -DENABLE_WIREGUARD=1 -DENCRYPTION_STRICT_MODE_EGRESS=1 -DENABLE_SCTP=1 -DENABLE_ACTIVE_CONNECTION_TRACKING=1 -I/home/jake/sbomit-overhead-experiment/repos/cilium/bpf -I/home/jake/sbomit-overhead-experiment/repos/cilium/bpf/include -O2 -g --target=bpf -std=gnu99 -nostdinc -ftrap-function=__undefined_trap -Wall -Wextra -Werror -Wshadow -Wno-address-of-packed-member -Wno-unknown-warning-option -Wno-gnu-variable-sized-type-not-at-end -Wimplicit-int-conversion -Wenum-conversion -Wimplicit-fallthrough -mcpu=v3 -c bpf_overlay.c -o bpf_overlay.o
clang -DSKIP_DEBUG=1 -DENABLE_IPV4=1 -DENABLE_IPV6=1 -DENABLE_ROUTING=1 -DPOLICY_VERDICT_NOTIFY=1 -DCT_REPORT_FLAGS=0x0002 -DENABLE_HOST_FIREWALL=1 -DENABLE_SRV6=1 -DENABLE_L7_LB=1 -DENABLE_MASQUERADE_IPV4=1 -DENABLE_IP_MASQ_AGENT_IPV4=1 -DENABLE_MASQUERADE_IPV6=1 -DENABLE_IP_MASQ_AGENT_IPV6=1 -DENABLE_NODEPORT=1 -DENABLE_NODEPORT_ACCELERATION=1 -DENABLE_DSR_ICMP_ERRORS=1 -DENABLE_DSR=1 -DENABLE_DSR_BYUSER=1 -DENABLE_BANDWIDTH_MANAGER=1 -DENABLE_EGRESS_GATEWAY=1 -DENABLE_VTEP=1 -DENABLE_CLUSTER_AWARE_ADDRESSING=1 -DENABLE_INTER_CLUSTER_SNAT=1 -DENABLE_NAT_46X64=1 -DENABLE_NAT_46X64_GATEWAY=1 -DENCAP_IFINDEX=1 -DTUNNEL_MODE=1 -DENABLE_MULTICAST=1 -DENABLE_WIREGUARD=1 -DENCRYPTION_STRICT_MODE_EGRESS=1 -DENABLE_SCTP=1 -DENABLE_ACTIVE_CONNECTION_TRACKING=1 -I/home/jake/sbomit-overhead-experiment/repos/cilium/bpf -I/home/jake/sbomit-overhead-experiment/repos/cilium/bpf/include -O2 -g --target=bpf -std=gnu99 -nostdinc -ftrap-function=__undefined_trap -Wall -Wextra -Werror -Wshadow -Wno-address-of-packed-member -Wno-unknown-warning-option -Wno-gnu-variable-sized-type-not-at-end -Wimplicit-int-conversion -Wenum-conversion -Wimplicit-fallthrough -mcpu=v3 -c bpf_sock.c -o bpf_sock.o
clang -DSKIP_DEBUG=1 -DENABLE_IPV4=1 -DENABLE_IPV6=1 -DENABLE_ROUTING=1 -DPOLICY_VERDICT_NOTIFY=1 -DCT_REPORT_FLAGS=0x0002 -DENABLE_HOST_FIREWALL=1 -DENABLE_SRV6=1 -DENABLE_L7_LB=1 -DENABLE_MASQUERADE_IPV4=1 -DENABLE_IP_MASQ_AGENT_IPV4=1 -DENABLE_MASQUERADE_IPV6=1 -DENABLE_IP_MASQ_AGENT_IPV6=1 -DENABLE_NODEPORT=1 -DENABLE_NODEPORT_ACCELERATION=1 -DENABLE_DSR_ICMP_ERRORS=1 -DENABLE_DSR=1 -DENABLE_DSR_BYUSER=1 -DENABLE_BANDWIDTH_MANAGER=1 -DENABLE_EGRESS_GATEWAY=1 -DENABLE_VTEP=1 -DENABLE_CLUSTER_AWARE_ADDRESSING=1 -DENABLE_INTER_CLUSTER_SNAT=1 -DENABLE_NAT_46X64=1 -DENABLE_NAT_46X64_GATEWAY=1 -DENCAP_IFINDEX=1 -DTUNNEL_MODE=1 -DENABLE_MULTICAST=1 -DENABLE_WIREGUARD=1 -DENCRYPTION_STRICT_MODE_EGRESS=1 -DENABLE_SCTP=1 -DENABLE_ACTIVE_CONNECTION_TRACKING=1 -I/home/jake/sbomit-overhead-experiment/repos/cilium/bpf -I/home/jake/sbomit-overhead-experiment/repos/cilium/bpf/include -O2 -g --target=bpf -std=gnu99 -nostdinc -ftrap-function=__undefined_trap -Wall -Wextra -Werror -Wshadow -Wno-address-of-packed-member -Wno-unknown-warning-option -Wno-gnu-variable-sized-type-not-at-end -Wimplicit-int-conversion -Wenum-conversion -Wimplicit-fallthrough -mcpu=v3 -c bpf_host.c -o bpf_host.o
clang -DSKIP_DEBUG=1 -DENABLE_IPV4=1 -DENABLE_IPV6=1 -DENABLE_ROUTING=1 -DPOLICY_VERDICT_NOTIFY=1 -DCT_REPORT_FLAGS=0x0002 -DENABLE_HOST_FIREWALL=1 -DENABLE_SRV6=1 -DENABLE_L7_LB=1 -DENABLE_MASQUERADE_IPV4=1 -DENABLE_IP_MASQ_AGENT_IPV4=1 -DENABLE_MASQUERADE_IPV6=1 -DENABLE_IP_MASQ_AGENT_IPV6=1 -DENABLE_NODEPORT=1 -DENABLE_NODEPORT_ACCELERATION=1 -DENABLE_DSR_ICMP_ERRORS=1 -DENABLE_DSR=1 -DENABLE_DSR_BYUSER=1 -DENABLE_BANDWIDTH_MANAGER=1 -DENABLE_EGRESS_GATEWAY=1 -DENABLE_VTEP=1 -DENABLE_CLUSTER_AWARE_ADDRESSING=1 -DENABLE_INTER_CLUSTER_SNAT=1 -DENABLE_NAT_46X64=1 -DENABLE_NAT_46X64_GATEWAY=1 -DENCAP_IFINDEX=1 -DTUNNEL_MODE=1 -DENABLE_MULTICAST=1 -DENABLE_WIREGUARD=1 -DENCRYPTION_STRICT_MODE_EGRESS=1 -DENABLE_SCTP=1 -DENABLE_ACTIVE_CONNECTION_TRACKING=1 -I/home/jake/sbomit-overhead-experiment/repos/cilium/bpf -I/home/jake/sbomit-overhead-experiment/repos/cilium/bpf/include -O2 -g --target=bpf -std=gnu99 -nostdinc -ftrap-function=__undefined_trap -Wall -Wextra -Werror -Wshadow -Wno-address-of-packed-member -Wno-unknown-warning-option -Wno-gnu-variable-sized-type-not-at-end -Wimplicit-int-conversion -Wenum-conversion -Wimplicit-fallthrough -mcpu=v3 -c bpf_wireguard.c -o bpf_wireguard.o
clang -DSKIP_DEBUG=1 -DENABLE_IPV4=1 -DENABLE_IPV6=1 -DENABLE_ROUTING=1 -DPOLICY_VERDICT_NOTIFY=1 -DCT_REPORT_FLAGS=0x0002 -DENABLE_HOST_FIREWALL=1 -DENABLE_SRV6=1 -DENABLE_L7_LB=1 -DENABLE_MASQUERADE_IPV4=1 -DENABLE_IP_MASQ_AGENT_IPV4=1 -DENABLE_MASQUERADE_IPV6=1 -DENABLE_IP_MASQ_AGENT_IPV6=1 -DENABLE_NODEPORT=1 -DENABLE_NODEPORT_ACCELERATION=1 -DENABLE_DSR_ICMP_ERRORS=1 -DENABLE_DSR=1 -DENABLE_DSR_BYUSER=1 -DENABLE_BANDWIDTH_MANAGER=1 -DENABLE_EGRESS_GATEWAY=1 -DENABLE_VTEP=1 -DENABLE_CLUSTER_AWARE_ADDRESSING=1 -DENABLE_INTER_CLUSTER_SNAT=1 -DENABLE_NAT_46X64=1 -DENABLE_NAT_46X64_GATEWAY=1 -DENCAP_IFINDEX=1 -DTUNNEL_MODE=1 -DENABLE_MULTICAST=1 -DENABLE_WIREGUARD=1 -DENCRYPTION_STRICT_MODE_EGRESS=1 -DENABLE_SCTP=1 -DENABLE_ACTIVE_CONNECTION_TRACKING=1 -I/home/jake/sbomit-overhead-experiment/repos/cilium/bpf -I/home/jake/sbomit-overhead-experiment/repos/cilium/bpf/include -O2 -g --target=bpf -std=gnu99 -nostdinc -ftrap-function=__undefined_trap -Wall -Wextra -Werror -Wshadow -Wno-address-of-packed-member -Wno-unknown-warning-option -Wno-gnu-variable-sized-type-not-at-end -Wimplicit-int-conversion -Wenum-conversion -Wimplicit-fallthrough -mcpu=v3 -c bpf_xdp.c -o bpf_xdp.o
clang -DENABLE_IPV4=1 -DENABLE_IPV6=1 -DENABLE_IPSEC=1 -I/home/jake/sbomit-overhead-experiment/repos/cilium/bpf -I/home/jake/sbomit-overhead-experiment/repos/cilium/bpf/include -O2 -g --target=bpf -std=gnu99 -nostdinc -ftrap-function=__undefined_trap -Wall -Wextra -Werror -Wshadow -Wno-address-of-packed-member -Wno-unknown-warning-option -Wno-gnu-variable-sized-type-not-at-end -Wimplicit-int-conversion -Wenum-conversion -Wimplicit-fallthrough -mcpu=v3 -c bpf_alignchecker.c -o bpf_alignchecker.o
go generate ../pkg/datapath/types
go generate ../pkg/datapath/config
go generate ../pkg/datapath/maps
BPF2GO_CC="clang" BPF2GO_CFLAGS="-DSKIP_DEBUG=1 -DENABLE_IPV4=1 -DENABLE_IPV6=1 -DENABLE_ROUTING=1 -DPOLICY_VERDICT_NOTIFY=1 -DCT_REPORT_FLAGS=0x0002 -DENABLE_HOST_FIREWALL=1 -DENABLE_SRV6=1 -DENABLE_L7_LB=1 -DENABLE_MASQUERADE_IPV4=1 -DENABLE_IP_MASQ_AGENT_IPV4=1 -DENABLE_MASQUERADE_IPV6=1 -DENABLE_IP_MASQ_AGENT_IPV6=1 -DENABLE_NODEPORT=1 -DENABLE_NODEPORT_ACCELERATION=1 -DENABLE_DSR_ICMP_ERRORS=1 -DENABLE_DSR=1 -DENABLE_DSR_BYUSER=1 -DENABLE_BANDWIDTH_MANAGER=1 -DENABLE_EGRESS_GATEWAY=1 -DENABLE_VTEP=1 -DENABLE_CLUSTER_AWARE_ADDRESSING=1 -DENABLE_INTER_CLUSTER_SNAT=1 -DENABLE_NAT_46X64=1 -DENABLE_NAT_46X64_GATEWAY=1 -DENCAP_IFINDEX=1 -DTUNNEL_MODE=1 -DENABLE_MULTICAST=1 -DENABLE_WIREGUARD=1 -DENCRYPTION_STRICT_MODE_EGRESS=1 -DENABLE_SCTP=1 -DENABLE_ACTIVE_CONNECTION_TRACKING=1 -I/home/jake/sbomit-overhead-experiment/repos/cilium/bpf -I/home/jake/sbomit-overhead-experiment/repos/cilium/bpf/include -O2 -g --target=bpf -std=gnu99 -nostdinc -ftrap-function=__undefined_trap -Wall -Wextra -Werror -Wshadow -Wno-address-of-packed-member -Wno-unknown-warning-option -Wno-gnu-variable-sized-type-not-at-end -Wimplicit-int-conversion -Wenum-conversion -Wimplicit-fallthrough -mcpu=v3" \
	go generate ../pkg/datapath/bpf
BPF2GO_CC="clang" BPF2GO_CFLAGS="-DSKIP_DEBUG=1 -DENABLE_IPV4=1 -DENABLE_IPV6=1 -DENABLE_ROUTING=1 -DPOLICY_VERDICT_NOTIFY=1 -DCT_REPORT_FLAGS=0x0002 -DENABLE_HOST_FIREWALL=1 -DENABLE_SRV6=1 -DENABLE_L7_LB=1 -DENABLE_MASQUERADE_IPV4=1 -DENABLE_IP_MASQ_AGENT_IPV4=1 -DENABLE_MASQUERADE_IPV6=1 -DENABLE_IP_MASQ_AGENT_IPV6=1 -DENABLE_NODEPORT=1 -DENABLE_NODEPORT_ACCELERATION=1 -DENABLE_DSR_ICMP_ERRORS=1 -DENABLE_DSR=1 -DENABLE_DSR_BYUSER=1 -DENABLE_BANDWIDTH_MANAGER=1 -DENABLE_EGRESS_GATEWAY=1 -DENABLE_VTEP=1 -DENABLE_CLUSTER_AWARE_ADDRESSING=1 -DENABLE_INTER_CLUSTER_SNAT=1 -DENABLE_NAT_46X64=1 -DENABLE_NAT_46X64_GATEWAY=1 -DENCAP_IFINDEX=1 -DTUNNEL_MODE=1 -DENABLE_MULTICAST=1 -DENABLE_WIREGUARD=1 -DENCRYPTION_STRICT_MODE_EGRESS=1 -DENABLE_SCTP=1 -DENABLE_ACTIVE_CONNECTION_TRACKING=1 -I/home/jake/sbomit-overhead-experiment/repos/cilium/bpf -I/home/jake/sbomit-overhead-experiment/repos/cilium/bpf/include -O2 -g --target=bpf -std=gnu99 -nostdinc -ftrap-function=__undefined_trap -Wall -Wextra -Werror -Wshadow -Wno-address-of-packed-member -Wno-unknown-warning-option -Wno-gnu-variable-sized-type-not-at-end -Wimplicit-int-conversion -Wenum-conversion -Wimplicit-fallthrough -mcpu=v3" \
	go generate ../pkg/datapath/bpf/testprogs
make[1]: Leaving directory '/home/jake/sbomit-overhead-experiment/repos/cilium/bpf'
make[1]: Entering directory '/home/jake/sbomit-overhead-experiment/repos/cilium/clustermesh-apiserver'
CGO_ENABLED=0 GOARCH=amd64 go build -mod=vendor -ldflags '-X "github.com/cilium/cilium/pkg/version.ciliumVersion=1.21.0-dev d20668dc 2026-08-18T12:19:00+09:00" -s -w -X "github.com/cilium/cilium/pkg/envoy.requiredEnvoyVersionSHA=140a56cf682197aba29b9d5cd5f786d376ee9286" ' -tags=osusergo  -o clustermesh-apiserver
make[1]: Leaving directory '/home/jake/sbomit-overhead-experiment/repos/cilium/clustermesh-apiserver'
make[1]: Entering directory '/home/jake/sbomit-overhead-experiment/repos/cilium/cilium-cli'
CGO_ENABLED=0 GOARCH=amd64 go build -mod=vendor -ldflags '-X "github.com/cilium/cilium/pkg/version.ciliumVersion=1.21.0-dev d20668dc 2026-08-18T12:19:00+09:00" -s -w -X "github.com/cilium/cilium/pkg/envoy.requiredEnvoyVersionSHA=140a56cf682197aba29b9d5cd5f786d376ee9286" -X "github.com/cilium/cilium/cilium-cli/defaults.CLIVersion=d20668dc" ' -tags=osusergo  \
	-o cilium \
	./cmd/cilium
make[1]: Leaving directory '/home/jake/sbomit-overhead-experiment/repos/cilium/cilium-cli'
level=info msg="Finished command-run attestor... (268.319188858s)"
level=info msg="Completed execute attestors stage..."
level=info msg="Starting product attestors stage..."
level=info msg="Starting product attestor..."
level=info msg="Finished product attestor... (2.813822299s)"
level=info msg="Completed product attestors stage..."
level=info msg="Starting postproduct attestors stage..."
level=info msg="Completed postproduct attestors stage..."
