fatal: No names found, cannot describe anything.
go: downloading go1.26.6 (linux/amd64)
mkdir -p /home/jake/sbomit-overhead-experiment/repos/cloudnative-pg/bin
GOBIN=/home/jake/sbomit-overhead-experiment/repos/cloudnative-pg/bin go install sigs.k8s.io/controller-tools/cmd/controller-gen@v0.22.0
go: downloading sigs.k8s.io/controller-tools v0.22.0
go: downloading go.yaml.in/yaml/v3 v3.0.5
go: downloading sigs.k8s.io/yaml v1.6.0
go: downloading github.com/spf13/cobra v1.10.2
go: downloading k8s.io/apimachinery v0.37.0
go: downloading k8s.io/apiextensions-apiserver v0.37.0
go: downloading golang.org/x/tools v0.49.0
go: downloading k8s.io/api v0.37.0
go: downloading sigs.k8s.io/json v0.0.0-20250730193827-2d320260d730
go: downloading github.com/gobuffalo/flect v1.0.3
go: downloading k8s.io/code-generator v0.37.0
go: downloading k8s.io/gengo/v2 v2.0.0-20260408192533-25e2208e0dc3
go: downloading k8s.io/kube-openapi v0.0.0-20260721132016-d427ff9ee9ad
go: downloading github.com/fatih/color v1.19.0
go: downloading go.yaml.in/yaml/v2 v2.4.4
go: downloading github.com/spf13/pflag v1.0.10
go: downloading k8s.io/klog/v2 v2.140.0
go: downloading k8s.io/utils v0.0.0-20260626114624-be93311217bd
go: downloading github.com/mattn/go-colorable v0.1.14
go: downloading github.com/mattn/go-isatty v0.0.20
go: downloading sigs.k8s.io/randfill v1.0.0
go: downloading sigs.k8s.io/structured-merge-diff/v6 v6.4.2
go: downloading gopkg.in/inf.v0 v0.9.1
go: downloading github.com/fxamacker/cbor/v2 v2.9.1
go: downloading golang.org/x/sys v0.47.0
go: downloading golang.org/x/net v0.58.0
go: downloading github.com/go-logr/logr v1.4.3
go: downloading github.com/davecgh/go-spew v1.1.2-0.20180830191138-d8f796af33cc
go: downloading github.com/x448/float16 v0.8.4
go: downloading github.com/json-iterator/go v1.1.12
go: downloading github.com/google/gnostic-models v0.7.1
go: downloading golang.org/x/text v0.41.0
go: downloading github.com/modern-go/reflect2 v1.0.3-0.20250322232337-35a7c28c31ee
go: downloading github.com/modern-go/concurrent v0.0.0-20180306012644-bacd9c7ef1dd
go: downloading google.golang.org/protobuf v1.36.12-0.20260120151049-f2248ac996af
go: downloading github.com/go-openapi/swag v0.27.1
go: downloading github.com/go-openapi/jsonreference v1.0.0
go: downloading github.com/go-openapi/jsonpointer v1.0.0
go: downloading github.com/go-openapi/swag/cmdutils v0.27.1
go: downloading github.com/go-openapi/swag/conv v0.27.1
go: downloading github.com/go-openapi/swag/fileutils v0.27.1
go: downloading github.com/go-openapi/swag/jsonutils v0.27.1
go: downloading github.com/go-openapi/swag/loading v0.27.1
go: downloading github.com/go-openapi/swag/mangling v0.27.1
go: downloading github.com/go-openapi/swag/netutils v0.27.1
go: downloading github.com/go-openapi/swag/stringutils v0.27.1
go: downloading github.com/go-openapi/swag/typeutils v0.27.1
go: downloading github.com/go-openapi/swag/yamlutils v0.27.1
go: downloading github.com/go-openapi/swag/pools v0.27.1
go: downloading golang.org/x/mod v0.39.0
go: downloading golang.org/x/sync v0.22.0
/home/jake/sbomit-overhead-experiment/repos/cloudnative-pg/bin/controller-gen object:headerFile="hack/boilerplate.go.txt" paths="./..."
go fmt ./...
cd tests && go fmt ./...
go vet ./...
go: downloading github.com/DATA-DOG/go-sqlmock v1.5.2
cd tests && go vet ./...
go build -o bin/manager -ldflags "-X github.com/cloudnative-pg/cloudnative-pg/pkg/versions.buildVersion= -X github.com/cloudnative-pg/cloudnative-pg/pkg/versions.buildCommit=8592542 -X github.com/cloudnative-pg/cloudnative-pg/pkg/versions.buildDate=2026-09-03" ./cmd/manager
go build -o bin/kubectl-cnpg -ldflags "-X github.com/cloudnative-pg/cloudnative-pg/pkg/versions.buildVersion= -X github.com/cloudnative-pg/cloudnative-pg/pkg/versions.buildCommit=8592542 -X github.com/cloudnative-pg/cloudnative-pg/pkg/versions.buildDate=2026-09-03" ./cmd/kubectl-cnpg
