Building with go version go1.26.5 linux/amd64
Building cmd/clusternet-agent binary for linux/amd64 ...
go: downloading github.com/spf13/cobra v1.9.1
go: downloading k8s.io/component-base v0.32.4
go: downloading github.com/clusternet/apiserver v0.0.0-20250421025106-b12c3678f3d2
go: downloading github.com/clusternet/apimachinery v0.23.0-alpha.0.0.20250624132408-ceaa33cb8834
go: downloading k8s.io/klog/v2 v2.130.1
go: downloading github.com/spf13/pflag v1.0.6
go: downloading k8s.io/client-go v0.32.4
go: downloading sigs.k8s.io/yaml v1.4.0
go: downloading k8s.io/api v0.32.4
go: downloading k8s.io/controller-manager v0.32.4
go: downloading k8s.io/metrics v0.32.4
go: downloading k8s.io/utils v0.0.0-20241210054802-24370beab758
go: downloading sigs.k8s.io/mcs-api v0.1.1-0.20230217171204-d9e516ac3939
go: downloading k8s.io/cluster-bootstrap v0.32.4
go: downloading github.com/davecgh/go-spew v1.1.2-0.20180830191138-d8f796af33cc
go: downloading github.com/json-iterator/go v1.1.13-0.20220915233716-71ac16282d12
go: downloading github.com/mattbaird/jsonpatch v0.0.0-20200820163806-098863c1fc24
go: downloading github.com/pkg/errors v0.9.1
go: downloading helm.sh/helm/v3 v3.15.2
go: downloading k8s.io/cli-runtime v0.32.4
go: downloading k8s.io/kubectl v0.32.4
go: downloading github.com/go-logr/logr v1.4.2
go: downloading github.com/gorilla/websocket v1.5.0
go: downloading github.com/rancher/remotedialer v0.3.0
go: downloading github.com/sirupsen/logrus v1.9.3
go: downloading github.com/dixudx/yacht v0.10.1
go: downloading github.com/emicklei/go-restful/v3 v3.11.0
go: downloading github.com/moby/term v0.5.0
go: downloading github.com/google/go-cmp v0.7.0
go: downloading github.com/gogo/protobuf v1.3.2
go: downloading github.com/google/gofuzz v1.2.0
go: downloading k8s.io/kube-openapi v0.0.0-20241212222426-2c72e554b1e7
go: downloading github.com/google/uuid v1.6.0
go: downloading golang.org/x/oauth2 v0.30.0
go: downloading github.com/blang/semver/v4 v4.0.0
go: downloading github.com/prometheus/client_golang v1.19.1
go: downloading github.com/prometheus/client_model v0.6.1
go: downloading go.opentelemetry.io/otel/trace v1.28.0
go: downloading github.com/prometheus/procfs v0.15.1
go: downloading go.opentelemetry.io/otel v1.28.0
go: downloading github.com/modern-go/concurrent v0.0.0-20180306012644-bacd9c7ef1dd
go: downloading github.com/modern-go/reflect2 v1.0.2
go: downloading github.com/Masterminds/semver/v3 v3.2.1
go: downloading github.com/gosuri/uitable v0.0.4
go: downloading github.com/Masterminds/sprig/v3 v3.2.3
go: downloading golang.org/x/term v0.33.0
go: downloading github.com/Masterminds/squirrel v1.5.4
go: downloading github.com/jmoiron/sqlx v1.3.5
go: downloading github.com/lib/pq v1.10.9
go: downloading github.com/rubenv/sql-migrate v1.5.2
go: downloading gopkg.in/inf.v0 v0.9.1
go: downloading gopkg.in/evanphx/json-patch.v4 v4.12.0
go: downloading sigs.k8s.io/structured-merge-diff/v4 v4.5.0
go: downloading github.com/evanphx/json-patch v5.7.0+incompatible
go: downloading github.com/hashicorp/go-multierror v1.1.1
go: downloading k8s.io/apiextensions-apiserver v0.32.4
go: downloading github.com/containerd/containerd v1.7.29
go: downloading oras.land/oras-go v1.2.5
go: downloading github.com/opencontainers/image-spec v1.1.0
go: downloading github.com/google/gnostic-models v0.6.9
go: downloading github.com/munnerz/goautoneg v0.0.0-20191010083416-a7dc8b61c822
go: downloading golang.org/x/net v0.42.0
go: downloading github.com/golang/protobuf v1.5.4
go: downloading sigs.k8s.io/controller-runtime v0.20.4
go: downloading golang.org/x/time v0.12.0
go: downloading github.com/go-logr/zapr v1.3.0
go: downloading go.uber.org/zap v1.27.0
go: downloading golang.org/x/sys v0.34.0
go: downloading sigs.k8s.io/json v0.0.0-20241010143419-9aa6b5e7a4b3
go: downloading github.com/coreos/go-systemd/v22 v22.5.0
go: downloading golang.org/x/crypto v0.40.0
go: downloading go.opentelemetry.io/otel/exporters/otlp/otlptrace/otlptracegrpc v1.27.0
go: downloading go.opentelemetry.io/otel/metric v1.28.0
go: downloading go.opentelemetry.io/otel/sdk v1.28.0
go: downloading google.golang.org/grpc v1.65.0
go: downloading gopkg.in/natefinch/lumberjack.v2 v2.2.1
go: downloading go.opentelemetry.io/otel/exporters/otlp/otlptrace v1.28.0
go: downloading go.opentelemetry.io/contrib/instrumentation/net/http/otelhttp v0.53.0
go: downloading google.golang.org/protobuf v1.36.1
go: downloading github.com/cyphar/filepath-securejoin v0.2.4
go: downloading github.com/mitchellh/copystructure v1.2.0
go: downloading github.com/xeipuuv/gojsonschema v1.2.0
go: downloading github.com/BurntSushi/toml v1.3.2
go: downloading github.com/gobwas/glob v0.2.3
go: downloading github.com/liggitt/tabwriter v0.0.0-20181228230101-89fcab3d43de
go: downloading golang.org/x/sync v0.16.0
go: downloading golang.org/x/text v0.27.0
go: downloading sigs.k8s.io/kustomize/api v0.18.0
go: downloading sigs.k8s.io/kustomize/kyaml v0.18.1
go: downloading github.com/fatih/color v1.18.0
go: downloading github.com/Masterminds/goutils v1.1.1
go: downloading github.com/huandu/xstrings v1.4.0
go: downloading github.com/imdario/mergo v0.3.13
go: downloading github.com/shopspring/decimal v1.3.1
go: downloading github.com/spf13/cast v1.5.1
go: downloading github.com/lann/builder v0.0.0-20180802200727-47ae307949d0
go: downloading github.com/go-gorp/gorp/v3 v3.1.0
go: downloading github.com/hashicorp/errwrap v1.1.0
go: downloading github.com/cespare/xxhash/v2 v2.3.0
go: downloading github.com/beorn7/perks v1.0.1
go: downloading github.com/prometheus/common v0.55.0
go: downloading github.com/opencontainers/go-digest v1.0.0
go: downloading github.com/docker/cli v25.0.1+incompatible
go: downloading github.com/docker/distribution v2.8.3+incompatible
go: downloading github.com/fxamacker/cbor/v2 v2.7.0
go: downloading github.com/docker/docker v25.0.5+incompatible
go: downloading github.com/docker/go-connections v0.5.0
go: downloading gopkg.in/yaml.v3 v3.0.1
go: downloading k8s.io/component-helpers v0.32.4
go: downloading github.com/go-openapi/jsonreference v0.20.2
go: downloading github.com/go-openapi/swag v0.23.0
go: downloading go.uber.org/multierr v1.11.0
go: downloading github.com/google/cel-go v0.22.0
go: downloading github.com/fsnotify/fsnotify v1.7.0
go: downloading sigs.k8s.io/apiserver-network-proxy/konnectivity-client v0.31.0
go: downloading github.com/NYTimes/gziphandler v1.1.1
go: downloading k8s.io/kms v0.32.4
go: downloading github.com/grpc-ecosystem/go-grpc-prometheus v1.2.0
go: downloading go.etcd.io/etcd/client/pkg/v3 v3.5.16
go: downloading go.etcd.io/etcd/client/v3 v3.5.16
go: downloading go.opentelemetry.io/contrib/instrumentation/google.golang.org/grpc/otelgrpc v0.53.0
go: downloading go.opentelemetry.io/proto/otlp v1.3.1
go: downloading google.golang.org/genproto/googleapis/rpc v0.0.0-20240826202546-f6391c0de4c7
go: downloading github.com/gregjones/httpcache v0.0.0-20190611155906-901d90724c79
go: downloading github.com/peterbourgon/diskv v2.0.1+incompatible
go: downloading github.com/felixge/httpsnoop v1.0.4
go: downloading github.com/mitchellh/reflectwalk v1.0.2
go: downloading github.com/asaskevich/govalidator v0.0.0-20200428143746-21a406dcc535
go: downloading github.com/xeipuuv/gojsonreference v0.0.0-20180127040603-bd5ef7bd5415
go: downloading github.com/mattn/go-runewidth v0.0.14
go: downloading github.com/mattn/go-colorable v0.1.14
go: downloading github.com/mattn/go-isatty v0.0.20
go: downloading github.com/lann/ps v0.0.0-20150810152359-62de8c46ede0
go: downloading github.com/exponent-io/jsonpath v0.0.0-20210407135951-1de76d718b3f
go: downloading github.com/containerd/log v0.1.0
go: downloading github.com/containerd/platforms v0.2.1
go: downloading github.com/containerd/errdefs v0.3.0
go: downloading github.com/moby/locker v1.0.1
go: downloading github.com/x448/float16 v0.8.4
go: downloading github.com/go-openapi/jsonpointer v0.21.0
go: downloading google.golang.org/genproto/googleapis/api v0.0.0-20240826202546-f6391c0de4c7
go: downloading github.com/mailru/easyjson v0.7.7
go: downloading github.com/go-logr/stdr v1.2.2
go: downloading github.com/google/btree v1.1.3
go: downloading go.etcd.io/etcd/api/v3 v3.5.16
go: downloading github.com/cenkalti/backoff/v4 v4.3.0
go: downloading cel.dev/expr v0.18.0
go: downloading github.com/stoewer/go-strcase v1.3.0
go: downloading github.com/grpc-ecosystem/grpc-gateway/v2 v2.20.0
go: downloading github.com/chai2010/gettext-go v1.0.2
go: downloading github.com/MakeNowJust/heredoc v1.0.0
go: downloading github.com/mitchellh/go-wordwrap v1.0.1
go: downloading github.com/russross/blackfriday/v2 v2.1.0
go: downloading github.com/xeipuuv/gojsonpointer v0.0.0-20190905194746-02993c407bfb
go: downloading github.com/go-errors/errors v1.4.2
go: downloading github.com/klauspost/compress v1.16.7
go: downloading github.com/rivo/uniseg v0.4.2
go: downloading github.com/distribution/reference v0.6.0
go: downloading github.com/josharian/intern v1.0.0
go: downloading github.com/antlr4-go/antlr/v4 v4.13.0
go: downloading github.com/coreos/go-semver v0.3.1
go: downloading github.com/docker/docker-credential-helpers v0.7.0
go: downloading github.com/monochromegane/go-gitignore v0.0.0-20200626010858-205db1a8cc00
go: downloading github.com/xlab/treeprint v1.2.0
go: downloading github.com/google/shlex v0.0.0-20191202100458-e7afc7fbc510
go: downloading github.com/gorilla/mux v1.8.0
go: downloading golang.org/x/exp v0.0.0-20250506013437-ce4c2cf36ca6
go: downloading github.com/docker/go-metrics v0.0.1
go: downloading github.com/moby/spdystream v0.5.1
go: downloading github.com/mxk/go-flowrate v0.0.0-20140419014527-cca7078d478f
Building with go version go1.26.5 linux/amd64
Building cmd/clusternet-controller-manager binary for linux/amd64 ...
go: downloading sigs.k8s.io/cluster-api v1.6.8
go: downloading github.com/onsi/gomega v1.36.2
go: downloading github.com/gobuffalo/flect v1.0.3
go: downloading github.com/evanphx/json-patch/v5 v5.9.11
go: downloading gomodules.xyz/jsonpatch/v2 v2.4.0
Building with go version go1.26.5 linux/amd64
Building cmd/clusternet-hub binary for linux/amd64 ...
go: downloading k8s.io/kube-aggregator v0.32.4
Building with go version go1.26.5 linux/amd64
Building cmd/clusternet-scheduler binary for linux/amd64 ...
