CGO_ENABLED=0 go build -o /home/jake/sbomit-overhead-experiment/repos/container2wasm/out//c2w -trimpath -ldflags '-s -w -X github.com/container2wasm/container2wasm/version.Version=ecb4caa -X github.com/container2wasm/container2wasm/version.Revision=ecb4caa499f19f1d5cfcddd43b80aa78f98e5102 -extldflags '-static'' -tags "osusergo netgo static_build" -v ./cmd/c2w
go: downloading github.com/containerd/platforms v0.2.1
go: downloading github.com/urfave/cli v1.22.17
go: downloading github.com/containerd/containerd v1.7.32
go: downloading github.com/opencontainers/image-spec v1.1.1
go: downloading github.com/containerd/log v0.1.0
go: downloading golang.org/x/sys v0.46.0
go: downloading github.com/sirupsen/logrus v1.9.3
go: downloading github.com/cpuguy83/go-md2man/v2 v2.0.7
go: downloading github.com/russross/blackfriday/v2 v2.1.0
go: downloading github.com/opencontainers/go-digest v1.0.0
go: downloading github.com/moby/sys/userns v0.1.0
go: downloading github.com/containerd/continuity v0.4.4
go: downloading golang.org/x/sync v0.20.0
internal/goarch
internal/byteorder
internal/unsafeheader
internal/coverage/rtcov
internal/godebugs
internal/asan
internal/profilerecord
math/bits
internal/runtime/pprof/label
internal/msan
internal/trace/tracev2
cmp
internal/goos
internal/goexperiment
internal/cpu
sync/atomic
internal/runtime/atomic
internal/abi
internal/runtime/syscall/linux
internal/runtime/gc
internal/runtime/sys
internal/runtime/math
unicode
unicode/utf8
unicode/utf16
encoding
github.com/container2wasm/container2wasm/version
log/internal
internal/strconv
internal/chacha8rand
internal/runtime/gc/scan
internal/bytealg
math
internal/runtime/exithook
internal/race
internal/synctest
internal/stringslite
internal/runtime/cgroup
internal/sync
internal/runtime/maps
runtime
iter
internal/reflectlite
weak
sync
maps
slices
internal/bisect
internal/testlog
unique
errors
sort
internal/oserror
path
io
strconv
internal/godebug
syscall
net/netip
reflect
encoding/base64
hash
bytes
strings
crypto
bufio
html
regexp/syntax
regexp
internal/syscall/execenv
time
internal/syscall/unix
context
io/fs
internal/poll
embed
internal/filepathlite
github.com/container2wasm/container2wasm
internal/fmtsort
encoding/binary
os
golang.org/x/sys/unix
io/ioutil
path/filepath
fmt
os/exec
log
os/user
encoding/json
golang.org/x/sync/errgroup
github.com/moby/sys/userns
github.com/opencontainers/go-digest
github.com/opencontainers/image-spec/specs-go
flag
text/tabwriter
net/url
text/template/parse
github.com/russross/blackfriday/v2
github.com/opencontainers/image-spec/specs-go/v1
archive/tar
github.com/containerd/continuity/devices
github.com/containerd/continuity/sysx
text/template
github.com/cpuguy83/go-md2man/v2/md2man
github.com/containerd/containerd/archive/tarheader
github.com/sirupsen/logrus
github.com/urfave/cli
github.com/containerd/containerd/pkg/epoch
github.com/containerd/log
github.com/containerd/platforms
github.com/containerd/continuity/fs
github.com/containerd/containerd/archive
github.com/container2wasm/container2wasm/cmd/c2w
CGO_ENABLED=0 go build -o /home/jake/sbomit-overhead-experiment/repos/container2wasm/out//c2w-net -trimpath -ldflags '-s -w -X github.com/container2wasm/container2wasm/version.Version=ecb4caa -X github.com/container2wasm/container2wasm/version.Revision=ecb4caa499f19f1d5cfcddd43b80aa78f98e5102 -extldflags '-static'' -tags "osusergo netgo static_build" -v ./cmd/c2w-net
go: downloading github.com/ktock/gvisor-tap-vsock v0.0.0-20250428083527-5f02d9ba79d4
go: downloading golang.org/x/net v0.56.0
go: downloading gvisor.dev/gvisor v0.0.0-20240916094835-a174eb65023f
go: downloading github.com/pkg/errors v0.9.1
go: downloading github.com/insomniacslk/dhcp v0.0.0-20240710054256-ddd8a41251c9
go: downloading github.com/apparentlymart/go-cidr v1.1.0
go: downloading github.com/google/gopacket v1.1.19
go: downloading github.com/miekg/dns v1.1.63
go: downloading github.com/u-root/uio v0.0.0-20240224005618-d2acac8f3701
go: downloading golang.org/x/crypto v0.53.0
go: downloading github.com/pierrec/lz4/v4 v4.1.14
go: downloading golang.org/x/time v0.12.0
go: downloading github.com/google/btree v1.1.2
internal/nettrace
crypto/internal/fips140deps/byteorder
crypto/internal/fips140/alias
crypto/internal/constanttime
gvisor.dev/gvisor/pkg/tcpip/seqnum
github.com/pierrec/lz4/v4/internal/lz4errors
gvisor.dev/gvisor/pkg/gohacks
container/list
crypto/internal/boring/sig
crypto/internal/fips140deps/cpu
gvisor.dev/gvisor/pkg/bits
vendor/golang.org/x/crypto/cryptobyte/asn1
vendor/golang.org/x/crypto/internal/alias
golang.org/x/net/internal/iana
golang.org/x/crypto/internal/alias
vendor/golang.org/x/net/dns/dnsmessage
internal/singleflight
runtime/debug
crypto/internal/fips140deps/godebug
crypto/internal/impl
crypto/internal/fips140deps/time
crypto/internal/sysrand
math/rand
math/rand/v2
encoding/hex
hash/crc32
github.com/pkg/errors
crypto/internal/fips140/subtle
gvisor.dev/gvisor/pkg/state/wire
crypto/internal/entropy/v1.0.0
gvisor.dev/gvisor/pkg/sync
golang.org/x/time/rate
crypto/internal/fips140
gvisor.dev/gvisor/pkg/tcpip/checksum
github.com/google/btree
gvisor.dev/gvisor/pkg/tcpip/hash/jenkins
github.com/pierrec/lz4/v4/internal/lz4block
github.com/pierrec/lz4/v4/internal/xxh32
github.com/insomniacslk/dhcp/rfc1035label
crypto/internal/fips140/sha256
crypto/internal/fips140/sha512
github.com/u-root/uio/rand
crypto/internal/randutil
container/heap
math/big
crypto/internal/fips140/sha3
crypto/subtle
gvisor.dev/gvisor/pkg/state
compress/flate
crypto/internal/fips140cache
internal/saferio
vendor/golang.org/x/sys/cpu
vendor/golang.org/x/crypto/internal/poly1305
encoding/pem
vendor/golang.org/x/text/transform
vendor/golang.org/x/text/unicode/bidi
vendor/golang.org/x/net/http2/hpack
mime
mime/quotedprintable
github.com/pierrec/lz4/v4/internal/lz4stream
net/http/internal
net/http/internal/ascii
vendor/golang.org/x/text/unicode/norm
encoding/base32
golang.org/x/net/bpf
github.com/containers/gvisor-tap-vsock/pkg/fs
github.com/containers/gvisor-tap-vsock/pkg/utils
golang.org/x/crypto/cryptobyte/asn1
golang.org/x/crypto/internal/poly1305
golang.org/x/crypto/blowfish
net
compress/gzip
github.com/pierrec/lz4/v4
gvisor.dev/gvisor/pkg/linewriter
gvisor.dev/gvisor/pkg/sync/locking
crypto/internal/fips140/hmac
crypto/sha3
gvisor.dev/gvisor/pkg/log
crypto/internal/fips140/check
vendor/golang.org/x/text/secure/bidirule
crypto/internal/fips140hash
crypto/internal/fips140/aes
crypto/fips140
crypto/internal/fips140/nistec/fiat
crypto/internal/fips140/bigmod
crypto/internal/fips140/tls12
crypto/internal/fips140/edwards25519/field
crypto/internal/fips140/hkdf
github.com/u-root/uio/uio
crypto/internal/fips140/tls13
crypto/tls/internal/fips140tls
gvisor.dev/gvisor/pkg/sleep
gvisor.dev/gvisor/pkg/waiter
gvisor.dev/gvisor/pkg/atomicbitops
github.com/insomniacslk/dhcp/iana
crypto/internal/fips140/edwards25519
crypto/internal/fips140/drbg
vendor/golang.org/x/net/idna
gvisor.dev/gvisor/pkg/context
crypto/internal/fips140only
crypto/internal/fips140/mlkem
crypto/internal/fips140/aes/gcm
crypto/internal/fips140/rsa
crypto/internal/fips140/ed25519
encoding/asn1
crypto/hkdf
crypto/md5
crypto/rc4
gvisor.dev/gvisor/pkg/refs
crypto/mlkem
gvisor.dev/gvisor/pkg/buffer
crypto/cipher
crypto/internal/fips140/nistec
vendor/golang.org/x/crypto/chacha20
crypto/des
crypto/internal/boring
golang.org/x/crypto/chacha20
crypto/aes
crypto/internal/boring/bbig
crypto/internal/rand
crypto/hmac
crypto/sha512
crypto/sha1
crypto/sha256
vendor/golang.org/x/crypto/cryptobyte
golang.org/x/crypto/cryptobyte
crypto/x509/pkix
golang.org/x/crypto/ssh/internal/bcrypt_pbkdf
vendor/golang.org/x/crypto/chacha20poly1305
crypto/dsa
crypto/rand
gvisor.dev/gvisor/pkg/rand
crypto/ed25519
crypto/rsa
github.com/apparentlymart/go-cidr/cidr
github.com/containers/gvisor-tap-vsock/pkg/types
github.com/google/gopacket
github.com/insomniacslk/dhcp/interfaces
gvisor.dev/gvisor/pkg/tcpip
net/textproto
vendor/golang.org/x/net/http/httpproxy
github.com/containers/gvisor-tap-vsock/pkg/tcpproxy
golang.org/x/net/internal/socket
github.com/insomniacslk/dhcp/dhcpv4
vendor/golang.org/x/net/http/httpguts
mime/multipart
golang.org/x/net/ipv6
golang.org/x/net/ipv4
github.com/google/gopacket/layers
github.com/insomniacslk/dhcp/dhcpv4/server4
crypto/internal/fips140/ecdh
crypto/elliptic
crypto/internal/fips140/ecdsa
crypto/ecdh
gvisor.dev/gvisor/pkg/tcpip/internal/tcp
gvisor.dev/gvisor/pkg/tcpip/transport
gvisor.dev/gvisor/pkg/tcpip/header
golang.org/x/crypto/curve25519
crypto/ecdsa
crypto/hpke
crypto/x509
gvisor.dev/gvisor/pkg/tcpip/ports
gvisor.dev/gvisor/pkg/tcpip/network/hash
gvisor.dev/gvisor/pkg/tcpip/transport/tcpconntrack
gvisor.dev/gvisor/pkg/tcpip/stack
golang.org/x/crypto/ssh
crypto/tls
github.com/containers/gvisor-tap-vsock/pkg/tap
gvisor.dev/gvisor/pkg/tcpip/header/parse
gvisor.dev/gvisor/pkg/tcpip/transport/internal/network
gvisor.dev/gvisor/pkg/tcpip/transport/internal/noop
gvisor.dev/gvisor/pkg/tcpip/transport/packet
gvisor.dev/gvisor/pkg/tcpip/network/internal/fragmentation
gvisor.dev/gvisor/pkg/tcpip/network/internal/ip
gvisor.dev/gvisor/pkg/tcpip/network/internal/multicast
gvisor.dev/gvisor/pkg/tcpip/link/nested
golang.org/x/crypto/ssh/knownhosts
github.com/containers/gvisor-tap-vsock/pkg/sshclient
gvisor.dev/gvisor/pkg/tcpip/link/sniffer
gvisor.dev/gvisor/pkg/tcpip/transport/raw
gvisor.dev/gvisor/pkg/tcpip/network/arp
gvisor.dev/gvisor/pkg/tcpip/network/ipv4
net/http/httptrace
github.com/miekg/dns
net/http/internal/httpcommon
gvisor.dev/gvisor/pkg/tcpip/transport/udp
gvisor.dev/gvisor/pkg/tcpip/transport/icmp
gvisor.dev/gvisor/pkg/tcpip/transport/tcp
net/http
gvisor.dev/gvisor/pkg/tcpip/adapters/gonet
github.com/containers/gvisor-tap-vsock/pkg/services/dhcp
github.com/containers/gvisor-tap-vsock/pkg/services/dns
github.com/containers/gvisor-tap-vsock/pkg/services/forwarder
golang.org/x/net/websocket
github.com/containers/gvisor-tap-vsock/pkg/virtualnetwork
github.com/container2wasm/container2wasm/cmd/c2w-net
