level=info msg="Starting prematerial attestors stage..."
level=info msg="Starting git attestor..."
level=info msg="Starting environment attestor..."
level=info msg="Finished environment attestor... (8.018e-05s)"
level=info msg="Finished git attestor... (0.078138254s)"
level=info msg="Completed prematerial attestors stage..."
level=info msg="Starting material attestors stage..."
level=info msg="Starting material attestor..."
level=info msg="Finished material attestor... (1.298745277s)"
level=info msg="Completed material attestors stage..."
level=info msg="Starting execute attestors stage..."
level=info msg="Starting command-run attestor..."
level=info msg="Using tracer: ebpf for command-run"
go build -mod=readonly -v -ldflags="-s -w -X github.com/projectcontour/contour/internal/build.Version=fe2bca59 -X github.com/projectcontour/contour/internal/build.Sha=fe2bca59c86771293960df77990725043ba16099 -X github.com/projectcontour/contour/internal/build.Branch=main " -tags "oidc gcp osusergo netgo" github.com/projectcontour/contour/cmd/contour
go: downloading github.com/envoyproxy/go-control-plane v0.14.0
go: downloading github.com/distribution/reference v0.6.0
go: downloading github.com/alecthomas/kingpin/v2 v2.4.0
go: downloading github.com/envoyproxy/go-control-plane/envoy v1.39.0
go: downloading github.com/prometheus/client_golang v1.24.1
go: downloading github.com/prometheus/common v0.70.1
go: downloading github.com/sirupsen/logrus v1.10.1
go: downloading go.uber.org/automaxprocs v1.6.0
go: downloading golang.org/x/net v0.58.0
go: downloading google.golang.org/genproto/googleapis/rpc v0.0.0-20260526163538-3dc84a4a5aaa
go: downloading google.golang.org/grpc v1.83.2
go: downloading google.golang.org/protobuf v1.36.12
go: downloading k8s.io/api v0.37.0
go: downloading k8s.io/apimachinery v0.37.0
go: downloading k8s.io/client-go v0.37.0
go: downloading k8s.io/utils v0.0.0-20260626114624-be93311217bd
go: downloading sigs.k8s.io/controller-runtime v0.24.0
go: downloading sigs.k8s.io/gateway-api v1.3.0
go: downloading gopkg.in/yaml.v3 v3.0.1
go: downloading dario.cat/mergo v1.0.2
go: downloading k8s.io/apiextensions-apiserver v0.37.0
go: downloading github.com/grpc-ecosystem/go-grpc-prometheus v1.2.0
go: downloading github.com/go-logr/logr v1.4.4
go: downloading github.com/bombsimon/logrusr/v4 v4.1.0
go: downloading github.com/google/go-cmp v0.7.0
go: downloading k8s.io/klog/v2 v2.140.0
go: downloading github.com/google/uuid v1.6.0
go: downloading github.com/alecthomas/units v0.0.0-20240927000941-0f3dac36c52b
go: downloading github.com/xhit/go-str2duration/v2 v2.1.0
go: downloading github.com/opencontainers/go-digest v1.0.0
go: downloading golang.org/x/sys v0.47.0
go: downloading github.com/envoyproxy/go-control-plane/ratelimit v0.1.0
go: downloading github.com/munnerz/goautoneg v0.0.0-20191010083416-a7dc8b61c822
go: downloading github.com/prometheus/client_model v0.6.2
go: downloading github.com/beorn7/perks v1.0.1
go: downloading github.com/cespare/xxhash/v2 v2.3.0
go: downloading github.com/prometheus/procfs v0.21.1
go: downloading github.com/evanphx/json-patch/v5 v5.9.11
go: downloading github.com/cncf/xds/go v0.0.0-20260202195803-dba9d589def2
go: downloading google.golang.org/genproto/googleapis/api v0.0.0-20260526163538-3dc84a4a5aaa
go: downloading github.com/envoyproxy/protoc-gen-validate v1.3.3
go: downloading sigs.k8s.io/randfill v1.0.0
go: downloading k8s.io/kube-openapi v0.0.0-20260721132016-d427ff9ee9ad
go: downloading sigs.k8s.io/structured-merge-diff/v6 v6.4.2
go: downloading sigs.k8s.io/json v0.0.0-20250730193827-2d320260d730
go: downloading sigs.k8s.io/yaml v1.6.0
go: downloading golang.org/x/text v0.41.0
go: downloading golang.org/x/oauth2 v0.36.0
go: downloading gomodules.xyz/jsonpatch/v2 v2.4.0
go: downloading github.com/fsnotify/fsnotify v1.10.0
go: downloading gopkg.in/inf.v0 v0.9.1
go: downloading github.com/spf13/pflag v1.0.10
go: downloading golang.org/x/term v0.45.0
go: downloading go.yaml.in/yaml/v2 v2.4.4
go: downloading golang.org/x/time v0.15.0
go: downloading golang.org/x/sync v0.22.0
go: downloading github.com/google/gnostic-models v0.7.1
go: downloading github.com/fxamacker/cbor/v2 v2.9.1
go: downloading github.com/pmezard/go-difflib v1.0.1-0.20181226105442-5d4384ee4fb2
go: downloading github.com/json-iterator/go v1.1.12
go: downloading cel.dev/expr v0.25.2
go: downloading github.com/davecgh/go-spew v1.1.2-0.20180830191138-d8f796af33cc
go: downloading gopkg.in/evanphx/json-patch.v4 v4.13.0
go: downloading github.com/x448/float16 v0.8.4
go: downloading go.yaml.in/yaml/v3 v3.0.5
go: downloading github.com/modern-go/concurrent v0.0.0-20180306012644-bacd9c7ef1dd
go: downloading github.com/modern-go/reflect2 v1.0.3-0.20250322232337-35a7c28c31ee
go: downloading github.com/go-openapi/jsonreference v1.0.0
go: downloading github.com/go-openapi/swag v0.27.1
go: downloading github.com/emicklei/go-restful/v3 v3.13.0
go: downloading github.com/go-openapi/jsonpointer v1.0.0
go: downloading github.com/go-openapi/swag/yamlutils v0.27.1
go: downloading github.com/go-openapi/swag/jsonutils v0.27.1
go: downloading github.com/go-openapi/swag/stringutils v0.27.1
go: downloading github.com/go-openapi/swag/cmdutils v0.27.1
go: downloading github.com/go-openapi/swag/netutils v0.27.1
go: downloading github.com/go-openapi/swag/loading v0.27.1
go: downloading github.com/go-openapi/swag/typeutils v0.27.1
go: downloading github.com/go-openapi/swag/fileutils v0.27.1
go: downloading github.com/go-openapi/swag/conv v0.27.1
go: downloading github.com/go-openapi/swag/mangling v0.27.1
go: downloading github.com/go-openapi/swag/pools v0.27.1
internal/goarch
internal/unsafeheader
internal/byteorder
internal/godebugs
internal/coverage/rtcov
internal/goos
internal/profilerecord
internal/asan
math/bits
internal/msan
internal/goexperiment
internal/runtime/pprof/label
internal/trace/tracev2
cmp
internal/cpu
sync/atomic
unicode/utf8
unicode
internal/runtime/syscall/linux
internal/runtime/atomic
internal/abi
internal/runtime/gc
internal/runtime/sys
internal/runtime/math
crypto/internal/fips140/alias
crypto/internal/constanttime
crypto/internal/boring/sig
crypto/internal/fips140deps/byteorder
container/list
internal/strconv
unicode/utf16
vendor/golang.org/x/crypto/cryptobyte/asn1
vendor/golang.org/x/crypto/internal/alias
internal/nettrace
crypto/internal/fips140/subtle
encoding
google.golang.org/protobuf/internal/flags
google.golang.org/protobuf/internal/set
log/internal
google.golang.org/grpc/serviceconfig
google.golang.org/grpc/encoding/internal
google.golang.org/grpc/internal/transport/internal
k8s.io/apimachinery/pkg/api/validate/constraints
k8s.io/apimachinery/pkg/selection
log/slog/internal
k8s.io/apimachinery/pkg/types
github.com/google/go-cmp/cmp/internal/flags
k8s.io/apimachinery/pkg/api/safe
github.com/go-openapi/swag/cmdutils
internal/runtime/exithook
github.com/envoyproxy/go-control-plane/pkg/wellknown
github.com/projectcontour/contour/internal/provisioner/labels
github.com/projectcontour/contour/internal/provisioner/objects/rbac/resources
k8s.io/utils/internal/third_party/forked/golang/golang-lru
crypto/internal/fips140deps/cpu
internal/chacha8rand
internal/runtime/gc/scan
math
internal/bytealg
crypto/subtle
internal/synctest
internal/race
internal/runtime/maps
internal/sync
internal/stringslite
internal/runtime/cgroup
runtime
iter
internal/reflectlite
weak
k8s.io/klog/v2/internal/dbg
runtime/metrics
sync
maps
slices
github.com/projectcontour/contour/internal/provisioner/slice
k8s.io/apimachinery/pkg/util/sets
internal/bisect
internal/singleflight
internal/testlog
crypto/internal/fips140cache
unique
log/slog/internal/buffer
github.com/go-openapi/swag/pools
google.golang.org/protobuf/internal/pragma
sort
errors
internal/godebug
internal/oserror
path
google.golang.org/grpc/internal/buffer
io
strconv
math/rand/v2
vendor/golang.org/x/net/dns/dnsmessage
k8s.io/kube-openapi/pkg/internal/third_party/go-json-experiment/json/internal
k8s.io/kube-openapi/pkg/internal/third_party/go-json-experiment/json/internal/jsonflags
syscall
k8s.io/kube-openapi/pkg/internal/third_party/go-json-experiment/json/internal/jsonopts
github.com/x448/float16
reflect
crypto/internal/randutil
encoding/base64
strings
encoding/base32
hash
bytes
net/netip
internal/saferio
container/heap
k8s.io/utils/buffer
github.com/beorn7/perks/quantile
github.com/prometheus/client_golang/prometheus/promhttp/internal
crypto/internal/fips140deps/godebug
crypto
math/rand
hash/fnv
hash/crc32
hash/adler32
k8s.io/utils/third_party/forked/golang/btree
vendor/golang.org/x/text/transform
golang.org/x/text/transform
crypto/internal/impl
net/http/internal/ascii
go/build/constraint
crypto/internal/fips140
regexp/syntax
html
k8s.io/klog/v2/internal/severity
bufio
encoding/pem
k8s.io/apimachinery/pkg/api/operation
github.com/go-openapi/swag/conv
github.com/go-openapi/swag/stringutils
k8s.io/kube-openapi/pkg/internal/third_party/go-json-experiment/json/internal/jsonwire
github.com/munnerz/goautoneg
crypto/internal/fips140/sha3
crypto/internal/fips140/sha256
crypto/internal/fips140/sha512
k8s.io/kube-openapi/pkg/internal/third_party/go-json-experiment/json/jsontext
crypto/sha3
crypto/internal/fips140/hmac
time
internal/syscall/execenv
internal/syscall/unix
crypto/internal/fips140/check
crypto/internal/fips140hash
regexp
crypto/fips140
crypto/internal/fips140/tls12
crypto/internal/fips140/bigmod
crypto/internal/fips140/edwards25519/field
crypto/internal/fips140/hkdf
crypto/internal/fips140/aes
crypto/internal/fips140/nistec/fiat
crypto/internal/fips140/tls13
crypto/tls/internal/fips140tls
crypto/internal/fips140/edwards25519
k8s.io/apimachinery/pkg/version
context
crypto/internal/fips140deps/time
github.com/xhit/go-str2duration/v2
google.golang.org/grpc/backoff
golang.org/x/net/internal/httpsfv
google.golang.org/grpc/keepalive
google.golang.org/grpc/internal/idle
io/fs
google.golang.org/grpc/balancer/pickfirst/internal
k8s.io/utils/clock
k8s.io/klog/v2/internal/clock
internal/poll
github.com/google/go-cmp/cmp/internal/diff
crypto/internal/entropy/v1.0.0
k8s.io/apimachinery/pkg/util/cache
google.golang.org/grpc/internal/backoff
k8s.io/client-go/tools/cache/synctrack
google.golang.org/grpc/internal/grpcsync
golang.org/x/net/context
github.com/projectcontour/contour/internal/leadership
embed
internal/filepathlite
crypto/internal/fips140/nistec
google.golang.org/protobuf/internal/editiondefaults
internal/fmtsort
encoding/binary
k8s.io/kube-openapi/pkg/util
github.com/google/go-cmp/cmp/internal/function
sigs.k8s.io/controller-runtime/pkg/internal/syncs
github.com/go-openapi/jsonpointer/jsonname
github.com/go-openapi/swag/typeutils
sigs.k8s.io/structured-merge-diff/v6/schema
github.com/modern-go/reflect2
os
sigs.k8s.io/randfill/bytesource
github.com/cespare/xxhash/v2
vendor/golang.org/x/crypto/internal/poly1305
golang.org/x/sys/unix
crypto/internal/sysrand
internal/lazyregexp
google.golang.org/protobuf/internal/detrand
fmt
io/ioutil
google.golang.org/grpc/internal/envconfig
path/filepath
internal/sysinfo
vendor/golang.org/x/sys/cpu
os/signal
k8s.io/klog/v2/internal/buffer
github.com/prometheus/procfs/internal/util
net
crypto/internal/fips140/drbg
k8s.io/client-go/util/homedir
os/exec
crypto/internal/fips140only
crypto/internal/fips140/ecdh
crypto/internal/fips140/ed25519
crypto/internal/fips140/ecdsa
crypto/internal/fips140/mlkem
crypto/internal/fips140/aes/gcm
crypto/internal/fips140/rsa
sigs.k8s.io/controller-runtime/pkg/manager/signals
crypto/hkdf
crypto/rc4
crypto/md5
crypto/mlkem
crypto/cipher
encoding/hex
net/url
github.com/alecthomas/units
go/token
text/template/parse
google.golang.org/protobuf/internal/errors
log
compress/flate
github.com/opencontainers/go-digest
google.golang.org/protobuf/internal/version
go/doc/comment
encoding/json
math/big
mime
google.golang.org/protobuf/encoding/protowire
vendor/golang.org/x/text/unicode/norm
vendor/golang.org/x/net/http2/hpack
github.com/distribution/reference
crypto/internal/boring
crypto/des
crypto/internal/rand
crypto/aes
crypto/sha512
crypto/hmac
crypto/sha256
vendor/golang.org/x/crypto/chacha20
crypto/sha1
crypto/ecdh
go/internal/scannerhooks
google.golang.org/protobuf/reflect/protoreflect
golang.org/x/net/internal/timeseries
vendor/golang.org/x/text/unicode/bidi
go/scanner
compress/gzip
vendor/golang.org/x/crypto/chacha20poly1305
mime/quotedprintable
net/http/internal
text/tabwriter
google.golang.org/grpc/attributes
golang.org/x/text/unicode/bidi
golang.org/x/text/unicode/norm
golang.org/x/net/http2/hpack
flag
text/template
go/ast
runtime/debug
runtime/pprof
runtime/trace
crypto/hpke
vendor/golang.org/x/text/secure/bidirule
k8s.io/apimachinery/pkg/api/validate/content
k8s.io/apimachinery/third_party/forked/golang/reflect
vendor/golang.org/x/net/idna
k8s.io/apimachinery/pkg/fields
google.golang.org/protobuf/internal/descfmt
google.golang.org/protobuf/internal/descopts
google.golang.org/protobuf/internal/strs
google.golang.org/protobuf/internal/encoding/messageset
google.golang.org/protobuf/internal/genid
google.golang.org/protobuf/internal/order
google.golang.org/protobuf/runtime/protoiface
google.golang.org/protobuf/reflect/protoregistry
google.golang.org/protobuf/internal/protolazy
golang.org/x/text/secure/bidirule
testing
google.golang.org/protobuf/internal/encoding/text
google.golang.org/protobuf/internal/encoding/json
google.golang.org/grpc/grpclog/internal
sigs.k8s.io/json/internal/golang/encoding/json
k8s.io/apimachinery/pkg/conversion
k8s.io/apimachinery/pkg/util/errors
google.golang.org/protobuf/proto
log/slog
golang.org/x/net/idna
google.golang.org/grpc/grpclog
os/user
k8s.io/apimachinery/pkg/conversion/queryparams
k8s.io/apimachinery/pkg/util/validation/field
html/template
k8s.io/apimachinery/pkg/runtime/schema
google.golang.org/grpc/connectivity
google.golang.org/grpc/internal/grpclog
crypto/rand
crypto/elliptic
crypto/internal/boring/bbig
encoding/asn1
crypto/dsa
go/doc
google.golang.org/protobuf/internal/encoding/defval
gopkg.in/inf.v0
crypto/ed25519
crypto/rsa
github.com/fxamacker/cbor/v2
google.golang.org/protobuf/encoding/prototext
net/textproto
google.golang.org/protobuf/internal/filedesc
vendor/golang.org/x/net/http/httpproxy
google.golang.org/grpc/internal
google.golang.org/grpc/internal/syscall
google.golang.org/grpc/internal/resolver/dns/internal
github.com/envoyproxy/go-control-plane/pkg/cache/types
k8s.io/utils/internal/third_party/forked/golang/net
go/parser
github.com/go-logr/logr
vendor/golang.org/x/crypto/cryptobyte
crypto/x509/pkix
k8s.io/klog/v2/internal/sloghandler
k8s.io/utils/net
google.golang.org/grpc/metadata
google.golang.org/grpc/codes
google.golang.org/grpc/internal/mem
net/mail
vendor/golang.org/x/net/http/httpguts
mime/multipart
golang.org/x/net/http/httpguts
k8s.io/klog/v2/internal/serialize
k8s.io/apimachinery/pkg/util/naming
google.golang.org/grpc/stats
google.golang.org/grpc/internal/grpcutil
google.golang.org/grpc/mem
google.golang.org/grpc/internal/balancerload
github.com/alecthomas/kingpin/v2
google.golang.org/grpc/tap
k8s.io/klog/v2/internal/verbosity
google.golang.org/grpc/experimental/stats
github.com/modern-go/concurrent
go.yaml.in/yaml/v2
sigs.k8s.io/randfill
k8s.io/klog/v2
crypto/ecdsa
k8s.io/utils/ptr
k8s.io/klog/v2/textlogger
google.golang.org/grpc/internal/stats
google.golang.org/grpc/encoding
google.golang.org/grpc/internal/transport/readyreader
github.com/envoyproxy/go-control-plane/pkg/log
github.com/projectcontour/contour/internal/timeout
gopkg.in/yaml.v3
github.com/sirupsen/logrus
sigs.k8s.io/json
github.com/envoyproxy/go-control-plane/pkg/server/config
github.com/google/go-cmp/cmp/internal/value
go.yaml.in/yaml/v3
k8s.io/apimachinery/pkg/util/framer
github.com/go-openapi/jsonpointer
github.com/go-openapi/jsonreference/internal
k8s.io/apimachinery/pkg/util/json
github.com/go-openapi/swag/fileutils
github.com/go-openapi/swag/jsonutils/adapters/ifaces
github.com/go-openapi/swag/mangling
github.com/json-iterator/go
github.com/google/go-cmp/cmp
github.com/go-openapi/swag/netutils
github.com/go-openapi/swag/jsonutils/adapters/stdlib/json
google.golang.org/protobuf/internal/encoding/tag
google.golang.org/protobuf/encoding/protojson
k8s.io/kube-openapi/pkg/internal/third_party/go-json-experiment/json
github.com/go-openapi/jsonreference
k8s.io/apimachinery/pkg/util/validation
google.golang.org/protobuf/internal/impl
k8s.io/apimachinery/pkg/util/version
k8s.io/client-go/pkg/version
golang.org/x/term
k8s.io/client-go/tools/metrics
k8s.io/client-go/util/connrotation
github.com/go-openapi/swag/jsonutils/adapters
k8s.io/apimachinery/pkg/labels
golang.org/x/time/rate
github.com/davecgh/go-spew/spew
k8s.io/apimachinery/pkg/runtime/serializer/cbor/internal/modes
github.com/bombsimon/logrusr/v4
crypto/x509
database/sql/driver
github.com/go-openapi/swag/jsonutils
k8s.io/client-go/util/flowcontrol
k8s.io/kube-openapi/pkg/cached
sigs.k8s.io/yaml
compress/zlib
encoding/xml
github.com/emicklei/go-restful/v3/log
k8s.io/apimachinery/pkg/runtime/serializer/cbor/direct
gopkg.in/evanphx/json-patch.v4
k8s.io/apimachinery/third_party/forked/golang/json
github.com/pmezard/go-difflib/difflib
k8s.io/apimachinery/pkg/api/resource
k8s.io/apimachinery/pkg/util/intstr
github.com/google/uuid
k8s.io/apimachinery/pkg/util/yaml
k8s.io/utils/trace
github.com/projectcontour/contour/internal/build
encoding/csv
k8s.io/utils/dump
github.com/evanphx/json-patch/v5/internal/json
sigs.k8s.io/controller-runtime/pkg/log
sigs.k8s.io/controller-runtime/pkg/internal/field/selector
google.golang.org/protobuf/encoding/protodelim
github.com/prometheus/procfs/internal/fs
k8s.io/apimachinery/pkg/util/mergepatch
github.com/google/gnostic-models/jsonschema
github.com/go-openapi/swag/yamlutils
k8s.io/apimachinery/pkg/util/diff
github.com/prometheus/procfs
github.com/spf13/pflag
github.com/google/go-cmp/cmp/cmpopts
dario.cat/mergo
internal/profile
google.golang.org/protobuf/internal/msgfmt
sigs.k8s.io/controller-runtime/pkg/internal/log
github.com/projectcontour/contour/internal/provisioner/retryableerror
sigs.k8s.io/controller-runtime/pkg/config
golang.org/x/sync/errgroup
k8s.io/apimachinery/pkg/util/uuid
database/sql
k8s.io/utils/lru
github.com/fsnotify/fsnotify/internal
gomodules.xyz/jsonpatch/v2
go.uber.org/automaxprocs/internal/cgroups
github.com/fsnotify/fsnotify
sigs.k8s.io/structured-merge-diff/v6/value
go.uber.org/automaxprocs/internal/runtime
go.uber.org/automaxprocs/maxprocs
github.com/evanphx/json-patch/v5
k8s.io/client-go/util/keyutil
crypto/tls
k8s.io/kube-openapi/pkg/internal
sigs.k8s.io/structured-merge-diff/v6/fieldpath
sigs.k8s.io/structured-merge-diff/v6/typed
google.golang.org/protobuf/internal/filetype
google.golang.org/protobuf/runtime/protoimpl
google.golang.org/protobuf/types/descriptorpb
google.golang.org/protobuf/types/known/anypb
google.golang.org/protobuf/types/known/durationpb
google.golang.org/protobuf/types/known/timestamppb
google.golang.org/protobuf/types/known/emptypb
google.golang.org/protobuf/types/known/structpb
google.golang.org/protobuf/types/known/wrapperspb
google.golang.org/protobuf/protoadapt
google.golang.org/genproto/googleapis/api
google.golang.org/genproto/googleapis/rpc/code
google.golang.org/protobuf/testing/protocmp
google.golang.org/grpc/internal/pretty
google.golang.org/grpc/encoding/proto
google.golang.org/genproto/googleapis/rpc/status
github.com/google/gnostic-models/extensions
github.com/prometheus/client_model/go
google.golang.org/grpc/binarylog/grpc_binarylog_v1
cel.dev/expr
google.golang.org/grpc/internal/status
google.golang.org/genproto/googleapis/api/expr/v1alpha1
sigs.k8s.io/structured-merge-diff/v6/merge
k8s.io/client-go/applyconfigurations/internal
google.golang.org/grpc/status
github.com/projectcontour/contour/internal/protobuf
github.com/prometheus/common/model
google.golang.org/grpc/internal/binarylog
github.com/cncf/xds/go/udpa/annotations
github.com/cncf/xds/go/xds/annotations/v3
github.com/envoyproxy/protoc-gen-validate/validate
github.com/envoyproxy/go-control-plane/envoy/annotations
google.golang.org/genproto/googleapis/api/annotations
net/http/httptrace
k8s.io/client-go/util/cert
github.com/projectcontour/contour/pkg/certs
google.golang.org/grpc/internal/credentials
google.golang.org/grpc/credentials
net/http/internal/httpcommon
golang.org/x/net/internal/httpcommon
github.com/envoyproxy/go-control-plane/envoy/extensions/filters/http/grpc_web/v3
github.com/envoyproxy/go-control-plane/envoy/extensions/formatter/metadata/v3
github.com/envoyproxy/go-control-plane/envoy/extensions/formatter/req_without_query/v3
github.com/envoyproxy/go-control-plane/envoy/extensions/internal_redirect/previous_routes/v3
github.com/envoyproxy/go-control-plane/envoy/extensions/internal_redirect/safe_cross_scheme/v3
github.com/envoyproxy/go-control-plane/envoy/extensions/regex_engines/v3
google.golang.org/grpc/peer
google.golang.org/grpc/resolver
google.golang.org/grpc/internal/channelz
google.golang.org/grpc/credentials/insecure
github.com/prometheus/client_golang/prometheus/internal
net/http
github.com/cncf/xds/go/xds/type/v3
github.com/cncf/xds/go/xds/core/v3
github.com/envoyproxy/go-control-plane/envoy/type/v3
github.com/envoyproxy/go-control-plane/envoy/type/metadata/v3
github.com/envoyproxy/go-control-plane/envoy/type/http/v3
github.com/envoyproxy/go-control-plane/envoy/extensions/compression/brotli/compressor/v3
github.com/envoyproxy/go-control-plane/envoy/extensions/compression/gzip/compressor/v3
github.com/envoyproxy/go-control-plane/envoy/extensions/filters/listener/tls_inspector/v3
github.com/envoyproxy/go-control-plane/envoy/extensions/resource_monitors/downstream_connections/v3
google.golang.org/grpc/internal/metadata
google.golang.org/grpc/internal/transport/networktype
google.golang.org/grpc/internal/proxyattributes
google.golang.org/grpc/experimental/balancer/weight
google.golang.org/grpc/internal/resolver/passthrough
google.golang.org/grpc/balancer/grpclb/state
google.golang.org/grpc/internal/resolver/unix
google.golang.org/grpc/internal/resolver/dns
google.golang.org/grpc/channelz
google.golang.org/grpc/balancer
google.golang.org/grpc/resolver/dns
github.com/envoyproxy/go-control-plane/envoy/type/tracing/v3
google.golang.org/grpc/balancer/base
google.golang.org/grpc/balancer/pickfirst
google.golang.org/grpc/internal/serviceconfig
github.com/cncf/xds/go/xds/type/matcher/v3
google.golang.org/grpc/internal/resolver
google.golang.org/grpc/balancer/endpointsharding
google.golang.org/grpc/internal/balancer/gracefulswitch
github.com/envoyproxy/go-control-plane/envoy/config/overload/v3
github.com/envoyproxy/go-control-plane/envoy/extensions/common/ratelimit/v3
github.com/envoyproxy/go-control-plane/envoy/type/matcher/v3
google.golang.org/grpc/balancer/roundrobin
github.com/envoyproxy/go-control-plane/envoy/config/core/v3
golang.org/x/net/trace
net/http/httputil
k8s.io/apimachinery/pkg/util/runtime
github.com/google/gnostic-models/compiler
github.com/go-openapi/swag/loading
github.com/prometheus/client_golang/internal/github.com/golang/gddo/httputil/header
github.com/projectcontour/contour/internal/httpsvc
expvar
net/http/pprof
github.com/prometheus/common/expfmt
golang.org/x/net/http2
sigs.k8s.io/controller-runtime/pkg/internal/httpserver
golang.org/x/oauth2/internal
sigs.k8s.io/controller-runtime/pkg/healthz
github.com/emicklei/go-restful/v3
github.com/prometheus/client_golang/internal/github.com/golang/gddo/httputil
k8s.io/apimachinery/pkg/runtime
k8s.io/client-go/features
golang.org/x/oauth2
k8s.io/apimachinery/pkg/util/wait
github.com/go-openapi/swag
k8s.io/client-go/util/workqueue
github.com/google/gnostic-models/openapiv2
github.com/google/gnostic-models/openapiv3
github.com/prometheus/client_golang/prometheus
k8s.io/apimachinery/pkg/runtime/serializer/recognizer
k8s.io/client-go/tools/internal/events
k8s.io/apimachinery/pkg/runtime/serializer/streaming
sigs.k8s.io/controller-runtime/pkg/conversion
k8s.io/client-go/tools/clientcmd/api
k8s.io/client-go/tools/clientcmd/api/v1
github.com/envoyproxy/go-control-plane/envoy/data/accesslog/v3
github.com/envoyproxy/go-control-plane/envoy/config/metrics/v3
github.com/envoyproxy/go-control-plane/envoy/config/trace/v3
github.com/envoyproxy/go-control-plane/envoy/config/common/mutation_rules/v3
github.com/envoyproxy/go-control-plane/envoy/config/endpoint/v3
github.com/envoyproxy/go-control-plane/envoy/extensions/access_loggers/file/v3
github.com/envoyproxy/go-control-plane/envoy/config/ratelimit/v3
github.com/envoyproxy/go-control-plane/envoy/extensions/filters/http/cors/v3
github.com/envoyproxy/go-control-plane/envoy/extensions/filters/http/compressor/v3
github.com/envoyproxy/go-control-plane/envoy/extensions/compression/zstd/compressor/v3
github.com/envoyproxy/go-control-plane/envoy/extensions/transport_sockets/tls/v3
github.com/envoyproxy/go-control-plane/envoy/extensions/filters/http/grpc_stats/v3
github.com/envoyproxy/go-control-plane/envoy/extensions/filters/http/lua/v3
github.com/prometheus/client_golang/prometheus/promhttp
github.com/envoyproxy/go-control-plane/envoy/extensions/filters/listener/proxy_protocol/v3
github.com/envoyproxy/go-control-plane/envoy/extensions/resource_monitors/fixed_heap/v3
github.com/prometheus/client_golang/prometheus/collectors
github.com/envoyproxy/go-control-plane/envoy/config/route/v3
github.com/envoyproxy/go-control-plane/envoy/extensions/filters/http/ext_authz/v3
k8s.io/apimachinery/pkg/util/net
google.golang.org/grpc/internal/transport
github.com/envoyproxy/go-control-plane/envoy/config/cluster/v3
k8s.io/client-go/transport
k8s.io/apimachinery/pkg/watch
github.com/projectcontour/contour/internal/metrics
k8s.io/apimachinery/pkg/apis/meta/v1
k8s.io/kube-openapi/pkg/validation/spec
k8s.io/kube-openapi/pkg/util/proto
google.golang.org/grpc/internal/resolver/delegatingresolver
google.golang.org/grpc
k8s.io/kube-openapi/pkg/spec3
k8s.io/kube-openapi/pkg/schemaconv
k8s.io/kube-openapi/pkg/common
k8s.io/kube-openapi/pkg/handler3
k8s.io/apimachinery/pkg/api/equality
k8s.io/apimachinery/pkg/api/errors
k8s.io/apimachinery/pkg/apis/meta/v1/unstructured
k8s.io/api/apidiscovery/v2
k8s.io/api/apiserverinternal/v1alpha1
sigs.k8s.io/gateway-api/apis/v1
k8s.io/api/authentication/v1
k8s.io/apimachinery/pkg/api/meta
k8s.io/api/certificates/v1alpha1
k8s.io/api/flowcontrol/v1
k8s.io/api/authorization/v1
k8s.io/api/core/v1
k8s.io/api/coordination/v1
k8s.io/api/admissionregistration/v1
github.com/envoyproxy/go-control-plane/envoy/service/discovery/v3
github.com/envoyproxy/go-control-plane/envoy/config/accesslog/v3
k8s.io/apimachinery/pkg/api/validate
k8s.io/api/flowcontrol/v1beta1
k8s.io/api/flowcontrol/v1beta2
k8s.io/api/coordination/v1alpha2
k8s.io/api/coordination/v1beta1
k8s.io/apimachinery/pkg/runtime/serializer/versioning
k8s.io/apimachinery/pkg/apis/meta/v1/validation
k8s.io/api/flowcontrol/v1beta3
github.com/projectcontour/contour/internal/gatewayapi
k8s.io/api/authentication/v1alpha1
k8s.io/api/authentication/v1beta1
k8s.io/api/authorization/v1beta1
k8s.io/api/lifecycle/v1alpha1
github.com/envoyproxy/go-control-plane/envoy/service/cluster/v3
github.com/envoyproxy/go-control-plane/envoy/service/endpoint/v3
github.com/envoyproxy/go-control-plane/envoy/service/listener/v3
github.com/envoyproxy/go-control-plane/envoy/service/route/v3
github.com/envoyproxy/go-control-plane/envoy/config/listener/v3
github.com/envoyproxy/go-control-plane/envoy/extensions/filters/network/http_connection_manager/v3
github.com/envoyproxy/go-control-plane/envoy/service/extension/v3
github.com/envoyproxy/go-control-plane/envoy/service/runtime/v3
github.com/envoyproxy/go-control-plane/envoy/service/secret/v3
github.com/envoyproxy/go-control-plane/pkg/server/stream/v3
github.com/envoyproxy/go-control-plane/ratelimit/service/ratelimit/v3
k8s.io/apimachinery/pkg/runtime/serializer/json
k8s.io/apimachinery/pkg/runtime/serializer/protobuf
k8s.io/api/policy/v1
k8s.io/api/scheduling/v1alpha3
k8s.io/api/policy/v1beta1
k8s.io/apimachinery/pkg/runtime/serializer
k8s.io/api/rbac/v1
k8s.io/api/rbac/v1alpha1
k8s.io/api/rbac/v1beta1
k8s.io/api/resource/v1alpha3
k8s.io/api/storagemigration/v1
k8s.io/api/storagemigration/v1beta1
k8s.io/apimachinery/pkg/api/validation
k8s.io/apimachinery/pkg/runtime/serializer/cbor
k8s.io/client-go/pkg/apis/clientauthentication
k8s.io/api/admissionregistration/v1alpha1
k8s.io/api/admissionregistration/v1beta1
k8s.io/client-go/rest/watch
k8s.io/apimachinery/pkg/api/meta/testrestmapper
k8s.io/client-go/pkg/apis/clientauthentication/v1
k8s.io/apimachinery/pkg/util/managedfields/internal
k8s.io/client-go/pkg/apis/clientauthentication/v1beta1
k8s.io/apimachinery/pkg/util/strategicpatch
k8s.io/apimachinery/pkg/apis/meta/v1beta1
k8s.io/client-go/util/consistencydetector
k8s.io/client-go/tools/clientcmd/api/latest
k8s.io/client-go/util/retry
sigs.k8s.io/gateway-api/apis/v1beta1
k8s.io/client-go/pkg/apis/clientauthentication/install
k8s.io/apimachinery/pkg/apis/meta/internalversion
github.com/grpc-ecosystem/go-grpc-prometheus
github.com/envoyproxy/go-control-plane/envoy/config/rbac/v3
k8s.io/client-go/plugin/pkg/client/auth/exec
github.com/envoyproxy/go-control-plane/envoy/config/bootstrap/v3
github.com/envoyproxy/go-control-plane/envoy/extensions/filters/http/local_ratelimit/v3
github.com/envoyproxy/go-control-plane/envoy/extensions/filters/http/jwt_authn/v3
github.com/envoyproxy/go-control-plane/envoy/extensions/filters/http/ratelimit/v3
k8s.io/client-go/tools/pager
k8s.io/apimachinery/pkg/apis/meta/internalversion/validation
k8s.io/apimachinery/pkg/apis/meta/internalversion/scheme
sigs.k8s.io/gateway-api/apis/v1alpha2
k8s.io/client-go/util/watchlist
github.com/projectcontour/contour/internal/xds
github.com/envoyproxy/go-control-plane/envoy/config/common/matcher/v3
k8s.io/apiextensions-apiserver/pkg/apis/apiextensions
k8s.io/api/admission/v1
k8s.io/client-go/rest
github.com/envoyproxy/go-control-plane/pkg/resource/v3
github.com/envoyproxy/go-control-plane/envoy/extensions/filters/http/router/v3
github.com/envoyproxy/go-control-plane/envoy/extensions/filters/network/tcp_proxy/v3
k8s.io/apimachinery/pkg/util/managedfields
k8s.io/api/admission/v1beta1
sigs.k8s.io/gateway-api/apis/v1alpha3
github.com/envoyproxy/go-control-plane/pkg/cache/v3
k8s.io/apiextensions-apiserver/pkg/apis/apiextensions/v1
sigs.k8s.io/controller-runtime/pkg/scheme
github.com/envoyproxy/go-control-plane/envoy/extensions/filters/http/rbac/v3
github.com/envoyproxy/go-control-plane/envoy/extensions/upstreams/http/v3
github.com/envoyproxy/go-control-plane/pkg/server/rest/v3
github.com/envoyproxy/go-control-plane/pkg/server/delta/v3
github.com/envoyproxy/go-control-plane/pkg/server/sotw/v3
k8s.io/client-go/util/apply
k8s.io/client-go/testing
k8s.io/client-go/tools/auth
k8s.io/client-go/metadata
k8s.io/client-go/plugin/pkg/client/auth/gcp
k8s.io/client-go/tools/cache
k8s.io/client-go/plugin/pkg/client/auth/oidc
k8s.io/client-go/openapi
k8s.io/client-go/tools/clientcmd
k8s.io/client-go/dynamic
github.com/envoyproxy/go-control-plane/pkg/server/v3
github.com/projectcontour/contour/internal/xds/v3
sigs.k8s.io/controller-runtime/pkg/client/config
k8s.io/client-go/gentype
k8s.io/client-go/listers
k8s.io/client-go/listers/apiserverinternal/v1alpha1
k8s.io/client-go/listers/admissionregistration/v1
k8s.io/client-go/listers/certificates/v1alpha1
k8s.io/client-go/listers/admissionregistration/v1alpha1
k8s.io/client-go/listers/coordination/v1
k8s.io/client-go/listers/coordination/v1alpha2
k8s.io/client-go/listers/flowcontrol/v1beta2
k8s.io/client-go/listers/flowcontrol/v1
k8s.io/client-go/listers/coordination/v1beta1
k8s.io/client-go/listers/flowcontrol/v1beta3
k8s.io/client-go/listers/flowcontrol/v1beta1
k8s.io/client-go/listers/admissionregistration/v1beta1
k8s.io/client-go/listers/lifecycle/v1alpha1
k8s.io/client-go/listers/rbac/v1
k8s.io/client-go/listers/rbac/v1alpha1
k8s.io/client-go/listers/rbac/v1beta1
k8s.io/client-go/listers/resource/v1alpha3
k8s.io/client-go/listers/storagemigration/v1
k8s.io/client-go/listers/scheduling/v1alpha3
k8s.io/client-go/listers/storagemigration/v1beta1
github.com/projectcontour/contour/apis/projectcontour/v1
k8s.io/api/discovery/v1
k8s.io/api/autoscaling/v2
k8s.io/api/apps/v1
k8s.io/api/autoscaling/v1
k8s.io/api/discovery/v1beta1
k8s.io/api/batch/v1
k8s.io/api/events/v1beta1
k8s.io/api/certificates/v1beta1
k8s.io/api/events/v1
k8s.io/api/networking/v1beta1
k8s.io/api/apps/v1beta2
k8s.io/api/certificates/v1
k8s.io/api/apps/v1beta1
k8s.io/api/node/v1
k8s.io/api/networking/v1
k8s.io/api/node/v1alpha1
k8s.io/api/node/v1beta1
k8s.io/api/resource/v1
k8s.io/api/resource/v1beta1
k8s.io/api/resource/v1beta2
k8s.io/api/scheduling/v1
k8s.io/api/scheduling/v1beta1
k8s.io/api/storage/v1
k8s.io/api/storage/v1alpha1
k8s.io/api/storage/v1beta1
k8s.io/client-go/tools/reference
k8s.io/client-go/listers/autoscaling/v1
k8s.io/client-go/listers/autoscaling/v2
k8s.io/api/batch/v1beta1
k8s.io/client-go/listers/batch/v1
k8s.io/client-go/listers/certificates/v1
k8s.io/client-go/listers/certificates/v1beta1
k8s.io/client-go/listers/core/v1
k8s.io/client-go/listers/discovery/v1
k8s.io/client-go/listers/discovery/v1beta1
k8s.io/client-go/listers/events/v1
k8s.io/client-go/listers/events/v1beta1
k8s.io/api/extensions/v1beta1
k8s.io/client-go/listers/apps/v1beta1
github.com/projectcontour/contour/internal/annotation
k8s.io/client-go/listers/networking/v1
k8s.io/client-go/listers/networking/v1beta1
k8s.io/client-go/listers/node/v1
k8s.io/client-go/listers/apps/v1beta2
github.com/projectcontour/contour/apis/projectcontour/v1alpha1
github.com/projectcontour/contour/internal/provisioner/equality
k8s.io/client-go/listers/apps/v1
github.com/projectcontour/contour/internal/ingressclass
k8s.io/client-go/listers/batch/v1beta1
k8s.io/client-go/listers/node/v1alpha1
k8s.io/client-go/listers/node/v1beta1
k8s.io/client-go/listers/policy/v1
k8s.io/client-go/listers/policy/v1beta1
k8s.io/client-go/listers/scheduling/v1
k8s.io/client-go/listers/scheduling/v1beta1
k8s.io/client-go/listers/storage/v1alpha1
k8s.io/client-go/tools/record/util
k8s.io/client-go/tools/record
k8s.io/client-go/listers/storage/v1
github.com/projectcontour/contour/internal/contourconfig
github.com/projectcontour/contour/internal/provisioner/model
github.com/projectcontour/contour/pkg/config
k8s.io/client-go/listers/storage/v1beta1
k8s.io/client-go/listers/resource/v1beta1
github.com/projectcontour/contour/internal/provisioner/objects/rbac/policyrule
k8s.io/client-go/listers/resource/v1beta2
k8s.io/client-go/listers/extensions/v1beta1
k8s.io/client-go/kubernetes/scheme
k8s.io/client-go/listers/resource/v1
k8s.io/client-go/kubernetes/typed/authentication/v1
k8s.io/client-go/kubernetes/typed/authentication/v1alpha1
k8s.io/client-go/kubernetes/typed/authentication/v1beta1
github.com/projectcontour/contour/internal/provisioner
k8s.io/client-go/discovery
k8s.io/client-go/kubernetes/typed/authorization/v1
k8s.io/client-go/kubernetes/typed/authorization/v1beta1
k8s.io/client-go/restmapper
k8s.io/client-go/applyconfigurations/meta/v1
sigs.k8s.io/controller-runtime/pkg/client/apiutil
k8s.io/client-go/applyconfigurations/apiserverinternal/v1alpha1
k8s.io/client-go/applyconfigurations/certificates/v1alpha1
k8s.io/client-go/applyconfigurations/autoscaling/v1
k8s.io/client-go/applyconfigurations/coordination/v1
k8s.io/client-go/applyconfigurations/certificates/v1beta1
k8s.io/client-go/applyconfigurations/coordination/v1beta1
k8s.io/client-go/applyconfigurations/autoscaling/v2
k8s.io/client-go/applyconfigurations/certificates/v1
k8s.io/client-go/applyconfigurations/coordination/v1alpha2
k8s.io/client-go/applyconfigurations/flowcontrol/v1beta1
k8s.io/client-go/applyconfigurations/scheduling/v1alpha3
k8s.io/client-go/applyconfigurations/admissionregistration/v1
k8s.io/client-go/applyconfigurations/flowcontrol/v1beta2
k8s.io/client-go/applyconfigurations/flowcontrol/v1
k8s.io/client-go/applyconfigurations/core/v1
k8s.io/client-go/kubernetes/typed/apiserverinternal/v1alpha1
k8s.io/client-go/applyconfigurations/flowcontrol/v1beta3
k8s.io/client-go/kubernetes/typed/coordination/v1
k8s.io/client-go/kubernetes/typed/certificates/v1alpha1
k8s.io/client-go/kubernetes/typed/autoscaling/v1
k8s.io/client-go/kubernetes/typed/certificates/v1beta1
k8s.io/client-go/kubernetes/typed/certificates/v1
k8s.io/client-go/kubernetes/typed/flowcontrol/v1beta1
k8s.io/client-go/kubernetes/typed/flowcontrol/v1
k8s.io/client-go/kubernetes/typed/coordination/v1beta1
k8s.io/client-go/kubernetes/typed/autoscaling/v2
k8s.io/client-go/kubernetes/typed/coordination/v1alpha2
k8s.io/client-go/applyconfigurations/lifecycle/v1alpha1
k8s.io/client-go/applyconfigurations/policy/v1
k8s.io/client-go/applyconfigurations/policy/v1beta1
k8s.io/client-go/kubernetes/typed/flowcontrol/v1beta2
k8s.io/client-go/kubernetes/typed/admissionregistration/v1
k8s.io/client-go/applyconfigurations/admissionregistration/v1alpha1
k8s.io/client-go/applyconfigurations/admissionregistration/v1beta1
k8s.io/client-go/kubernetes/typed/flowcontrol/v1beta3
k8s.io/client-go/applyconfigurations/rbac/v1
k8s.io/client-go/applyconfigurations/rbac/v1alpha1
k8s.io/client-go/applyconfigurations/resource/v1alpha3
k8s.io/client-go/applyconfigurations/rbac/v1beta1
k8s.io/client-go/applyconfigurations/scheduling/v1
k8s.io/client-go/kubernetes/typed/scheduling/v1alpha3
k8s.io/client-go/applyconfigurations/storagemigration/v1
k8s.io/client-go/applyconfigurations/scheduling/v1beta1
k8s.io/client-go/kubernetes/typed/policy/v1beta1
k8s.io/client-go/kubernetes/typed/policy/v1
k8s.io/client-go/kubernetes/typed/lifecycle/v1alpha1
k8s.io/client-go/applyconfigurations/storagemigration/v1beta1
k8s.io/client-go/kubernetes/typed/rbac/v1
k8s.io/client-go/kubernetes/typed/admissionregistration/v1alpha1
k8s.io/client-go/kubernetes/typed/resource/v1alpha3
k8s.io/client-go/kubernetes/typed/rbac/v1alpha1
k8s.io/client-go/kubernetes/typed/scheduling/v1
k8s.io/client-go/kubernetes/typed/storagemigration/v1
k8s.io/client-go/kubernetes/typed/admissionregistration/v1beta1
k8s.io/client-go/kubernetes/typed/storagemigration/v1beta1
sigs.k8s.io/controller-runtime/pkg/client
k8s.io/client-go/kubernetes/typed/scheduling/v1beta1
k8s.io/client-go/kubernetes/typed/rbac/v1beta1
k8s.io/client-go/applyconfigurations/discovery/v1
k8s.io/client-go/applyconfigurations/apps/v1beta1
k8s.io/client-go/applyconfigurations/discovery/v1beta1
k8s.io/client-go/applyconfigurations/events/v1
k8s.io/client-go/applyconfigurations/apps/v1beta2
k8s.io/client-go/applyconfigurations/batch/v1
k8s.io/client-go/applyconfigurations/events/v1beta1
k8s.io/client-go/kubernetes/typed/core/v1
k8s.io/client-go/applyconfigurations/extensions/v1beta1
k8s.io/client-go/applyconfigurations/node/v1
k8s.io/client-go/applyconfigurations/apps/v1
k8s.io/client-go/applyconfigurations/networking/v1beta1
k8s.io/client-go/applyconfigurations/networking/v1
k8s.io/client-go/applyconfigurations/node/v1alpha1
k8s.io/client-go/applyconfigurations/node/v1beta1
k8s.io/client-go/kubernetes/typed/events/v1beta1
k8s.io/client-go/kubernetes/typed/events/v1
k8s.io/client-go/kubernetes/typed/discovery/v1beta1
k8s.io/client-go/kubernetes/typed/discovery/v1
k8s.io/client-go/kubernetes/typed/node/v1alpha1
k8s.io/client-go/kubernetes/typed/node/v1beta1
k8s.io/client-go/kubernetes/typed/node/v1
k8s.io/client-go/kubernetes/typed/networking/v1beta1
k8s.io/client-go/applyconfigurations/resource/v1
k8s.io/client-go/kubernetes/typed/apps/v1beta1
k8s.io/client-go/kubernetes/typed/apps/v1beta2
k8s.io/client-go/applyconfigurations/resource/v1beta1
k8s.io/client-go/applyconfigurations/resource/v1beta2
k8s.io/client-go/kubernetes/typed/batch/v1
k8s.io/client-go/applyconfigurations/batch/v1beta1
k8s.io/client-go/applyconfigurations/storage/v1
k8s.io/client-go/applyconfigurations/storage/v1alpha1
k8s.io/client-go/kubernetes/typed/networking/v1
k8s.io/client-go/applyconfigurations/storage/v1beta1
sigs.k8s.io/controller-runtime/pkg/cache/internal
k8s.io/client-go/kubernetes/typed/extensions/v1beta1
k8s.io/client-go/kubernetes/typed/apps/v1
github.com/projectcontour/contour/internal/provisioner/objects
sigs.k8s.io/controller-runtime/pkg/reconcile
github.com/projectcontour/contour/internal/provisioner/objects/contourconfig
sigs.k8s.io/controller-runtime/pkg/cache
k8s.io/client-go/kubernetes/typed/storage/v1alpha1
github.com/projectcontour/contour/internal/provisioner/objects/dataplane
github.com/projectcontour/contour/internal/provisioner/objects/deployment
k8s.io/client-go/kubernetes/typed/batch/v1beta1
k8s.io/client-go/kubernetes/typed/resource/v1
github.com/projectcontour/contour/internal/provisioner/objects/rbac/clusterrole
k8s.io/client-go/kubernetes/typed/storage/v1beta1
github.com/projectcontour/contour/internal/provisioner/objects/rbac/clusterrolebinding
k8s.io/client-go/kubernetes/typed/resource/v1beta1
k8s.io/client-go/kubernetes/typed/storage/v1
k8s.io/client-go/kubernetes/typed/resource/v1beta2
github.com/projectcontour/contour/internal/provisioner/objects/rbac/role
github.com/projectcontour/contour/internal/provisioner/objects/rbac/rolebinding
github.com/projectcontour/contour/internal/provisioner/objects/rbac/serviceaccount
github.com/projectcontour/contour/internal/provisioner/objects/service
sigs.k8s.io/controller-runtime/pkg/event
sigs.k8s.io/controller-runtime/pkg/controller/controllerutil
sigs.k8s.io/controller-runtime/pkg/predicate
github.com/projectcontour/contour/internal/provisioner/objects/rbac
k8s.io/client-go/kubernetes
k8s.io/client-go/informers/internalinterfaces
k8s.io/client-go/tools/leaderelection/resourcelock
github.com/projectcontour/contour/internal/health
k8s.io/client-go/tools/events
github.com/projectcontour/contour/internal/k8s
k8s.io/client-go/informers/apiserverinternal/v1alpha1
k8s.io/client-go/informers/admissionregistration/v1alpha1
k8s.io/client-go/informers/admissionregistration/v1
k8s.io/client-go/informers/autoscaling/v2
k8s.io/client-go/informers/apps/v1beta1
k8s.io/client-go/informers/autoscaling/v1
k8s.io/client-go/informers/admissionregistration/v1beta1
k8s.io/client-go/informers/apps/v1
k8s.io/client-go/informers/certificates/v1
k8s.io/client-go/informers/batch/v1beta1
k8s.io/client-go/informers/batch/v1
k8s.io/client-go/informers/apps/v1beta2
k8s.io/client-go/informers/certificates/v1alpha1
k8s.io/client-go/informers/certificates/v1beta1
k8s.io/client-go/informers/coordination/v1
github.com/projectcontour/contour/internal/status
github.com/projectcontour/contour/internal/dag
k8s.io/client-go/informers/coordination/v1alpha2
k8s.io/client-go/informers/coordination/v1beta1
k8s.io/client-go/informers/autoscaling
k8s.io/client-go/informers/core/v1
k8s.io/client-go/informers/apiserverinternal
k8s.io/client-go/informers/batch
k8s.io/client-go/informers/discovery/v1
k8s.io/client-go/informers/discovery/v1beta1
k8s.io/client-go/informers/events/v1
k8s.io/client-go/informers/certificates
k8s.io/client-go/informers/events/v1beta1
k8s.io/client-go/informers/extensions/v1beta1
k8s.io/client-go/informers/apps
k8s.io/client-go/informers/flowcontrol/v1
k8s.io/client-go/informers/flowcontrol/v1beta1
k8s.io/client-go/informers/flowcontrol/v1beta2
k8s.io/client-go/informers/admissionregistration
k8s.io/client-go/informers/flowcontrol/v1beta3
github.com/projectcontour/contour/internal/certgen
github.com/projectcontour/contour/internal/contour
github.com/projectcontour/contour/internal/envoy
github.com/projectcontour/contour/internal/sorter
k8s.io/client-go/informers/coordination
github.com/projectcontour/contour/internal/debug
k8s.io/client-go/informers/discovery
k8s.io/client-go/informers/lifecycle/v1alpha1
k8s.io/client-go/informers/networking/v1
github.com/projectcontour/contour/internal/envoy/v3
k8s.io/client-go/informers/events
k8s.io/client-go/informers/networking/v1beta1
k8s.io/client-go/informers/node/v1
github.com/projectcontour/contour/internal/provisioner/objects/secret
k8s.io/client-go/informers/node/v1alpha1
k8s.io/client-go/informers/node/v1beta1
k8s.io/client-go/informers/policy/v1
k8s.io/client-go/informers/policy/v1beta1
k8s.io/client-go/informers/rbac/v1
k8s.io/client-go/informers/rbac/v1alpha1
k8s.io/client-go/informers/flowcontrol
k8s.io/client-go/informers/extensions
k8s.io/client-go/informers/rbac/v1beta1
k8s.io/client-go/informers/resource/v1
k8s.io/client-go/informers/resource/v1alpha3
k8s.io/client-go/informers/lifecycle
k8s.io/client-go/informers/resource/v1beta1
k8s.io/client-go/informers/node
k8s.io/client-go/informers/resource/v1beta2
k8s.io/client-go/informers/scheduling/v1
k8s.io/client-go/informers/scheduling/v1alpha3
k8s.io/client-go/informers/networking
k8s.io/client-go/informers/scheduling/v1beta1
k8s.io/client-go/informers/policy
k8s.io/client-go/informers/storage/v1
k8s.io/client-go/informers/storage/v1alpha1
k8s.io/client-go/informers/core
k8s.io/client-go/informers/storage/v1beta1
k8s.io/client-go/informers/storagemigration/v1
k8s.io/client-go/informers/storagemigration/v1beta1
sigs.k8s.io/controller-runtime/pkg/internal/recorder
sigs.k8s.io/controller-runtime/pkg/recorder
k8s.io/client-go/informers/rbac
github.com/projectcontour/contour/internal/xdscache
sigs.k8s.io/controller-runtime/pkg/leaderelection
github.com/projectcontour/contour/internal/xdscache/v3
sigs.k8s.io/controller-runtime/pkg/cluster
k8s.io/client-go/informers/scheduling
k8s.io/client-go/informers/storagemigration
k8s.io/client-go/informers/resource
k8s.io/client-go/informers/storage
k8s.io/client-go/informers
k8s.io/client-go/tools/leaderelection
sigs.k8s.io/controller-runtime/pkg/metrics
sigs.k8s.io/controller-runtime/pkg/webhook/admission/metrics
sigs.k8s.io/controller-runtime/pkg/internal/metrics
sigs.k8s.io/controller-runtime/pkg/internal/controller/metrics
sigs.k8s.io/controller-runtime/pkg/certwatcher/metrics
sigs.k8s.io/controller-runtime/pkg/webhook/conversion/metrics
sigs.k8s.io/controller-runtime/pkg/webhook/internal/metrics
sigs.k8s.io/controller-runtime/pkg/webhook/conversion
sigs.k8s.io/controller-runtime/pkg/certwatcher
sigs.k8s.io/controller-runtime/pkg/webhook/admission
sigs.k8s.io/controller-runtime/pkg/controller/priorityqueue
sigs.k8s.io/controller-runtime/pkg/handler
sigs.k8s.io/controller-runtime/pkg/metrics/server
sigs.k8s.io/controller-runtime/pkg/webhook
sigs.k8s.io/controller-runtime/pkg/internal/source
sigs.k8s.io/controller-runtime/pkg/source
sigs.k8s.io/controller-runtime/pkg/manager
sigs.k8s.io/controller-runtime/pkg/internal/controller
sigs.k8s.io/controller-runtime/pkg/controller
sigs.k8s.io/controller-runtime/pkg/builder
sigs.k8s.io/controller-runtime
github.com/projectcontour/contour/internal/provisioner/controller
github.com/projectcontour/contour/cmd/contour
level=info msg="Finished command-run attestor... (42.052146616s)"
level=info msg="Completed execute attestors stage..."
level=info msg="Starting product attestors stage..."
level=info msg="Starting product attestor..."
level=info msg="Finished product attestor... (0.217223113s)"
level=info msg="Completed product attestors stage..."
level=info msg="Starting postproduct attestors stage..."
level=info msg="Completed postproduct attestors stage..."
