level=info msg="Starting prematerial attestors stage..."
level=info msg="Starting git attestor..."
level=info msg="Starting environment attestor..."
level=info msg="Finished environment attestor... (8.406e-05s)"
level=info msg="Finished git attestor... (0.086304894s)"
level=info msg="Completed prematerial attestors stage..."
level=info msg="Starting material attestors stage..."
level=info msg="Starting material attestor..."
level=info msg="Finished material attestor... (0.072971454s)"
level=info msg="Completed material attestors stage..."
level=info msg="Starting execute attestors stage..."
level=info msg="Starting command-run attestor..."
level=info msg="Using tracer: ebpf for command-run"
go: downloading github.com/opencontainers/image-spec v1.1.1
go: downloading github.com/docker/docker v28.5.2+incompatible
go: downloading golang.org/x/crypto v0.49.0
go: downloading gopkg.in/yaml.v3 v3.0.1
go: downloading k8s.io/api v0.35.3
go: downloading k8s.io/apimachinery v0.35.3
go: downloading sigs.k8s.io/yaml v1.6.0
go: downloading github.com/oschwald/geoip2-golang v1.13.0
go: downloading github.com/google/uuid v1.6.0
go: downloading github.com/gorilla/schema v1.4.1
go: downloading github.com/creasty/defaults v1.8.0
go: downloading github.com/imdario/mergo v0.3.16
go: downloading github.com/jinzhu/copier v0.4.0
go: downloading github.com/containerssh/gokrb5/v8 v8.4.3-0.20211214150832-4bf8b91123af
go: downloading gopkg.in/jcmturner/goidentity.v3 v3.0.0
go: downloading github.com/containerd/errdefs v1.0.0
go: downloading github.com/distribution/reference v0.6.0
go: downloading k8s.io/client-go v0.35.3
go: downloading github.com/fxamacker/cbor/v2 v2.9.0
go: downloading github.com/fxamacker/cbor v1.5.1
go: downloading github.com/mattn/go-shellwords v1.0.12
go: downloading github.com/aws/aws-sdk-go v1.55.8
go: downloading github.com/docker/go-connections v0.6.0
go: downloading golang.org/x/sys v0.42.0
go: downloading sigs.k8s.io/kind v0.31.0
go: downloading go.yaml.in/yaml/v2 v2.4.3
go: downloading github.com/opencontainers/go-digest v1.0.0
go: downloading github.com/oschwald/maxminddb-golang v1.13.1
go: downloading github.com/jcmturner/gofork v1.7.6
go: downloading github.com/jcmturner/goidentity/v6 v6.0.1
go: downloading github.com/jcmturner/dnsutils/v2 v2.0.0
go: downloading github.com/hashicorp/go-uuid v1.0.3
go: downloading k8s.io/utils v0.0.0-20260108192941-914a6e750570
go: downloading sigs.k8s.io/randfill v1.0.0
go: downloading k8s.io/klog/v2 v2.130.1
go: downloading k8s.io/kube-openapi v0.0.0-20260127142750-a19766b6e2d4
go: downloading sigs.k8s.io/structured-merge-diff/v6 v6.3.2
go: downloading github.com/mitchellh/mapstructure v1.5.0
go: downloading github.com/x448/float16 v0.8.4
go: downloading github.com/munnerz/goautoneg v0.0.0-20191010083416-a7dc8b61c822
go: downloading golang.org/x/net v0.51.0
go: downloading github.com/gorilla/websocket v1.5.4-0.20250319132907-e064f32e3674
go: downloading github.com/docker/go-units v0.5.0
go: downloading github.com/moby/docker-image-spec v1.3.1
go: downloading github.com/containerd/errdefs/pkg v0.3.0
go: downloading github.com/pkg/errors v0.9.1
go: downloading go.opentelemetry.io/contrib/instrumentation/net/http/otelhttp v0.65.0
go: downloading go.opentelemetry.io/otel/trace v1.40.0
go: downloading github.com/jcmturner/rpc/v2 v2.0.3
go: downloading gopkg.in/inf.v0 v0.9.1
go: downloading sigs.k8s.io/json v0.0.0-20250730193827-2d320260d730
go: downloading github.com/google/gnostic-models v0.7.1
go: downloading google.golang.org/protobuf v1.36.11
go: downloading golang.org/x/time v0.14.0
go: downloading golang.org/x/term v0.41.0
go: downloading github.com/go-logr/logr v1.4.3
go: downloading go.opentelemetry.io/otel v1.40.0
go: downloading golang.org/x/oauth2 v0.35.0
go: downloading github.com/pmezard/go-difflib v1.0.0
go: downloading github.com/davecgh/go-spew v1.1.1
go: downloading github.com/json-iterator/go v1.1.12
go: downloading github.com/jcmturner/aescts/v2 v2.0.0
go: downloading github.com/felixge/httpsnoop v1.0.4
go: downloading go.opentelemetry.io/otel/metric v1.40.0
go: downloading github.com/moby/spdystream v0.5.0
go: downloading al.essio.dev/pkg/shellescape v1.6.0
go: downloading github.com/pelletier/go-toml v1.9.5
go: downloading github.com/spf13/cobra v1.10.2
go: downloading go.yaml.in/yaml/v3 v3.0.4
go: downloading gopkg.in/evanphx/json-patch.v4 v4.13.0
go: downloading github.com/modern-go/concurrent v0.0.0-20180306012644-bacd9c7ef1dd
go: downloading github.com/modern-go/reflect2 v1.0.3-0.20250322232337-35a7c28c31ee
go: downloading github.com/go-openapi/swag v0.25.4
go: downloading github.com/go-openapi/jsonreference v0.21.4
go: downloading github.com/mxk/go-flowrate v0.0.0-20140419014527-cca7078d478f
go: downloading github.com/spf13/pflag v1.0.10
go: downloading github.com/emicklei/go-restful/v3 v3.13.0
go: downloading golang.org/x/text v0.35.0
go: downloading github.com/BurntSushi/toml v1.6.0
go: downloading github.com/evanphx/json-patch/v5 v5.9.11
go: downloading github.com/mattn/go-isatty v0.0.20
go: downloading github.com/go-openapi/swag/cmdutils v0.25.4
go: downloading github.com/go-openapi/swag/conv v0.25.4
go: downloading github.com/go-openapi/swag/fileutils v0.25.4
go: downloading github.com/go-openapi/swag/jsonname v0.25.4
go: downloading github.com/go-openapi/swag/jsonutils v0.25.4
go: downloading github.com/go-openapi/swag/loading v0.25.4
go: downloading github.com/go-openapi/swag/mangling v0.25.4
go: downloading github.com/go-openapi/swag/netutils v0.25.4
go: downloading github.com/go-openapi/swag/stringutils v0.25.4
go: downloading github.com/go-openapi/swag/typeutils v0.25.4
go: downloading github.com/go-openapi/swag/yamlutils v0.25.4
go: downloading github.com/go-openapi/jsonpointer v0.22.4
go: downloading github.com/go-logr/stdr v1.2.2
go: downloading go.opentelemetry.io/auto/sdk v1.2.1
go: downloading github.com/cespare/xxhash/v2 v2.3.0
go: downloading github.com/jmespath/go-jmespath v0.4.0
level=info msg="Finished command-run attestor... (30.4988258s)"
level=info msg="Completed execute attestors stage..."
level=info msg="Starting product attestors stage..."
level=info msg="Starting product attestor..."
level=info msg="Finished product attestor... (0.050945706s)"
level=info msg="Completed product attestors stage..."
level=info msg="Starting postproduct attestors stage..."
level=info msg="Completed postproduct attestors stage..."
