level=info msg="Starting prematerial attestors stage..."
level=info msg="Starting git attestor..."
level=info msg="Starting environment attestor..."
level=info msg="Finished environment attestor... (0.00010712s)"
level=info msg="Finished git attestor... (0.033925128s)"
level=info msg="Completed prematerial attestors stage..."
level=info msg="Starting material attestors stage..."
level=info msg="Starting material attestor..."
level=info msg="Finished material attestor... (0.156788487s)"
level=info msg="Completed material attestors stage..."
level=info msg="Starting execute attestors stage..."
level=info msg="Starting command-run attestor..."
level=info msg="Using tracer: ebpf for command-run"
[34;1m=>[0m Building copa ...
CGO_ENABLED=0 GOOS=linux GOARCH=amd64 \
go build  -ldflags "-X github.com/project-copacetic/copacetic/pkg/version.GitCommit=cb41152377f9689a680cbff40d7146cfe0675de3 -X github.com/project-copacetic/copacetic/pkg/version.GitVersion=cb41152 -X github.com/project-copacetic/copacetic/pkg/version.BuildDate=2026-09-05T03:45:20Z -X main.version=edge -s -w -extldflags -static" -o ./dist/linux_amd64/release/copa;
go: downloading github.com/spf13/cobra v1.10.2
go: downloading github.com/spf13/viper v1.21.0
go: downloading github.com/sirupsen/logrus v1.9.4
go: downloading github.com/moby/buildkit v0.31.1
go: downloading github.com/distribution/reference v0.6.0
go: downloading github.com/opencontainers/image-spec v1.1.1
go: downloading github.com/docker/cli v29.5.3+incompatible
go: downloading github.com/pkg/errors v0.9.1
go: downloading golang.org/x/sync v0.22.0
go: downloading golang.org/x/term v0.45.0
go: downloading github.com/containerd/platforms v1.0.0-rc.4
go: downloading github.com/google/go-containerregistry v0.21.6
go: downloading github.com/Masterminds/semver/v3 v3.5.0
go: downloading github.com/Masterminds/semver v1.5.0
go: downloading github.com/hashicorp/go-multierror v1.1.1
go: downloading gopkg.in/yaml.v3 v3.0.1
go: downloading github.com/docker/buildx v0.32.1
go: downloading github.com/opencontainers/go-digest v1.0.0
go: downloading golang.org/x/exp v0.0.0-20260603202125-055de637280b
go: downloading github.com/containerd/errdefs v1.0.0
go: downloading github.com/moby/moby/api v1.55.0
go: downloading github.com/cenkalti/backoff/v4 v4.3.0
go: downloading github.com/moby/moby/client v0.5.0
go: downloading golang.org/x/sys v0.47.0
go: downloading github.com/tonistiigi/fsutil v0.0.0-20260609091201-0257b3308df4
go: downloading google.golang.org/grpc v1.83.1
go: downloading github.com/aquasecurity/trivy v0.69.3
go: downloading github.com/openvex/go-vex v0.2.7
go: downloading github.com/fsnotify/fsnotify v1.9.0
go: downloading github.com/go-viper/mapstructure/v2 v2.5.0
go: downloading github.com/sagikazarmark/locafero v0.11.0
go: downloading github.com/spf13/afero v1.15.0
go: downloading github.com/spf13/cast v1.10.0
go: downloading github.com/spf13/pflag v1.0.10
go: downloading github.com/containerd/log v0.1.0
go: downloading github.com/moby/docker-image-spec v1.3.1
go: downloading github.com/cpuguy83/dockercfg v0.3.2
go: downloading github.com/cpuguy83/go-docker v0.4.0
go: downloading github.com/hashicorp/errwrap v1.1.0
go: downloading github.com/containerd/console v1.0.5
go: downloading github.com/morikuni/aec v1.1.0
go: downloading github.com/tonistiigi/go-csvvalue v0.0.0-20240814133006-030d3b2625d0
go: downloading github.com/tonistiigi/units v0.0.0-20180711220420-6950e57a87ea
go: downloading github.com/tonistiigi/vt100 v0.0.0-20240514184818-90bafcd6abab
go: downloading golang.org/x/time v0.15.0
go: downloading github.com/planetscale/vtprotobuf v0.6.1-0.20240319094008-0393e58bdf10
go: downloading google.golang.org/protobuf v1.36.11
go: downloading github.com/google/shlex v0.0.0-20191202100458-e7afc7fbc510
go: downloading github.com/containerd/containerd/v2 v2.2.5
go: downloading go.opentelemetry.io/contrib/instrumentation/google.golang.org/grpc/otelgrpc v0.69.0
go: downloading go.opentelemetry.io/otel v1.44.0
go: downloading go.opentelemetry.io/otel/trace v1.44.0
go: downloading github.com/gofrs/flock v0.13.0
go: downloading golang.org/x/net v0.56.0
go: downloading github.com/hashicorp/go-cleanhttp v0.5.2
go: downloading github.com/containerd/containerd/api v1.10.0
go: downloading golang.org/x/crypto v0.54.0
go: downloading github.com/canonical/chisel-manifest v1.2.0
go: downloading github.com/klauspost/compress v1.18.7
go: downloading go.opentelemetry.io/otel/exporters/otlp/otlptrace v1.44.0
go: downloading go.opentelemetry.io/otel/sdk v1.44.0
go: downloading github.com/charmbracelet/lipgloss v0.13.1
go: downloading github.com/vito/progrock v0.10.1
go: downloading github.com/aquasecurity/go-pep440-version v0.0.1
go: downloading golang.org/x/mod v0.37.0
go: downloading github.com/knqyf263/go-apk-version v0.0.0-20200609155635-041fdbb8563f
go: downloading github.com/knqyf263/go-deb-version v0.0.0-20241115132648-6f4aee6ccd23
go: downloading github.com/knqyf263/go-rpm-version v0.0.0-20220614171824-631e686d1075
go: downloading github.com/parthivsaikia/go-pacman-version v0.0.0-20260212091406-8640ae78daee
go: downloading k8s.io/apimachinery v0.35.2
go: downloading github.com/sourcegraph/conc v0.3.1-0.20240121214520-5f936abd7ae8
go: downloading github.com/subosito/gotenv v1.6.0
go: downloading github.com/pelletier/go-toml/v2 v2.3.1
go: downloading go.yaml.in/yaml/v3 v3.0.4
go: downloading github.com/package-url/packageurl-go v0.1.5
go: downloading github.com/docker/docker-credential-helpers v0.9.8
go: downloading golang.org/x/text v0.40.0
go: downloading github.com/containerd/typeurl/v2 v2.3.0
go: downloading google.golang.org/genproto/googleapis/rpc v0.0.0-20260526163538-3dc84a4a5aaa
go: downloading go.opentelemetry.io/contrib/instrumentation/net/http/httptrace/otelhttptrace v0.69.0
go: downloading go.opentelemetry.io/contrib/instrumentation/net/http/otelhttp v0.69.0
go: downloading github.com/containerd/errdefs/pkg v0.3.0
go: downloading github.com/docker/go-connections v0.7.0
go: downloading go.opentelemetry.io/otel/metric v1.44.0
go: downloading github.com/in-toto/in-toto-golang v0.11.0
go: downloading github.com/containerd/ttrpc v1.2.8
go: downloading github.com/moby/sys/signal v0.7.1
go: downloading go.opentelemetry.io/proto/otlp v1.10.0
go: downloading github.com/containerd/continuity v0.5.0
go: downloading github.com/moby/patternmatcher v0.6.1
go: downloading github.com/aquasecurity/go-version v0.0.1
go: downloading golang.org/x/xerrors v0.0.0-20240716161551-93cc26a95ae9
go: downloading github.com/charmbracelet/x/ansi v0.3.2
go: downloading github.com/muesli/termenv v0.15.2
go: downloading github.com/rivo/uniseg v0.4.7
go: downloading github.com/charmbracelet/bubbles v0.16.1
go: downloading github.com/charmbracelet/bubbletea v0.24.2
go: downloading github.com/jonboulle/clockwork v0.5.0
go: downloading github.com/vito/midterm v0.1.4
go: downloading github.com/felixge/httpsnoop v1.1.0
go: downloading github.com/docker/go-units v0.5.0
go: downloading github.com/go-logr/logr v1.4.3
go: downloading github.com/moby/locker v1.0.1
go: downloading github.com/grpc-ecosystem/grpc-gateway/v2 v2.29.0
go: downloading github.com/go-logr/stdr v1.2.2
go: downloading go.opentelemetry.io/auto/sdk v1.2.1
go: downloading github.com/google/uuid v1.6.0
go: downloading github.com/fogleman/ease v0.0.0-20170301025033-8da417bf1776
go: downloading github.com/pkg/browser v0.0.0-20240102092130-5ac0b6a4141c
go: downloading github.com/zmb3/spotify/v2 v2.3.1
go: downloading golang.org/x/oauth2 v0.36.0
go: downloading github.com/charmbracelet/harmonica v0.2.0
go: downloading github.com/lucasb-eyer/go-colorful v1.2.0
go: downloading github.com/muesli/reflow v0.3.0
go: downloading github.com/cespare/xxhash/v2 v2.3.0
go: downloading github.com/aymanbagabas/go-osc52/v2 v2.0.1
go: downloading github.com/mattn/go-isatty v0.0.20
go: downloading github.com/mattn/go-runewidth v0.0.16
go: downloading github.com/mattn/go-localereader v0.0.1
go: downloading github.com/muesli/ansi v0.0.0-20230316100256-276c6243b2f6
go: downloading github.com/muesli/cancelreader v0.2.2
go: downloading github.com/google/go-cmp v0.7.0
go: downloading github.com/in-toto/attestation v1.2.0
go: downloading github.com/secure-systems-lab/go-securesystemslib v0.11.0
go: downloading github.com/shibumi/go-pathspec v1.3.0
go: downloading google.golang.org/genproto/googleapis/api v0.0.0-20260526163538-3dc84a4a5aaa
go: downloading github.com/samber/lo v1.52.0
go: downloading github.com/aquasecurity/trivy-db v0.0.0-20251222105351-a833f47f8f0d
level=info msg="Finished command-run attestor... (22.414968921s)"
level=info msg="Completed execute attestors stage..."
level=info msg="Starting product attestors stage..."
level=info msg="Starting product attestor..."
level=info msg="Finished product attestor... (0.083751113s)"
level=info msg="Completed product attestors stage..."
level=info msg="Starting postproduct attestors stage..."
level=info msg="Completed postproduct attestors stage..."
