level=info msg="Starting prematerial attestors stage..."
level=info msg="Starting git attestor..."
level=info msg="Starting environment attestor..."
level=info msg="Finished environment attestor... (8.239e-05s)"
level=info msg="Finished git attestor... (0.175796666s)"
level=info msg="Completed prematerial attestors stage..."
level=info msg="Starting material attestors stage..."
level=info msg="Starting material attestor..."
level=info msg="Finished material attestor... (1.875223061s)"
level=info msg="Completed material attestors stage..."
level=info msg="Starting execute attestors stage..."
level=info msg="Starting command-run attestor..."
level=info msg="Using tracer: ebpf for command-run"
go build -trimpath  -ldflags '-s -w -X github.com/cri-o/cri-o/internal/version.buildDate='2026-09-05T20:23:15Z' -X github.com/cri-o/cri-o/internal/version.buildCommit=c75266abf9cf305f111152eb73a062a76605feef ' -tags "containers_image_ostree_stub    containers_image_openpgp  selinux "  -o bin/crio ./cmd/crio
make -C pinns
make[1]: Entering directory '/home/jake/sbomit-overhead-experiment/repos/cri-o/pinns'
cc -std=c99 -Os -Wall -Werror -Wextra -static -O3 -o src/pinns.o -c src/pinns.c
cc -std=c99 -Os -Wall -Werror -Wextra -static -O3 -o src/sysctl.o -c src/sysctl.c
cc -o ../bin/pinns src/pinns.o src/sysctl.o -std=c99 -Os -Wall -Werror -Wextra -static  
strip -s ../bin/pinns
make[1]: Leaving directory '/home/jake/sbomit-overhead-experiment/repos/cri-o/pinns'
level=info msg="Finished command-run attestor... (61.253474909s)"
level=info msg="Completed execute attestors stage..."
level=info msg="Starting product attestors stage..."
level=info msg="Starting product attestor..."
level=info msg="Finished product attestor... (0.540241867s)"
level=info msg="Completed product attestors stage..."
level=info msg="Starting postproduct attestors stage..."
level=info msg="Completed postproduct attestors stage..."
