go: downloading github.com/AppsFlyer/go-sundheit v0.6.0
go: downloading github.com/fsnotify/fsnotify v1.10.1
go: downloading github.com/ghodss/yaml v1.0.0
go: downloading github.com/go-jose/go-jose/v4 v4.1.4
go: downloading github.com/grpc-ecosystem/go-grpc-prometheus v1.2.0
go: downloading github.com/oklog/run v1.2.0
go: downloading github.com/prometheus/client_golang v1.24.1
go: downloading github.com/spf13/cobra v1.10.2
go: downloading golang.org/x/crypto v0.54.0
go: downloading google.golang.org/grpc v1.82.1
go: downloading google.golang.org/protobuf v1.36.11
go: downloading github.com/google/uuid v1.6.0
go: downloading entgo.io/ent v0.14.6
go: downloading github.com/go-sql-driver/mysql v1.10.0
go: downloading github.com/lib/pq v1.12.3
go: downloading github.com/mattn/go-sqlite3 v1.14.48
go: downloading go.etcd.io/etcd/client/pkg/v3 v3.6.13
go: downloading go.etcd.io/etcd/client/v3 v3.6.13
go: downloading github.com/go-webauthn/webauthn v0.17.4
go: downloading github.com/pquerna/otp v1.5.0
go: downloading github.com/Masterminds/semver v1.5.0
go: downloading golang.org/x/net v0.57.0
go: downloading github.com/coreos/go-oidc/v3 v3.19.0
go: downloading github.com/gorilla/mux v1.8.1
go: downloading github.com/openbao/openbao/api/v2 v2.6.0
go: downloading gopkg.in/yaml.v2 v2.4.0
go: downloading github.com/pkg/errors v0.9.1
go: downloading golang.org/x/sys v0.47.0
go: downloading github.com/spf13/pflag v1.0.9
go: downloading filippo.io/edwards25519 v1.2.0
go: downloading github.com/beorn7/perks v1.0.1
go: downloading github.com/cespare/xxhash/v2 v2.3.0
go: downloading github.com/prometheus/client_model v0.6.2
go: downloading github.com/prometheus/common v0.70.1
go: downloading github.com/prometheus/procfs v0.21.1
go: downloading github.com/gorilla/handlers v1.5.2
go: downloading github.com/Masterminds/sprig/v3 v3.3.0
go: downloading github.com/boombuler/barcode v1.0.1-0.20190219062509-6c824513bacc
go: downloading go.uber.org/zap v1.27.0
go: downloading github.com/coreos/go-semver v0.3.1
go: downloading go.etcd.io/etcd/api/v3 v3.6.13
go: downloading github.com/tinylib/msgp v1.6.4
go: downloading github.com/go-viper/mapstructure/v2 v2.5.0
go: downloading github.com/golang-jwt/jwt/v5 v5.3.1
go: downloading github.com/google/go-tpm v0.9.8
go: downloading golang.org/x/oauth2 v0.36.0
go: downloading cloud.google.com/go/compute/metadata v0.9.0
go: downloading golang.org/x/exp v0.0.0-20240823005443-9b4947da3948
go: downloading google.golang.org/api v0.291.0
go: downloading github.com/go-ldap/ldap/v3 v3.4.14
go: downloading github.com/jcmturner/goidentity/v6 v6.0.1
go: downloading github.com/jcmturner/gokrb5/v8 v8.4.4
go: downloading github.com/beevik/etree v1.7.0
go: downloading github.com/mattermost/xml-roundtrip-validator v0.1.0
go: downloading github.com/russellhaering/goxmldsig v1.6.0
go: downloading github.com/cenkalti/backoff/v5 v5.0.3
go: downloading github.com/hashicorp/go-cleanhttp v0.5.2
go: downloading github.com/hashicorp/go-multierror v1.1.1
go: downloading github.com/hashicorp/go-retryablehttp v0.7.8
go: downloading github.com/hashicorp/go-secure-stdlib/parseutil v0.2.0
go: downloading github.com/hashicorp/hcl v1.0.1-vault-7
go: downloading golang.org/x/time v0.15.0
go: downloading github.com/munnerz/goautoneg v0.0.0-20191010083416-a7dc8b61c822
go: downloading github.com/felixge/httpsnoop v1.0.4
go: downloading dario.cat/mergo v1.0.1
go: downloading github.com/Masterminds/goutils v1.1.1
go: downloading github.com/Masterminds/semver/v3 v3.3.0
go: downloading github.com/huandu/xstrings v1.5.0
go: downloading github.com/mitchellh/copystructure v1.2.0
go: downloading github.com/shopspring/decimal v1.4.0
go: downloading github.com/spf13/cast v1.7.0
go: downloading github.com/gogo/protobuf v1.3.2
go: downloading github.com/golang/protobuf v1.5.4
go: downloading github.com/coreos/go-systemd/v22 v22.5.0
go: downloading github.com/grpc-ecosystem/grpc-gateway/v2 v2.26.3
go: downloading google.golang.org/genproto/googleapis/api v0.0.0-20260630182238-925bb5da69e7
go: downloading go.uber.org/multierr v1.11.0
go: downloading github.com/go-webauthn/x v0.2.6
go: downloading github.com/fxamacker/cbor/v2 v2.9.2
go: downloading github.com/philhofer/fwd v1.2.0
go: downloading google.golang.org/genproto/googleapis/rpc v0.0.0-20260724162435-b2f20204f0df
go: downloading github.com/hashicorp/go-uuid v1.0.3
go: downloading github.com/Azure/go-ntlmssp v0.1.1
go: downloading github.com/go-asn1-ber/asn1-ber v1.5.8
go: downloading github.com/jonboulle/clockwork v0.5.0
go: downloading github.com/hashicorp/errwrap v1.1.0
go: downloading github.com/hashicorp/go-secure-stdlib/strutil v0.1.2
go: downloading github.com/hashicorp/go-sockaddr v1.0.7
go: downloading github.com/mitchellh/mapstructure v1.5.0
go: downloading ariga.io/atlas v0.36.2-0.20250730182955-2c6300d0a3e1
go: downloading github.com/mitchellh/reflectwalk v1.0.2
go: downloading github.com/jcmturner/gofork v1.7.6
go: downloading golang.org/x/text v0.40.0
go: downloading github.com/ryanuber/go-glob v1.0.0
go: downloading github.com/x448/float16 v0.8.4
go: downloading github.com/jcmturner/dnsutils/v2 v2.0.0
go: downloading github.com/zclconf/go-cty v1.14.4
go: downloading github.com/hashicorp/hcl/v2 v2.18.1
go: downloading github.com/jcmturner/aescts/v2 v2.0.0
go: downloading github.com/jcmturner/rpc/v2 v2.0.3
go: downloading github.com/bmatcuk/doublestar v1.3.4
go: downloading github.com/go-openapi/inflect v0.19.0
go: downloading github.com/zclconf/go-cty-yaml v1.1.0
go: downloading gopkg.in/yaml.v3 v3.0.1
go: downloading golang.org/x/mod v0.37.0
go: downloading github.com/apparentlymart/go-textseg/v15 v15.0.0
go: downloading github.com/mitchellh/go-wordwrap v1.0.1
go: downloading github.com/agext/levenshtein v1.2.3
go: downloading github.com/google/go-cmp v0.7.0
go: downloading github.com/googleapis/enterprise-certificate-proxy v0.3.19
go: downloading cloud.google.com/go/auth v0.22.0
go: downloading go.opentelemetry.io/contrib/instrumentation/net/http/otelhttp v0.67.0
go: downloading github.com/googleapis/gax-go/v2 v2.23.0
go: downloading github.com/google/s2a-go v0.1.9
go: downloading cloud.google.com/go/auth/oauth2adapt v0.2.8
go: downloading go.opentelemetry.io/otel/metric v1.44.0
go: downloading go.opentelemetry.io/otel v1.44.0
go: downloading go.opentelemetry.io/otel/trace v1.44.0
go: downloading github.com/go-logr/stdr v1.2.2
go: downloading go.opentelemetry.io/auto/sdk v1.2.1
go: downloading github.com/go-logr/logr v1.4.3
internal/goarch
internal/unsafeheader
internal/coverage/rtcov
internal/byteorder
internal/godebugs
internal/goos
internal/profilerecord
internal/asan
math/bits
internal/runtime/pprof/label
internal/trace/tracev2
internal/msan
unicode
internal/goexperiment
internal/cpu
sync/atomic
cmp
unicode/utf8
internal/abi
internal/runtime/atomic
internal/runtime/syscall/linux
internal/runtime/gc
internal/runtime/sys
internal/runtime/math
container/list
crypto/internal/fips140/alias
crypto/internal/constanttime
crypto/internal/fips140deps/byteorder
internal/strconv
crypto/internal/boring/sig
unicode/utf16
vendor/golang.org/x/crypto/cryptobyte/asn1
vendor/golang.org/x/crypto/internal/alias
internal/nettrace
encoding
log/internal
google.golang.org/protobuf/internal/flags
google.golang.org/grpc/serviceconfig
google.golang.org/protobuf/internal/set
google.golang.org/grpc/encoding/internal
crypto/internal/fips140/subtle
google.golang.org/grpc/internal/transport/internal
github.com/dexidp/dex/pkg/groups
log/slog/internal
golang.org/x/exp/constraints
golang.org/x/crypto/internal/alias
golang.org/x/crypto/cryptobyte/asn1
github.com/googleapis/gax-go/v2/internal
go.opentelemetry.io/otel/trace/embedded
go.opentelemetry.io/otel/metric/embedded
github.com/jcmturner/gokrb5/v8/iana/nametype
golang.org/x/exp/slices
github.com/jcmturner/gokrb5/v8/iana/etypeID
github.com/jcmturner/gokrb5/v8/iana/chksumtype
github.com/jcmturner/gokrb5/v8/iana/patype
github.com/jcmturner/gokrb5/v8/iana
github.com/jcmturner/gokrb5/v8/iana/addrtype
github.com/jcmturner/gokrb5/v8/iana/asnAppTag
internal/chacha8rand
internal/bytealg
internal/runtime/gc/scan
crypto/internal/fips140deps/cpu
github.com/jcmturner/gokrb5/v8/iana/flags
github.com/jcmturner/gokrb5/v8/iana/keyusage
github.com/jcmturner/gokrb5/v8/iana/adtype
math
github.com/jcmturner/gokrb5/v8/iana/msgtype
image/color
entgo.io/ent/schema
github.com/agext/levenshtein
github.com/google/go-cmp/cmp/internal/flags
internal/runtime/exithook
github.com/lib/pq/internal/pqsql
github.com/lib/pq/oid
github.com/lib/pq/pqerror
entgo.io/ent/schema/index
crypto/subtle
internal/race
internal/synctest
internal/stringslite
internal/runtime/cgroup
internal/sync
internal/runtime/maps
runtime
internal/reflectlite
iter
weak
runtime/metrics
sync
slices
maps
internal/bisect
crypto/internal/fips140cache
internal/testlog
internal/singleflight
google.golang.org/protobuf/internal/pragma
ariga.io/atlas/sql/postgres/internal/postgresop
unique
log/slog/internal/buffer
go.uber.org/zap/internal/pool
errors
sort
io
internal/oserror
strconv
path
math/rand/v2
vendor/golang.org/x/net/dns/dnsmessage
internal/godebug
google.golang.org/grpc/internal/buffer
github.com/go-viper/mapstructure/v2/internal/errors
github.com/hashicorp/hcl/hcl/strconv
syscall
github.com/beorn7/perks/quantile
github.com/x448/float16
net/netip
golang.org/x/crypto/blowfish
reflect
hash
bytes
crypto/internal/randutil
runtime/cgo
internal/saferio
encoding/base64
github.com/prometheus/client_golang/prometheus/promhttp/internal
encoding/base32
strings
crypto
hash/fnv
github.com/Azure/go-ntlmssp/internal/md4
hash/crc32
github.com/jcmturner/gokrb5/v8/crypto/etype
hash/adler32
crypto/internal/fips140deps/godebug
math/rand
hash/crc64
golang.org/x/crypto/md4
vendor/golang.org/x/text/transform
github.com/mitchellh/go-wordwrap
golang.org/x/text/transform
crypto/internal/impl
net/http/internal/ascii
encoding/pem
crypto/internal/fips140
html
github.com/ryanuber/go-glob
regexp/syntax
github.com/huandu/xstrings
bufio
github.com/munnerz/goautoneg
golang.org/x/mod/semver
crypto/internal/fips140/sha3
crypto/internal/fips140/sha256
crypto/internal/fips140/sha512
image
github.com/apparentlymart/go-textseg/v15/textseg
crypto/internal/fips140/hmac
crypto/sha3
crypto/internal/fips140/check
crypto/internal/fips140hash
regexp
internal/syscall/execenv
time
internal/syscall/unix
crypto/fips140
crypto/internal/fips140/edwards25519/field
crypto/internal/fips140/hkdf
crypto/internal/fips140/bigmod
crypto/internal/fips140/tls12
crypto/internal/fips140/pbkdf2
crypto/internal/fips140/aes
crypto/internal/fips140/nistec/fiat
crypto/internal/fips140/tls13
crypto/tls/internal/fips140tls
google.golang.org/api/internal/third_party/uritemplates
crypto/internal/fips140/edwards25519
crypto/internal/fips140deps/time
context
google.golang.org/grpc/backoff
google.golang.org/grpc/internal/idle
golang.org/x/net/internal/httpsfv
github.com/google/go-cmp/cmp/internal/diff
google.golang.org/grpc/balancer/pickfirst/internal
google.golang.org/grpc/keepalive
io/fs
go.uber.org/zap/buffer
internal/poll
crypto/internal/entropy/v1.0.0
go.uber.org/zap/internal/bufferpool
go.uber.org/zap/internal/stacktrace
google.golang.org/grpc/internal/backoff
google.golang.org/grpc/internal/grpcsync
go.opentelemetry.io/otel/internal/baggage
golang.org/x/net/context
crypto/internal/fips140/nistec
embed
internal/filepathlite
google.golang.org/protobuf/internal/editiondefaults
github.com/dexidp/dex/web
internal/fmtsort
encoding/binary
go.opentelemetry.io/otel/attribute/internal
github.com/hashicorp/errwrap
entgo.io/ent/schema/edge
github.com/google/go-cmp/cmp/internal/function
os
vendor/golang.org/x/crypto/internal/poly1305
golang.org/x/crypto/internal/poly1305
github.com/cespare/xxhash/v2
filippo.io/edwards25519/field
golang.org/x/sys/unix
filippo.io/edwards25519
go.opentelemetry.io/otel/attribute/internal/xxhash
crypto/internal/sysrand
fmt
io/ioutil
path/filepath
google.golang.org/grpc/internal/envconfig
google.golang.org/protobuf/internal/detrand
golang.org/x/sys/cpu
github.com/dexidp/dex/pkg/featureflags
github.com/prometheus/procfs/internal/util
go.uber.org/zap/internal/exit
github.com/philhofer/fwd
os/signal
vendor/golang.org/x/sys/cpu
crypto/internal/fips140/drbg
os/exec
crypto/internal/fips140only
crypto/internal/fips140/ecdh
crypto/internal/fips140/ed25519
crypto/internal/fips140/rsa
crypto/internal/fips140/aes/gcm
crypto/internal/fips140/ecdsa
crypto/internal/fips140/mlkem
crypto/hkdf
crypto/md5
crypto/pbkdf2
crypto/rc4
golang.org/x/crypto/pbkdf2
crypto/mlkem
crypto/cipher
encoding/hex
net/url
github.com/pkg/errors
compress/flate
log
encoding/json
math/big
vendor/golang.org/x/net/http2/hpack
mime/quotedprintable
net/http/internal
text/template/parse
mime
vendor/golang.org/x/text/unicode/norm
text/tabwriter
google.golang.org/grpc/attributes
google.golang.org/protobuf/internal/errors
crypto/internal/boring
crypto/des
vendor/golang.org/x/crypto/chacha20
crypto/aes
crypto/internal/rand
crypto/sha512
crypto/hmac
crypto/sha256
crypto/sha1
crypto/ecdh
github.com/AppsFlyer/go-sundheit
compress/gzip
vendor/golang.org/x/text/unicode/bidi
vendor/golang.org/x/crypto/chacha20poly1305
golang.org/x/net/internal/timeseries
google.golang.org/protobuf/encoding/protowire
go/token
google.golang.org/protobuf/internal/version
google.golang.org/grpc/internal/mem
google.golang.org/protobuf/reflect/protoreflect
golang.org/x/text/unicode/bidi
golang.org/x/text/unicode/norm
golang.org/x/net/http2/hpack
runtime/pprof
net
text/template
github.com/go-jose/go-jose/v4/json
encoding/gob
vendor/golang.org/x/text/secure/bidirule
crypto/hpke
golang.org/x/crypto/chacha20
golang.org/x/crypto/hkdf
database/sql/driver
vendor/golang.org/x/net/idna
golang.org/x/text/secure/bidirule
go.opentelemetry.io/otel/internal/errorhandler
go.opentelemetry.io/otel/baggage
golang.org/x/crypto/chacha20poly1305
github.com/go-asn1-ber/asn1-ber
github.com/jcmturner/gokrb5/v8/crypto/common
github.com/jcmturner/aescts/v2
google.golang.org/grpc/grpclog/internal
log/slog
google.golang.org/api/internal/credentialstype
google.golang.org/protobuf/internal/encoding/messageset
google.golang.org/protobuf/internal/genid
google.golang.org/grpc/grpclog
google.golang.org/protobuf/internal/order
google.golang.org/protobuf/internal/strs
google.golang.org/protobuf/runtime/protoiface
google.golang.org/protobuf/internal/descfmt
google.golang.org/protobuf/internal/descopts
google.golang.org/protobuf/reflect/protoregistry
golang.org/x/net/idna
google.golang.org/protobuf/internal/protolazy
github.com/google/s2a-go/internal/record/internal/aeadcrypter
go.opentelemetry.io/auto/sdk/internal/telemetry
google.golang.org/grpc/connectivity
google.golang.org/grpc/internal/grpclog
google.golang.org/protobuf/internal/encoding/json
google.golang.org/protobuf/internal/encoding/text
html/template
github.com/google/s2a-go/retry
go.opentelemetry.io/otel/attribute
go.opentelemetry.io/otel/codes
crypto/elliptic
crypto/internal/boring/bbig
encoding/asn1
crypto/rand
crypto/dsa
google.golang.org/protobuf/proto
os/user
go.opentelemetry.io/otel/trace/internal/telemetry
crypto/ed25519
crypto/rsa
github.com/hashicorp/go-uuid
github.com/jcmturner/gofork/encoding/asn1
github.com/googleapis/gax-go/v2/internallog/internal
github.com/googleapis/gax-go/v2/callctx
github.com/go-logr/logr
google.golang.org/protobuf/internal/encoding/defval
github.com/jcmturner/gokrb5/v8/crypto/rfc3961
github.com/jcmturner/gofork/x/crypto/pbkdf2
vendor/golang.org/x/crypto/cryptobyte
crypto/x509/pkix
golang.org/x/crypto/cryptobyte
github.com/jcmturner/gokrb5/v8/crypto/rfc3962
github.com/jcmturner/gokrb5/v8/crypto/rfc4757
google.golang.org/protobuf/internal/filedesc
google.golang.org/protobuf/encoding/prototext
golang.org/x/oauth2/jws
github.com/go-logr/logr/funcr
github.com/jcmturner/gokrb5/v8/crypto/rfc8009
cloud.google.com/go/auth/internal/credsfile
github.com/googleapis/enterprise-certificate-proxy/client/util
github.com/jcmturner/gokrb5/v8/iana/errorcode
github.com/jcmturner/gokrb5/v8/krberror
github.com/jcmturner/rpc/v2/ndr
github.com/dexidp/dex/storage/kubernetes/k8sapi
encoding/xml
github.com/jonboulle/clockwork
golang.org/x/crypto/bcrypt
runtime/debug
github.com/jcmturner/gokrb5/v8/asn1tools
dario.cat/mergo
github.com/Masterminds/goutils
github.com/Masterminds/semver/v3
github.com/mitchellh/reflectwalk
crypto/ecdsa
github.com/dexidp/dex/server/passwords
go.opentelemetry.io/otel/semconv/v1.37.0
github.com/go-logr/stdr
go.opentelemetry.io/otel/semconv/v1.41.0
go.opentelemetry.io/otel/metric
go.opentelemetry.io/otel/semconv/v1.40.0
github.com/shopspring/decimal
github.com/spf13/cast
golang.org/x/crypto/scrypt
github.com/mitchellh/copystructure
archive/tar
flag
github.com/cenkalti/backoff/v5
github.com/jcmturner/rpc/v2/mstypes
github.com/hashicorp/go-multierror
github.com/hashicorp/go-secure-stdlib/strutil
github.com/hashicorp/hcl/hcl/token
golang.org/x/time/rate
go.opentelemetry.io/otel/metric/noop
github.com/fxamacker/cbor/v2
github.com/hashicorp/hcl/hcl/ast
github.com/hashicorp/hcl/hcl/scanner
github.com/hashicorp/hcl/json/token
github.com/go-webauthn/x/encoding/asn1
github.com/tinylib/msgp/msgp
github.com/boombuler/barcode
google.golang.org/protobuf/encoding/protojson
google.golang.org/protobuf/internal/encoding/tag
github.com/hashicorp/hcl/json/scanner
github.com/hashicorp/hcl/hcl/parser
go.opentelemetry.io/otel/semconv/v1.40.0/httpconv
github.com/boombuler/barcode/utils
github.com/hashicorp/hcl/json/parser
net/textproto
vendor/golang.org/x/net/http/httpproxy
google.golang.org/grpc/internal
google.golang.org/protobuf/internal/impl
google.golang.org/grpc/internal/syscall
google.golang.org/grpc/internal/resolver/dns/internal
github.com/google/uuid
vendor/golang.org/x/net/http/httpguts
mime/multipart
golang.org/x/net/http/httpguts
github.com/jcmturner/gokrb5/v8/types
google.golang.org/grpc/metadata
google.golang.org/grpc/codes
crypto/x509
google.golang.org/grpc/mem
github.com/go-jose/go-jose/v4/cipher
cloud.google.com/go/auth/internal/jwt
github.com/jcmturner/dnsutils/v2
google.golang.org/grpc/stats
google.golang.org/grpc/internal/grpcutil
google.golang.org/grpc/internal/balancerload
google.golang.org/grpc/tap
go.opentelemetry.io/otel/trace
github.com/jcmturner/gokrb5/v8/config
github.com/beevik/etree
google.golang.org/grpc/experimental/stats
github.com/mattermost/xml-roundtrip-validator
github.com/dexidp/dex/server/reqctx
github.com/go-viper/mapstructure/v2
github.com/jcmturner/gokrb5/v8/crypto
github.com/hashicorp/go-sockaddr
github.com/mitchellh/mapstructure
google.golang.org/grpc/encoding
google.golang.org/grpc/internal/transport/readyreader
github.com/hashicorp/hcl
github.com/google/go-tpm/tpmutil
google.golang.org/grpc/internal/stats
github.com/boombuler/barcode/qr
github.com/pquerna/otp/internal
compress/zlib
google.golang.org/protobuf/encoding/protodelim
github.com/prometheus/procfs/internal/fs
image/png
github.com/prometheus/procfs
github.com/jcmturner/gokrb5/v8/keytab
github.com/jcmturner/gokrb5/v8/pac
github.com/jcmturner/gokrb5/v8/gssapi
github.com/google/go-tpm/legacy/tpm2
github.com/pquerna/otp
github.com/jcmturner/gokrb5/v8/credentials
go.opentelemetry.io/otel/trace/noop
database/sql
github.com/pquerna/otp/hotp
github.com/russellhaering/goxmldsig/etreeutils
github.com/russellhaering/goxmldsig/types
go.opentelemetry.io/auto/sdk
github.com/pquerna/otp/totp
entgo.io/ent/entql
encoding/csv
github.com/hashicorp/go-secure-stdlib/parseutil
github.com/bmatcuk/doublestar
github.com/jcmturner/gokrb5/v8/messages
github.com/go-webauthn/webauthn/protocol/webauthncbor
github.com/go-openapi/inflect
github.com/zclconf/go-cty/cty/ctystrings
github.com/zclconf/go-cty/cty/set
github.com/google/go-cmp/cmp/internal/value
gopkg.in/yaml.v3
github.com/zclconf/go-cty/cty
github.com/lib/pq/internal/pqutil
github.com/lib/pq/internal/pqtime
github.com/lib/pq/internal/proto
github.com/lib/pq/scram
go.etcd.io/etcd/client/pkg/v3/verify
go.uber.org/multierr
github.com/lib/pq/internal/pgpass
github.com/lib/pq/internal/pgservice
github.com/google/go-cmp/cmp
go.uber.org/zap/internal/color
github.com/jcmturner/gokrb5/v8/kadmin
github.com/coreos/go-semver/semver
go.uber.org/zap/zapcore
github.com/gogo/protobuf/proto
github.com/coreos/go-systemd/v22/journal
go.etcd.io/etcd/client/pkg/v3/systemd
crypto/tls
github.com/go-jose/go-jose/v4
github.com/jcmturner/gokrb5/v8/client
github.com/Masterminds/sprig/v3
github.com/google/go-tpm/tpm2/transport
golang.org/x/crypto/ocsp
github.com/golang-jwt/jwt/v5
github.com/google/go-tpm/tpm2
entgo.io/ent/dialect
entgo.io/ent/schema/field
entgo.io/ent/dialect/sql
ariga.io/atlas/sql/schema
go.uber.org/zap/internal
go.etcd.io/etcd/api/v3/version
go.etcd.io/etcd/client/pkg/v3/types
go.etcd.io/etcd/client/v3/internal/endpoint
github.com/Masterminds/semver
gopkg.in/yaml.v2
github.com/fsnotify/fsnotify/internal
github.com/oklog/run
entgo.io/ent
github.com/spf13/pflag
internal/profile
github.com/fsnotify/fsnotify
github.com/zclconf/go-cty/cty/convert
ariga.io/atlas/sql/migrate
github.com/dexidp/dex/storage
github.com/go-jose/go-jose/v4/jwt
github.com/zclconf/go-cty/cty/function
runtime/trace
github.com/dexidp/dex/storage/memory
github.com/dexidp/dex/storage/ent/schema
google.golang.org/protobuf/internal/filetype
github.com/hashicorp/hcl/v2
github.com/zclconf/go-cty/cty/gocty
github.com/zclconf/go-cty/cty/json
github.com/zclconf/go-cty-yaml
google.golang.org/protobuf/runtime/protoimpl
ariga.io/atlas/sql/internal/sqlx
ariga.io/atlas/sql/sqltool
google.golang.org/protobuf/protoadapt
google.golang.org/protobuf/types/known/durationpb
google.golang.org/protobuf/types/known/timestamppb
google.golang.org/protobuf/types/known/anypb
google.golang.org/grpc/internal/pretty
google.golang.org/grpc/encoding/proto
github.com/google/s2a-go/internal/proto/common_go_proto
github.com/google/s2a-go/internal/proto/v2/common_go_proto
google.golang.org/grpc/binarylog/grpc_binarylog_v1
google.golang.org/genproto/googleapis/rpc/code
google.golang.org/genproto/googleapis/rpc/errdetails
google.golang.org/genproto/googleapis/rpc/status
github.com/dexidp/dex/server/internal
github.com/prometheus/client_model/go
github.com/googleapis/gax-go/v2/apierror/internal/proto
entgo.io/ent/dialect/sql/sqlgraph
entgo.io/ent/dialect/sql/sqljson
github.com/google/s2a-go/internal/proto/s2a_context_go_proto
google.golang.org/grpc/internal/status
github.com/google/s2a-go/internal/record/internal/halfconn
github.com/dexidp/dex/storage/ent/db/predicate
github.com/google/s2a-go/internal/tokenmanager
github.com/google/s2a-go/internal/proto/v2/s2a_context_go_proto
github.com/hashicorp/hcl/v2/ext/customdecode
github.com/dexidp/dex/storage/ent/db/authrequest
github.com/dexidp/dex/storage/ent/db/authcode
google.golang.org/grpc/status
github.com/dexidp/dex/storage/ent/db/authsession
github.com/dexidp/dex/storage/ent/db/connector
github.com/dexidp/dex/storage/ent/db/devicerequest
github.com/prometheus/common/model
github.com/dexidp/dex/storage/ent/db/devicetoken
github.com/dexidp/dex/storage/ent/db/keys
github.com/hashicorp/hcl/v2/ext/tryfunc
google.golang.org/grpc/internal/binarylog
net/http/httptrace
google.golang.org/grpc/internal/credentials
github.com/russellhaering/goxmldsig
github.com/zclconf/go-cty/cty/function/stdlib
ariga.io/atlas/sql/mysql/internal/mysqlversion
entgo.io/ent/dialect/entsql
github.com/dexidp/dex/storage/ent/db/oauth2client
google.golang.org/grpc/credentials
net/http/internal/httpcommon
golang.org/x/net/internal/httpcommon
github.com/dexidp/dex/storage/ent/db/offlinesession
github.com/dexidp/dex/storage/ent/db/password
github.com/dexidp/dex/storage/ent/db/refreshtoken
github.com/dexidp/dex/storage/ent/db/useridentity
google.golang.org/grpc/internal/channelz
google.golang.org/grpc/resolver
net/http
google.golang.org/grpc/credentials/insecure
google.golang.org/grpc/peer
github.com/google/s2a-go/fallback
github.com/prometheus/client_golang/prometheus/internal
github.com/go-sql-driver/mysql
github.com/lib/pq
google.golang.org/grpc/experimental/balancer/weight
google.golang.org/grpc/internal/metadata
google.golang.org/grpc/internal/proxyattributes
google.golang.org/grpc/internal/transport/networktype
google.golang.org/grpc/internal/resolver/passthrough
google.golang.org/grpc/balancer/grpclb/state
google.golang.org/grpc/internal/resolver/unix
google.golang.org/grpc/internal/resolver/dns
google.golang.org/grpc/channelz
go.etcd.io/etcd/client/pkg/v3/tlsutil
github.com/gogo/protobuf/protoc-gen-gogo/descriptor
google.golang.org/grpc/balancer
google.golang.org/protobuf/types/descriptorpb
google.golang.org/protobuf/types/known/structpb
google.golang.org/genproto/googleapis/api
go.etcd.io/etcd/api/v3/v3rpc/rpctypes
google.golang.org/grpc/resolver/manual
google.golang.org/grpc/resolver/dns
github.com/ghodss/yaml
google.golang.org/grpc/balancer/base
google.golang.org/grpc/balancer/pickfirst
google.golang.org/grpc/internal/serviceconfig
go.etcd.io/etcd/client/v3/internal/resolver
github.com/spf13/cobra
google.golang.org/grpc/internal/resolver
github.com/hashicorp/hcl/v2/hclsyntax
google.golang.org/grpc/balancer/endpointsharding
google.golang.org/grpc/internal/balancer/gracefulswitch
go.etcd.io/etcd/client/v3/credentials
google.golang.org/grpc/balancer/roundrobin
github.com/gogo/protobuf/gogoproto
github.com/go-webauthn/webauthn/protocol/webauthncose
google.golang.org/protobuf/types/gofeaturespb
google.golang.org/protobuf/internal/editionssupport
github.com/grpc-ecosystem/grpc-gateway/v2/protoc-gen-openapiv2/options
google.golang.org/genproto/googleapis/api/annotations
google.golang.org/protobuf/reflect/protodesc
github.com/golang/protobuf/proto
github.com/hashicorp/hcl/v2/hclwrite
github.com/hashicorp/hcl/v2/json
github.com/hashicorp/hcl/v2/hclparse
go.etcd.io/etcd/api/v3/versionpb
go.etcd.io/etcd/api/v3/authpb
go.etcd.io/etcd/api/v3/mvccpb
github.com/hashicorp/hcl/v2/gohcl
go.etcd.io/etcd/api/v3/membershippb
ariga.io/atlas/schemahcl
golang.org/x/net/trace
github.com/AppsFlyer/go-sundheit/http
golang.org/x/net/http2
net/http/httputil
github.com/AppsFlyer/go-sundheit/checks
github.com/dexidp/dex/pkg/httpclient
golang.org/x/oauth2/internal
github.com/dexidp/dex/connector
github.com/googleapis/gax-go/v2/internallog
google.golang.org/api/googleapi
net/rpc
cloud.google.com/go/auth/internal/retry
go.opentelemetry.io/otel/propagation
cloud.google.com/go/compute/metadata
github.com/dexidp/dex/connector/atlassiancrowd
github.com/dexidp/dex/connector/authproxy
github.com/felixge/httpsnoop
go.opentelemetry.io/contrib/instrumentation/net/http/otelhttp/internal/request
google.golang.org/api/googleapi/transport
github.com/dexidp/dex/connector/keystone
golang.org/x/oauth2
github.com/googleapis/gax-go/v2/apierror
github.com/Azure/go-ntlmssp
go.opentelemetry.io/otel/internal/global
github.com/jcmturner/goidentity/v6
net/http/cookiejar
github.com/dexidp/dex/connector/mock
github.com/dexidp/dex/connector/saml
github.com/dexidp/dex/server/oauth2
cloud.google.com/go/auth/internal
golang.org/x/oauth2/bitbucket
github.com/dexidp/dex/connector/gitea
golang.org/x/oauth2/endpoints
github.com/dexidp/dex/connector/gitlab
github.com/dexidp/dex/connector/bitbucketcloud
github.com/coreos/go-oidc/v3/oidc
golang.org/x/oauth2/authhandler
golang.org/x/oauth2/google/internal/impersonate
golang.org/x/oauth2/google/internal/stsexchange
golang.org/x/oauth2/github
golang.org/x/oauth2/jwt
cloud.google.com/go/auth
github.com/dexidp/dex/connector/github
google.golang.org/api/internal/impersonate
github.com/go-ldap/ldap/v3
github.com/jcmturner/gokrb5/v8/service
github.com/dexidp/dex/connector/linkedin
github.com/googleapis/enterprise-certificate-proxy/client
github.com/dexidp/dex/connector/microsoft
golang.org/x/oauth2/google/externalaccount
golang.org/x/oauth2/google/internal/externalaccountauthorizeduser
github.com/dexidp/dex/connector/oauth
github.com/dexidp/dex/connector/openshift
github.com/dexidp/dex/server/connectors
go.opentelemetry.io/otel
github.com/gorilla/handlers
github.com/gorilla/mux
cloud.google.com/go/auth/internal/transport/cert
google.golang.org/api/internal/cert
github.com/jcmturner/gokrb5/v8/spnego
github.com/dexidp/dex/connector/oidc
github.com/dexidp/dex/server/session
cloud.google.com/go/auth/internal/regionalaccessboundary
cloud.google.com/go/auth/credentials/internal/stsexchange
cloud.google.com/go/auth/credentials/internal/gdch
go.opentelemetry.io/contrib/instrumentation/net/http/otelhttp/internal/semconv
github.com/dexidp/dex/server/templates
github.com/hashicorp/go-cleanhttp
github.com/go-webauthn/x/revoke
cloud.google.com/go/auth/credentials/internal/externalaccountuser
expvar
github.com/prometheus/common/expfmt
github.com/prometheus/client_golang/internal/github.com/golang/gddo/httputil/header
golang.org/x/oauth2/google
github.com/hashicorp/go-retryablehttp
ariga.io/atlas/sql/sqlspec
ariga.io/atlas/sql/sqlclient
cloud.google.com/go/auth/internal/transport/headers
github.com/dexidp/dex/server/router
github.com/go-webauthn/webauthn/metadata
github.com/prometheus/client_golang/internal/github.com/golang/gddo/httputil
go.opentelemetry.io/contrib/instrumentation/net/http/otelhttp
cloud.google.com/go/auth/credentials/internal/impersonate
go.uber.org/zap
net/http/pprof
github.com/dexidp/dex/server/home
ariga.io/atlas/sql/internal/specutil
cloud.google.com/go/auth/credentials/internal/externalaccount
github.com/go-webauthn/webauthn/protocol
cloud.google.com/go/auth/oauth2adapt
github.com/prometheus/client_golang/prometheus
github.com/dexidp/dex/connector/ldap
cloud.google.com/go/auth/credentials
ariga.io/atlas/sql/postgres
ariga.io/atlas/sql/sqlite
ariga.io/atlas/sql/mysql
google.golang.org/grpc/internal/transport
github.com/openbao/openbao/api/v2
github.com/dexidp/dex/storage/kubernetes
github.com/go-webauthn/webauthn/webauthn
go.uber.org/zap/zapgrpc
go.etcd.io/etcd/client/pkg/v3/logutil
go.etcd.io/etcd/client/pkg/v3/fileutil
github.com/dexidp/dex/server/mfa
go.etcd.io/etcd/client/pkg/v3/transport
github.com/prometheus/client_golang/prometheus/collectors
github.com/prometheus/client_golang/prometheus/promhttp
google.golang.org/grpc/internal/resolver/delegatingresolver
google.golang.org/grpc
entgo.io/ent/dialect/sql/schema
github.com/dexidp/dex/server/signer
github.com/dexidp/dex/server/discovery
github.com/dexidp/dex/server/userinfo
github.com/dexidp/dex/server/backchannel
github.com/dexidp/dex/server/tokens
github.com/dexidp/dex/server/consent
github.com/dexidp/dex/server/logout
github.com/dexidp/dex/server/introspection
github.com/dexidp/dex/server/grants
github.com/dexidp/dex/server/authflow
github.com/dexidp/dex/storage/ent/db/migrate
github.com/dexidp/dex/server/device
github.com/dexidp/dex/storage/ent/db
github.com/google/s2a-go/internal/handshaker/service
github.com/google/s2a-go/internal/proto/s2a_go_proto
github.com/google/s2a-go/internal/proto/v2/s2a_go_proto
google.golang.org/grpc/reflection/grpc_reflection_v1alpha
github.com/grpc-ecosystem/go-grpc-prometheus
github.com/googleapis/gax-go/v2
google.golang.org/grpc/reflection/grpc_reflection_v1
github.com/dexidp/dex/api/v2
go.etcd.io/etcd/api/v3/etcdserverpb
github.com/google/s2a-go/internal/authinfo
github.com/google/s2a-go/internal/record
google.golang.org/grpc/reflection/internal
github.com/google/s2a-go/stream
google.golang.org/grpc/reflection
github.com/google/s2a-go/internal/handshaker
github.com/google/s2a-go/internal/v2/certverifier
github.com/google/s2a-go/internal/v2/remotesigner
github.com/google/s2a-go/internal/v2/tlsconfigstore
github.com/google/s2a-go/internal/v2
github.com/dexidp/dex/server/apiserver
github.com/google/s2a-go
cloud.google.com/go/auth/internal/transport
google.golang.org/api/internal
cloud.google.com/go/auth/httptransport
google.golang.org/api/option
google.golang.org/api/internal/gensupport
google.golang.org/api/option/internaloption
google.golang.org/api/transport/http
google.golang.org/api/impersonate
google.golang.org/api/admin/directory/v1
go.etcd.io/etcd/client/v3
go.etcd.io/etcd/client/v3/namespace
github.com/dexidp/dex/connector/google
github.com/dexidp/dex/storage/etcd
github.com/dexidp/dex/server
github.com/dexidp/dex/storage/ent/client
github.com/mattn/go-sqlite3
github.com/dexidp/dex/storage/ent
github.com/dexidp/dex/storage/sql
github.com/dexidp/dex/cmd/dex
