level=info msg="Starting prematerial attestors stage..."
level=info msg="Starting git attestor..."
level=info msg="Starting environment attestor..."
level=info msg="Finished environment attestor... (8.655e-05s)"
level=info msg="Finished git attestor... (0.028987908s)"
level=info msg="Completed prematerial attestors stage..."
level=info msg="Starting material attestors stage..."
level=info msg="Starting material attestor..."
level=info msg="Finished material attestor... (0.13256542s)"
level=info msg="Completed material attestors stage..."
level=info msg="Starting execute attestors stage..."
level=info msg="Starting command-run attestor..."
level=info msg="Using tracer: ebpf for command-run"
go: downloading github.com/AppsFlyer/go-sundheit v0.6.0
go: downloading github.com/fsnotify/fsnotify v1.10.1
go: downloading github.com/ghodss/yaml v1.0.0
go: downloading github.com/go-jose/go-jose/v4 v4.1.4
go: downloading github.com/oklog/run v1.2.0
go: downloading github.com/prometheus/client_golang v1.24.1
go: downloading github.com/grpc-ecosystem/go-grpc-prometheus v1.2.0
go: downloading github.com/spf13/cobra v1.10.2
go: downloading golang.org/x/crypto v0.54.0
go: downloading google.golang.org/grpc v1.82.1
go: downloading github.com/google/uuid v1.6.0
go: downloading github.com/go-webauthn/webauthn v0.17.4
go: downloading github.com/pquerna/otp v1.5.0
go: downloading google.golang.org/protobuf v1.36.11
go: downloading github.com/coreos/go-oidc/v3 v3.19.0
go: downloading github.com/gorilla/mux v1.8.1
go: downloading go.etcd.io/etcd/client/pkg/v3 v3.6.13
go: downloading go.etcd.io/etcd/client/v3 v3.6.13
go: downloading entgo.io/ent v0.14.6
go: downloading github.com/go-sql-driver/mysql v1.10.0
go: downloading github.com/lib/pq v1.12.3
go: downloading github.com/mattn/go-sqlite3 v1.14.48
go: downloading github.com/openbao/openbao/api/v2 v2.6.0
go: downloading github.com/Masterminds/semver v1.5.0
go: downloading golang.org/x/net v0.57.0
go: downloading gopkg.in/yaml.v2 v2.4.0
go: downloading github.com/pkg/errors v0.9.1
go: downloading golang.org/x/sys v0.47.0
go: downloading github.com/gorilla/handlers v1.5.2
go: downloading github.com/Masterminds/sprig/v3 v3.3.0
go: downloading github.com/spf13/pflag v1.0.9
go: downloading github.com/boombuler/barcode v1.0.1-0.20190219062509-6c824513bacc
go: downloading golang.org/x/oauth2 v0.36.0
go: downloading github.com/beorn7/perks v1.0.1
go: downloading github.com/cespare/xxhash/v2 v2.3.0
go: downloading github.com/prometheus/client_model v0.6.2
go: downloading github.com/prometheus/common v0.70.1
go: downloading github.com/prometheus/procfs v0.21.1
go: downloading github.com/tinylib/msgp v1.6.4
go: downloading github.com/go-viper/mapstructure/v2 v2.5.0
go: downloading github.com/golang-jwt/jwt/v5 v5.3.1
go: downloading github.com/google/go-tpm v0.9.8
go: downloading go.uber.org/zap v1.27.0
go: downloading github.com/coreos/go-semver v0.3.1
go: downloading go.etcd.io/etcd/api/v3 v3.6.13
go: downloading filippo.io/edwards25519 v1.2.0
go: downloading cloud.google.com/go/compute/metadata v0.9.0
go: downloading golang.org/x/exp v0.0.0-20240823005443-9b4947da3948
go: downloading google.golang.org/api v0.291.0
go: downloading github.com/go-ldap/ldap/v3 v3.4.14
go: downloading github.com/jcmturner/goidentity/v6 v6.0.1
go: downloading github.com/jcmturner/gokrb5/v8 v8.4.4
go: downloading github.com/beevik/etree v1.7.0
go: downloading github.com/mattermost/xml-roundtrip-validator v0.1.0
go: downloading github.com/russellhaering/goxmldsig v1.6.0
go: downloading github.com/cenkalti/backoff/v5 v5.0.3
go: downloading github.com/hashicorp/go-cleanhttp v0.5.2
go: downloading github.com/hashicorp/go-multierror v1.1.1
go: downloading github.com/hashicorp/go-retryablehttp v0.7.8
go: downloading github.com/hashicorp/go-secure-stdlib/parseutil v0.2.0
go: downloading github.com/hashicorp/hcl v1.0.1-vault-7
go: downloading golang.org/x/time v0.15.0
go: downloading github.com/felixge/httpsnoop v1.0.4
go: downloading dario.cat/mergo v1.0.1
go: downloading github.com/Masterminds/goutils v1.1.1
go: downloading github.com/Masterminds/semver/v3 v3.3.0
go: downloading github.com/huandu/xstrings v1.5.0
go: downloading github.com/mitchellh/copystructure v1.2.0
go: downloading github.com/shopspring/decimal v1.4.0
go: downloading github.com/spf13/cast v1.7.0
go: downloading github.com/munnerz/goautoneg v0.0.0-20191010083416-a7dc8b61c822
go: downloading github.com/go-webauthn/x v0.2.6
go: downloading github.com/fxamacker/cbor/v2 v2.9.2
go: downloading github.com/philhofer/fwd v1.2.0
go: downloading github.com/coreos/go-systemd/v22 v22.5.0
go: downloading github.com/gogo/protobuf v1.3.2
go: downloading github.com/golang/protobuf v1.5.4
go: downloading github.com/grpc-ecosystem/grpc-gateway/v2 v2.26.3
go: downloading google.golang.org/genproto/googleapis/api v0.0.0-20260630182238-925bb5da69e7
go: downloading go.uber.org/multierr v1.11.0
go: downloading github.com/hashicorp/go-uuid v1.0.3
go: downloading github.com/Azure/go-ntlmssp v0.1.1
go: downloading github.com/go-asn1-ber/asn1-ber v1.5.8
go: downloading google.golang.org/genproto/googleapis/rpc v0.0.0-20260724162435-b2f20204f0df
go: downloading github.com/jonboulle/clockwork v0.5.0
go: downloading github.com/hashicorp/errwrap v1.1.0
go: downloading github.com/hashicorp/go-secure-stdlib/strutil v0.1.2
go: downloading github.com/hashicorp/go-sockaddr v1.0.7
go: downloading github.com/mitchellh/mapstructure v1.5.0
go: downloading github.com/jcmturner/gofork v1.7.6
go: downloading ariga.io/atlas v0.36.2-0.20250730182955-2c6300d0a3e1
go: downloading github.com/mitchellh/reflectwalk v1.0.2
go: downloading golang.org/x/text v0.40.0
go: downloading github.com/ryanuber/go-glob v1.0.0
go: downloading github.com/jcmturner/dnsutils/v2 v2.0.0
go: downloading github.com/x448/float16 v0.8.4
go: downloading github.com/hashicorp/hcl/v2 v2.18.1
go: downloading github.com/zclconf/go-cty v1.14.4
go: downloading github.com/jcmturner/aescts/v2 v2.0.0
go: downloading github.com/jcmturner/rpc/v2 v2.0.3
go: downloading github.com/bmatcuk/doublestar v1.3.4
go: downloading github.com/go-openapi/inflect v0.19.0
go: downloading github.com/zclconf/go-cty-yaml v1.1.0
go: downloading gopkg.in/yaml.v3 v3.0.1
go: downloading golang.org/x/mod v0.37.0
go: downloading github.com/apparentlymart/go-textseg/v15 v15.0.0
go: downloading github.com/mitchellh/go-wordwrap v1.0.1
go: downloading github.com/agext/levenshtein v1.2.3
go: downloading github.com/google/go-cmp v0.7.0
go: downloading github.com/googleapis/enterprise-certificate-proxy v0.3.19
go: downloading cloud.google.com/go/auth v0.22.0
go: downloading go.opentelemetry.io/contrib/instrumentation/net/http/otelhttp v0.67.0
go: downloading github.com/google/s2a-go v0.1.9
go: downloading cloud.google.com/go/auth/oauth2adapt v0.2.8
go: downloading github.com/googleapis/gax-go/v2 v2.23.0
go: downloading go.opentelemetry.io/otel/metric v1.44.0
go: downloading go.opentelemetry.io/otel v1.44.0
go: downloading go.opentelemetry.io/otel/trace v1.44.0
go: downloading go.opentelemetry.io/auto/sdk v1.2.1
go: downloading github.com/go-logr/logr v1.4.3
go: downloading github.com/go-logr/stdr v1.2.2
internal/goarch
internal/unsafeheader
internal/byteorder
internal/coverage/rtcov
internal/godebugs
internal/profilerecord
internal/asan
math/bits
internal/msan
internal/goos
internal/runtime/pprof/label
internal/trace/tracev2
unicode
internal/goexperiment
internal/cpu
sync/atomic
unicode/utf8
cmp
internal/abi
internal/runtime/atomic
internal/runtime/syscall/linux
internal/runtime/gc
internal/runtime/math
internal/runtime/sys
container/list
crypto/internal/fips140/alias
crypto/internal/constanttime
crypto/internal/boring/sig
crypto/internal/fips140deps/byteorder
internal/strconv
unicode/utf16
vendor/golang.org/x/crypto/cryptobyte/asn1
vendor/golang.org/x/crypto/internal/alias
internal/nettrace
encoding
crypto/internal/fips140/subtle
log/internal
google.golang.org/protobuf/internal/flags
google.golang.org/grpc/serviceconfig
google.golang.org/protobuf/internal/set
google.golang.org/grpc/encoding/internal
google.golang.org/grpc/internal/transport/internal
github.com/dexidp/dex/pkg/groups
log/slog/internal
golang.org/x/exp/constraints
golang.org/x/crypto/internal/alias
golang.org/x/crypto/cryptobyte/asn1
github.com/googleapis/gax-go/v2/internal
go.opentelemetry.io/otel/trace/embedded
go.opentelemetry.io/otel/metric/embedded
golang.org/x/exp/slices
github.com/jcmturner/gokrb5/v8/iana/nametype
github.com/jcmturner/gokrb5/v8/iana/etypeID
github.com/jcmturner/gokrb5/v8/iana/chksumtype
github.com/jcmturner/gokrb5/v8/iana/patype
github.com/jcmturner/gokrb5/v8/iana
github.com/jcmturner/gokrb5/v8/iana/addrtype
github.com/jcmturner/gokrb5/v8/iana/asnAppTag
github.com/jcmturner/gokrb5/v8/iana/flags
github.com/jcmturner/gokrb5/v8/iana/keyusage
github.com/jcmturner/gokrb5/v8/iana/adtype
github.com/jcmturner/gokrb5/v8/iana/msgtype
image/color
entgo.io/ent/schema
github.com/agext/levenshtein
github.com/google/go-cmp/cmp/internal/flags
github.com/lib/pq/internal/pqsql
github.com/lib/pq/oid
github.com/lib/pq/pqerror
crypto/subtle
internal/bytealg
internal/chacha8rand
internal/runtime/exithook
internal/runtime/gc/scan
crypto/internal/fips140deps/cpu
entgo.io/ent/schema/index
math
internal/race
internal/synctest
internal/sync
internal/runtime/maps
internal/stringslite
internal/runtime/cgroup
runtime
iter
internal/reflectlite
weak
runtime/metrics
sync
maps
slices
internal/bisect
internal/testlog
crypto/internal/fips140cache
log/slog/internal/buffer
internal/singleflight
google.golang.org/protobuf/internal/pragma
unique
go.uber.org/zap/internal/pool
ariga.io/atlas/sql/postgres/internal/postgresop
errors
sort
io
internal/godebug
internal/oserror
path
strconv
math/rand/v2
vendor/golang.org/x/net/dns/dnsmessage
google.golang.org/grpc/internal/buffer
github.com/go-viper/mapstructure/v2/internal/errors
github.com/hashicorp/hcl/hcl/strconv
github.com/beorn7/perks/quantile
syscall
reflect
net/netip
golang.org/x/crypto/blowfish
github.com/x448/float16
hash
bytes
strings
internal/saferio
encoding/base64
encoding/base32
github.com/prometheus/client_golang/prometheus/promhttp/internal
crypto/internal/randutil
crypto
hash/crc32
hash/fnv
github.com/Azure/go-ntlmssp/internal/md4
runtime/cgo
github.com/jcmturner/gokrb5/v8/crypto/etype
hash/adler32
crypto/internal/fips140deps/godebug
math/rand
golang.org/x/crypto/md4
hash/crc64
github.com/mitchellh/go-wordwrap
golang.org/x/text/transform
vendor/golang.org/x/text/transform
crypto/internal/fips140
crypto/internal/impl
encoding/pem
bufio
net/http/internal/ascii
html
github.com/huandu/xstrings
regexp/syntax
github.com/ryanuber/go-glob
github.com/munnerz/goautoneg
golang.org/x/mod/semver
crypto/internal/fips140/sha256
crypto/internal/fips140/sha3
crypto/internal/fips140/sha512
image
github.com/apparentlymart/go-textseg/v15/textseg
crypto/internal/fips140/hmac
crypto/sha3
crypto/internal/fips140/check
crypto/internal/fips140hash
crypto/fips140
crypto/internal/fips140/hkdf
crypto/internal/fips140/tls12
crypto/internal/fips140/bigmod
crypto/internal/fips140/edwards25519/field
crypto/internal/fips140/pbkdf2
crypto/internal/fips140/aes
regexp
crypto/internal/fips140/nistec/fiat
crypto/internal/fips140/tls13
crypto/tls/internal/fips140tls
time
internal/syscall/execenv
internal/syscall/unix
crypto/internal/fips140/edwards25519
google.golang.org/api/internal/third_party/uritemplates
context
github.com/google/go-cmp/cmp/internal/diff
google.golang.org/grpc/backoff
google.golang.org/grpc/internal/idle
google.golang.org/grpc/keepalive
crypto/internal/fips140deps/time
google.golang.org/grpc/balancer/pickfirst/internal
go.uber.org/zap/buffer
golang.org/x/net/internal/httpsfv
internal/poll
io/fs
crypto/internal/fips140/nistec
crypto/internal/entropy/v1.0.0
go.uber.org/zap/internal/bufferpool
internal/fmtsort
go.opentelemetry.io/otel/attribute/internal
encoding/binary
github.com/hashicorp/errwrap
entgo.io/ent/schema/edge
github.com/google/go-cmp/cmp/internal/function
google.golang.org/grpc/internal/backoff
google.golang.org/grpc/internal/grpcsync
go.opentelemetry.io/otel/internal/baggage
golang.org/x/net/context
go.uber.org/zap/internal/stacktrace
embed
internal/filepathlite
google.golang.org/protobuf/internal/editiondefaults
github.com/dexidp/dex/web
os
vendor/golang.org/x/crypto/internal/poly1305
github.com/cespare/xxhash/v2
filippo.io/edwards25519/field
golang.org/x/crypto/internal/poly1305
golang.org/x/sys/unix
filippo.io/edwards25519
go.opentelemetry.io/otel/attribute/internal/xxhash
crypto/internal/sysrand
io/ioutil
path/filepath
fmt
github.com/dexidp/dex/pkg/featureflags
google.golang.org/grpc/internal/envconfig
github.com/philhofer/fwd
os/signal
go.uber.org/zap/internal/exit
github.com/prometheus/procfs/internal/util
vendor/golang.org/x/sys/cpu
google.golang.org/protobuf/internal/detrand
golang.org/x/sys/cpu
crypto/internal/fips140/drbg
crypto/internal/fips140/ecdh
crypto/internal/fips140/aes/gcm
crypto/internal/fips140/ecdsa
crypto/internal/fips140/ed25519
crypto/internal/fips140only
crypto/internal/fips140/mlkem
crypto/internal/fips140/rsa
os/exec
crypto/hkdf
crypto/md5
crypto/rc4
crypto/pbkdf2
golang.org/x/crypto/pbkdf2
crypto/mlkem
crypto/cipher
encoding/hex
net/url
github.com/pkg/errors
net/http/internal
text/template/parse
vendor/golang.org/x/net/http2/hpack
log
encoding/json
mime
vendor/golang.org/x/text/unicode/norm
mime/quotedprintable
compress/flate
math/big
text/tabwriter
github.com/AppsFlyer/go-sundheit
google.golang.org/grpc/attributes
google.golang.org/protobuf/internal/errors
crypto/internal/boring
crypto/des
vendor/golang.org/x/crypto/chacha20
crypto/aes
crypto/sha512
crypto/internal/rand
crypto/hmac
crypto/sha256
crypto/sha1
golang.org/x/net/internal/timeseries
vendor/golang.org/x/text/unicode/bidi
crypto/ecdh
vendor/golang.org/x/crypto/chacha20poly1305
google.golang.org/protobuf/encoding/protowire
go/token
google.golang.org/protobuf/internal/version
compress/gzip
google.golang.org/grpc/internal/mem
golang.org/x/text/unicode/bidi
net
google.golang.org/protobuf/reflect/protoreflect
golang.org/x/text/unicode/norm
golang.org/x/net/http2/hpack
runtime/pprof
text/template
github.com/go-jose/go-jose/v4/json
encoding/gob
golang.org/x/crypto/chacha20
vendor/golang.org/x/text/secure/bidirule
golang.org/x/crypto/hkdf
database/sql/driver
crypto/hpke
golang.org/x/crypto/chacha20poly1305
go.opentelemetry.io/otel/internal/errorhandler
vendor/golang.org/x/net/idna
go.opentelemetry.io/otel/baggage
golang.org/x/text/secure/bidirule
github.com/go-asn1-ber/asn1-ber
github.com/jcmturner/gokrb5/v8/crypto/common
google.golang.org/protobuf/internal/genid
google.golang.org/protobuf/internal/encoding/messageset
google.golang.org/protobuf/internal/order
google.golang.org/protobuf/internal/strs
google.golang.org/protobuf/runtime/protoiface
crypto/elliptic
encoding/asn1
crypto/internal/boring/bbig
crypto/rand
crypto/dsa
google.golang.org/protobuf/reflect/protoregistry
google.golang.org/grpc/grpclog/internal
google.golang.org/protobuf/internal/encoding/json
google.golang.org/protobuf/internal/descfmt
google.golang.org/protobuf/internal/descopts
crypto/rsa
crypto/ed25519
google.golang.org/protobuf/internal/encoding/text
google.golang.org/protobuf/internal/protolazy
golang.org/x/net/idna
log/slog
google.golang.org/grpc/grpclog
google.golang.org/protobuf/proto
html/template
github.com/google/s2a-go/internal/record/internal/aeadcrypter
google.golang.org/api/internal/credentialstype
go.opentelemetry.io/auto/sdk/internal/telemetry
golang.org/x/oauth2/jws
go.opentelemetry.io/otel/attribute
google.golang.org/grpc/connectivity
google.golang.org/grpc/internal/grpclog
github.com/google/s2a-go/retry
go.opentelemetry.io/otel/codes
go.opentelemetry.io/otel/trace/internal/telemetry
os/user
github.com/hashicorp/go-uuid
github.com/jcmturner/gofork/encoding/asn1
vendor/golang.org/x/crypto/cryptobyte
crypto/x509/pkix
golang.org/x/crypto/cryptobyte
google.golang.org/protobuf/internal/encoding/defval
github.com/jcmturner/gokrb5/v8/crypto/rfc3961
github.com/jcmturner/aescts/v2
github.com/jcmturner/gofork/x/crypto/pbkdf2
github.com/jcmturner/gokrb5/v8/crypto/rfc4757
github.com/jcmturner/gokrb5/v8/iana/errorcode
google.golang.org/protobuf/internal/filedesc
github.com/jcmturner/gokrb5/v8/krberror
google.golang.org/protobuf/encoding/prototext
github.com/jcmturner/rpc/v2/ndr
github.com/dexidp/dex/storage/kubernetes/k8sapi
encoding/xml
github.com/jcmturner/gokrb5/v8/crypto/rfc3962
github.com/jcmturner/gokrb5/v8/crypto/rfc8009
crypto/ecdsa
github.com/jonboulle/clockwork
cloud.google.com/go/auth/internal/credsfile
github.com/googleapis/gax-go/v2/internallog/internal
github.com/googleapis/enterprise-certificate-proxy/client/util
github.com/googleapis/gax-go/v2/callctx
github.com/go-logr/logr
golang.org/x/crypto/bcrypt
runtime/debug
dario.cat/mergo
github.com/Masterminds/goutils
github.com/jcmturner/gokrb5/v8/asn1tools
github.com/Masterminds/semver/v3
github.com/mitchellh/reflectwalk
github.com/shopspring/decimal
golang.org/x/crypto/scrypt
github.com/dexidp/dex/server/passwords
github.com/mitchellh/copystructure
archive/tar
flag
github.com/go-logr/logr/funcr
github.com/spf13/cast
github.com/cenkalti/backoff/v5
go.opentelemetry.io/otel/semconv/v1.37.0
go.opentelemetry.io/otel/semconv/v1.41.0
go.opentelemetry.io/otel/metric
github.com/hashicorp/go-multierror
go.opentelemetry.io/otel/semconv/v1.40.0
github.com/hashicorp/go-secure-stdlib/strutil
github.com/jcmturner/rpc/v2/mstypes
github.com/hashicorp/hcl/hcl/token
golang.org/x/time/rate
github.com/fxamacker/cbor/v2
github.com/go-webauthn/x/encoding/asn1
github.com/tinylib/msgp/msgp
github.com/boombuler/barcode
github.com/go-logr/stdr
github.com/hashicorp/hcl/hcl/ast
github.com/hashicorp/hcl/hcl/scanner
go.opentelemetry.io/otel/metric/noop
github.com/beevik/etree
github.com/mattermost/xml-roundtrip-validator
github.com/hashicorp/hcl/json/token
github.com/boombuler/barcode/utils
google.golang.org/protobuf/encoding/protojson
google.golang.org/protobuf/internal/encoding/tag
github.com/go-jose/go-jose/v4/cipher
cloud.google.com/go/auth/internal/jwt
github.com/hashicorp/hcl/hcl/parser
go.opentelemetry.io/otel/semconv/v1.40.0/httpconv
crypto/x509
net/textproto
vendor/golang.org/x/net/http/httpproxy
google.golang.org/grpc/internal
google.golang.org/grpc/internal/syscall
google.golang.org/protobuf/internal/impl
google.golang.org/grpc/internal/resolver/dns/internal
github.com/google/uuid
github.com/jcmturner/gokrb5/v8/types
github.com/jcmturner/dnsutils/v2
github.com/go-viper/mapstructure/v2
vendor/golang.org/x/net/http/httpguts
mime/multipart
google.golang.org/grpc/metadata
google.golang.org/grpc/codes
google.golang.org/grpc/mem
golang.org/x/net/http/httpguts
go.opentelemetry.io/otel/trace
google.golang.org/grpc/stats
google.golang.org/grpc/internal/grpcutil
google.golang.org/grpc/internal/balancerload
google.golang.org/grpc/tap
github.com/russellhaering/goxmldsig/etreeutils
github.com/russellhaering/goxmldsig/types
github.com/jcmturner/gokrb5/v8/config
github.com/jcmturner/gokrb5/v8/crypto
github.com/dexidp/dex/server/reqctx
google.golang.org/grpc/experimental/stats
github.com/hashicorp/go-sockaddr
google.golang.org/grpc/encoding
google.golang.org/grpc/internal/transport/readyreader
github.com/mitchellh/mapstructure
github.com/hashicorp/hcl/json/scanner
github.com/google/go-tpm/tpmutil
google.golang.org/grpc/internal/stats
github.com/boombuler/barcode/qr
github.com/pquerna/otp/internal
github.com/hashicorp/hcl/json/parser
compress/zlib
google.golang.org/protobuf/encoding/protodelim
github.com/prometheus/procfs/internal/fs
image/png
github.com/jcmturner/gokrb5/v8/keytab
github.com/jcmturner/gokrb5/v8/pac
github.com/jcmturner/gokrb5/v8/gssapi
github.com/hashicorp/hcl
go.opentelemetry.io/otel/trace/noop
github.com/pquerna/otp
github.com/prometheus/procfs
github.com/google/go-tpm/legacy/tpm2
github.com/pquerna/otp/hotp
database/sql
go.opentelemetry.io/auto/sdk
github.com/jcmturner/gokrb5/v8/credentials
entgo.io/ent/entql
github.com/pquerna/otp/totp
encoding/csv
github.com/bmatcuk/doublestar
github.com/go-openapi/inflect
github.com/zclconf/go-cty/cty/ctystrings
github.com/zclconf/go-cty/cty/set
github.com/google/go-cmp/cmp/internal/value
gopkg.in/yaml.v3
github.com/lib/pq/internal/pqutil
github.com/go-webauthn/webauthn/protocol/webauthncbor
github.com/hashicorp/go-secure-stdlib/parseutil
github.com/zclconf/go-cty/cty
github.com/jcmturner/gokrb5/v8/messages
github.com/lib/pq/internal/pqtime
github.com/lib/pq/internal/proto
github.com/lib/pq/scram
github.com/lib/pq/internal/pgpass
github.com/lib/pq/internal/pgservice
github.com/google/go-cmp/cmp
go.etcd.io/etcd/client/pkg/v3/verify
go.uber.org/multierr
go.uber.org/zap/internal/color
github.com/coreos/go-semver/semver
github.com/coreos/go-systemd/v22/journal
github.com/gogo/protobuf/proto
go.etcd.io/etcd/client/pkg/v3/systemd
crypto/tls
github.com/go-jose/go-jose/v4
github.com/Masterminds/sprig/v3
golang.org/x/crypto/ocsp
github.com/golang-jwt/jwt/v5
github.com/jcmturner/gokrb5/v8/kadmin
entgo.io/ent/dialect
entgo.io/ent/schema/field
github.com/jcmturner/gokrb5/v8/client
ariga.io/atlas/sql/schema
github.com/google/go-tpm/tpm2/transport
github.com/google/go-tpm/tpm2
entgo.io/ent/dialect/sql
go.uber.org/zap/zapcore
go.etcd.io/etcd/api/v3/version
go.etcd.io/etcd/client/pkg/v3/types
go.etcd.io/etcd/client/v3/internal/endpoint
github.com/dexidp/dex/storage
github.com/go-jose/go-jose/v4/jwt
github.com/zclconf/go-cty/cty/convert
github.com/zclconf/go-cty/cty/function
github.com/Masterminds/semver
ariga.io/atlas/sql/migrate
gopkg.in/yaml.v2
entgo.io/ent
github.com/fsnotify/fsnotify/internal
github.com/oklog/run
github.com/spf13/pflag
internal/profile
runtime/trace
github.com/dexidp/dex/storage/memory
github.com/dexidp/dex/storage/ent/schema
github.com/fsnotify/fsnotify
go.uber.org/zap/internal
github.com/hashicorp/hcl/v2
github.com/zclconf/go-cty/cty/gocty
github.com/zclconf/go-cty/cty/json
github.com/zclconf/go-cty-yaml
google.golang.org/protobuf/internal/filetype
github.com/hashicorp/hcl/v2/ext/customdecode
google.golang.org/protobuf/runtime/protoimpl
ariga.io/atlas/sql/internal/sqlx
ariga.io/atlas/sql/sqltool
github.com/zclconf/go-cty/cty/function/stdlib
google.golang.org/protobuf/protoadapt
google.golang.org/protobuf/types/known/durationpb
google.golang.org/protobuf/types/known/timestamppb
google.golang.org/protobuf/types/known/anypb
github.com/google/s2a-go/internal/proto/common_go_proto
github.com/google/s2a-go/internal/proto/v2/common_go_proto
google.golang.org/grpc/internal/pretty
google.golang.org/grpc/encoding/proto
google.golang.org/genproto/googleapis/rpc/status
google.golang.org/genproto/googleapis/rpc/code
google.golang.org/grpc/binarylog/grpc_binarylog_v1
google.golang.org/genproto/googleapis/rpc/errdetails
github.com/google/s2a-go/internal/proto/s2a_context_go_proto
github.com/google/s2a-go/internal/record/internal/halfconn
google.golang.org/grpc/internal/status
github.com/googleapis/gax-go/v2/apierror/internal/proto
github.com/dexidp/dex/server/internal
github.com/google/s2a-go/internal/tokenmanager
github.com/google/s2a-go/internal/proto/v2/s2a_context_go_proto
google.golang.org/grpc/status
github.com/prometheus/client_model/go
entgo.io/ent/dialect/sql/sqlgraph
entgo.io/ent/dialect/sql/sqljson
github.com/dexidp/dex/storage/ent/db/predicate
net/http/httptrace
google.golang.org/grpc/internal/credentials
github.com/russellhaering/goxmldsig
google.golang.org/grpc/internal/binarylog
github.com/hashicorp/hcl/v2/ext/tryfunc
github.com/dexidp/dex/storage/ent/db/authcode
github.com/dexidp/dex/storage/ent/db/authrequest
github.com/dexidp/dex/storage/ent/db/authsession
google.golang.org/grpc/credentials
net/http/internal/httpcommon
golang.org/x/net/internal/httpcommon
net/http
github.com/dexidp/dex/storage/ent/db/connector
github.com/prometheus/common/model
google.golang.org/grpc/internal/channelz
google.golang.org/grpc/resolver
google.golang.org/grpc/credentials/insecure
google.golang.org/grpc/peer
github.com/google/s2a-go/fallback
github.com/dexidp/dex/storage/ent/db/devicerequest
github.com/dexidp/dex/storage/ent/db/devicetoken
github.com/dexidp/dex/storage/ent/db/keys
ariga.io/atlas/sql/mysql/internal/mysqlversion
entgo.io/ent/dialect/entsql
github.com/dexidp/dex/storage/ent/db/oauth2client
google.golang.org/grpc/experimental/balancer/weight
google.golang.org/grpc/internal/metadata
google.golang.org/grpc/internal/proxyattributes
google.golang.org/grpc/internal/transport/networktype
google.golang.org/grpc/internal/resolver/passthrough
google.golang.org/grpc/balancer/grpclb/state
github.com/hashicorp/hcl/v2/hclsyntax
github.com/dexidp/dex/storage/ent/db/offlinesession
google.golang.org/grpc/internal/resolver/unix
google.golang.org/grpc/channelz
github.com/dexidp/dex/storage/ent/db/password
github.com/dexidp/dex/storage/ent/db/refreshtoken
google.golang.org/grpc/internal/resolver/dns
github.com/dexidp/dex/storage/ent/db/useridentity
github.com/lib/pq
github.com/go-sql-driver/mysql
google.golang.org/grpc/balancer
google.golang.org/grpc/resolver/dns
google.golang.org/grpc/balancer/base
google.golang.org/grpc/balancer/pickfirst
google.golang.org/grpc/internal/serviceconfig
github.com/prometheus/client_golang/prometheus/internal
google.golang.org/grpc/internal/resolver
google.golang.org/grpc/balancer/endpointsharding
google.golang.org/grpc/internal/balancer/gracefulswitch
go.etcd.io/etcd/client/pkg/v3/tlsutil
github.com/gogo/protobuf/protoc-gen-gogo/descriptor
google.golang.org/protobuf/types/descriptorpb
google.golang.org/protobuf/types/known/structpb
google.golang.org/genproto/googleapis/api
go.etcd.io/etcd/api/v3/v3rpc/rpctypes
google.golang.org/grpc/resolver/manual
github.com/ghodss/yaml
github.com/spf13/cobra
google.golang.org/grpc/balancer/roundrobin
go.etcd.io/etcd/client/v3/internal/resolver
github.com/go-webauthn/webauthn/protocol/webauthncose
go.etcd.io/etcd/client/v3/credentials
google.golang.org/protobuf/types/gofeaturespb
google.golang.org/protobuf/internal/editionssupport
github.com/grpc-ecosystem/grpc-gateway/v2/protoc-gen-openapiv2/options
google.golang.org/genproto/googleapis/api/annotations
github.com/gogo/protobuf/gogoproto
google.golang.org/protobuf/reflect/protodesc
github.com/hashicorp/hcl/v2/hclwrite
github.com/hashicorp/hcl/v2/json
github.com/hashicorp/hcl/v2/hclparse
github.com/golang/protobuf/proto
github.com/hashicorp/hcl/v2/gohcl
ariga.io/atlas/schemahcl
go.etcd.io/etcd/api/v3/versionpb
go.etcd.io/etcd/api/v3/mvccpb
go.etcd.io/etcd/api/v3/authpb
go.etcd.io/etcd/api/v3/membershippb
github.com/AppsFlyer/go-sundheit/http
golang.org/x/net/trace
github.com/AppsFlyer/go-sundheit/checks
cloud.google.com/go/compute/metadata
cloud.google.com/go/auth/internal/retry
github.com/dexidp/dex/connector
net/http/httputil
go.opentelemetry.io/otel/propagation
github.com/dexidp/dex/pkg/httpclient
golang.org/x/oauth2/internal
github.com/googleapis/gax-go/v2/internallog
net/rpc
google.golang.org/api/googleapi
golang.org/x/net/http2
github.com/felixge/httpsnoop
github.com/dexidp/dex/connector/atlassiancrowd
github.com/dexidp/dex/connector/authproxy
go.opentelemetry.io/contrib/instrumentation/net/http/otelhttp/internal/request
google.golang.org/api/googleapi/transport
github.com/dexidp/dex/connector/keystone
go.opentelemetry.io/otel/internal/global
github.com/Azure/go-ntlmssp
github.com/jcmturner/goidentity/v6
net/http/cookiejar
github.com/googleapis/gax-go/v2/apierror
golang.org/x/oauth2
github.com/dexidp/dex/connector/mock
github.com/dexidp/dex/connector/saml
github.com/dexidp/dex/server/oauth2
cloud.google.com/go/auth/internal
github.com/gorilla/mux
github.com/jcmturner/gokrb5/v8/service
github.com/go-ldap/ldap/v3
github.com/dexidp/dex/server/templates
github.com/hashicorp/go-cleanhttp
github.com/go-webauthn/x/revoke
github.com/dexidp/dex/server/connectors
cloud.google.com/go/auth
github.com/gorilla/handlers
golang.org/x/oauth2/bitbucket
github.com/dexidp/dex/connector/gitea
github.com/dexidp/dex/connector/bitbucketcloud
golang.org/x/oauth2/endpoints
github.com/dexidp/dex/connector/gitlab
github.com/coreos/go-oidc/v3/oidc
golang.org/x/oauth2/authhandler
golang.org/x/oauth2/google/internal/impersonate
golang.org/x/oauth2/google/internal/stsexchange
golang.org/x/oauth2/jwt
github.com/googleapis/enterprise-certificate-proxy/client
golang.org/x/oauth2/github
google.golang.org/api/internal/impersonate
cloud.google.com/go/auth/internal/regionalaccessboundary
cloud.google.com/go/auth/credentials/internal/stsexchange
cloud.google.com/go/auth/credentials/internal/gdch
github.com/dexidp/dex/connector/github
go.opentelemetry.io/otel
golang.org/x/oauth2/google/externalaccount
golang.org/x/oauth2/google/internal/externalaccountauthorizeduser
cloud.google.com/go/auth/internal/transport/cert
google.golang.org/api/internal/cert
github.com/jcmturner/gokrb5/v8/spnego
github.com/dexidp/dex/connector/linkedin
go.opentelemetry.io/contrib/instrumentation/net/http/otelhttp/internal/semconv
github.com/dexidp/dex/connector/microsoft
github.com/dexidp/dex/connector/oauth
github.com/dexidp/dex/connector/openshift
cloud.google.com/go/auth/credentials/internal/externalaccountuser
github.com/dexidp/dex/server/router
github.com/dexidp/dex/connector/oidc
github.com/dexidp/dex/server/session
github.com/hashicorp/go-retryablehttp
cloud.google.com/go/auth/internal/transport/headers
github.com/go-webauthn/webauthn/metadata
cloud.google.com/go/auth/credentials/internal/impersonate
expvar
github.com/prometheus/common/expfmt
github.com/prometheus/client_golang/internal/github.com/golang/gddo/httputil/header
github.com/dexidp/dex/server/home
ariga.io/atlas/sql/sqlspec
ariga.io/atlas/sql/sqlclient
github.com/prometheus/client_golang/internal/github.com/golang/gddo/httputil
go.uber.org/zap
net/http/pprof
cloud.google.com/go/auth/credentials/internal/externalaccount
go.opentelemetry.io/contrib/instrumentation/net/http/otelhttp
golang.org/x/oauth2/google
github.com/go-webauthn/webauthn/protocol
ariga.io/atlas/sql/internal/specutil
github.com/dexidp/dex/connector/ldap
cloud.google.com/go/auth/oauth2adapt
cloud.google.com/go/auth/credentials
github.com/prometheus/client_golang/prometheus
ariga.io/atlas/sql/postgres
ariga.io/atlas/sql/sqlite
ariga.io/atlas/sql/mysql
github.com/go-webauthn/webauthn/webauthn
go.uber.org/zap/zapgrpc
go.etcd.io/etcd/client/pkg/v3/logutil
go.etcd.io/etcd/client/pkg/v3/fileutil
google.golang.org/grpc/internal/transport
github.com/dexidp/dex/storage/kubernetes
github.com/openbao/openbao/api/v2
go.etcd.io/etcd/client/pkg/v3/transport
github.com/dexidp/dex/server/mfa
github.com/prometheus/client_golang/prometheus/promhttp
github.com/prometheus/client_golang/prometheus/collectors
google.golang.org/grpc/internal/resolver/delegatingresolver
entgo.io/ent/dialect/sql/schema
google.golang.org/grpc
github.com/dexidp/dex/server/signer
github.com/dexidp/dex/server/backchannel
github.com/dexidp/dex/server/discovery
github.com/dexidp/dex/server/userinfo
github.com/dexidp/dex/server/tokens
github.com/dexidp/dex/server/consent
github.com/dexidp/dex/server/logout
github.com/dexidp/dex/server/introspection
github.com/dexidp/dex/server/grants
github.com/dexidp/dex/storage/ent/db/migrate
github.com/dexidp/dex/server/authflow
github.com/dexidp/dex/server/device
github.com/dexidp/dex/storage/ent/db
github.com/google/s2a-go/internal/handshaker/service
github.com/google/s2a-go/internal/proto/s2a_go_proto
github.com/dexidp/dex/api/v2
github.com/google/s2a-go/internal/proto/v2/s2a_go_proto
google.golang.org/grpc/reflection/grpc_reflection_v1
github.com/googleapis/gax-go/v2
go.etcd.io/etcd/api/v3/etcdserverpb
google.golang.org/grpc/reflection/grpc_reflection_v1alpha
github.com/grpc-ecosystem/go-grpc-prometheus
github.com/google/s2a-go/internal/authinfo
github.com/google/s2a-go/internal/record
google.golang.org/grpc/reflection/internal
github.com/google/s2a-go/stream
github.com/google/s2a-go/internal/v2/certverifier
github.com/google/s2a-go/internal/v2/remotesigner
google.golang.org/grpc/reflection
github.com/google/s2a-go/internal/handshaker
github.com/google/s2a-go/internal/v2/tlsconfigstore
github.com/dexidp/dex/server/apiserver
github.com/google/s2a-go/internal/v2
github.com/google/s2a-go
google.golang.org/api/internal
cloud.google.com/go/auth/internal/transport
cloud.google.com/go/auth/httptransport
google.golang.org/api/option
google.golang.org/api/internal/gensupport
google.golang.org/api/option/internaloption
google.golang.org/api/transport/http
google.golang.org/api/impersonate
google.golang.org/api/admin/directory/v1
go.etcd.io/etcd/client/v3
go.etcd.io/etcd/client/v3/namespace
github.com/dexidp/dex/connector/google
github.com/dexidp/dex/storage/etcd
github.com/dexidp/dex/server
github.com/dexidp/dex/storage/ent/client
github.com/mattn/go-sqlite3
github.com/dexidp/dex/storage/ent
github.com/dexidp/dex/storage/sql
github.com/dexidp/dex/cmd/dex
level=info msg="Finished command-run attestor... (51.90751559s)"
level=info msg="Completed execute attestors stage..."
level=info msg="Starting product attestors stage..."
level=info msg="Starting product attestor..."
level=info msg="Finished product attestor... (0.085186254s)"
level=info msg="Completed product attestors stage..."
level=info msg="Starting postproduct attestors stage..."
level=info msg="Completed postproduct attestors stage..."
