go: downloading github.com/AppsFlyer/go-sundheit v0.6.0
go: downloading github.com/ghodss/yaml v1.0.0
go: downloading github.com/fsnotify/fsnotify v1.10.1
go: downloading github.com/go-jose/go-jose/v4 v4.1.4
go: downloading github.com/oklog/run v1.2.0
go: downloading github.com/grpc-ecosystem/go-grpc-prometheus v1.2.0
go: downloading github.com/prometheus/client_golang v1.24.1
go: downloading github.com/spf13/cobra v1.10.2
go: downloading golang.org/x/crypto v0.54.0
go: downloading google.golang.org/grpc v1.82.1
go: downloading google.golang.org/protobuf v1.36.11
go: downloading github.com/coreos/go-oidc/v3 v3.19.0
go: downloading github.com/gorilla/mux v1.8.1
go: downloading github.com/google/uuid v1.6.0
go: downloading github.com/go-webauthn/webauthn v0.17.4
go: downloading github.com/pquerna/otp v1.5.0
go: downloading go.etcd.io/etcd/client/pkg/v3 v3.6.13
go: downloading go.etcd.io/etcd/client/v3 v3.6.13
go: downloading github.com/Masterminds/semver v1.5.0
go: downloading golang.org/x/net v0.57.0
go: downloading entgo.io/ent v0.14.6
go: downloading github.com/go-sql-driver/mysql v1.10.0
go: downloading github.com/lib/pq v1.12.3
go: downloading github.com/mattn/go-sqlite3 v1.14.48
go: downloading github.com/openbao/openbao/api/v2 v2.6.0
go: downloading gopkg.in/yaml.v2 v2.4.0
go: downloading github.com/pkg/errors v0.9.1
go: downloading golang.org/x/sys v0.47.0
go: downloading github.com/gorilla/handlers v1.5.2
go: downloading github.com/Masterminds/sprig/v3 v3.3.0
go: downloading github.com/spf13/pflag v1.0.9
go: downloading golang.org/x/oauth2 v0.36.0
go: downloading github.com/boombuler/barcode v1.0.1-0.20190219062509-6c824513bacc
go: downloading github.com/beorn7/perks v1.0.1
go: downloading github.com/cespare/xxhash/v2 v2.3.0
go: downloading github.com/prometheus/client_model v0.6.2
go: downloading github.com/prometheus/common v0.70.1
go: downloading github.com/prometheus/procfs v0.21.1
go: downloading go.uber.org/zap v1.27.0
go: downloading github.com/go-viper/mapstructure/v2 v2.5.0
go: downloading github.com/golang-jwt/jwt/v5 v5.3.1
go: downloading github.com/google/go-tpm v0.9.8
go: downloading github.com/tinylib/msgp v1.6.4
go: downloading go.etcd.io/etcd/api/v3 v3.6.13
go: downloading github.com/coreos/go-semver v0.3.1
go: downloading cloud.google.com/go/compute/metadata v0.9.0
go: downloading golang.org/x/exp v0.0.0-20240823005443-9b4947da3948
go: downloading google.golang.org/api v0.291.0
go: downloading github.com/go-ldap/ldap/v3 v3.4.14
go: downloading github.com/jcmturner/goidentity/v6 v6.0.1
go: downloading github.com/jcmturner/gokrb5/v8 v8.4.4
go: downloading github.com/beevik/etree v1.7.0
go: downloading github.com/mattermost/xml-roundtrip-validator v0.1.0
go: downloading github.com/russellhaering/goxmldsig v1.6.0
go: downloading filippo.io/edwards25519 v1.2.0
go: downloading github.com/cenkalti/backoff/v5 v5.0.3
go: downloading github.com/hashicorp/go-cleanhttp v0.5.2
go: downloading github.com/hashicorp/go-multierror v1.1.1
go: downloading github.com/hashicorp/go-retryablehttp v0.7.8
go: downloading github.com/hashicorp/go-secure-stdlib/parseutil v0.2.0
go: downloading github.com/hashicorp/hcl v1.0.1-vault-7
go: downloading golang.org/x/time v0.15.0
go: downloading github.com/felixge/httpsnoop v1.0.4
go: downloading dario.cat/mergo v1.0.1
go: downloading github.com/Masterminds/goutils v1.1.1
go: downloading github.com/Masterminds/semver/v3 v3.3.0
go: downloading github.com/huandu/xstrings v1.5.0
go: downloading github.com/mitchellh/copystructure v1.2.0
go: downloading github.com/shopspring/decimal v1.4.0
go: downloading github.com/spf13/cast v1.7.0
go: downloading github.com/munnerz/goautoneg v0.0.0-20191010083416-a7dc8b61c822
go: downloading github.com/go-webauthn/x v0.2.6
go: downloading github.com/fxamacker/cbor/v2 v2.9.2
go: downloading go.uber.org/multierr v1.11.0
go: downloading github.com/coreos/go-systemd/v22 v22.5.0
go: downloading github.com/gogo/protobuf v1.3.2
go: downloading github.com/golang/protobuf v1.5.4
go: downloading github.com/grpc-ecosystem/grpc-gateway/v2 v2.26.3
go: downloading google.golang.org/genproto/googleapis/api v0.0.0-20260630182238-925bb5da69e7
go: downloading github.com/philhofer/fwd v1.2.0
go: downloading github.com/hashicorp/go-uuid v1.0.3
go: downloading github.com/Azure/go-ntlmssp v0.1.1
go: downloading github.com/go-asn1-ber/asn1-ber v1.5.8
go: downloading github.com/jcmturner/gofork v1.7.6
go: downloading google.golang.org/genproto/googleapis/rpc v0.0.0-20260724162435-b2f20204f0df
go: downloading github.com/hashicorp/go-secure-stdlib/strutil v0.1.2
go: downloading github.com/hashicorp/go-sockaddr v1.0.7
go: downloading github.com/mitchellh/mapstructure v1.5.0
go: downloading github.com/hashicorp/errwrap v1.1.0
go: downloading github.com/jonboulle/clockwork v0.5.0
go: downloading ariga.io/atlas v0.36.2-0.20250730182955-2c6300d0a3e1
go: downloading github.com/mitchellh/reflectwalk v1.0.2
go: downloading golang.org/x/text v0.40.0
go: downloading github.com/jcmturner/dnsutils/v2 v2.0.0
go: downloading github.com/ryanuber/go-glob v1.0.0
go: downloading github.com/x448/float16 v0.8.4
go: downloading github.com/hashicorp/hcl/v2 v2.18.1
go: downloading github.com/jcmturner/rpc/v2 v2.0.3
go: downloading github.com/zclconf/go-cty v1.14.4
go: downloading github.com/jcmturner/aescts/v2 v2.0.0
go: downloading github.com/bmatcuk/doublestar v1.3.4
go: downloading github.com/go-openapi/inflect v0.19.0
go: downloading github.com/zclconf/go-cty-yaml v1.1.0
go: downloading gopkg.in/yaml.v3 v3.0.1
go: downloading golang.org/x/mod v0.37.0
go: downloading github.com/apparentlymart/go-textseg/v15 v15.0.0
go: downloading github.com/agext/levenshtein v1.2.3
go: downloading github.com/mitchellh/go-wordwrap v1.0.1
go: downloading github.com/google/go-cmp v0.7.0
go: downloading github.com/googleapis/enterprise-certificate-proxy v0.3.19
go: downloading github.com/googleapis/gax-go/v2 v2.23.0
go: downloading github.com/google/s2a-go v0.1.9
go: downloading cloud.google.com/go/auth v0.22.0
go: downloading go.opentelemetry.io/contrib/instrumentation/net/http/otelhttp v0.67.0
go: downloading cloud.google.com/go/auth/oauth2adapt v0.2.8
go: downloading go.opentelemetry.io/otel v1.44.0
go: downloading go.opentelemetry.io/otel/metric v1.44.0
go: downloading go.opentelemetry.io/otel/trace v1.44.0
go: downloading github.com/go-logr/stdr v1.2.2
go: downloading go.opentelemetry.io/auto/sdk v1.2.1
go: downloading github.com/go-logr/logr v1.4.3
internal/goarch
internal/unsafeheader
internal/byteorder
internal/godebugs
internal/coverage/rtcov
internal/profilerecord
internal/goos
internal/runtime/pprof/label
internal/trace/tracev2
internal/asan
math/bits
internal/msan
internal/goexperiment
unicode
internal/cpu
sync/atomic
unicode/utf8
internal/runtime/atomic
internal/abi
internal/runtime/syscall/linux
internal/runtime/math
internal/runtime/gc
internal/runtime/sys
cmp
container/list
crypto/internal/fips140/alias
crypto/internal/constanttime
crypto/internal/fips140deps/byteorder
internal/strconv
crypto/internal/boring/sig
unicode/utf16
vendor/golang.org/x/crypto/cryptobyte/asn1
vendor/golang.org/x/crypto/internal/alias
internal/nettrace
encoding
log/internal
google.golang.org/protobuf/internal/flags
google.golang.org/grpc/serviceconfig
crypto/internal/fips140/subtle
google.golang.org/protobuf/internal/set
google.golang.org/grpc/encoding/internal
google.golang.org/grpc/internal/transport/internal
github.com/dexidp/dex/pkg/groups
log/slog/internal
golang.org/x/exp/constraints
golang.org/x/crypto/internal/alias
golang.org/x/crypto/cryptobyte/asn1
github.com/googleapis/gax-go/v2/internal
go.opentelemetry.io/otel/trace/embedded
internal/chacha8rand
crypto/internal/fips140deps/cpu
internal/bytealg
internal/runtime/gc/scan
go.opentelemetry.io/otel/metric/embedded
math
golang.org/x/exp/slices
github.com/jcmturner/gokrb5/v8/iana/nametype
github.com/jcmturner/gokrb5/v8/iana/etypeID
github.com/jcmturner/gokrb5/v8/iana/chksumtype
github.com/jcmturner/gokrb5/v8/iana/patype
github.com/jcmturner/gokrb5/v8/iana
github.com/jcmturner/gokrb5/v8/iana/addrtype
github.com/jcmturner/gokrb5/v8/iana/asnAppTag
internal/runtime/exithook
github.com/jcmturner/gokrb5/v8/iana/flags
github.com/jcmturner/gokrb5/v8/iana/keyusage
github.com/jcmturner/gokrb5/v8/iana/adtype
crypto/subtle
github.com/jcmturner/gokrb5/v8/iana/msgtype
image/color
entgo.io/ent/schema
github.com/agext/levenshtein
github.com/google/go-cmp/cmp/internal/flags
github.com/lib/pq/internal/pqsql
github.com/lib/pq/oid
github.com/lib/pq/pqerror
entgo.io/ent/schema/index
internal/synctest
internal/race
internal/stringslite
internal/runtime/cgroup
internal/sync
internal/runtime/maps
runtime
iter
internal/reflectlite
weak
runtime/metrics
sync
maps
slices
internal/bisect
internal/testlog
crypto/internal/fips140cache
ariga.io/atlas/sql/postgres/internal/postgresop
google.golang.org/protobuf/internal/pragma
go.uber.org/zap/internal/pool
internal/singleflight
unique
log/slog/internal/buffer
errors
sort
io
internal/godebug
internal/oserror
strconv
path
math/rand/v2
vendor/golang.org/x/net/dns/dnsmessage
google.golang.org/grpc/internal/buffer
github.com/go-viper/mapstructure/v2/internal/errors
github.com/hashicorp/hcl/hcl/strconv
github.com/beorn7/perks/quantile
syscall
github.com/x448/float16
net/netip
golang.org/x/crypto/blowfish
reflect
hash
crypto/internal/randutil
bytes
strings
internal/saferio
encoding/base64
encoding/base32
runtime/cgo
github.com/prometheus/client_golang/prometheus/promhttp/internal
crypto
hash/crc32
hash/fnv
github.com/Azure/go-ntlmssp/internal/md4
crypto/internal/fips140deps/godebug
math/rand
github.com/jcmturner/gokrb5/v8/crypto/etype
hash/adler32
hash/crc64
golang.org/x/crypto/md4
golang.org/x/text/transform
vendor/golang.org/x/text/transform
github.com/mitchellh/go-wordwrap
crypto/internal/fips140
encoding/pem
crypto/internal/impl
bufio
github.com/ryanuber/go-glob
net/http/internal/ascii
html
github.com/huandu/xstrings
regexp/syntax
github.com/munnerz/goautoneg
golang.org/x/mod/semver
crypto/internal/fips140/sha256
crypto/internal/fips140/sha3
crypto/internal/fips140/sha512
image
github.com/apparentlymart/go-textseg/v15/textseg
crypto/sha3
crypto/internal/fips140/hmac
crypto/internal/fips140/check
crypto/internal/fips140hash
crypto/fips140
crypto/internal/fips140/edwards25519/field
crypto/internal/fips140/hkdf
crypto/internal/fips140/tls12
crypto/internal/fips140/bigmod
crypto/internal/fips140/pbkdf2
crypto/internal/fips140/aes
crypto/internal/fips140/nistec/fiat
internal/syscall/execenv
time
internal/syscall/unix
regexp
crypto/tls/internal/fips140tls
crypto/internal/fips140/tls13
crypto/internal/fips140/edwards25519
google.golang.org/api/internal/third_party/uritemplates
context
crypto/internal/fips140deps/time
google.golang.org/grpc/balancer/pickfirst/internal
google.golang.org/grpc/internal/idle
google.golang.org/grpc/keepalive
google.golang.org/grpc/backoff
go.uber.org/zap/buffer
golang.org/x/net/internal/httpsfv
github.com/google/go-cmp/cmp/internal/diff
io/fs
internal/poll
crypto/internal/entropy/v1.0.0
crypto/internal/fips140/nistec
go.uber.org/zap/internal/bufferpool
go.uber.org/zap/internal/stacktrace
google.golang.org/grpc/internal/backoff
google.golang.org/grpc/internal/grpcsync
go.opentelemetry.io/otel/internal/baggage
golang.org/x/net/context
internal/fmtsort
go.opentelemetry.io/otel/attribute/internal
github.com/google/go-cmp/cmp/internal/function
github.com/hashicorp/errwrap
entgo.io/ent/schema/edge
encoding/binary
embed
internal/filepathlite
google.golang.org/protobuf/internal/editiondefaults
github.com/dexidp/dex/web
os
vendor/golang.org/x/crypto/internal/poly1305
golang.org/x/crypto/internal/poly1305
github.com/cespare/xxhash/v2
filippo.io/edwards25519/field
golang.org/x/sys/unix
go.opentelemetry.io/otel/attribute/internal/xxhash
filippo.io/edwards25519
crypto/internal/sysrand
fmt
path/filepath
vendor/golang.org/x/sys/cpu
io/ioutil
google.golang.org/protobuf/internal/detrand
google.golang.org/grpc/internal/envconfig
github.com/philhofer/fwd
golang.org/x/sys/cpu
github.com/prometheus/procfs/internal/util
github.com/dexidp/dex/pkg/featureflags
go.uber.org/zap/internal/exit
os/signal
crypto/internal/fips140/drbg
os/exec
crypto/internal/fips140only
crypto/internal/fips140/ecdh
crypto/internal/fips140/ed25519
crypto/internal/fips140/mlkem
crypto/internal/fips140/aes/gcm
crypto/internal/fips140/ecdsa
crypto/internal/fips140/rsa
crypto/md5
crypto/rc4
crypto/pbkdf2
crypto/hkdf
golang.org/x/crypto/pbkdf2
crypto/mlkem
crypto/cipher
encoding/hex
net/url
log
mime/quotedprintable
net/http/internal
github.com/pkg/errors
compress/flate
text/template/parse
mime
math/big
vendor/golang.org/x/net/http2/hpack
encoding/json
vendor/golang.org/x/text/unicode/norm
text/tabwriter
google.golang.org/grpc/attributes
google.golang.org/protobuf/internal/errors
github.com/AppsFlyer/go-sundheit
google.golang.org/protobuf/encoding/protowire
go/token
google.golang.org/protobuf/internal/version
crypto/internal/boring
crypto/des
vendor/golang.org/x/crypto/chacha20
vendor/golang.org/x/text/unicode/bidi
golang.org/x/net/internal/timeseries
google.golang.org/protobuf/reflect/protoreflect
crypto/aes
crypto/internal/rand
crypto/sha512
crypto/hmac
crypto/sha256
vendor/golang.org/x/crypto/chacha20poly1305
crypto/sha1
compress/gzip
google.golang.org/grpc/internal/mem
crypto/ecdh
golang.org/x/text/unicode/bidi
golang.org/x/text/unicode/norm
text/template
net
golang.org/x/net/http2/hpack
github.com/go-jose/go-jose/v4/json
runtime/pprof
encoding/gob
vendor/golang.org/x/text/secure/bidirule
golang.org/x/crypto/chacha20
golang.org/x/text/secure/bidirule
golang.org/x/crypto/hkdf
vendor/golang.org/x/net/idna
crypto/hpke
google.golang.org/protobuf/internal/encoding/messageset
google.golang.org/protobuf/internal/genid
google.golang.org/protobuf/internal/order
google.golang.org/protobuf/internal/strs
google.golang.org/protobuf/runtime/protoiface
google.golang.org/protobuf/reflect/protoregistry
google.golang.org/protobuf/internal/descfmt
google.golang.org/protobuf/internal/descopts
google.golang.org/protobuf/internal/protolazy
google.golang.org/protobuf/internal/encoding/json
google.golang.org/protobuf/internal/encoding/text
google.golang.org/protobuf/proto
golang.org/x/crypto/chacha20poly1305
database/sql/driver
google.golang.org/grpc/grpclog/internal
log/slog
google.golang.org/api/internal/credentialstype
go.opentelemetry.io/auto/sdk/internal/telemetry
go.opentelemetry.io/otel/attribute
go.opentelemetry.io/otel/codes
google.golang.org/grpc/grpclog
go.opentelemetry.io/otel/internal/errorhandler
go.opentelemetry.io/otel/trace/internal/telemetry
google.golang.org/protobuf/internal/encoding/defval
html/template
crypto/elliptic
crypto/internal/boring/bbig
encoding/asn1
crypto/rand
crypto/dsa
google.golang.org/grpc/connectivity
google.golang.org/grpc/internal/grpclog
golang.org/x/net/idna
crypto/ed25519
crypto/rsa
github.com/google/s2a-go/internal/record/internal/aeadcrypter
google.golang.org/protobuf/internal/filedesc
google.golang.org/protobuf/encoding/prototext
github.com/google/s2a-go/retry
go.opentelemetry.io/otel/baggage
github.com/go-asn1-ber/asn1-ber
github.com/hashicorp/go-uuid
os/user
github.com/jcmturner/gofork/encoding/asn1
golang.org/x/oauth2/jws
github.com/jcmturner/gokrb5/v8/crypto/common
github.com/jcmturner/aescts/v2
github.com/googleapis/gax-go/v2/internallog/internal
github.com/googleapis/gax-go/v2/callctx
github.com/go-logr/logr
go.opentelemetry.io/otel/semconv/v1.37.0
go.opentelemetry.io/otel/semconv/v1.41.0
go.opentelemetry.io/otel/metric
go.opentelemetry.io/otel/semconv/v1.40.0
github.com/jcmturner/gokrb5/v8/crypto/rfc3961
vendor/golang.org/x/crypto/cryptobyte
crypto/x509/pkix
golang.org/x/crypto/cryptobyte
github.com/jcmturner/gofork/x/crypto/pbkdf2
github.com/jcmturner/gokrb5/v8/crypto/rfc4757
github.com/jcmturner/gokrb5/v8/crypto/rfc8009
github.com/jcmturner/gokrb5/v8/asn1tools
cloud.google.com/go/auth/internal/credsfile
github.com/googleapis/enterprise-certificate-proxy/client/util
github.com/jcmturner/gokrb5/v8/crypto/rfc3962
github.com/go-logr/logr/funcr
github.com/jcmturner/gokrb5/v8/iana/errorcode
github.com/jcmturner/gokrb5/v8/krberror
github.com/jcmturner/rpc/v2/ndr
github.com/dexidp/dex/storage/kubernetes/k8sapi
encoding/xml
github.com/jonboulle/clockwork
golang.org/x/crypto/bcrypt
runtime/debug
dario.cat/mergo
github.com/Masterminds/goutils
go.opentelemetry.io/otel/metric/noop
github.com/Masterminds/semver/v3
crypto/ecdsa
github.com/dexidp/dex/server/passwords
github.com/mitchellh/reflectwalk
google.golang.org/protobuf/encoding/protojson
google.golang.org/protobuf/internal/encoding/tag
github.com/shopspring/decimal
github.com/go-logr/stdr
github.com/spf13/cast
golang.org/x/crypto/scrypt
go.opentelemetry.io/otel/semconv/v1.40.0/httpconv
github.com/mitchellh/copystructure
google.golang.org/protobuf/internal/impl
archive/tar
flag
github.com/cenkalti/backoff/v5
github.com/jcmturner/rpc/v2/mstypes
github.com/hashicorp/go-multierror
github.com/hashicorp/go-secure-stdlib/strutil
github.com/hashicorp/hcl/hcl/token
go.opentelemetry.io/otel/trace
golang.org/x/time/rate
github.com/hashicorp/hcl/hcl/ast
github.com/hashicorp/hcl/hcl/scanner
github.com/hashicorp/hcl/json/token
github.com/fxamacker/cbor/v2
github.com/go-webauthn/x/encoding/asn1
github.com/tinylib/msgp/msgp
net/textproto
vendor/golang.org/x/net/http/httpproxy
google.golang.org/grpc/internal
google.golang.org/grpc/internal/syscall
google.golang.org/grpc/internal/resolver/dns/internal
github.com/google/uuid
github.com/jcmturner/gokrb5/v8/types
github.com/jcmturner/dnsutils/v2
github.com/go-viper/mapstructure/v2
github.com/beevik/etree
github.com/mattermost/xml-roundtrip-validator
github.com/hashicorp/go-sockaddr
github.com/jcmturner/gokrb5/v8/config
google.golang.org/grpc/metadata
vendor/golang.org/x/net/http/httpguts
mime/multipart
google.golang.org/grpc/codes
google.golang.org/grpc/mem
google.golang.org/grpc/stats
google.golang.org/grpc/internal/grpcutil
crypto/x509
google.golang.org/grpc/internal/balancerload
golang.org/x/net/http/httpguts
google.golang.org/grpc/tap
github.com/go-jose/go-jose/v4/cipher
cloud.google.com/go/auth/internal/jwt
google.golang.org/grpc/encoding
google.golang.org/grpc/internal/transport/readyreader
google.golang.org/grpc/experimental/stats
go.opentelemetry.io/otel/trace/noop
github.com/jcmturner/gokrb5/v8/crypto
github.com/dexidp/dex/server/reqctx
github.com/mitchellh/mapstructure
github.com/hashicorp/hcl/hcl/parser
github.com/hashicorp/hcl/json/scanner
go.opentelemetry.io/auto/sdk
google.golang.org/grpc/internal/stats
github.com/google/go-tpm/tpmutil
github.com/boombuler/barcode
github.com/pquerna/otp/internal
compress/zlib
github.com/boombuler/barcode/utils
google.golang.org/protobuf/encoding/protodelim
github.com/hashicorp/hcl/json/parser
github.com/prometheus/procfs/internal/fs
image/png
github.com/prometheus/procfs
github.com/hashicorp/hcl
database/sql
entgo.io/ent/entql
github.com/russellhaering/goxmldsig/etreeutils
github.com/jcmturner/gokrb5/v8/keytab
github.com/jcmturner/gokrb5/v8/pac
github.com/jcmturner/gokrb5/v8/gssapi
github.com/russellhaering/goxmldsig/types
github.com/jcmturner/gokrb5/v8/credentials
github.com/boombuler/barcode/qr
github.com/google/go-tpm/legacy/tpm2
encoding/csv
github.com/bmatcuk/doublestar
github.com/go-openapi/inflect
github.com/zclconf/go-cty/cty/ctystrings
github.com/hashicorp/go-secure-stdlib/parseutil
github.com/zclconf/go-cty/cty/set
github.com/google/go-cmp/cmp/internal/value
gopkg.in/yaml.v3
github.com/lib/pq/internal/pqutil
github.com/zclconf/go-cty/cty
github.com/jcmturner/gokrb5/v8/messages
github.com/pquerna/otp
github.com/lib/pq/internal/pqtime
github.com/pquerna/otp/hotp
github.com/lib/pq/internal/proto
github.com/lib/pq/scram
github.com/google/go-cmp/cmp
github.com/lib/pq/internal/pgpass
github.com/pquerna/otp/totp
github.com/lib/pq/internal/pgservice
go.etcd.io/etcd/client/pkg/v3/verify
go.uber.org/multierr
go.uber.org/zap/internal/color
github.com/coreos/go-semver/semver
github.com/go-webauthn/webauthn/protocol/webauthncbor
github.com/coreos/go-systemd/v22/journal
github.com/gogo/protobuf/proto
github.com/jcmturner/gokrb5/v8/kadmin
go.etcd.io/etcd/client/pkg/v3/systemd
go.uber.org/zap/zapcore
go.etcd.io/etcd/api/v3/version
go.etcd.io/etcd/client/pkg/v3/types
go.etcd.io/etcd/client/v3/internal/endpoint
github.com/Masterminds/semver
entgo.io/ent/dialect
entgo.io/ent/schema/field
github.com/jcmturner/gokrb5/v8/client
crypto/tls
github.com/go-jose/go-jose/v4
github.com/Masterminds/sprig/v3
golang.org/x/crypto/ocsp
github.com/golang-jwt/jwt/v5
github.com/google/go-tpm/tpm2/transport
github.com/google/go-tpm/tpm2
entgo.io/ent/dialect/sql
ariga.io/atlas/sql/schema
gopkg.in/yaml.v2
go.uber.org/zap/internal
github.com/fsnotify/fsnotify/internal
github.com/oklog/run
github.com/spf13/pflag
entgo.io/ent
github.com/fsnotify/fsnotify
internal/profile
runtime/trace
google.golang.org/protobuf/internal/filetype
github.com/dexidp/dex/storage
github.com/go-jose/go-jose/v4/jwt
github.com/zclconf/go-cty/cty/function
github.com/zclconf/go-cty/cty/convert
google.golang.org/protobuf/runtime/protoimpl
ariga.io/atlas/sql/migrate
google.golang.org/protobuf/protoadapt
google.golang.org/protobuf/types/known/timestamppb
google.golang.org/protobuf/types/known/durationpb
google.golang.org/protobuf/types/known/anypb
github.com/google/s2a-go/internal/proto/common_go_proto
github.com/google/s2a-go/internal/proto/v2/common_go_proto
google.golang.org/genproto/googleapis/rpc/code
google.golang.org/grpc/internal/pretty
google.golang.org/grpc/encoding/proto
google.golang.org/grpc/binarylog/grpc_binarylog_v1
github.com/google/s2a-go/internal/proto/s2a_context_go_proto
google.golang.org/genproto/googleapis/rpc/status
github.com/google/s2a-go/internal/record/internal/halfconn
github.com/googleapis/gax-go/v2/apierror/internal/proto
google.golang.org/genproto/googleapis/rpc/errdetails
github.com/dexidp/dex/server/internal
github.com/prometheus/client_model/go
github.com/google/s2a-go/internal/tokenmanager
github.com/google/s2a-go/internal/proto/v2/s2a_context_go_proto
github.com/hashicorp/hcl/v2
google.golang.org/grpc/internal/status
github.com/zclconf/go-cty/cty/json
github.com/zclconf/go-cty/cty/gocty
github.com/zclconf/go-cty-yaml
github.com/dexidp/dex/storage/ent/schema
google.golang.org/protobuf/types/descriptorpb
google.golang.org/grpc/status
google.golang.org/protobuf/types/known/structpb
google.golang.org/grpc/internal/binarylog
github.com/prometheus/common/model
ariga.io/atlas/sql/internal/sqlx
ariga.io/atlas/sql/sqltool
google.golang.org/genproto/googleapis/api
go.etcd.io/etcd/api/v3/v3rpc/rpctypes
github.com/zclconf/go-cty/cty/function/stdlib
entgo.io/ent/dialect/sql/sqlgraph
entgo.io/ent/dialect/sql/sqljson
github.com/dexidp/dex/storage/ent/db/predicate
github.com/hashicorp/hcl/v2/ext/customdecode
entgo.io/ent/dialect/entsql
github.com/dexidp/dex/storage/ent/db/authcode
github.com/dexidp/dex/storage/ent/db/authrequest
github.com/prometheus/client_golang/prometheus/internal
github.com/dexidp/dex/storage/ent/db/authsession
github.com/dexidp/dex/storage/ent/db/connector
github.com/dexidp/dex/storage/ent/db/devicerequest
github.com/dexidp/dex/storage/ent/db/devicetoken
github.com/dexidp/dex/storage/ent/db/keys
github.com/hashicorp/hcl/v2/ext/tryfunc
github.com/dexidp/dex/storage/ent/db/oauth2client
github.com/dexidp/dex/storage/ent/db/offlinesession
github.com/dexidp/dex/storage/ent/db/password
github.com/dexidp/dex/storage/ent/db/refreshtoken
net/http/httptrace
google.golang.org/grpc/internal/credentials
github.com/russellhaering/goxmldsig
github.com/dexidp/dex/storage/ent/db/useridentity
ariga.io/atlas/sql/mysql/internal/mysqlversion
github.com/go-sql-driver/mysql
github.com/lib/pq
net/http/internal/httpcommon
golang.org/x/net/internal/httpcommon
google.golang.org/grpc/credentials
net/http
go.etcd.io/etcd/client/pkg/v3/tlsutil
github.com/gogo/protobuf/protoc-gen-gogo/descriptor
google.golang.org/protobuf/internal/editionssupport
google.golang.org/protobuf/types/gofeaturespb
github.com/grpc-ecosystem/grpc-gateway/v2/protoc-gen-openapiv2/options
google.golang.org/genproto/googleapis/api/annotations
google.golang.org/grpc/internal/channelz
google.golang.org/grpc/resolver
google.golang.org/grpc/credentials/insecure
google.golang.org/grpc/peer
github.com/google/s2a-go/fallback
github.com/hashicorp/hcl/v2/hclsyntax
go.etcd.io/etcd/client/v3/credentials
github.com/ghodss/yaml
github.com/dexidp/dex/storage/memory
google.golang.org/protobuf/reflect/protodesc
github.com/spf13/cobra
google.golang.org/grpc/experimental/balancer/weight
google.golang.org/grpc/internal/metadata
google.golang.org/grpc/internal/proxyattributes
google.golang.org/grpc/internal/transport/networktype
google.golang.org/grpc/internal/resolver/passthrough
google.golang.org/grpc/channelz
google.golang.org/grpc/balancer/grpclb/state
google.golang.org/grpc/internal/resolver/unix
google.golang.org/grpc/resolver/manual
google.golang.org/grpc/balancer
google.golang.org/grpc/internal/resolver/dns
go.etcd.io/etcd/client/v3/internal/resolver
google.golang.org/grpc/balancer/base
google.golang.org/grpc/balancer/pickfirst
google.golang.org/grpc/internal/serviceconfig
google.golang.org/grpc/internal/resolver
google.golang.org/grpc/resolver/dns
github.com/gogo/protobuf/gogoproto
google.golang.org/grpc/internal/balancer/gracefulswitch
google.golang.org/grpc/balancer/endpointsharding
github.com/golang/protobuf/proto
google.golang.org/grpc/balancer/roundrobin
github.com/go-webauthn/webauthn/protocol/webauthncose
go.etcd.io/etcd/api/v3/authpb
go.etcd.io/etcd/api/v3/versionpb
go.etcd.io/etcd/api/v3/mvccpb
go.etcd.io/etcd/api/v3/membershippb
github.com/hashicorp/hcl/v2/hclwrite
github.com/hashicorp/hcl/v2/json
github.com/hashicorp/hcl/v2/hclparse
github.com/hashicorp/hcl/v2/gohcl
ariga.io/atlas/schemahcl
github.com/AppsFlyer/go-sundheit/checks
github.com/AppsFlyer/go-sundheit/http
golang.org/x/net/trace
net/http/httputil
github.com/dexidp/dex/connector
golang.org/x/net/http2
golang.org/x/oauth2/internal
github.com/dexidp/dex/pkg/httpclient
github.com/googleapis/gax-go/v2/internallog
cloud.google.com/go/auth/internal/retry
cloud.google.com/go/compute/metadata
net/rpc
google.golang.org/api/googleapi
go.opentelemetry.io/otel/propagation
github.com/felixge/httpsnoop
go.opentelemetry.io/contrib/instrumentation/net/http/otelhttp/internal/request
github.com/dexidp/dex/connector/atlassiancrowd
github.com/dexidp/dex/connector/authproxy
google.golang.org/api/googleapi/transport
golang.org/x/oauth2
go.opentelemetry.io/otel/internal/global
github.com/dexidp/dex/connector/keystone
github.com/Azure/go-ntlmssp
github.com/googleapis/gax-go/v2/apierror
github.com/jcmturner/goidentity/v6
net/http/cookiejar
github.com/dexidp/dex/connector/mock
github.com/dexidp/dex/connector/saml
cloud.google.com/go/auth/internal
github.com/dexidp/dex/server/oauth2
github.com/jcmturner/gokrb5/v8/service
github.com/gorilla/mux
github.com/dexidp/dex/server/templates
github.com/hashicorp/go-cleanhttp
github.com/go-webauthn/x/revoke
expvar
github.com/go-ldap/ldap/v3
golang.org/x/oauth2/bitbucket
github.com/dexidp/dex/connector/gitea
golang.org/x/oauth2/endpoints
github.com/dexidp/dex/connector/bitbucketcloud
github.com/dexidp/dex/connector/gitlab
github.com/coreos/go-oidc/v3/oidc
golang.org/x/oauth2/authhandler
golang.org/x/oauth2/github
golang.org/x/oauth2/google/internal/impersonate
golang.org/x/oauth2/google/internal/stsexchange
github.com/dexidp/dex/connector/github
golang.org/x/oauth2/jwt
cloud.google.com/go/auth
github.com/googleapis/enterprise-certificate-proxy/client
google.golang.org/api/internal/impersonate
github.com/jcmturner/gokrb5/v8/spnego
github.com/dexidp/dex/connector/linkedin
github.com/dexidp/dex/connector/microsoft
go.opentelemetry.io/otel
golang.org/x/oauth2/google/externalaccount
golang.org/x/oauth2/google/internal/externalaccountauthorizeduser
cloud.google.com/go/auth/internal/transport/cert
google.golang.org/api/internal/cert
github.com/dexidp/dex/connector/oauth
github.com/dexidp/dex/connector/openshift
github.com/dexidp/dex/server/connectors
go.opentelemetry.io/contrib/instrumentation/net/http/otelhttp/internal/semconv
github.com/dexidp/dex/connector/oidc
github.com/gorilla/handlers
cloud.google.com/go/auth/internal/regionalaccessboundary
cloud.google.com/go/auth/credentials/internal/stsexchange
cloud.google.com/go/auth/credentials/internal/gdch
github.com/dexidp/dex/server/session
github.com/hashicorp/go-retryablehttp
github.com/go-webauthn/webauthn/metadata
github.com/prometheus/common/expfmt
github.com/prometheus/client_golang/internal/github.com/golang/gddo/httputil/header
ariga.io/atlas/sql/sqlspec
cloud.google.com/go/auth/credentials/internal/externalaccountuser
golang.org/x/oauth2/google
github.com/prometheus/client_golang/internal/github.com/golang/gddo/httputil
ariga.io/atlas/sql/sqlclient
go.uber.org/zap
net/http/pprof
cloud.google.com/go/auth/internal/transport/headers
github.com/dexidp/dex/server/router
github.com/go-webauthn/webauthn/protocol
cloud.google.com/go/auth/credentials/internal/impersonate
go.opentelemetry.io/contrib/instrumentation/net/http/otelhttp
ariga.io/atlas/sql/internal/specutil
github.com/dexidp/dex/server/home
cloud.google.com/go/auth/credentials/internal/externalaccount
cloud.google.com/go/auth/oauth2adapt
github.com/dexidp/dex/connector/ldap
github.com/prometheus/client_golang/prometheus
cloud.google.com/go/auth/credentials
github.com/dexidp/dex/storage/kubernetes
google.golang.org/grpc/internal/transport
github.com/openbao/openbao/api/v2
github.com/go-webauthn/webauthn/webauthn
ariga.io/atlas/sql/sqlite
ariga.io/atlas/sql/postgres
ariga.io/atlas/sql/mysql
go.uber.org/zap/zapgrpc
go.etcd.io/etcd/client/pkg/v3/fileutil
go.etcd.io/etcd/client/pkg/v3/logutil
github.com/dexidp/dex/server/mfa
go.etcd.io/etcd/client/pkg/v3/transport
github.com/prometheus/client_golang/prometheus/promhttp
github.com/prometheus/client_golang/prometheus/collectors
google.golang.org/grpc/internal/resolver/delegatingresolver
google.golang.org/grpc
github.com/dexidp/dex/server/signer
entgo.io/ent/dialect/sql/schema
github.com/dexidp/dex/server/backchannel
github.com/dexidp/dex/server/discovery
github.com/dexidp/dex/server/tokens
github.com/dexidp/dex/server/userinfo
github.com/dexidp/dex/server/consent
github.com/dexidp/dex/server/logout
github.com/dexidp/dex/server/introspection
github.com/dexidp/dex/server/grants
github.com/dexidp/dex/server/authflow
github.com/dexidp/dex/server/device
github.com/dexidp/dex/storage/ent/db/migrate
github.com/google/s2a-go/internal/handshaker/service
github.com/google/s2a-go/internal/proto/s2a_go_proto
github.com/dexidp/dex/api/v2
github.com/google/s2a-go/internal/proto/v2/s2a_go_proto
github.com/googleapis/gax-go/v2
google.golang.org/grpc/reflection/grpc_reflection_v1
google.golang.org/grpc/reflection/grpc_reflection_v1alpha
github.com/grpc-ecosystem/go-grpc-prometheus
go.etcd.io/etcd/api/v3/etcdserverpb
github.com/dexidp/dex/storage/ent/db
github.com/google/s2a-go/internal/authinfo
github.com/google/s2a-go/internal/record
google.golang.org/grpc/reflection/internal
github.com/google/s2a-go/stream
google.golang.org/grpc/reflection
github.com/google/s2a-go/internal/handshaker
github.com/google/s2a-go/internal/v2/certverifier
github.com/google/s2a-go/internal/v2/remotesigner
github.com/google/s2a-go/internal/v2/tlsconfigstore
github.com/dexidp/dex/server/apiserver
github.com/google/s2a-go/internal/v2
github.com/google/s2a-go
cloud.google.com/go/auth/internal/transport
google.golang.org/api/internal
cloud.google.com/go/auth/httptransport
google.golang.org/api/option
google.golang.org/api/internal/gensupport
google.golang.org/api/option/internaloption
google.golang.org/api/transport/http
google.golang.org/api/impersonate
google.golang.org/api/admin/directory/v1
go.etcd.io/etcd/client/v3
github.com/dexidp/dex/connector/google
go.etcd.io/etcd/client/v3/namespace
github.com/dexidp/dex/storage/etcd
github.com/dexidp/dex/server
github.com/dexidp/dex/storage/ent/client
github.com/mattn/go-sqlite3
github.com/dexidp/dex/storage/ent
github.com/dexidp/dex/storage/sql
github.com/dexidp/dex/cmd/dex
