level=info msg="Starting prematerial attestors stage..."
level=info msg="Starting environment attestor..."
level=info msg="Starting git attestor..."
level=info msg="Finished environment attestor... (7.3e-05s)"
level=info msg="Finished git attestor... (0.036325437s)"
level=info msg="Completed prematerial attestors stage..."
level=info msg="Starting material attestors stage..."
level=info msg="Starting material attestor..."
level=info msg="Finished material attestor... (0.157761817s)"
level=info msg="Completed material attestors stage..."
level=info msg="Starting execute attestors stage..."
level=info msg="Starting command-run attestor..."
level=info msg="Using tracer: ebpf for command-run"
go: downloading github.com/spf13/cobra v1.9.1
go: downloading go.uber.org/zap v1.26.0
go: downloading golang.org/x/sync v0.20.0
go: downloading sigs.k8s.io/controller-runtime v0.18.2
go: downloading golang.org/x/sys v0.45.0
go: downloading github.com/datawire/dlib v1.3.1
go: downloading github.com/spf13/pflag v1.0.6
go: downloading github.com/spf13/viper v1.12.0
go: downloading github.com/envoyproxy/go-control-plane/envoy v1.37.0
go: downloading google.golang.org/genproto/googleapis/rpc v0.0.0-20260414002931-afd174a4e478
go: downloading google.golang.org/grpc v1.82.1
go: downloading google.golang.org/protobuf v1.36.11
go: downloading github.com/envoyproxy/go-control-plane v0.14.0
go: downloading github.com/fsnotify/fsnotify v1.7.0
go: downloading github.com/google/uuid v1.6.0
go: downloading github.com/stretchr/testify v1.11.1
go: downloading github.com/gorilla/websocket v1.5.1
go: downloading github.com/hashicorp/consul/api v1.26.1
go: downloading k8s.io/api v0.30.2
go: downloading k8s.io/apimachinery v0.30.2
go: downloading k8s.io/client-go v0.30.2
go: downloading sigs.k8s.io/gateway-api v0.2.0
go: downloading github.com/go-logr/zapr v1.3.0
go: downloading k8s.io/apiextensions-apiserver v0.30.2
go: downloading k8s.io/klog/v2 v2.120.1
go: downloading github.com/kballard/go-shellquote v0.0.0-20180428030007-95032a82bc51
go: downloading github.com/pkg/errors v0.9.1
go: downloading k8s.io/cli-runtime v0.30.2
go: downloading k8s.io/kubectl v0.30.1
go: downloading k8s.io/kubernetes v1.30.3
go: downloading k8s.io/metrics v0.30.2
go: downloading sigs.k8s.io/yaml v1.4.0
go: downloading github.com/sirupsen/logrus v1.9.3
go: downloading github.com/mitchellh/mapstructure v1.5.0
go: downloading github.com/spf13/afero v1.15.0
go: downloading github.com/spf13/cast v1.5.0
go: downloading github.com/spf13/jwalterweatherman v1.1.0
go: downloading golang.org/x/net v0.55.0
go: downloading go.uber.org/multierr v1.11.0
go: downloading github.com/envoyproxy/go-control-plane/contrib v1.36.0
go: downloading github.com/davecgh/go-spew v1.1.2-0.20180830191138-d8f796af33cc
go: downloading github.com/pmezard/go-difflib v1.0.1-0.20181226105442-5d4384ee4fb2
go: downloading github.com/cncf/xds/go v0.0.0-20260202195803-dba9d589def2
go: downloading github.com/envoyproxy/protoc-gen-validate v1.3.3
go: downloading github.com/prometheus/client_model v0.6.2
go: downloading github.com/go-logr/logr v1.4.3
go: downloading golang.org/x/exp v0.0.0-20260410095643-746e56fc9e2f
go: downloading k8s.io/utils v0.0.0-20230726121419-3b25d923346b
go: downloading github.com/evanphx/json-patch/v5 v5.9.0
go: downloading github.com/prometheus/client_golang v1.17.0
go: downloading github.com/hashicorp/go-cleanhttp v0.5.2
go: downloading github.com/hashicorp/go-hclog v1.5.0
go: downloading github.com/hashicorp/go-multierror v1.1.1
go: downloading github.com/hashicorp/go-rootcerts v1.0.2
go: downloading github.com/hashicorp/serf v0.10.1
go: downloading github.com/gogo/protobuf v1.3.2
go: downloading github.com/evanphx/json-patch v5.7.0+incompatible
go: downloading sigs.k8s.io/structured-merge-diff/v4 v4.4.1
go: downloading github.com/google/gofuzz v1.2.0
go: downloading k8s.io/apiserver v0.30.2
go: downloading k8s.io/component-base v0.30.2
go: downloading k8s.io/kube-openapi v0.0.0-20240228011516-70dd3763d340
go: downloading gopkg.in/inf.v0 v0.9.1
go: downloading golang.org/x/text v0.37.0
go: downloading github.com/subosito/gotenv v1.4.1
go: downloading github.com/hashicorp/hcl v1.0.0
go: downloading gopkg.in/ini.v1 v1.67.0
go: downloading github.com/magiconair/properties v1.8.6
go: downloading github.com/pelletier/go-toml/v2 v2.2.3
go: downloading gopkg.in/yaml.v3 v3.0.1
go: downloading google.golang.org/genproto/googleapis/api v0.0.0-20260414002931-afd174a4e478
go: downloading github.com/envoyproxy/go-control-plane/ratelimit v0.1.0
go: downloading github.com/pelletier/go-toml v1.9.5
go: downloading github.com/golang/protobuf v1.5.4
go: downloading github.com/google/go-cmp v0.7.0
go: downloading github.com/google/gnostic-models v0.6.8
go: downloading github.com/gregjones/httpcache v0.0.0-20190611155906-901d90724c79
go: downloading github.com/peterbourgon/diskv v2.0.1+incompatible
go: downloading sigs.k8s.io/json v0.0.0-20221116044647-bc3834ca7abd
go: downloading github.com/imdario/mergo v0.3.16
go: downloading golang.org/x/term v0.43.0
go: downloading github.com/golang/groupcache v0.0.0-20241129210726-2c02b8208cf8
go: downloading gomodules.xyz/jsonpatch/v2 v2.4.0
go: downloading github.com/hashicorp/errwrap v1.1.0
go: downloading github.com/fatih/color v1.18.0
go: downloading github.com/mattn/go-isatty v0.0.20
go: downloading github.com/json-iterator/go v1.1.12
go: downloading github.com/prometheus/common v0.45.0
go: downloading gopkg.in/yaml.v2 v2.4.0
go: downloading github.com/liggitt/tabwriter v0.0.0-20181228230101-89fcab3d43de
go: downloading github.com/moby/term v0.0.0-20221205130635-1aeaba878587
go: downloading sigs.k8s.io/kustomize/api v0.13.5-0.20230601165947-6ce0bf390ce3
go: downloading sigs.k8s.io/kustomize/kyaml v0.14.3
go: downloading github.com/armon/go-metrics v0.4.1
go: downloading github.com/blang/semver/v4 v4.0.0
go: downloading github.com/prometheus/procfs v0.12.0
go: downloading github.com/fatih/camelcase v1.0.0
go: downloading github.com/go-openapi/jsonreference v0.20.2
go: downloading github.com/go-openapi/swag v0.22.4
go: downloading github.com/asaskevich/govalidator v0.0.0-20230301143203-a9d515a09cc2
go: downloading golang.org/x/oauth2 v0.36.0
go: downloading golang.org/x/time v0.8.0
go: downloading github.com/google/btree v1.0.1
go: downloading github.com/beorn7/perks v1.0.1
go: downloading github.com/cespare/xxhash/v2 v2.3.0
go: downloading github.com/mattn/go-colorable v0.1.14
go: downloading github.com/modern-go/concurrent v0.0.0-20180306012644-bacd9c7ef1dd
go: downloading github.com/modern-go/reflect2 v1.0.2
go: downloading github.com/matttproud/golang_protobuf_extensions/v2 v2.0.0
go: downloading github.com/hashicorp/go-immutable-radix v1.3.1
go: downloading github.com/chai2010/gettext-go v1.0.2
go: downloading github.com/MakeNowJust/heredoc v1.0.0
go: downloading github.com/mitchellh/go-wordwrap v1.0.1
go: downloading github.com/russross/blackfriday/v2 v2.1.0
go: downloading github.com/exponent-io/jsonpath v0.0.0-20210407135951-1de76d718b3f
go: downloading cel.dev/expr v0.25.1
go: downloading github.com/go-openapi/jsonpointer v0.20.0
go: downloading github.com/google/cel-go v0.18.1
go: downloading github.com/mailru/easyjson v0.7.7
go: downloading github.com/munnerz/goautoneg v0.0.0-20191010083416-a7dc8b61c822
go: downloading github.com/hashicorp/golang-lru v1.0.2
go: downloading github.com/emicklei/go-restful/v3 v3.11.0
go: downloading github.com/go-errors/errors v1.5.1
go: downloading github.com/monochromegane/go-gitignore v0.0.0-20200626010858-205db1a8cc00
go: downloading github.com/xlab/treeprint v1.2.0
go: downloading github.com/google/shlex v0.0.0-20191202100458-e7afc7fbc510
go: downloading github.com/stoewer/go-strcase v1.3.0
go: downloading github.com/moby/spdystream v0.5.1
go: downloading github.com/antlr/antlr4/runtime/Go/antlr/v4 v4.0.0-20230305170008-8188dc5388df
go: downloading go.starlark.net v0.0.0-20230525235612-a134d8f9ddca
go: downloading github.com/mxk/go-flowrate v0.0.0-20140419014527-cca7078d478f
go: downloading github.com/josharian/intern v1.0.1-0.20211109044230-42b52b674af5
go: downloading github.com/distribution/reference v0.5.0
go: downloading github.com/opencontainers/go-digest v1.0.0
level=info msg="Finished command-run attestor... (43.730911263s)"
level=info msg="Completed execute attestors stage..."
level=info msg="Starting product attestors stage..."
level=info msg="Starting product attestor..."
level=info msg="Finished product attestor... (0.305351416s)"
level=info msg="Completed product attestors stage..."
level=info msg="Starting postproduct attestors stage..."
level=info msg="Completed postproduct attestors stage..."
