level=info msg="Starting prematerial attestors stage..."
level=info msg="Starting git attestor..."
level=info msg="Starting environment attestor..."
level=info msg="Finished environment attestor... (0.00016021s)"
level=info msg="Finished git attestor... (0.019116098s)"
level=info msg="Completed prematerial attestors stage..."
level=info msg="Starting material attestors stage..."
level=info msg="Starting material attestor..."
level=info msg="Finished material attestor... (0.117646101s)"
level=info msg="Completed material attestors stage..."
level=info msg="Starting execute attestors stage..."
level=info msg="Starting command-run attestor..."
level=info msg="Using tracer: ebpf for command-run"
docker build . \
	-t eraser-tooling \
	-f build/tooling/Dockerfile
#0 building with "default" instance using docker driver

#1 [internal] load build definition from Dockerfile
#1 transferring dockerfile: 491B done
#1 DONE 0.0s

#2 [internal] load metadata for docker.io/library/golang:1.27.0-bookworm@sha256:ded31c68586d2e49e760acc2e65a884b23d032e9bbbed0ae0c55abd3fcaf4452
#2 DONE 0.0s

#3 [internal] load .dockerignore
#3 transferring context: 193B done
#3 DONE 0.0s

#4 [1/5] FROM docker.io/library/golang:1.27.0-bookworm@sha256:ded31c68586d2e49e760acc2e65a884b23d032e9bbbed0ae0c55abd3fcaf4452
#4 resolve docker.io/library/golang:1.27.0-bookworm@sha256:ded31c68586d2e49e760acc2e65a884b23d032e9bbbed0ae0c55abd3fcaf4452 0.0s done
#4 DONE 0.0s

#5 [4/5] RUN git config --global --add safe.directory "*"
#5 CACHED

#6 [2/5] RUN GOTOOLCHAIN=local GO111MODULE=on go install sigs.k8s.io/controller-tools/cmd/controller-gen@v0.16.4
#6 CACHED

#7 [3/5] RUN GOTOOLCHAIN=local GO111MODULE=on go install k8s.io/code-generator/cmd/conversion-gen@v0.29.0
#7 CACHED

#8 [5/5] WORKDIR /eraser
#8 CACHED

#9 exporting to image
#9 exporting layers done
#9 exporting manifest sha256:c4c199328812892ba117e55db1124afd762c4383de1ef06e0105a4362245afaf done
#9 exporting config sha256:b6bf85b048903db49793f96ddaa4b5c2480bd5b4d78fb034bb24095219b9a543 done
#9 exporting attestation manifest sha256:11aa40100660a57610ed043fe7cfa58bd4b31b4413315b0ec8e6103f7bf705ce 0.0s done
#9 exporting manifest list sha256:4c8b3c2d388a5021732fbe222219f172ae2276e609cea4d2a7457e047d2ceffa done
#9 naming to docker.io/library/eraser-tooling:latest
#9 naming to docker.io/library/eraser-tooling:latest done
#9 unpacking to docker.io/library/eraser-tooling:latest done
#9 DONE 0.1s
docker run --rm -v /home/jake/sbomit-overhead-experiment/repos/eraser:/eraser eraser-tooling controller-gen object:headerFile="hack/boilerplate.go.txt" paths="./api/..."
docker run --rm -v /home/jake/sbomit-overhead-experiment/repos/eraser:/eraser eraser-tooling conversion-gen \
	--output-base=/eraser \
	--input-dirs=./api/v1alpha1,./api/v1,./api/v1alpha2,./api/v1alpha3 \
	--go-header-file=./hack/boilerplate.go.txt \
	--output-file-base=zz_generated.conversion
W0905 01:13:29.920233       1 parse.go:863] Making unsupported type entry "any" for: &types.Alias{obj:(*types.TypeName)(0x11df248b8a00), orig:(*types.Alias)(0x11df248b6140), tparams:(*types.TypeParamList)(nil), targs:(*types.TypeList)(nil), fromRHS:(*types.Interface)(0xba5ee0), actual:(*types.Interface)(0xba5ee0)}
W0905 01:13:29.920866       1 parse.go:863] Making unsupported type entry "reflect.uncommonType" for: &types.Alias{obj:(*types.TypeName)(0x11df278e6d70), orig:(*types.Alias)(0x11df26476640), tparams:(*types.TypeParamList)(nil), targs:(*types.TypeList)(nil), fromRHS:(*types.Named)(0x11df24d12100), actual:(*types.Named)(0x11df24d12100)}
go fmt ./...
go: downloading k8s.io/api v0.28.12
go: downloading go.opentelemetry.io/otel v1.44.0
go: downloading go.opentelemetry.io/otel/sdk/metric v1.44.0
go: downloading k8s.io/apimachinery v0.28.12
go: downloading sigs.k8s.io/controller-runtime v0.16.6
go: downloading go.opentelemetry.io/otel/sdk v1.44.0
go: downloading google.golang.org/grpc v1.83.1
go: downloading k8s.io/cri-api v0.25.0
go: downloading github.com/go-logr/logr v1.4.3
go: downloading go.opentelemetry.io/otel/exporters/otlp/otlpmetric/otlpmetrichttp v1.43.0
go: downloading go.uber.org/zap v1.27.0
go: downloading go.opentelemetry.io/otel/metric v1.44.0
go: downloading k8s.io/klog/v2 v2.130.1
go: downloading golang.org/x/sys v0.46.0
go: downloading oras.land/oras-go/v2 v2.6.2
go: downloading sigs.k8s.io/e2e-framework v0.0.8
go: downloading sigs.k8s.io/kind v0.15.0
go: downloading golang.org/x/exp v0.0.0-20241009180824-f66d83c29e7c
go: downloading k8s.io/client-go v0.28.12
go: downloading k8s.io/utils v0.0.0-20240711033017-18e509b52bc8
go: downloading sigs.k8s.io/yaml v1.4.0
go: downloading github.com/evanphx/json-patch/v5 v5.8.0
go: downloading github.com/gogo/protobuf v1.3.2
go: downloading github.com/google/gofuzz v1.2.0
go: downloading sigs.k8s.io/structured-merge-diff/v4 v4.4.1
go: downloading gopkg.in/inf.v0 v0.9.1
go: downloading github.com/go-logr/zapr v1.3.0
go: downloading go.uber.org/multierr v1.11.0
go: downloading github.com/opencontainers/go-digest v1.0.0
go: downloading github.com/opencontainers/image-spec v1.1.1
go: downloading go.opentelemetry.io/otel/trace v1.44.0
go: downloading go.opentelemetry.io/proto/otlp v1.10.0
go: downloading google.golang.org/protobuf v1.36.11
go: downloading github.com/prometheus/client_golang v1.20.5
go: downloading gomodules.xyz/jsonpatch/v2 v2.4.0
go: downloading sigs.k8s.io/json v0.0.0-20221116044647-bc3834ca7abd
go: downloading k8s.io/kube-openapi v0.0.0-20240228011516-70dd3763d340
go: downloading github.com/pkg/errors v0.9.1
go: downloading k8s.io/component-base v0.28.12
go: downloading golang.org/x/net v0.56.0
go: downloading google.golang.org/genproto/googleapis/rpc v0.0.0-20260526163538-3dc84a4a5aaa
go: downloading github.com/go-logr/stdr v1.2.2
go: downloading go.opentelemetry.io/auto/sdk v1.2.1
go: downloading github.com/vladimirvivien/gexe v0.1.1
go: downloading github.com/google/uuid v1.6.0
go: downloading github.com/cenkalti/backoff/v5 v5.0.3
go: downloading github.com/json-iterator/go v1.1.12
go: downloading gopkg.in/yaml.v2 v2.4.0
go: downloading github.com/cespare/xxhash/v2 v2.3.0
go: downloading github.com/grpc-ecosystem/grpc-gateway/v2 v2.28.0
go: downloading github.com/fsnotify/fsnotify v1.7.0
go: downloading k8s.io/apiextensions-apiserver v0.28.12
go: downloading github.com/klauspost/compress v1.17.11
go: downloading github.com/prometheus/client_model v0.6.1
go: downloading github.com/prometheus/common v0.55.0
go: downloading golang.org/x/time v0.12.0
go: downloading github.com/golang/groupcache v0.0.0-20210331224755-41bb18bfe9da
go: downloading github.com/imdario/mergo v0.3.16
go: downloading github.com/spf13/pflag v1.0.5
go: downloading golang.org/x/term v0.44.0
go: downloading github.com/golang/protobuf v1.5.4
go: downloading github.com/google/gnostic-models v0.6.9-0.20230804172637-c7be7c783f49
go: downloading github.com/alessio/shellescape v1.4.1
go: downloading github.com/pelletier/go-toml v1.9.5
go: downloading github.com/spf13/cobra v1.8.1
go: downloading gopkg.in/yaml.v3 v3.0.1
go: downloading github.com/beorn7/perks v1.0.1
go: downloading github.com/prometheus/procfs v0.15.1
go: downloading github.com/davecgh/go-spew v1.1.2-0.20180830191138-d8f796af33cc
go: downloading golang.org/x/oauth2 v0.36.0
go: downloading github.com/google/go-cmp v0.7.0
go: downloading github.com/modern-go/concurrent v0.0.0-20180306012644-bacd9c7ef1dd
go: downloading github.com/modern-go/reflect2 v1.0.2
go: downloading github.com/munnerz/goautoneg v0.0.0-20191010083416-a7dc8b61c822
go: downloading github.com/go-openapi/swag v0.23.0
go: downloading github.com/go-openapi/jsonreference v0.21.0
go: downloading github.com/mattn/go-isatty v0.0.20
go: downloading github.com/BurntSushi/toml v1.4.0
go: downloading github.com/emicklei/go-restful/v3 v3.11.0
go: downloading github.com/go-openapi/jsonpointer v0.21.0
go: downloading github.com/mailru/easyjson v0.7.7
go: downloading github.com/josharian/intern v1.0.0
go: downloading google.golang.org/genproto/googleapis/api v0.0.0-20260526163538-3dc84a4a5aaa
go: downloading golang.org/x/text v0.39.0
go vet ./...
go: downloading github.com/stretchr/testify v1.11.1
go: downloading github.com/onsi/ginkgo/v2 v2.14.0
go: downloading github.com/onsi/gomega v1.30.0
go: downloading github.com/pmezard/go-difflib v1.0.1-0.20181226105442-5d4384ee4fb2
go build -o bin/manager -ldflags "-X 'github.com/eraser-dev/eraser/version.buildTime=1788368535' -X 'github.com/eraser-dev/eraser/version.vcsCommit=b31791f5a2ab0fe7c8a71715c6dbcd31f13323df' -X 'github.com/eraser-dev/eraser/version.vcsState=clean' -X 'github.com/eraser-dev/eraser/version.BuildVersion=v1.5.0-beta.0'" main.go
level=info msg="Finished command-run attestor... (53.336834774s)"
level=info msg="Completed execute attestors stage..."
level=info msg="Starting product attestors stage..."
level=info msg="Starting product attestor..."
level=info msg="Finished product attestor... (0.101311312s)"
level=info msg="Completed product attestors stage..."
level=info msg="Starting postproduct attestors stage..."
level=info msg="Completed postproduct attestors stage..."
