level=info msg="Starting prematerial attestors stage..."
level=info msg="Starting git attestor..."
level=info msg="Starting environment attestor..."
level=info msg="Finished environment attestor... (8.181e-05s)"
level=info msg="Finished git attestor... (0.043782226s)"
level=info msg="Completed prematerial attestors stage..."
level=info msg="Starting material attestors stage..."
level=info msg="Starting material attestor..."
level=info msg="Finished material attestor... (0.13319644s)"
level=info msg="Completed material attestors stage..."
level=info msg="Starting execute attestors stage..."
level=info msg="Starting command-run attestor..."
level=info msg="Using tracer: ebpf for command-run"
go: downloading go1.26.6 (linux/amd64)
mkdir -p /home/jake/sbomit-overhead-experiment/repos/external-secrets/bin/
GOWORK=off go -C hack/tools build -mod=readonly -o /home/jake/sbomit-overhead-experiment/repos/external-secrets/bin/controller-gen sigs.k8s.io/controller-tools/cmd/controller-gen
go: downloading sigs.k8s.io/controller-tools v0.19.0
go: downloading golang.org/x/tools v0.47.0
go: downloading gopkg.in/yaml.v3 v3.0.1
go: downloading k8s.io/apiextensions-apiserver v0.36.3
go: downloading k8s.io/apimachinery v0.36.3
go: downloading github.com/spf13/cobra v1.10.2
go: downloading sigs.k8s.io/yaml v1.6.0
go: downloading k8s.io/api v0.36.3
go: downloading gopkg.in/yaml.v2 v2.4.0
go: downloading github.com/fatih/color v1.19.0
go: downloading k8s.io/code-generator v0.36.3
go: downloading k8s.io/gengo/v2 v2.0.0-20250922181213-ec3ebc5fd46b
go: downloading github.com/gobuffalo/flect v1.0.3
go: downloading k8s.io/utils v0.0.0-20260210185600-b8788abfbbc2
go: downloading github.com/mattn/go-colorable v0.1.14
go: downloading github.com/mattn/go-isatty v0.0.22
go: downloading go.yaml.in/yaml/v2 v2.4.4
go: downloading github.com/spf13/pflag v1.0.10
go: downloading k8s.io/klog/v2 v2.140.0
go: downloading golang.org/x/sys v0.46.0
go: downloading sigs.k8s.io/json v0.0.0-20250730193827-2d320260d730
go: downloading sigs.k8s.io/randfill v1.0.0
go: downloading k8s.io/kube-openapi v0.0.0-20260317180543-43fb72c5454a
go: downloading gopkg.in/inf.v0 v0.9.1
go: downloading sigs.k8s.io/structured-merge-diff/v6 v6.3.3
go: downloading github.com/go-logr/logr v1.4.3
go: downloading golang.org/x/net v0.56.0
go: downloading github.com/fxamacker/cbor/v2 v2.9.0
go: downloading github.com/x448/float16 v0.8.4
go: downloading github.com/json-iterator/go v1.1.12
go: downloading github.com/google/gnostic-models v0.7.1
go: downloading golang.org/x/text v0.40.0
go: downloading google.golang.org/protobuf v1.36.12-0.20260120151049-f2248ac996af
go: downloading go.yaml.in/yaml/v3 v3.0.4
go: downloading github.com/modern-go/concurrent v0.0.0-20180306012644-bacd9c7ef1dd
go: downloading github.com/modern-go/reflect2 v1.0.3-0.20250322232337-35a7c28c31ee
go: downloading github.com/go-openapi/swag v0.25.5
go: downloading github.com/go-openapi/jsonreference v0.21.5
go: downloading github.com/go-openapi/jsonpointer v0.22.5
go: downloading github.com/go-openapi/swag/fileutils v0.25.5
go: downloading github.com/go-openapi/swag/cmdutils v0.25.5
go: downloading github.com/go-openapi/swag/conv v0.25.5
go: downloading github.com/go-openapi/swag/jsonname v0.25.5
go: downloading github.com/go-openapi/swag/jsonutils v0.25.5
go: downloading github.com/go-openapi/swag/loading v0.25.5
go: downloading github.com/go-openapi/swag/mangling v0.25.5
go: downloading github.com/go-openapi/swag/netutils v0.25.5
go: downloading github.com/go-openapi/swag/stringutils v0.25.5
go: downloading github.com/go-openapi/swag/typeutils v0.25.5
go: downloading github.com/go-openapi/swag/yamlutils v0.25.5
go: downloading golang.org/x/mod v0.37.0
go: downloading golang.org/x/sync v0.22.0
00:08:08 [32m[ OK ][0m Finished generating deepcopy and crds
00:08:08 [34m[ .. ][0m go build amd64
CGO_ENABLED=0 GOOS=linux GOARCH=amd64 \
	go build -tags all_providers -o 'bin/external-secrets-linux-amd64' main.go
go: downloading go.uber.org/zap v1.28.0
go: downloading github.com/go-logr/logr v1.4.4
go: downloading github.com/robfig/cron/v3 v3.0.1
go: downloading github.com/go-logr/zapr v1.3.0
go: downloading k8s.io/apiserver v0.36.3
go: downloading google.golang.org/protobuf v1.36.12
go: downloading golang.org/x/net v0.58.0
go: downloading github.com/golang-jwt/jwt/v5 v5.3.0
go: downloading github.com/aws/aws-sdk-go-v2 v1.43.3
go: downloading github.com/aws/aws-sdk-go-v2/service/ecr v1.51.3
go: downloading github.com/aws/aws-sdk-go-v2/service/ecrpublic v1.38.3
go: downloading github.com/aws/smithy-go v1.27.6
go: downloading github.com/Azure/azure-sdk-for-go/sdk/azcore v1.19.1
go: downloading github.com/Azure/azure-sdk-for-go/sdk/azidentity v1.13.0
go: downloading github.com/Azure/go-autorest/autorest v0.11.30
go: downloading github.com/grafana/grafana-openapi-client-go v0.0.0-20250925215610-d92957c70d5c
go: downloading github.com/Azure/azure-sdk-for-go v68.0.0+incompatible
go: downloading github.com/Azure/go-autorest v14.2.0+incompatible
go: downloading github.com/sethvargo/go-password v0.3.1
go: downloading golang.org/x/crypto v0.55.0
go: downloading github.com/hashicorp/vault/api v1.22.0
go: downloading github.com/aws/aws-sdk-go-v2/service/sts v1.40.1
go: downloading github.com/aws/aws-sdk-go-v2/config v1.31.19
go: downloading github.com/aws/aws-sdk-go-v2/service/acm v1.43.0
go: downloading github.com/aws/aws-sdk-go-v2/service/secretsmanager v1.39.12
go: downloading github.com/aws/aws-sdk-go-v2/service/ssm v1.67.1
go: downloading github.com/cloudru-tech/iam-sdk v1.0.4
go: downloading github.com/cloudru-tech/secret-manager-sdk v1.1.1
go: downloading github.com/tidwall/gjson v1.18.0
go: downloading google.golang.org/grpc v1.83.2
go: downloading github.com/gophercloud/gophercloud/v2 v2.8.0
go: downloading github.com/BeyondTrust/go-client-library-passwordsafe v1.3.0
go: downloading github.com/cenkalti/backoff/v4 v4.3.0
go: downloading github.com/Azure/azure-sdk-for-go/sdk/security/keyvault/azcertificates v1.4.0
go: downloading github.com/Azure/azure-sdk-for-go/sdk/security/keyvault/azkeys v1.4.0
go: downloading github.com/Azure/azure-sdk-for-go/sdk/security/keyvault/azsecrets v1.4.0
go: downloading github.com/Azure/go-autorest/autorest/adal v0.9.24
go: downloading github.com/Azure/go-autorest/autorest/azure/auth v0.5.13
go: downloading github.com/Azure/go-autorest/autorest/date v0.3.1
go: downloading github.com/AzureAD/microsoft-authentication-library-for-go v1.5.0
go: downloading github.com/lestrrat-go/jwx/v2 v2.1.6
go: downloading software.sslmate.com/src/go-pkcs12 v0.7.2
go: downloading github.com/akeylesslabs/akeyless-go-cloud-id v0.3.7
go: downloading github.com/akeylesslabs/akeyless-go/v4 v4.3.0
go: downloading github.com/go-chef/chef v0.30.1
go: downloading github.com/DelineaXPM/dsv-sdk-go/v2 v2.2.0
go: downloading github.com/Devolutions/go-dvls v0.19.1
go: downloading github.com/cyberark/conjur-api-go v0.14.1
go: downloading github.com/doodlesbykumbi/conjur-policy-go v0.0.0-20241022093904-5fc5921aee96
go: downloading github.com/IBM/go-sdk-core/v5 v5.21.0
go: downloading github.com/IBM/secrets-manager-go-sdk/v2 v2.0.16
go: downloading github.com/fortanix/sdkms-client-go v0.4.1
go: downloading github.com/keeper-security/secrets-manager-go/core v1.6.4
go: downloading github.com/ngrok/ngrok-api-go/v9 v9.0.0
go: downloading github.com/hashicorp/golang-lru v1.0.2
go: downloading cloud.google.com/go/compute/metadata v0.9.0
go: downloading cloud.google.com/go/iam v1.5.3
go: downloading cloud.google.com/go/secretmanager v1.16.0
go: downloading github.com/bradleyfalzon/ghinstallation/v2 v2.17.0
go: downloading github.com/google/go-github/v56 v56.0.0
go: downloading github.com/googleapis/gax-go/v2 v2.17.0
go: downloading github.com/tidwall/sjson v1.2.5
go: downloading google.golang.org/api v0.267.0
go: downloading google.golang.org/genproto v0.0.0-20260128011058-8636f8732409
go: downloading grpc.go4.org v0.0.0-20170609214715-11d0a25b4919
go: downloading github.com/infisical/go-sdk v0.8.0
go: downloading github.com/1Password/connect-sdk-go v1.5.3
go: downloading gitlab.com/gitlab-org/api/client-go v1.46.0
go: downloading github.com/1password/onepassword-sdk-go v0.4.1
go: downloading github.com/hashicorp/golang-lru/v2 v2.0.7
go: downloading github.com/oracle/oci-go-sdk/v65 v65.103.0
go: downloading github.com/passbolt/go-passbolt v0.8.2
go: downloading github.com/openbao/openbao/api/v2 v2.5.1-0.20260603121413-a08669ff09ec
go: downloading github.com/PaesslerAG/jsonpath v0.1.1
go: downloading github.com/previder/vault-cli v0.1.3
go: downloading github.com/yandex-cloud/go-genproto v0.34.0
go: downloading github.com/yandex-cloud/go-sdk v0.27.0
go: downloading github.com/scaleway/scaleway-sdk-go v1.0.0-beta.35
go: downloading golang.org/x/term v0.45.0
go: downloading github.com/ovh/okms-sdk-go v0.5.1
go: downloading github.com/DelineaXPM/tss-sdk-go/v3 v3.0.2
go: downloading dario.cat/mergo v1.0.2
go: downloading github.com/pulumi/esc-sdk/sdk v0.14.0
go: downloading github.com/volcengine/volcengine-go-sdk v1.1.46
go: downloading github.com/aws/aws-sdk-go-v2/credentials v1.18.23
go: downloading github.com/hashicorp/vault/api/auth/approle v0.11.0
go: downloading github.com/hashicorp/vault/api/auth/aws v0.11.0
go: downloading github.com/hashicorp/vault/api/auth/gcp v0.11.0
go: downloading github.com/hashicorp/vault/api/auth/kubernetes v0.10.0
go: downloading github.com/hashicorp/vault/api/auth/ldap v0.11.0
go: downloading github.com/hashicorp/vault/api/auth/userpass v0.11.0
go: downloading golang.org/x/sys v0.47.0
go: downloading go.uber.org/multierr v1.11.0
go: downloading github.com/Azure/go-autorest/logger v0.2.2
go: downloading github.com/Azure/go-autorest/tracing v0.6.1
go: downloading github.com/aws/aws-sdk-go-v2/internal/configsources v1.4.31
go: downloading github.com/go-jose/go-jose/v4 v4.1.4
go: downloading github.com/hashicorp/errwrap v1.1.0
go: downloading github.com/hashicorp/go-cleanhttp v0.5.2
go: downloading github.com/hashicorp/go-multierror v1.1.1
go: downloading github.com/hashicorp/go-retryablehttp v0.7.8
go: downloading github.com/hashicorp/go-rootcerts v1.0.2
go: downloading github.com/hashicorp/go-secure-stdlib/parseutil v0.2.0
go: downloading github.com/hashicorp/go-secure-stdlib/strutil v0.1.2
go: downloading github.com/hashicorp/hcl v1.0.1-vault-7
go: downloading github.com/mitchellh/mapstructure v1.5.0
go: downloading github.com/aws/aws-sdk-go-v2/service/internal/accept-encoding v1.13.3
go: downloading github.com/aws/aws-sdk-go-v2/service/internal/presigned-url v1.13.13
go: downloading github.com/aws/aws-sdk-go-v2/feature/ec2/imds v1.18.13
go: downloading github.com/aws/aws-sdk-go-v2/internal/ini v1.8.4
go: downloading github.com/aws/aws-sdk-go-v2/service/sso v1.30.2
go: downloading github.com/aws/aws-sdk-go-v2/service/ssooidc v1.35.6
go: downloading github.com/aws/aws-sdk-go-v2/service/resourcegroupstaggingapi v1.30.13
go: downloading github.com/youmark/pkcs8 v0.0.0-20240726163527-a2c0da244d78
go: downloading google.golang.org/genproto/googleapis/api v0.0.0-20260526163538-3dc84a4a5aaa
go: downloading github.com/tidwall/match v1.2.0
go: downloading github.com/tidwall/pretty v1.2.1
go: downloading github.com/Azure/go-ntlmssp v0.1.1
go: downloading github.com/go-openapi/runtime v0.29.0
go: downloading github.com/go-openapi/strfmt v0.24.0
go: downloading github.com/go-openapi/errors v0.22.3
go: downloading github.com/go-openapi/validate v0.25.0
go: downloading github.com/go-playground/validator/v10 v10.30.2
go: downloading k8s.io/component-base v0.36.3
go: downloading github.com/Azure/go-autorest/autorest/azure/cli v0.4.7
go: downloading github.com/dimchansky/utfbom v1.1.1
go: downloading github.com/golang-jwt/jwt/v4 v4.5.2
go: downloading github.com/lestrrat-go/blackmagic v1.0.4
go: downloading github.com/lestrrat-go/httprc v1.0.6
go: downloading github.com/lestrrat-go/iter v1.0.2
go: downloading github.com/lestrrat-go/option v1.0.1
go: downloading github.com/aws/aws-sdk-go v1.55.8
go: downloading github.com/Masterminds/semver/v3 v3.4.0
go: downloading github.com/sirupsen/logrus v1.10.0
go: downloading github.com/pkg/errors v0.9.1
go: downloading github.com/nebius/gosdk v0.0.0-20260204094009-511fd4d4f7a1
go: downloading golang.org/x/text v0.41.0
go: downloading google.golang.org/genproto/googleapis/rpc v0.0.0-20260831171406-18b4a7587f8a
go: downloading github.com/google/go-github/v75 v75.0.0
go: downloading github.com/opentracing/opentracing-go v1.2.1-0.20220228012449-10b1cf09e00b
go: downloading github.com/uber/jaeger-client-go v2.30.0+incompatible
go: downloading github.com/google/go-querystring v1.2.0
go: downloading github.com/Onboardbase/go-cryptojs-aes-decrypt v0.0.0-20230430095000-27c0d3a9016d
go: downloading github.com/go-resty/resty/v2 v2.16.5
go: downloading github.com/rs/zerolog v1.33.0
go: downloading cloud.google.com/go/auth v0.18.2
go: downloading github.com/ProtonMail/gopenpgp/v3 v3.4.1
go: downloading github.com/santhosh-tekuri/jsonschema/v6 v6.0.3
go: downloading github.com/openbao/openbao/api/auth/approle/v2 v2.5.1
go: downloading github.com/openbao/openbao/api/auth/kubernetes/v2 v2.5.1
go: downloading github.com/openbao/openbao/api/auth/userpass/v2 v2.5.1
go: downloading github.com/PaesslerAG/gval v1.2.4
go: downloading github.com/google/go-cmp v0.7.0
go: downloading github.com/cenkalti/backoff/v5 v5.0.3
go: downloading github.com/go-viper/mapstructure/v2 v2.5.0
go: downloading github.com/ghodss/yaml v1.0.0
go: downloading github.com/oapi-codegen/runtime v1.1.2
go: downloading gopkg.in/ghodss/yaml.v1 v1.0.0
go: downloading github.com/volcengine/volc-sdk-golang v1.0.225
go: downloading github.com/Masterminds/goutils v1.1.1
go: downloading github.com/huandu/xstrings v1.5.0
go: downloading github.com/mitchellh/copystructure v1.2.0
go: downloading github.com/shopspring/decimal v1.4.0
go: downloading github.com/spf13/cast v1.10.0
go: downloading github.com/hashicorp/go-hclog v1.6.3
go: downloading github.com/hashicorp/go-secure-stdlib/awsutil v0.3.0
go: downloading github.com/hashicorp/go-uuid v1.0.3
go: downloading github.com/aws/aws-sdk-go-v2/internal/endpoints/v2 v2.7.31
go: downloading github.com/hashicorp/go-sockaddr v1.0.7
go: downloading github.com/ryanuber/go-glob v1.0.0
go: downloading github.com/asaskevich/govalidator v0.0.0-20230301143203-a9d515a09cc2
go: downloading github.com/oklog/ulid v1.3.1
go: downloading go.mongodb.org/mongo-driver v1.17.6
go: downloading go.opentelemetry.io/otel v1.45.0
go: downloading go.opentelemetry.io/otel/trace v1.45.0
go: downloading github.com/gabriel-vasile/mimetype v1.4.13
go: downloading github.com/go-playground/universal-translator v0.18.1
go: downloading github.com/leodido/go-urn v1.4.0
go: downloading k8s.io/streaming v0.36.3
go: downloading github.com/google/cel-go v0.27.0
go: downloading github.com/blang/semver/v4 v4.0.0
go: downloading github.com/mitchellh/go-homedir v1.1.0
go: downloading github.com/lestrrat-go/httpcc v1.0.1
go: downloading github.com/go-openapi/analysis v0.24.0
go: downloading github.com/go-openapi/loads v0.23.1
go: downloading github.com/go-openapi/spec v0.22.0
go: downloading github.com/gofrs/flock v0.13.0
go: downloading github.com/sony/gobreaker v1.0.0
go: downloading cloud.google.com/go/auth/oauth2adapt v0.2.8
go: downloading github.com/bgentry/go-netrc v0.0.0-20140422174119-9fd32a8b3d3d
go: downloading github.com/zalando/go-keyring v0.2.6
go: downloading github.com/grpc-ecosystem/go-grpc-middleware/v2 v2.3.3
go: downloading buf.build/gen/go/bufbuild/protovalidate/protocolbuffers/go v1.36.11-20260209202127-80ab13bee0bf.1
go: downloading go.opentelemetry.io/contrib/instrumentation/google.golang.org/grpc/otelgrpc v0.65.0
go: downloading go.opentelemetry.io/contrib/instrumentation/net/http/otelhttp v0.70.0
go: downloading github.com/uber/jaeger-lib v2.4.1+incompatible
go: downloading github.com/extism/go-sdk v1.7.1
go: downloading github.com/tetratelabs/wazero v1.12.0
go: downloading github.com/google/s2a-go v0.1.9
go: downloading github.com/ProtonMail/go-crypto v1.4.1
go: downloading github.com/jmespath/go-jmespath v0.4.0
go: downloading github.com/Azure/go-autorest/autorest/to v0.4.1
go: downloading github.com/Azure/go-autorest/autorest/validation v0.3.2
go: downloading github.com/Azure/azure-sdk-for-go/sdk/security/keyvault/internal v1.2.0
go: downloading github.com/Azure/azure-sdk-for-go/sdk/internal v1.11.2
go: downloading github.com/mitchellh/reflectwalk v1.0.2
go: downloading github.com/go-playground/locales v0.14.1
go: downloading go.opentelemetry.io/otel/metric v1.45.0
go: downloading github.com/kylelemons/godebug v1.1.0
go: downloading cel.dev/expr v0.25.2
go: downloading golang.org/x/exp v0.0.0-20260410095643-746e56fc9e2f
go: downloading github.com/godbus/dbus/v5 v5.2.2
go: downloading github.com/googleapis/enterprise-certificate-proxy v0.3.11
go: downloading go.uber.org/atomic v1.11.0
go: downloading github.com/felixge/httpsnoop v1.1.0
go: downloading github.com/cloudflare/circl v1.6.5
go: downloading github.com/apapsch/go-jsonmerge/v2 v2.0.0
go: downloading github.com/pkg/browser v0.0.0-20240102092130-5ac0b6a4141c
go: downloading sigs.k8s.io/apiserver-network-proxy/konnectivity-client v0.34.0
go: downloading go.opentelemetry.io/otel/exporters/otlp/otlptrace/otlptracegrpc v1.40.0
go: downloading go.opentelemetry.io/otel/sdk v1.45.0
go: downloading go.opentelemetry.io/otel/exporters/otlp/otlptrace v1.40.0
go: downloading github.com/go-logr/stdr v1.2.2
go: downloading go.opentelemetry.io/auto/sdk v1.2.1
go: downloading github.com/antlr4-go/antlr/v4 v4.13.1
go: downloading github.com/dylibso/observe-sdk/go v0.0.0-20240828172851-9145d8ad07e1
go: downloading github.com/gobwas/glob v0.2.3
go: downloading go.opentelemetry.io/proto/otlp v1.10.0
go: downloading github.com/ianlancetaylor/demangle v0.0.0-20260505044615-1ff4bf46051f
go: downloading github.com/tetratelabs/wabin v0.0.0-20230304001439-f6f874872834
go: downloading github.com/grpc-ecosystem/grpc-gateway/v2 v2.28.0
00:09:38 [32m[ OK ][0m go build amd64
level=info msg="Finished command-run attestor... (116.189041297s)"
level=info msg="Completed execute attestors stage..."
level=info msg="Starting product attestors stage..."
level=info msg="Starting product attestor..."
level=info msg="Finished product attestor... (0.518709099s)"
level=info msg="Completed product attestors stage..."
level=info msg="Starting postproduct attestors stage..."
level=info msg="Completed postproduct attestors stage..."
