./manifests/scripts/bundle.sh
[INFO]  using kustomize v5.8.1
[INFO]  building helm-controller.yaml
[INFO]  building image-automation-controller.yaml
[INFO]  building image-reflector-controller.yaml
[INFO]  building kustomize-controller.yaml
[INFO]  building notification-controller.yaml
[INFO]  building source-controller.yaml
[INFO]  building source-watcher.yaml
[INFO]  building rbac.yaml
[INFO]  building policies.yaml
touch cmd/flux/.manifests.done
CGO_ENABLED=0 go build -ldflags="-s -w -X main.VERSION=0.0.0-dev.0" -o ./bin/flux ./cmd/flux
go: downloading github.com/fluxcd/cli-utils v1.2.2
go: downloading github.com/briandowns/spinner v1.23.2
go: downloading github.com/Masterminds/semver/v3 v3.5.0
go: downloading github.com/fluxcd/helm-controller/api v1.6.4
go: downloading github.com/fluxcd/go-git-providers v0.27.0
go: downloading github.com/fluxcd/image-automation-controller/api v1.2.5
go: downloading github.com/fluxcd/image-reflector-controller/api v1.2.5
go: downloading github.com/fluxcd/kustomize-controller/api v1.9.5
go: downloading github.com/fluxcd/notification-controller/api v1.9.4
go: downloading github.com/fluxcd/pkg/apis/meta v1.31.0
go: downloading github.com/fluxcd/pkg/auth v0.55.0
go: downloading github.com/fluxcd/pkg/chartutil v1.28.0
go: downloading github.com/fluxcd/pkg/envsubst v1.7.0
go: downloading github.com/fluxcd/pkg/git v0.52.0
go: downloading github.com/fluxcd/pkg/kustomize v1.39.0
go: downloading github.com/fluxcd/pkg/oci v0.69.0
go: downloading github.com/fluxcd/pkg/runtime v0.111.0
go: downloading github.com/fluxcd/pkg/sourceignore v0.18.0
go: downloading github.com/fluxcd/pkg/ssa v0.77.0
go: downloading github.com/fluxcd/pkg/version v0.16.0
go: downloading github.com/fluxcd/source-controller/api v1.9.5
go: downloading github.com/fluxcd/source-watcher/api/v2 v2.2.4
go: downloading github.com/go-logr/logr v1.4.3
go: downloading github.com/google/go-containerregistry v0.21.6
go: downloading github.com/manifoldco/promptui v0.9.0
go: downloading github.com/notaryproject/notation-go v1.3.2
go: downloading github.com/spf13/cobra v1.10.2
go: downloading golang.org/x/term v0.44.0
go: downloading golang.org/x/text v0.39.0
go: downloading k8s.io/api v0.36.4
go: downloading k8s.io/apiextensions-apiserver v0.36.4
go: downloading k8s.io/apimachinery v0.36.4
go: downloading k8s.io/cli-runtime v0.36.2
go: downloading k8s.io/client-go v0.36.4
go: downloading k8s.io/kubectl v0.36.2
go: downloading sigs.k8s.io/controller-runtime v0.24.1
go: downloading sigs.k8s.io/yaml v1.6.0
go: downloading github.com/cyphar/filepath-securejoin v0.6.1
go: downloading sigs.k8s.io/kustomize/api v0.21.1
go: downloading github.com/fluxcd/pkg/tar v1.2.0
go: downloading github.com/hashicorp/go-cleanhttp v0.5.2
go: downloading github.com/gonvenience/bunt v1.4.2
go: downloading github.com/gonvenience/ytbx v1.4.7
go: downloading github.com/google/go-cmp v0.7.0
go: downloading github.com/homeport/dyff v1.10.2
go: downloading github.com/lucasb-eyer/go-colorful v1.2.0
go: downloading sigs.k8s.io/kustomize/kyaml v0.21.1
go: downloading github.com/fluxcd/pkg/ssh v0.25.0
go: downloading golang.org/x/crypto v0.53.0
go: downloading github.com/olekukonko/tablewriter v0.0.5
go: downloading github.com/ProtonMail/go-crypto v1.4.1
go: downloading github.com/go-git/go-git/v5 v5.19.1
go: downloading github.com/hashicorp/go-retryablehttp v0.7.8
go: downloading github.com/fluxcd/pkg/apis/acl v0.10.0
go: downloading github.com/fluxcd/pkg/apis/kustomize v1.20.0
go: downloading github.com/opencontainers/go-digest v1.0.0
go: downloading go.yaml.in/yaml/v2 v2.4.4
go: downloading helm.sh/helm/v4 v4.2.2
go: downloading github.com/fatih/color v1.19.0
go: downloading github.com/fluxcd/pkg/cache v0.14.0
go: downloading github.com/aws/aws-sdk-go-v2 v1.41.7
go: downloading github.com/aws/aws-sdk-go-v2/config v1.32.17
go: downloading github.com/aws/aws-sdk-go-v2/credentials v1.19.16
go: downloading github.com/aws/aws-sdk-go-v2/service/ecr v1.57.2
go: downloading github.com/aws/aws-sdk-go-v2/service/ecrpublic v1.38.15
go: downloading github.com/aws/aws-sdk-go-v2/service/eks v1.83.0
go: downloading github.com/aws/aws-sdk-go-v2/service/sts v1.42.1
go: downloading github.com/aws/smithy-go/aws-http-auth v1.1.3
go: downloading github.com/aws/smithy-go v1.25.1
go: downloading github.com/Azure/azure-sdk-for-go/sdk/azcore v1.21.1
go: downloading github.com/Azure/azure-sdk-for-go/sdk/azidentity v1.13.1
go: downloading github.com/Azure/azure-sdk-for-go/sdk/containers/azcontainerregistry v0.2.3
go: downloading github.com/Azure/azure-sdk-for-go/sdk/resourcemanager/containerservice/armcontainerservice v1.0.0
go: downloading github.com/golang-jwt/jwt/v5 v5.3.1
go: downloading github.com/hiddeco/sshsig v0.2.0
go: downloading github.com/go-git/go-billy/v5 v5.9.0
go: downloading github.com/go-openapi/jsonpointer v0.21.1
go: downloading golang.org/x/sync v0.21.0
go: downloading sigs.k8s.io/structured-merge-diff/v6 v6.4.0
go: downloading golang.org/x/oauth2 v0.36.0
go: downloading github.com/spf13/pflag v1.0.10
go: downloading github.com/onsi/gomega v1.42.1
go: downloading github.com/pkg/errors v0.9.1
go: downloading github.com/chzyer/readline v1.5.1
go: downloading golang.org/x/sys v0.46.0
go: downloading github.com/cpuguy83/go-md2man/v2 v2.0.7
go: downloading go.yaml.in/yaml/v3 v3.0.4
go: downloading github.com/docker/cli v29.4.3+incompatible
go: downloading k8s.io/utils v0.0.0-20260507154919-ff6756f316d2
go: downloading k8s.io/klog/v2 v2.140.0
go: downloading sigs.k8s.io/randfill v1.0.0
go: downloading k8s.io/kube-openapi v0.0.0-20260603220949-865597e52e25
go: downloading github.com/google/uuid v1.6.0
go: downloading gopkg.in/evanphx/json-patch.v4 v4.13.0
go: downloading github.com/google/gnostic-models v0.7.0
go: downloading github.com/evanphx/json-patch/v5 v5.9.11
go: downloading code.gitea.io/sdk/gitea v0.25.1
go: downloading github.com/google/go-github/v82 v82.0.0
go: downloading gitlab.com/gitlab-org/api/client-go v1.46.0
go: downloading github.com/hashicorp/go-multierror v1.1.1
go: downloading golang.org/x/time v0.15.0
go: downloading github.com/wI2L/jsondiff v0.6.1
go: downloading github.com/gonvenience/term v1.0.4
go: downloading github.com/mattn/go-ciede2000 v0.0.0-20170301095244-782e8c62fec3
go: downloading github.com/evanphx/json-patch v5.9.11+incompatible
go: downloading github.com/mattn/go-isatty v0.0.20
go: downloading k8s.io/component-base v0.36.4
go: downloading github.com/BurntSushi/toml v1.6.0
go: downloading github.com/gonvenience/text v1.0.9
go: downloading github.com/virtuald/go-ordered-json v0.0.0-20170621173500-b18e6e673d74
go: downloading gopkg.in/yaml.v3 v3.0.1
go: downloading github.com/gonvenience/idem v0.0.2
go: downloading github.com/gonvenience/neat v1.3.16
go: downloading github.com/mitchellh/hashstructure v1.1.0
go: downloading github.com/sergi/go-diff v1.4.0
go: downloading github.com/texttheater/golang-levenshtein v1.0.1
go: downloading github.com/mattn/go-runewidth v0.0.16
go: downloading github.com/mattn/go-colorable v0.1.14
go: downloading github.com/prometheus/client_golang v1.23.2
go: downloading github.com/davecgh/go-spew v1.1.2-0.20180830191138-d8f796af33cc
go: downloading github.com/aws/aws-sdk-go-v2/feature/ec2/imds v1.18.23
go: downloading github.com/aws/aws-sdk-go-v2/service/signin v1.0.11
go: downloading github.com/aws/aws-sdk-go-v2/service/sso v1.30.17
go: downloading github.com/aws/aws-sdk-go-v2/service/ssooidc v1.35.21
go: downloading github.com/aws/aws-sdk-go-v2/internal/configsources v1.4.23
go: downloading github.com/aws/aws-sdk-go-v2/internal/v4a v1.4.24
go: downloading github.com/aws/aws-sdk-go-v2/service/internal/accept-encoding v1.13.9
go: downloading github.com/aws/aws-sdk-go-v2/service/internal/presigned-url v1.13.23
go: downloading dario.cat/mergo v1.0.1
go: downloading github.com/Azure/azure-sdk-for-go/sdk/internal v1.12.0
go: downloading github.com/AzureAD/microsoft-authentication-library-for-go v1.6.0
go: downloading cloud.google.com/go/compute/metadata v0.9.0
go: downloading google.golang.org/api v0.278.0
go: downloading github.com/emirpasic/gods v1.18.1
go: downloading github.com/golang/groupcache v0.0.0-20241129210726-2c02b8208cf8
go: downloading github.com/kevinburke/ssh_config v1.4.0
go: downloading github.com/skeema/knownhosts v1.3.1
go: downloading github.com/xanzy/ssh-agent v0.3.3
go: downloading golang.org/x/net v0.56.0
go: downloading google.golang.org/protobuf v1.36.12-0.20260120151049-f2248ac996af
go: downloading github.com/go-openapi/swag v0.25.4
go: downloading github.com/gregjones/httpcache v0.0.0-20190611155906-901d90724c79
go: downloading github.com/json-iterator/go v1.1.12
go: downloading github.com/russross/blackfriday/v2 v2.1.0
go: downloading github.com/go-ldap/ldap/v3 v3.4.10
go: downloading github.com/notaryproject/notation-core-go v1.3.0
go: downloading sigs.k8s.io/json v0.0.0-20250730193827-2d320260d730
go: downloading gopkg.in/inf.v0 v0.9.1
go: downloading github.com/munnerz/goautoneg v0.0.0-20191010083416-a7dc8b61c822
go: downloading github.com/liggitt/tabwriter v0.0.0-20181228230101-89fcab3d43de
go: downloading github.com/moby/term v0.5.2
go: downloading github.com/peterbourgon/diskv v2.0.1+incompatible
go: downloading github.com/hashicorp/errwrap v1.1.0
go: downloading github.com/mitchellh/go-ps v1.0.0
go: downloading github.com/chai2010/gettext-go v1.0.2
go: downloading github.com/MakeNowJust/heredoc v1.0.0
go: downloading github.com/mitchellh/go-wordwrap v1.0.1
go: downloading github.com/exponent-io/jsonpath v0.0.0-20210407135951-1de76d718b3f
go: downloading github.com/tidwall/gjson v1.18.0
go: downloading github.com/tidwall/sjson v1.2.5
go: downloading github.com/go-errors/errors v1.5.1
go: downloading github.com/monochromegane/go-gitignore v0.0.0-20200626010858-205db1a8cc00
go: downloading github.com/xlab/treeprint v1.2.0
go: downloading github.com/42wim/httpsig v1.2.4
go: downloading github.com/go-fed/httpsig v1.1.0
go: downloading github.com/hashicorp/go-version v1.9.0
go: downloading gopkg.in/yaml.v2 v2.4.0
go: downloading github.com/rivo/uniseg v0.2.0
go: downloading github.com/cloudflare/circl v1.6.3
go: downloading github.com/beorn7/perks v1.0.1
go: downloading github.com/cespare/xxhash/v2 v2.3.0
go: downloading github.com/prometheus/client_model v0.6.2
go: downloading github.com/prometheus/common v0.67.5
go: downloading github.com/prometheus/procfs v0.20.1
go: downloading github.com/aws/aws-sdk-go-v2/internal/endpoints/v2 v2.7.23
go: downloading github.com/go-git/gcfg v1.5.1-0.20230307220236-3a3c6141e376
go: downloading github.com/pjbgf/sha1cd v0.6.0
go: downloading github.com/jbenet/go-context v0.0.0-20150711004518-d14ea06fba99
go: downloading github.com/google/go-querystring v1.2.0
go: downloading github.com/opencontainers/image-spec v1.1.1
go: downloading github.com/klauspost/compress v1.18.6
go: downloading github.com/kylelemons/godebug v1.1.0
go: downloading github.com/pkg/browser v0.0.0-20240102092130-5ac0b6a4141c
go: downloading github.com/blang/semver/v4 v4.0.0
go: downloading github.com/go-openapi/jsonreference v0.21.0
go: downloading github.com/fxamacker/cbor/v2 v2.9.2
go: downloading github.com/go-openapi/swag/cmdutils v0.25.4
go: downloading github.com/go-openapi/swag/conv v0.25.4
go: downloading github.com/go-openapi/swag/fileutils v0.25.4
go: downloading github.com/go-openapi/swag/jsonname v0.25.4
go: downloading github.com/go-openapi/swag/jsonutils v0.25.4
go: downloading github.com/go-openapi/swag/loading v0.25.4
go: downloading github.com/go-openapi/swag/mangling v0.25.4
go: downloading github.com/go-openapi/swag/netutils v0.25.4
go: downloading github.com/go-openapi/swag/stringutils v0.25.4
go: downloading github.com/go-openapi/swag/typeutils v0.25.4
go: downloading github.com/go-openapi/swag/yamlutils v0.25.4
go: downloading github.com/Azure/go-ntlmssp v0.0.0-20221128193559-754e69321358
go: downloading github.com/go-asn1-ber/asn1-ber v1.5.7
go: downloading github.com/google/btree v1.1.3
go: downloading github.com/modern-go/concurrent v0.0.0-20180306012644-bacd9c7ef1dd
go: downloading github.com/modern-go/reflect2 v1.0.3-0.20250322232337-35a7c28c31ee
go: downloading github.com/sirupsen/logrus v1.9.4
go: downloading github.com/tidwall/match v1.1.1
go: downloading github.com/tidwall/pretty v1.2.1
go: downloading gopkg.in/warnings.v0 v0.1.2
go: downloading gomodules.xyz/jsonpatch/v2 v2.5.0
go: downloading github.com/x448/float16 v0.8.4
go: downloading github.com/pmezard/go-difflib v1.0.1-0.20181226105442-5d4384ee4fb2
go: downloading github.com/emicklei/go-restful/v3 v3.13.0
go: downloading github.com/docker/docker-credential-helpers v0.9.5
go: downloading github.com/fsnotify/fsnotify v1.9.0
go: downloading github.com/klauspost/cpuid/v2 v2.3.0
go: downloading cloud.google.com/go/auth v0.20.0
go: downloading google.golang.org/grpc v1.80.0
go: downloading cloud.google.com/go/auth/oauth2adapt v0.2.8
go: downloading github.com/googleapis/gax-go/v2 v2.22.0
go: downloading github.com/google/s2a-go v0.1.9
go: downloading github.com/googleapis/enterprise-certificate-proxy v0.3.15
go: downloading go.opentelemetry.io/contrib/instrumentation/net/http/otelhttp v0.67.0
go: downloading go.opentelemetry.io/otel v1.43.0
go: downloading github.com/felixge/httpsnoop v1.0.4
go: downloading go.opentelemetry.io/otel/metric v1.43.0
go: downloading go.opentelemetry.io/otel/trace v1.43.0
go: downloading google.golang.org/genproto/googleapis/rpc v0.0.0-20260427160629-7cedc36a6bc4
go: downloading github.com/go-logr/stdr v1.2.2
go: downloading go.opentelemetry.io/auto/sdk v1.2.1
