go build -ldflags '-s -w -X github.com/Project-HAMi/HAMi/pkg/version.version=v0.0.1 -X github.com/Project-HAMi/HAMi/pkg/device-plugin/nvidiadevice/nvinternal/info.version=v0.0.1 -X github.com/Project-HAMi/HAMi/pkg/version.revision=f47cd28 -X github.com/Project-HAMi/HAMi/pkg/version.buildDate=20260905-20:26:18' -o bin/scheduler ./cmd/scheduler
go: downloading go1.27.0 (linux/amd64)
go: downloading github.com/prometheus/client_golang v1.24.1
go: downloading github.com/julienschmidt/httprouter v1.3.0
go: downloading github.com/spf13/cobra v1.10.2
go: downloading k8s.io/klog/v2 v2.140.0
go: downloading sigs.k8s.io/controller-runtime v0.24.1
go: downloading k8s.io/client-go v0.37.0
go: downloading gopkg.in/yaml.v2 v2.4.0
go: downloading k8s.io/api v0.37.0
go: downloading github.com/spf13/pflag v1.0.10
go: downloading github.com/urfave/cli/v2 v2.27.7
go: downloading k8s.io/apimachinery v0.37.0
go: downloading k8s.io/kube-scheduler v0.37.0
go: downloading github.com/NVIDIA/go-nvlib v0.12.0
go: downloading github.com/NVIDIA/go-nvml v0.13.3-1
go: downloading github.com/NVIDIA/k8s-device-plugin v0.20.0
go: downloading github.com/ccoveille/go-safecast/v2 v2.0.1
go: downloading github.com/go-logr/logr v1.4.3
go: downloading github.com/prometheus/client_model v0.6.2
go: downloading github.com/prometheus/common v0.70.1
go: downloading github.com/beorn7/perks v1.0.1
go: downloading github.com/cespare/xxhash/v2 v2.3.0
go: downloading github.com/prometheus/procfs v0.21.1
go: downloading google.golang.org/protobuf v1.36.12-0.20260120151049-f2248ac996af
go: downloading github.com/fsnotify/fsnotify v1.10.1
go: downloading github.com/cpuguy83/go-md2man/v2 v2.0.7
go: downloading github.com/xrash/smetrics v0.0.0-20240521201337-686a1a2994c1
go: downloading k8s.io/utils v0.0.0-20260626114624-be93311217bd
go: downloading sigs.k8s.io/randfill v1.0.0
go: downloading gopkg.in/inf.v0 v0.9.1
go: downloading gomodules.xyz/jsonpatch/v2 v2.4.0
go: downloading k8s.io/kube-openapi v0.0.0-20260721132016-d427ff9ee9ad
go: downloading sigs.k8s.io/structured-merge-diff/v6 v6.4.2
go: downloading github.com/google/uuid v1.6.0
go: downloading sigs.k8s.io/yaml v1.6.0
go: downloading tags.cncf.io/container-device-interface v1.1.0
go: downloading github.com/munnerz/goautoneg v0.0.0-20191010083416-a7dc8b61c822
go: downloading golang.org/x/sys v0.47.0
go: downloading github.com/russross/blackfriday/v2 v2.1.0
go: downloading sigs.k8s.io/json v0.0.0-20250730193827-2d320260d730
go: downloading golang.org/x/net v0.58.0
go: downloading golang.org/x/term v0.45.0
go: downloading github.com/fxamacker/cbor/v2 v2.9.1
go: downloading github.com/google/gnostic-models v0.7.0
go: downloading golang.org/x/time v0.15.0
go: downloading golang.org/x/oauth2 v0.36.0
go: downloading github.com/pmezard/go-difflib v1.0.1-0.20181226105442-5d4384ee4fb2
go: downloading go.yaml.in/yaml/v2 v2.4.4
go: downloading github.com/davecgh/go-spew v1.1.2-0.20180830191138-d8f796af33cc
go: downloading gopkg.in/evanphx/json-patch.v4 v4.13.0
go: downloading github.com/opencontainers/runtime-spec v1.3.0
go: downloading github.com/opencontainers/runtime-tools v0.9.1-0.20251114084447-edf4cb3d2116
go: downloading gopkg.in/yaml.v3 v3.0.1
go: downloading tags.cncf.io/container-device-interface/specs-go v1.1.0
go: downloading github.com/x448/float16 v0.8.4
go: downloading go.yaml.in/yaml/v3 v3.0.5
go: downloading github.com/json-iterator/go v1.1.12
go: downloading golang.org/x/mod v0.40.0
go: downloading github.com/modern-go/reflect2 v1.0.3-0.20250322232337-35a7c28c31ee
go: downloading github.com/modern-go/concurrent v0.0.0-20180306012644-bacd9c7ef1dd
go: downloading github.com/go-openapi/swag v0.27.1
go: downloading github.com/go-openapi/jsonreference v1.0.0
go: downloading github.com/emicklei/go-restful/v3 v3.13.0
go: downloading github.com/go-openapi/jsonpointer v1.0.0
go: downloading github.com/go-openapi/swag/yamlutils v0.27.1
go: downloading github.com/go-openapi/swag/jsonutils v0.27.1
go: downloading github.com/go-openapi/swag/mangling v0.27.1
go: downloading github.com/go-openapi/swag/loading v0.27.1
go: downloading github.com/go-openapi/swag/netutils v0.27.1
go: downloading github.com/go-openapi/swag/stringutils v0.27.1
go: downloading github.com/go-openapi/swag/typeutils v0.27.1
go: downloading github.com/go-openapi/swag/cmdutils v0.27.1
go: downloading github.com/go-openapi/swag/fileutils v0.27.1
go: downloading github.com/go-openapi/swag/conv v0.27.1
go: downloading github.com/moby/sys/capability v0.4.0
go: downloading github.com/go-openapi/swag/pools v0.27.1
go: downloading golang.org/x/text v0.41.0
# github.com/NVIDIA/go-nvml/pkg/nvml
cgo-gcc-prolog: In function ‘_cgo_3b745593b9e8_Cfunc_nvmlDeviceFreezeNvLinkUtilizationCounter’:
cgo-gcc-prolog:263:2: warning: ‘nvmlDeviceFreezeNvLinkUtilizationCounter’ is deprecated [-Wdeprecated-declarations]
In file included from ../../../go/pkg/mod/github.com/!n!v!i!d!i!a/go-nvml@v0.13.3-1/pkg/nvml/nvml.go:24:
../../../go/pkg/mod/github.com/!n!v!i!d!i!a/go-nvml@v0.13.3-1/pkg/nvml/nvml.h:9722:39: note: declared here
 9722 | DEPRECATED(13.0) nvmlReturn_t DECLDIR nvmlDeviceFreezeNvLinkUtilizationCounter (nvmlDevice_t device, unsigned int link,
      |                                       ^~~~~~~~~~~~~~~~~~~~~~~~~~~~~~~~~~~~~~~~
cgo-gcc-prolog: In function ‘_cgo_3b745593b9e8_Cfunc_nvmlDeviceGetApplicationsClock’:
cgo-gcc-prolog:471:2: warning: ‘nvmlDeviceGetApplicationsClock’ is deprecated [-Wdeprecated-declarations]
In file included from ../../../go/pkg/mod/github.com/!n!v!i!d!i!a/go-nvml@v0.13.3-1/pkg/nvml/nvml.go:24:
../../../go/pkg/mod/github.com/!n!v!i!d!i!a/go-nvml@v0.13.3-1/pkg/nvml/nvml.h:5693:39: note: declared here
 5693 | DEPRECATED(13.0) nvmlReturn_t DECLDIR nvmlDeviceGetApplicationsClock(nvmlDevice_t device, nvmlClockType_t clockType, unsigned int *clockMHz);
      |                                       ^~~~~~~~~~~~~~~~~~~~~~~~~~~~~~
cgo-gcc-prolog: In function ‘_cgo_3b745593b9e8_Cfunc_nvmlDeviceGetCurrentClocksThrottleReasons’:
cgo-gcc-prolog:1247:2: warning: ‘nvmlDeviceGetCurrentClocksThrottleReasons’ is deprecated [-Wdeprecated-declarations]
In file included from ../../../go/pkg/mod/github.com/!n!v!i!d!i!a/go-nvml@v0.13.3-1/pkg/nvml/nvml.go:24:
../../../go/pkg/mod/github.com/!n!v!i!d!i!a/go-nvml@v0.13.3-1/pkg/nvml/nvml.h:6147:39: note: declared here
 6147 | DEPRECATED(13.0) nvmlReturn_t DECLDIR nvmlDeviceGetCurrentClocksThrottleReasons(nvmlDevice_t device, unsigned long long *clocksThrottleReasons);
      |                                       ^~~~~~~~~~~~~~~~~~~~~~~~~~~~~~~~~~~~~~~~~
cgo-gcc-prolog: In function ‘_cgo_3b745593b9e8_Cfunc_nvmlDeviceGetDefaultApplicationsClock’:
cgo-gcc-prolog:1290:2: warning: ‘nvmlDeviceGetDefaultApplicationsClock’ is deprecated [-Wdeprecated-declarations]
In file included from ../../../go/pkg/mod/github.com/!n!v!i!d!i!a/go-nvml@v0.13.3-1/pkg/nvml/nvml.go:24:
../../../go/pkg/mod/github.com/!n!v!i!d!i!a/go-nvml@v0.13.3-1/pkg/nvml/nvml.h:5698:39: note: declared here
 5698 | DEPRECATED(13.0) nvmlReturn_t DECLDIR nvmlDeviceGetDefaultApplicationsClock(nvmlDevice_t device, nvmlClockType_t clockType, unsigned int *clockMHz);
      |                                       ^~~~~~~~~~~~~~~~~~~~~~~~~~~~~~~~~~~~~
cgo-gcc-prolog: In function ‘_cgo_3b745593b9e8_Cfunc_nvmlDeviceGetDetailedEccErrors’:
cgo-gcc-prolog:1332:2: warning: ‘nvmlDeviceGetDetailedEccErrors’ is deprecated [-Wdeprecated-declarations]
In file included from ../../../go/pkg/mod/github.com/!n!v!i!d!i!a/go-nvml@v0.13.3-1/pkg/nvml/nvml.go:24:
../../../go/pkg/mod/github.com/!n!v!i!d!i!a/go-nvml@v0.13.3-1/pkg/nvml/nvml.h:7045:39: note: declared here
 7045 | DEPRECATED(13.0) nvmlReturn_t DECLDIR nvmlDeviceGetDetailedEccErrors(nvmlDevice_t device, nvmlMemoryErrorType_t errorType, nvmlEccCounterType_t counterType, nvmlEccErrorCounts_t *eccCounts);
      |                                       ^~~~~~~~~~~~~~~~~~~~~~~~~~~~~~
cgo-gcc-prolog: In function ‘_cgo_3b745593b9e8_Cfunc_nvmlDeviceGetGpuFabricInfo’:
cgo-gcc-prolog:1810:2: warning: ‘nvmlDeviceGetGpuFabricInfo’ is deprecated [-Wdeprecated-declarations]
In file included from ../../../go/pkg/mod/github.com/!n!v!i!d!i!a/go-nvml@v0.13.3-1/pkg/nvml/nvml.go:24:
../../../go/pkg/mod/github.com/!n!v!i!d!i!a/go-nvml@v0.13.3-1/pkg/nvml/nvml.h:7850:39: note: declared here
 7850 | DEPRECATED(13.0) nvmlReturn_t DECLDIR nvmlDeviceGetGpuFabricInfo(nvmlDevice_t device, nvmlGpuFabricInfo_t *gpuFabricInfo);
      |                                       ^~~~~~~~~~~~~~~~~~~~~~~~~~
cgo-gcc-prolog: In function ‘_cgo_3b745593b9e8_Cfunc_nvmlDeviceGetHandleBySerial’:
cgo-gcc-prolog:2356:2: warning: ‘nvmlDeviceGetHandleBySerial’ is deprecated [-Wdeprecated-declarations]
In file included from ../../../go/pkg/mod/github.com/!n!v!i!d!i!a/go-nvml@v0.13.3-1/pkg/nvml/nvml.go:24:
../../../go/pkg/mod/github.com/!n!v!i!d!i!a/go-nvml@v0.13.3-1/pkg/nvml/nvml.h:4696:39: note: declared here
 4696 | DEPRECATED(13.0) nvmlReturn_t DECLDIR nvmlDeviceGetHandleBySerial(const char *serial, nvmlDevice_t *device);
      |                                       ^~~~~~~~~~~~~~~~~~~~~~~~~~~
cgo-gcc-prolog: In function ‘_cgo_3b745593b9e8_Cfunc_nvmlDeviceGetNvLinkUtilizationControl’:
cgo-gcc-prolog:3323:2: warning: ‘nvmlDeviceGetNvLinkUtilizationControl’ is deprecated [-Wdeprecated-declarations]
In file included from ../../../go/pkg/mod/github.com/!n!v!i!d!i!a/go-nvml@v0.13.3-1/pkg/nvml/nvml.go:24:
../../../go/pkg/mod/github.com/!n!v!i!d!i!a/go-nvml@v0.13.3-1/pkg/nvml/nvml.h:9672:39: note: declared here
 9672 | DEPRECATED(13.0) nvmlReturn_t DECLDIR nvmlDeviceGetNvLinkUtilizationControl(nvmlDevice_t device, unsigned int link, unsigned int counter,
      |                                       ^~~~~~~~~~~~~~~~~~~~~~~~~~~~~~~~~~~~~
cgo-gcc-prolog: In function ‘_cgo_3b745593b9e8_Cfunc_nvmlDeviceGetNvLinkUtilizationCounter’:
cgo-gcc-prolog:3346:2: warning: ‘nvmlDeviceGetNvLinkUtilizationCounter’ is deprecated [-Wdeprecated-declarations]
In file included from ../../../go/pkg/mod/github.com/!n!v!i!d!i!a/go-nvml@v0.13.3-1/pkg/nvml/nvml.go:24:
../../../go/pkg/mod/github.com/!n!v!i!d!i!a/go-nvml@v0.13.3-1/pkg/nvml/nvml.h:9698:39: note: declared here
 9698 | DEPRECATED(13.0) nvmlReturn_t DECLDIR nvmlDeviceGetNvLinkUtilizationCounter(nvmlDevice_t device, unsigned int link, unsigned int counter,
      |                                       ^~~~~~~~~~~~~~~~~~~~~~~~~~~~~~~~~~~~~
cgo-gcc-prolog: In function ‘_cgo_3b745593b9e8_Cfunc_nvmlDeviceGetPowerManagementMode’:
cgo-gcc-prolog:3816:2: warning: ‘nvmlDeviceGetPowerManagementMode’ is deprecated [-Wdeprecated-declarations]
In file included from ../../../go/pkg/mod/github.com/!n!v!i!d!i!a/go-nvml@v0.13.3-1/pkg/nvml/nvml.go:24:
../../../go/pkg/mod/github.com/!n!v!i!d!i!a/go-nvml@v0.13.3-1/pkg/nvml/nvml.h:6488:39: note: declared here
 6488 | DEPRECATED(13.0) nvmlReturn_t DECLDIR nvmlDeviceGetPowerManagementMode(nvmlDevice_t device, nvmlEnableState_t *mode);
      |                                       ^~~~~~~~~~~~~~~~~~~~~~~~~~~~~~~~
cgo-gcc-prolog: In function ‘_cgo_3b745593b9e8_Cfunc_nvmlDeviceGetPowerState’:
cgo-gcc-prolog:3876:2: warning: ‘nvmlDeviceGetPowerState’ is deprecated [-Wdeprecated-declarations]
In file included from ../../../go/pkg/mod/github.com/!n!v!i!d!i!a/go-nvml@v0.13.3-1/pkg/nvml/nvml.go:24:
../../../go/pkg/mod/github.com/!n!v!i!d!i!a/go-nvml@v0.13.3-1/pkg/nvml/nvml.h:6198:39: note: declared here
 6198 | DEPRECATED(13.0) nvmlReturn_t DECLDIR nvmlDeviceGetPowerState(nvmlDevice_t device, nvmlPstates_t *pState);
      |                                       ^~~~~~~~~~~~~~~~~~~~~~~
cgo-gcc-prolog: In function ‘_cgo_3b745593b9e8_Cfunc_nvmlDeviceGetSupportedClocksThrottleReasons’:
cgo-gcc-prolog:4235:2: warning: ‘nvmlDeviceGetSupportedClocksThrottleReasons’ is deprecated [-Wdeprecated-declarations]
In file included from ../../../go/pkg/mod/github.com/!n!v!i!d!i!a/go-nvml@v0.13.3-1/pkg/nvml/nvml.go:24:
../../../go/pkg/mod/github.com/!n!v!i!d!i!a/go-nvml@v0.13.3-1/pkg/nvml/nvml.h:6176:39: note: declared here
 6176 | DEPRECATED(13.0) nvmlReturn_t DECLDIR nvmlDeviceGetSupportedClocksThrottleReasons(nvmlDevice_t device, unsigned long long *supportedClocksThrottleReasons);
      |                                       ^~~~~~~~~~~~~~~~~~~~~~~~~~~~~~~~~~~~~~~~~~~
cgo-gcc-prolog: In function ‘_cgo_3b745593b9e8_Cfunc_nvmlDeviceGetTemperature’:
cgo-gcc-prolog:4386:2: warning: ‘nvmlDeviceGetTemperature’ is deprecated [-Wdeprecated-declarations]
In file included from ../../../go/pkg/mod/github.com/!n!v!i!d!i!a/go-nvml@v0.13.3-1/pkg/nvml/nvml.go:24:
../../../go/pkg/mod/github.com/!n!v!i!d!i!a/go-nvml@v0.13.3-1/pkg/nvml/nvml.h:5979:39: note: declared here
 5979 | DEPRECATED(13.0) nvmlReturn_t DECLDIR nvmlDeviceGetTemperature(nvmlDevice_t device, nvmlTemperatureSensors_t sensorType, unsigned int *temp);
      |                                       ^~~~~~~~~~~~~~~~~~~~~~~~
cgo-gcc-prolog: In function ‘_cgo_3b745593b9e8_Cfunc_nvmlDeviceGetVgpuSchedulerLog’:
cgo-gcc-prolog:4785:2: warning: ‘nvmlDeviceGetVgpuSchedulerLog’ is deprecated [-Wdeprecated-declarations]
In file included from ../../../go/pkg/mod/github.com/!n!v!i!d!i!a/go-nvml@v0.13.3-1/pkg/nvml/nvml.go:24:
../../../go/pkg/mod/github.com/!n!v!i!d!i!a/go-nvml@v0.13.3-1/pkg/nvml/nvml.h:11859:39: note: declared here
11859 | DEPRECATED(13.0) nvmlReturn_t DECLDIR nvmlDeviceGetVgpuSchedulerLog(nvmlDevice_t device, nvmlVgpuSchedulerLog_t *pSchedulerLog);
      |                                       ^~~~~~~~~~~~~~~~~~~~~~~~~~~~~
cgo-gcc-prolog: In function ‘_cgo_3b745593b9e8_Cfunc_nvmlDeviceGetVgpuSchedulerState’:
cgo-gcc-prolog:4825:2: warning: ‘nvmlDeviceGetVgpuSchedulerState’ is deprecated [-Wdeprecated-declarations]
In file included from ../../../go/pkg/mod/github.com/!n!v!i!d!i!a/go-nvml@v0.13.3-1/pkg/nvml/nvml.go:24:
../../../go/pkg/mod/github.com/!n!v!i!d!i!a/go-nvml@v0.13.3-1/pkg/nvml/nvml.h:11878:39: note: declared here
11878 | DEPRECATED(13.0) nvmlReturn_t DECLDIR nvmlDeviceGetVgpuSchedulerState(nvmlDevice_t device, nvmlVgpuSchedulerGetState_t *pSchedulerState);
      |                                       ^~~~~~~~~~~~~~~~~~~~~~~~~~~~~~~
cgo-gcc-prolog: In function ‘_cgo_3b745593b9e8_Cfunc_nvmlDeviceGetViolationStatus’:
cgo-gcc-prolog:4934:2: warning: ‘nvmlDeviceGetViolationStatus’ is deprecated [-Wdeprecated-declarations]
In file included from ../../../go/pkg/mod/github.com/!n!v!i!d!i!a/go-nvml@v0.13.3-1/pkg/nvml/nvml.go:24:
../../../go/pkg/mod/github.com/!n!v!i!d!i!a/go-nvml@v0.13.3-1/pkg/nvml/nvml.h:7696:39: note: declared here
 7696 | DEPRECATED(13.0) nvmlReturn_t DECLDIR nvmlDeviceGetViolationStatus(nvmlDevice_t device, nvmlPerfPolicyType_t perfPolicyType, nvmlViolationTime_t *violTime);
      |                                       ^~~~~~~~~~~~~~~~~~~~~~~~~~~~
cgo-gcc-prolog: In function ‘_cgo_3b745593b9e8_Cfunc_nvmlDeviceResetApplicationsClocks’:
cgo-gcc-prolog:5216:2: warning: ‘nvmlDeviceResetApplicationsClocks’ is deprecated [-Wdeprecated-declarations]
In file included from ../../../go/pkg/mod/github.com/!n!v!i!d!i!a/go-nvml@v0.13.3-1/pkg/nvml/nvml.go:24:
../../../go/pkg/mod/github.com/!n!v!i!d!i!a/go-nvml@v0.13.3-1/pkg/nvml/nvml.h:9053:39: note: declared here
 9053 | DEPRECATED(13.0) nvmlReturn_t DECLDIR nvmlDeviceResetApplicationsClocks(nvmlDevice_t device);
      |                                       ^~~~~~~~~~~~~~~~~~~~~~~~~~~~~~~~~
cgo-gcc-prolog: In function ‘_cgo_3b745593b9e8_Cfunc_nvmlDeviceResetNvLinkUtilizationCounter’:
cgo-gcc-prolog:5296:2: warning: ‘nvmlDeviceResetNvLinkUtilizationCounter’ is deprecated [-Wdeprecated-declarations]
In file included from ../../../go/pkg/mod/github.com/!n!v!i!d!i!a/go-nvml@v0.13.3-1/pkg/nvml/nvml.go:24:
../../../go/pkg/mod/github.com/!n!v!i!d!i!a/go-nvml@v0.13.3-1/pkg/nvml/nvml.h:9744:39: note: declared here
 9744 | DEPRECATED(13.0) nvmlReturn_t DECLDIR nvmlDeviceResetNvLinkUtilizationCounter (nvmlDevice_t device, unsigned int link, unsigned int counter);
      |                                       ^~~~~~~~~~~~~~~~~~~~~~~~~~~~~~~~~~~~~~~
cgo-gcc-prolog: In function ‘_cgo_3b745593b9e8_Cfunc_nvmlDeviceSetApplicationsClocks’:
cgo-gcc-prolog:5359:2: warning: ‘nvmlDeviceSetApplicationsClocks’ is deprecated [-Wdeprecated-declarations]
In file included from ../../../go/pkg/mod/github.com/!n!v!i!d!i!a/go-nvml@v0.13.3-1/pkg/nvml/nvml.go:24:
../../../go/pkg/mod/github.com/!n!v!i!d!i!a/go-nvml@v0.13.3-1/pkg/nvml/nvml.h:9045:39: note: declared here
 9045 | DEPRECATED(13.0) nvmlReturn_t DECLDIR nvmlDeviceSetApplicationsClocks(nvmlDevice_t device, unsigned int memClockMHz, unsigned int graphicsClockMHz);
      |                                       ^~~~~~~~~~~~~~~~~~~~~~~~~~~~~~~
cgo-gcc-prolog: In function ‘_cgo_3b745593b9e8_Cfunc_nvmlDeviceSetGpcClkVfOffset’:
cgo-gcc-prolog:5627:2: warning: ‘nvmlDeviceSetGpcClkVfOffset’ is deprecated [-Wdeprecated-declarations]
In file included from ../../../go/pkg/mod/github.com/!n!v!i!d!i!a/go-nvml@v0.13.3-1/pkg/nvml/nvml.go:24:
../../../go/pkg/mod/github.com/!n!v!i!d!i!a/go-nvml@v0.13.3-1/pkg/nvml/nvml.h:9303:39: note: declared here
 9303 | DEPRECATED(13.0) nvmlReturn_t DECLDIR nvmlDeviceSetGpcClkVfOffset(nvmlDevice_t device, int offset);
      |                                       ^~~~~~~~~~~~~~~~~~~~~~~~~~~
cgo-gcc-prolog: In function ‘_cgo_3b745593b9e8_Cfunc_nvmlDeviceSetMemClkVfOffset’:
cgo-gcc-prolog:5710:2: warning: ‘nvmlDeviceSetMemClkVfOffset’ is deprecated [-Wdeprecated-declarations]
In file included from ../../../go/pkg/mod/github.com/!n!v!i!d!i!a/go-nvml@v0.13.3-1/pkg/nvml/nvml.go:24:
../../../go/pkg/mod/github.com/!n!v!i!d!i!a/go-nvml@v0.13.3-1/pkg/nvml/nvml.h:9321:39: note: declared here
 9321 | DEPRECATED(13.0) nvmlReturn_t DECLDIR nvmlDeviceSetMemClkVfOffset(nvmlDevice_t device, int offset);
      |                                       ^~~~~~~~~~~~~~~~~~~~~~~~~~~
cgo-gcc-prolog: In function ‘_cgo_3b745593b9e8_Cfunc_nvmlDeviceSetNvLinkUtilizationControl’:
cgo-gcc-prolog:5797:2: warning: ‘nvmlDeviceSetNvLinkUtilizationControl’ is deprecated [-Wdeprecated-declarations]
In file included from ../../../go/pkg/mod/github.com/!n!v!i!d!i!a/go-nvml@v0.13.3-1/pkg/nvml/nvml.go:24:
../../../go/pkg/mod/github.com/!n!v!i!d!i!a/go-nvml@v0.13.3-1/pkg/nvml/nvml.h:9649:39: note: declared here
 9649 | DEPRECATED(13.0) nvmlReturn_t DECLDIR nvmlDeviceSetNvLinkUtilizationControl(nvmlDevice_t device, unsigned int link, unsigned int counter,
      |                                       ^~~~~~~~~~~~~~~~~~~~~~~~~~~~~~~~~~~~~
cgo-gcc-prolog: In function ‘_cgo_3b745593b9e8_Cfunc_nvmlDeviceSetVgpuSchedulerState’:
cgo-gcc-prolog:6002:2: warning: ‘nvmlDeviceSetVgpuSchedulerState’ is deprecated [-Wdeprecated-declarations]
In file included from ../../../go/pkg/mod/github.com/!n!v!i!d!i!a/go-nvml@v0.13.3-1/pkg/nvml/nvml.go:24:
../../../go/pkg/mod/github.com/!n!v!i!d!i!a/go-nvml@v0.13.3-1/pkg/nvml/nvml.h:11905:39: note: declared here
11905 | DEPRECATED(13.0) nvmlReturn_t DECLDIR nvmlDeviceSetVgpuSchedulerState(nvmlDevice_t device, nvmlVgpuSchedulerSetState_t *pSchedulerState);
      |                                       ^~~~~~~~~~~~~~~~~~~~~~~~~~~~~~~
cgo-gcc-prolog: In function ‘_cgo_3b745593b9e8_Cfunc_nvmlDeviceWorkloadPowerProfileClearRequestedProfiles’:
cgo-gcc-prolog:6101:2: warning: ‘nvmlDeviceWorkloadPowerProfileClearRequestedProfiles’ is deprecated [-Wdeprecated-declarations]
In file included from ../../../go/pkg/mod/github.com/!n!v!i!d!i!a/go-nvml@v0.13.3-1/pkg/nvml/nvml.go:24:
../../../go/pkg/mod/github.com/!n!v!i!d!i!a/go-nvml@v0.13.3-1/pkg/nvml/nvml.h:14284:39: note: declared here
14284 | DEPRECATED(13.1) nvmlReturn_t DECLDIR nvmlDeviceWorkloadPowerProfileClearRequestedProfiles(nvmlDevice_t device,
      |                                       ^~~~~~~~~~~~~~~~~~~~~~~~~~~~~~~~~~~~~~~~~~~~~~~~~~~~
cgo-gcc-prolog: In function ‘_cgo_3b745593b9e8_Cfunc_nvmlDeviceWorkloadPowerProfileSetRequestedProfiles’:
cgo-gcc-prolog:6161:2: warning: ‘nvmlDeviceWorkloadPowerProfileSetRequestedProfiles’ is deprecated [-Wdeprecated-declarations]
In file included from ../../../go/pkg/mod/github.com/!n!v!i!d!i!a/go-nvml@v0.13.3-1/pkg/nvml/nvml.go:24:
../../../go/pkg/mod/github.com/!n!v!i!d!i!a/go-nvml@v0.13.3-1/pkg/nvml/nvml.h:14258:39: note: declared here
14258 | DEPRECATED(13.1) nvmlReturn_t DECLDIR nvmlDeviceWorkloadPowerProfileSetRequestedProfiles(nvmlDevice_t device,
      |                                       ^~~~~~~~~~~~~~~~~~~~~~~~~~~~~~~~~~~~~~~~~~~~~~~~~~
cgo-gcc-prolog: In function ‘_cgo_3b745593b9e8_Cfunc_nvmlGpuInstanceGetVgpuSchedulerLog’:
cgo-gcc-prolog:6842:2: warning: ‘nvmlGpuInstanceGetVgpuSchedulerLog’ is deprecated [-Wdeprecated-declarations]
In file included from ../../../go/pkg/mod/github.com/!n!v!i!d!i!a/go-nvml@v0.13.3-1/pkg/nvml/nvml.go:24:
../../../go/pkg/mod/github.com/!n!v!i!d!i!a/go-nvml@v0.13.3-1/pkg/nvml/nvml.h:11453:39: note: declared here
11453 | DEPRECATED(13.0) nvmlReturn_t DECLDIR nvmlGpuInstanceGetVgpuSchedulerLog(nvmlGpuInstance_t gpuInstance, nvmlVgpuSchedulerLogInfo_t *pSchedulerLogInfo);
      |                                       ^~~~~~~~~~~~~~~~~~~~~~~~~~~~~~~~~~
cgo-gcc-prolog: In function ‘_cgo_3b745593b9e8_Cfunc_nvmlGpuInstanceGetVgpuSchedulerState’:
cgo-gcc-prolog:6882:2: warning: ‘nvmlGpuInstanceGetVgpuSchedulerState’ is deprecated [-Wdeprecated-declarations]
In file included from ../../../go/pkg/mod/github.com/!n!v!i!d!i!a/go-nvml@v0.13.3-1/pkg/nvml/nvml.go:24:
../../../go/pkg/mod/github.com/!n!v!i!d!i!a/go-nvml@v0.13.3-1/pkg/nvml/nvml.h:11428:39: note: declared here
11428 | DEPRECATED(13.0) nvmlReturn_t DECLDIR nvmlGpuInstanceGetVgpuSchedulerState(nvmlGpuInstance_t gpuInstance, nvmlVgpuSchedulerStateInfo_t *pSchedulerStateInfo);
      |                                       ^~~~~~~~~~~~~~~~~~~~~~~~~~~~~~~~~~~~
cgo-gcc-prolog: In function ‘_cgo_3b745593b9e8_Cfunc_nvmlGpuInstanceSetVgpuSchedulerState’:
cgo-gcc-prolog:6962:2: warning: ‘nvmlGpuInstanceSetVgpuSchedulerState’ is deprecated [-Wdeprecated-declarations]
In file included from ../../../go/pkg/mod/github.com/!n!v!i!d!i!a/go-nvml@v0.13.3-1/pkg/nvml/nvml.go:24:
../../../go/pkg/mod/github.com/!n!v!i!d!i!a/go-nvml@v0.13.3-1/pkg/nvml/nvml.h:11406:39: note: declared here
11406 | DEPRECATED(13.0) nvmlReturn_t DECLDIR nvmlGpuInstanceSetVgpuSchedulerState(nvmlGpuInstance_t gpuInstance, nvmlVgpuSchedulerState_t *pScheduler);
      |                                       ^~~~~~~~~~~~~~~~~~~~~~~~~~~~~~~~~~~~
cgo-gcc-prolog: In function ‘_cgo_3b745593b9e8_Cfunc_nvmlVgpuInstanceGetLicenseStatus’:
cgo-gcc-prolog:8055:2: warning: ‘nvmlVgpuInstanceGetLicenseStatus’ is deprecated [-Wdeprecated-declarations]
In file included from ../../../go/pkg/mod/github.com/!n!v!i!d!i!a/go-nvml@v0.13.3-1/pkg/nvml/nvml.go:24:
../../../go/pkg/mod/github.com/!n!v!i!d!i!a/go-nvml@v0.13.3-1/pkg/nvml/nvml.h:11031:39: note: declared here
11031 | DEPRECATED(13.0) nvmlReturn_t DECLDIR nvmlVgpuInstanceGetLicenseStatus(nvmlVgpuInstance_t vgpuInstance, unsigned int *licensed);
      |                                       ^~~~~~~~~~~~~~~~~~~~~~~~~~~~~~~~
go build -ldflags '-s -w -X github.com/Project-HAMi/HAMi/pkg/version.version=v0.0.1 -X github.com/Project-HAMi/HAMi/pkg/device-plugin/nvidiadevice/nvinternal/info.version=v0.0.1 -X github.com/Project-HAMi/HAMi/pkg/version.revision=f47cd28 -X github.com/Project-HAMi/HAMi/pkg/version.buildDate=20260905-20:26:59' -o bin/vGPUmonitor ./cmd/vGPUmonitor
go: downloading github.com/imdario/mergo v0.3.16
go: downloading google.golang.org/grpc v1.83.2
go: downloading k8s.io/kubelet v0.37.0
go: downloading github.com/NVIDIA/nvidia-container-toolkit v1.20.0
go: downloading github.com/sirupsen/logrus v1.10.2
go: downloading github.com/NVIDIA/go-gpuallocator v0.6.0
go: downloading github.com/opencontainers/runc v1.5.0
go: downloading github.com/opencontainers/cgroups v0.0.7
go: downloading github.com/moby/sys/devices v0.1.0
go: downloading google.golang.org/genproto/googleapis/rpc v0.0.0-20260526163538-3dc84a4a5aaa
go build -ldflags '-s -w -X github.com/Project-HAMi/HAMi/pkg/version.version=v0.0.1 -X github.com/Project-HAMi/HAMi/pkg/device-plugin/nvidiadevice/nvinternal/info.version=v0.0.1 -X github.com/Project-HAMi/HAMi/pkg/version.revision=f47cd28 -X github.com/Project-HAMi/HAMi/pkg/version.buildDate=20260905-20:27:06' -o bin/nvidia-device-plugin ./cmd/device-plugin/nvidia
