cd backend && go build -trimpath -ldflags="-s -w -X github.com/kubernetes-sigs/headlamp/backend/pkg/kubeconfig.Version=0.45.0 -X 'github.com/kubernetes-sigs/headlamp/backend/pkg/kubeconfig.AppName=Headlamp'" -o ./headlamp-server ./cmd
go: downloading go1.26.7 (linux/amd64)
go: downloading github.com/gorilla/websocket v1.5.4-0.20250319132907-e064f32e3674
go: downloading github.com/coreos/go-oidc/v3 v3.18.0
go: downloading github.com/cli/browser v1.3.0
go: downloading github.com/gobwas/glob v0.2.3
go: downloading github.com/google/uuid v1.6.0
go: downloading github.com/gorilla/handlers v1.5.2
go: downloading github.com/gorilla/mux v1.8.1
go: downloading github.com/prometheus/client_golang v1.23.2
go: downloading go.opentelemetry.io/otel v1.44.0
go: downloading go.opentelemetry.io/otel/trace v1.44.0
go: downloading golang.org/x/oauth2 v0.36.0
go: downloading k8s.io/api v0.36.1
go: downloading k8s.io/apimachinery v0.36.1
go: downloading k8s.io/client-go v0.36.1
go: downloading github.com/knadh/koanf v1.5.0
go: downloading sigs.k8s.io/cluster-inventory-api v0.1.3
go: downloading github.com/rs/zerolog v1.35.1
go: downloading github.com/fsnotify/fsnotify v1.10.1
go: downloading github.com/jmespath/go-jmespath v0.4.0
go: downloading k8s.io/streaming v0.36.1
go: downloading github.com/go-playground/validator/v10 v10.30.3
go: downloading github.com/gofrs/flock v0.13.0
go: downloading github.com/gorilla/schema v1.4.1
go: downloading helm.sh/helm/v3 v3.21.0
go: downloading k8s.io/cli-runtime v0.36.1
go: downloading sigs.k8s.io/yaml v1.6.0
go: downloading gopkg.in/yaml.v2 v2.4.0
go: downloading go.opentelemetry.io/contrib/instrumentation/net/http/otelhttp v0.69.0
go: downloading go.opentelemetry.io/otel/exporters/otlp/otlptrace v1.44.0
go: downloading go.opentelemetry.io/otel/exporters/otlp/otlptrace/otlptracegrpc v1.44.0
go: downloading go.opentelemetry.io/otel/exporters/otlp/otlptrace/otlptracehttp v1.44.0
go: downloading go.opentelemetry.io/otel/exporters/prometheus v0.66.0
go: downloading go.opentelemetry.io/otel/exporters/stdout/stdouttrace v1.44.0
go: downloading go.opentelemetry.io/otel/metric v1.44.0
go: downloading go.opentelemetry.io/otel/sdk/metric v1.44.0
go: downloading go.opentelemetry.io/otel/sdk v1.44.0
go: downloading github.com/felixge/httpsnoop v1.0.4
go: downloading golang.org/x/net v0.56.0
go: downloading github.com/go-jose/go-jose/v4 v4.1.4
go: downloading github.com/prometheus/client_model v0.6.2
go: downloading github.com/mitchellh/copystructure v1.2.0
go: downloading github.com/prometheus/common v0.68.0
go: downloading github.com/mitchellh/mapstructure v1.5.0
go: downloading gopkg.in/yaml.v3 v3.0.1
go: downloading k8s.io/klog/v2 v2.140.0
go: downloading sigs.k8s.io/controller-runtime v0.24.1
go: downloading k8s.io/utils v0.0.0-20260507154919-ff6756f316d2
go: downloading sigs.k8s.io/randfill v1.0.0
go: downloading k8s.io/kube-openapi v0.0.0-20260520065146-aa012df4f4af
go: downloading sigs.k8s.io/structured-merge-diff/v6 v6.4.0
go: downloading golang.org/x/sys v0.46.0
go: downloading github.com/mattn/go-colorable v0.1.15
go: downloading github.com/gabriel-vasile/mimetype v1.4.13
go: downloading github.com/go-playground/universal-translator v0.18.1
go: downloading github.com/leodido/go-urn v1.4.0
go: downloading golang.org/x/crypto v0.53.0
go: downloading golang.org/x/text v0.39.0
go: downloading github.com/Masterminds/semver/v3 v3.5.0
go: downloading github.com/pkg/errors v0.9.1
go: downloading github.com/Masterminds/squirrel v1.5.4
go: downloading github.com/jmoiron/sqlx v1.4.0
go: downloading github.com/lib/pq v1.12.3
go: downloading github.com/rubenv/sql-migrate v1.8.1
go: downloading github.com/Masterminds/sprig/v3 v3.3.0
go: downloading github.com/gosuri/uitable v0.0.4
go: downloading golang.org/x/term v0.44.0
go: downloading github.com/spf13/pflag v1.0.10
go: downloading go.yaml.in/yaml/v2 v2.4.4
go: downloading github.com/spf13/cobra v1.10.2
go: downloading gopkg.in/evanphx/json-patch.v4 v4.13.0
go: downloading github.com/go-logr/logr v1.4.3
go: downloading go.opentelemetry.io/proto/otlp v1.10.0
go: downloading google.golang.org/genproto/googleapis/rpc v0.0.0-20260526163538-3dc84a4a5aaa
go: downloading google.golang.org/grpc v1.82.1
go: downloading google.golang.org/protobuf v1.36.12-0.20260120151049-f2248ac996af
go: downloading github.com/prometheus/otlptranslator v1.0.0
go: downloading github.com/munnerz/goautoneg v0.0.0-20191010083416-a7dc8b61c822
go: downloading github.com/google/gnostic-models v0.7.1
go: downloading github.com/beorn7/perks v1.0.1
go: downloading github.com/cespare/xxhash/v2 v2.3.0
go: downloading github.com/prometheus/procfs v0.20.1
go: downloading golang.org/x/time v0.15.0
go: downloading gopkg.in/inf.v0 v0.9.1
go: downloading sigs.k8s.io/json v0.0.0-20250730193827-2d320260d730
go: downloading github.com/mitchellh/reflectwalk v1.0.2
go: downloading github.com/mattn/go-isatty v0.0.22
go: downloading github.com/go-playground/locales v0.14.1
go: downloading github.com/containerd/containerd v1.7.33
go: downloading github.com/opencontainers/image-spec v1.1.1
go: downloading oras.land/oras-go/v2 v2.6.2
go: downloading github.com/lann/builder v0.0.0-20180802200727-47ae307949d0
go: downloading github.com/go-gorp/gorp/v3 v3.1.0
go: downloading github.com/cyphar/filepath-securejoin v0.6.1
go: downloading github.com/santhosh-tekuri/jsonschema/v6 v6.0.2
go: downloading k8s.io/apiextensions-apiserver v0.36.1
go: downloading github.com/BurntSushi/toml v1.6.0
go: downloading github.com/evanphx/json-patch v5.9.11+incompatible
go: downloading github.com/hashicorp/go-multierror v1.1.1
go: downloading k8s.io/kubectl v0.36.1
go: downloading github.com/liggitt/tabwriter v0.0.0-20181228230101-89fcab3d43de
go: downloading github.com/moby/term v0.5.2
go: downloading golang.org/x/sync v0.22.0
go: downloading sigs.k8s.io/kustomize/api v0.21.1
go: downloading sigs.k8s.io/kustomize/kyaml v0.21.1
go: downloading github.com/fatih/color v1.19.0
go: downloading dario.cat/mergo v1.0.2
go: downloading github.com/Masterminds/goutils v1.1.1
go: downloading github.com/huandu/xstrings v1.5.0
go: downloading github.com/shopspring/decimal v1.4.0
go: downloading github.com/spf13/cast v1.10.0
go: downloading github.com/peterbourgon/diskv v2.0.1+incompatible
go: downloading github.com/go-logr/stdr v1.2.2
go: downloading go.opentelemetry.io/auto/sdk v1.2.1
go: downloading github.com/cenkalti/backoff/v5 v5.0.3
go: downloading github.com/json-iterator/go v1.1.12
go: downloading github.com/grpc-ecosystem/grpc-gateway/v2 v2.29.0
go: downloading github.com/fxamacker/cbor/v2 v2.9.2
go: downloading github.com/moby/spdystream v0.5.1
go: downloading github.com/pmezard/go-difflib v1.0.1-0.20181226105442-5d4384ee4fb2
go: downloading go.yaml.in/yaml/v3 v3.0.4
go: downloading github.com/opencontainers/go-digest v1.0.0
go: downloading github.com/lann/ps v0.0.0-20150810152359-62de8c46ede0
go: downloading github.com/asaskevich/govalidator v0.0.0-20230301143203-a9d515a09cc2
go: downloading k8s.io/apiserver v0.36.1
go: downloading github.com/hashicorp/errwrap v1.1.0
go: downloading github.com/go-openapi/swag v0.26.0
go: downloading github.com/go-openapi/jsonreference v0.21.6
go: downloading github.com/mattn/go-runewidth v0.0.24
go: downloading github.com/davecgh/go-spew v1.1.2-0.20180830191138-d8f796af33cc
go: downloading github.com/google/btree v1.1.3
go: downloading github.com/modern-go/concurrent v0.0.0-20180306012644-bacd9c7ef1dd
go: downloading github.com/modern-go/reflect2 v1.0.3-0.20250322232337-35a7c28c31ee
go: downloading github.com/x448/float16 v0.8.4
go: downloading github.com/blang/semver/v4 v4.0.0
go: downloading github.com/emicklei/go-restful/v3 v3.13.0
go: downloading github.com/go-openapi/jsonpointer v0.23.1
go: downloading github.com/clipperhouse/uax29/v2 v2.7.0
go: downloading github.com/go-openapi/swag/cmdutils v0.26.0
go: downloading github.com/go-openapi/swag/conv v0.26.0
go: downloading github.com/go-openapi/swag/fileutils v0.26.0
go: downloading github.com/go-openapi/swag/jsonname v0.26.0
go: downloading github.com/go-openapi/swag/jsonutils v0.26.0
go: downloading github.com/go-openapi/swag/loading v0.26.0
go: downloading github.com/go-openapi/swag/mangling v0.26.0
go: downloading github.com/go-openapi/swag/netutils v0.26.0
go: downloading github.com/go-openapi/swag/stringutils v0.26.0
go: downloading github.com/go-openapi/swag/typeutils v0.26.0
go: downloading github.com/go-openapi/swag/yamlutils v0.26.0
go: downloading github.com/go-errors/errors v1.5.1
go: downloading github.com/monochromegane/go-gitignore v0.0.0-20200626010858-205db1a8cc00
go: downloading github.com/xlab/treeprint v1.2.0
go: downloading github.com/containerd/platforms v0.2.1
go: downloading github.com/containerd/errdefs v1.0.0
go: downloading github.com/klauspost/compress v1.18.6
go: downloading github.com/containerd/log v0.1.0
go: downloading github.com/sirupsen/logrus v1.9.4
go: downloading google.golang.org/genproto/googleapis/api v0.0.0-20260526163538-3dc84a4a5aaa
go: downloading github.com/chai2010/gettext-go v1.0.3
go: downloading k8s.io/component-base v0.36.1
go: downloading github.com/mitchellh/go-wordwrap v1.0.1
go: downloading github.com/russross/blackfriday/v2 v2.1.0
go: downloading github.com/exponent-io/jsonpath v0.0.0-20210407135951-1de76d718b3f
go: downloading github.com/MakeNowJust/heredoc v1.0.0
