level=info msg="Starting prematerial attestors stage..."
level=info msg="Starting git attestor..."
level=info msg="Starting environment attestor..."
level=info msg="Finished environment attestor... (0.00012819s)"
level=info msg="Finished git attestor... (0.25857753s)"
level=info msg="Completed prematerial attestors stage..."
level=info msg="Starting material attestors stage..."
level=info msg="Starting material attestor..."
level=info msg="Finished material attestor... (7.505339114s)"
level=info msg="Completed material attestors stage..."
level=info msg="Starting execute attestors stage..."
level=info msg="Starting command-run attestor..."
level=info msg="Using tracer: ebpf for command-run"
Makefile.core.mk:442: warning: overriding recipe for target 'build-test-pilot'
Makefile.core.mk:351: warning: ignoring old recipe for target 'build-test-pilot'
git submodule update --init
./tools/hack/prebuild.sh
go: downloading k8s.io/apimachinery v0.34.1
go: downloading k8s.io/apiextensions-apiserver v0.34.1
go: downloading k8s.io/client-go v0.34.1
go: downloading github.com/golang/protobuf v1.5.4
go: downloading sigs.k8s.io/structured-merge-diff/v4 v4.7.0
go: downloading google.golang.org/genproto/googleapis/api v0.0.0-20260226221140-a57be14db171
go: downloading google.golang.org/protobuf v1.36.12-0.20260120151049-f2248ac996af
go: downloading github.com/grpc-ecosystem/go-grpc-prometheus v1.2.0
go: downloading github.com/spf13/cobra v1.10.2
go: downloading sigs.k8s.io/yaml v1.6.0
go: downloading github.com/spf13/pflag v1.0.10
go: downloading google.golang.org/grpc v1.81.1
go: downloading k8s.io/cli-runtime v0.33.3
go: downloading github.com/2456868764/certmagic v1.0.2
go: downloading google.golang.org/genproto v0.0.0-20250603155806-513f23925822
go: downloading github.com/gogo/protobuf v1.3.2
go: downloading github.com/hashicorp/go-multierror v1.1.1
go: downloading github.com/mholt/acmez v1.2.0
go: downloading go.uber.org/zap v1.28.0
go: downloading go.uber.org/atomic v1.11.0
go: downloading github.com/stretchr/testify v1.11.1
go: downloading k8s.io/api v0.34.1
go: downloading knative.dev/networking v0.0.0-20220302134042-e8b2eb995165
go: downloading knative.dev/pkg v0.0.0-20220301181942-2fdd5f232e77
go: downloading github.com/google/go-cmp v0.7.0
go: downloading github.com/agiledragon/gomonkey/v2 v2.11.0
go: downloading github.com/hashicorp/consul/api v1.32.0
go: downloading sigs.k8s.io/gateway-api-inference-extension v1.1.0
go: downloading sigs.k8s.io/gateway-api v1.6.0
go: downloading sigs.k8s.io/controller-runtime v0.22.3
go: downloading github.com/go-errors/errors v1.5.1
go: downloading github.com/hudl/fargo v1.4.0
go: downloading k8s.io/utils v0.0.0-20260319190234-28399d86e0b5
go: downloading github.com/fxamacker/cbor/v2 v2.9.1
go: downloading sigs.k8s.io/randfill v1.0.0
go: downloading github.com/avast/retry-go/v4 v4.3.4
go: downloading k8s.io/klog/v2 v2.140.0
go: downloading sigs.k8s.io/structured-merge-diff/v6 v6.4.0
go: downloading github.com/go-logr/logr v1.4.3
go: downloading gopkg.in/natefinch/lumberjack.v2 v2.2.1
go: downloading github.com/nacos-group/nacos-sdk-go v1.0.8
go: downloading go.yaml.in/yaml/v2 v2.4.4
go: downloading go.yaml.in/yaml/v3 v3.0.4
go: downloading github.com/prometheus/client_golang v1.23.2
go: downloading golang.org/x/net v0.55.0
go: downloading github.com/inconshreveable/mousetrap v1.1.0
go: downloading github.com/evanphx/json-patch/v5 v5.9.11
go: downloading gomodules.xyz/jsonpatch/v2 v2.5.0
go: downloading github.com/nacos-group/nacos-sdk-go/v2 v2.3.5
go: downloading github.com/hashicorp/errwrap v1.1.0
go: downloading github.com/klauspost/cpuid/v2 v2.2.7
go: downloading github.com/libdns/libdns v0.2.2
go: downloading github.com/miekg/dns v1.1.72
go: downloading github.com/zeebo/blake3 v0.2.3
go: downloading golang.org/x/crypto v0.51.0
go: downloading github.com/cncf/xds/go v0.0.0-20260202195803-dba9d589def2
go: downloading github.com/hashicorp/golang-lru/v2 v2.0.7
go: downloading go.opentelemetry.io/proto/otlp v1.9.0
go: downloading github.com/davecgh/go-spew v1.1.2-0.20180830191138-d8f796af33cc
go: downloading github.com/hashicorp/golang-lru v0.6.0
go: downloading github.com/envoyproxy/protoc-gen-validate v1.3.3
go: downloading github.com/planetscale/vtprotobuf v0.6.1-0.20240409071808-615f978279ca
go: downloading github.com/yl2chen/cidranger v1.0.2
go: downloading sigs.k8s.io/mcs-api v0.1.1-0.20240624222831-d7001fe1d21c
go: downloading github.com/grpc-ecosystem/go-grpc-middleware v1.4.0
go: downloading github.com/google/uuid v1.6.0
go: downloading gopkg.in/evanphx/json-patch.v4 v4.13.0
go: downloading github.com/dubbogo/go-zookeeper v1.0.4-0.20211212162352-f9d2183d89d5
go: downloading github.com/johnlanni/gost v1.11.23-0.20220713132522-0967a24036c6
go: downloading go.uber.org/multierr v1.11.0
go: downloading github.com/pmezard/go-difflib v1.0.1-0.20181226105442-5d4384ee4fb2
go: downloading golang.org/x/sync v0.20.0
go: downloading k8s.io/apiserver v0.34.1
go: downloading go.opencensus.io v0.24.0
go: downloading github.com/cespare/xxhash/v2 v2.3.0
go: downloading golang.org/x/time v0.15.0
go: downloading google.golang.org/genproto/googleapis/rpc v0.0.0-20260427160629-7cedc36a6bc4
go: downloading github.com/Masterminds/sprig/v3 v3.3.0
go: downloading github.com/grpc-ecosystem/go-grpc-middleware/v2 v2.3.3
go: downloading github.com/tidwall/gjson v1.17.0
go: downloading github.com/alecholmes/xfccparser v0.4.0
go: downloading github.com/coreos/go-oidc/v3 v3.14.1
go: downloading github.com/go-jose/go-jose/v4 v4.1.4
go: downloading github.com/google/gnostic-models v0.7.1
go: downloading k8s.io/kube-openapi v0.0.0-20260501160325-927ab1f70cd6
go: downloading github.com/munnerz/goautoneg v0.0.0-20191010083416-a7dc8b61c822
go: downloading github.com/Masterminds/semver/v3 v3.4.0
go: downloading golang.org/x/term v0.43.0
go: downloading github.com/hashicorp/go-hclog v1.6.3
go: downloading github.com/hashicorp/go-cleanhttp v0.5.2
go: downloading github.com/mitchellh/mapstructure v1.5.0
go: downloading github.com/hashicorp/go-rootcerts v1.0.2
go: downloading github.com/hashicorp/serf v0.10.1
go: downloading golang.org/x/exp v0.0.0-20230713183714-613f0c0eb8a1
go: downloading github.com/json-iterator/go v1.1.12
go: downloading github.com/cenkalti/backoff/v4 v4.3.0
go: downloading github.com/clbanning/mxj v1.8.4
go: downloading github.com/franela/goreq v0.0.0-20171204163338-bcd34c9993f8
go: downloading github.com/op/go-logging v0.0.0-20160315200505-970db520ece7
go: downloading gopkg.in/gcfg.v1 v1.2.3
go: downloading sigs.k8s.io/json v0.0.0-20250730193827-2d320260d730
go: downloading github.com/x448/float16 v0.8.4
go: downloading gopkg.in/inf.v0 v0.9.1
go: downloading cloud.google.com/go/logging v1.13.0
go: downloading google.golang.org/api v0.250.0
go: downloading golang.org/x/oauth2 v0.36.0
go: downloading cloud.google.com/go v0.120.0
go: downloading go.opentelemetry.io/otel v1.43.0
go: downloading go.opentelemetry.io/otel/exporters/prometheus v0.57.0
go: downloading go.opentelemetry.io/otel/metric v1.43.0
go: downloading go.opentelemetry.io/otel/sdk/metric v1.43.0
go: downloading github.com/buger/jsonparser v1.1.1
go: downloading github.com/pkg/errors v0.9.1
go: downloading github.com/toolkits/concurrent v0.0.0-20150624120057-a4371d70e3e3
go: downloading go.opentelemetry.io/otel/sdk v1.43.0
go: downloading github.com/golang/mock v1.7.0-rc.1
go: downloading github.com/stretchr/objx v0.5.2
go: downloading github.com/beorn7/perks v1.0.1
go: downloading github.com/prometheus/client_model v0.6.2
go: downloading github.com/prometheus/common v0.67.5
go: downloading github.com/prometheus/procfs v0.20.1
go: downloading golang.org/x/sys v0.45.0
go: downloading golang.org/x/tools v0.45.0
go: downloading github.com/mitchellh/copystructure v1.2.0
go: downloading github.com/fsnotify/fsnotify v1.9.0
go: downloading github.com/hashicorp/go-version v1.7.0
go: downloading github.com/openshift/api v0.0.0-20250507150912-7318813e48da
go: downloading github.com/prometheus/prometheus v0.307.1
go: downloading github.com/liggitt/tabwriter v0.0.0-20181228230101-89fcab3d43de
go: downloading github.com/moby/term v0.5.2
go: downloading golang.org/x/text v0.37.0
go: downloading sigs.k8s.io/kustomize/api v0.21.1
go: downloading sigs.k8s.io/kustomize/kyaml v0.21.1
go: downloading github.com/gregjones/httpcache v0.0.0-20190611155906-901d90724c79
go: downloading github.com/peterbourgon/diskv v2.0.1+incompatible
go: downloading gopkg.in/yaml.v3 v3.0.1
go: downloading github.com/google/cel-go v0.26.0
go: downloading github.com/lestrrat-go/jwx v1.2.31
go: downloading github.com/moby/spdystream v0.5.1
go: downloading github.com/gorilla/websocket v1.5.4-0.20250319132907-e064f32e3674
go: downloading dario.cat/mergo v1.0.2
go: downloading github.com/Masterminds/goutils v1.1.1
go: downloading github.com/huandu/xstrings v1.5.0
go: downloading github.com/shopspring/decimal v1.4.0
go: downloading github.com/spf13/cast v1.8.0
go: downloading github.com/tidwall/match v1.1.1
go: downloading github.com/tidwall/pretty v1.2.0
go: downloading github.com/alecthomas/participle/v2 v2.1.4
go: downloading github.com/mitchellh/go-homedir v1.1.0
go: downloading github.com/fatih/color v1.18.0
go: downloading github.com/mattn/go-colorable v0.1.14
go: downloading github.com/mattn/go-isatty v0.0.20
go: downloading k8s.io/component-base v0.34.1
go: downloading github.com/modern-go/concurrent v0.0.0-20180306012644-bacd9c7ef1dd
go: downloading github.com/modern-go/reflect2 v1.0.3-0.20250322232337-35a7c28c31ee
go: downloading github.com/armon/go-metrics v0.4.1
go: downloading github.com/google/gofuzz v1.2.0
go: downloading github.com/onsi/gomega v1.40.0
go: downloading go.uber.org/goleak v1.3.0
go: downloading github.com/hashicorp/consul/sdk v0.16.1
go: downloading github.com/hashicorp/go-uuid v1.0.3
go: downloading github.com/smartystreets/goconvey v1.6.4
go: downloading github.com/onsi/ginkgo/v2 v2.28.1
go: downloading github.com/evanphx/json-patch v5.9.11+incompatible
go: downloading github.com/zeebo/assert v1.3.0
go: downloading github.com/gorilla/mux v1.8.1
go: downloading github.com/AdaLogics/go-fuzz-headers v0.0.0-20240806141605-e8a1dd7889d6
go: downloading github.com/armon/go-socks5 v0.0.0-20160902184237-e75332964ef5
go: downloading gopkg.in/check.v1 v1.0.0-20201130134442-10cb98267c6c
go: downloading github.com/hashicorp/go-msgpack v0.5.5
go: downloading github.com/hashicorp/memberlist v0.5.0
go: downloading github.com/franela/goblin v0.0.0-20210519012713-85d372ac71e2
go: downloading gopkg.in/warnings.v0 v0.1.2
go: downloading github.com/go-logr/zapr v1.3.0
go: downloading github.com/go-openapi/swag v0.26.0
go: downloading github.com/klauspost/compress v1.18.0
go: downloading github.com/googleapis/gax-go/v2 v2.15.0
go: downloading go.opentelemetry.io/otel/trace v1.43.0
go: downloading github.com/aliyun/alibaba-cloud-sdk-go v1.61.1800
go: downloading github.com/lestrrat/go-file-rotatelogs v0.0.0-20180223000712-d3151e2a480f
go: downloading github.com/go-logr/stdr v1.2.2
go: downloading github.com/alibabacloud-go/darabonba-openapi/v2 v2.0.10
go: downloading github.com/alibabacloud-go/kms-20160120/v3 v3.2.3
go: downloading github.com/alibabacloud-go/tea-utils/v2 v2.0.7
go: downloading github.com/alibabacloud-go/tea v1.2.2
go: downloading github.com/aliyun/alibabacloud-dkms-gcs-go-sdk v0.5.1
go: downloading github.com/aliyun/alibabacloud-dkms-transfer-go-sdk v0.1.8
go: downloading github.com/alibabacloud-go/tea-utils v1.4.4
go: downloading github.com/aliyun/aliyun-secretsmanager-client-go v1.1.5
go: downloading github.com/aliyun/credentials-go v1.4.3
go: downloading github.com/mitchellh/reflectwalk v1.0.2
go: downloading gopkg.in/yaml.v2 v2.4.0
go: downloading github.com/grafana/regexp v0.0.0-20250905093917-f7b3be9d1853
go: downloading github.com/creack/pty v1.1.18
go: downloading github.com/go-openapi/jsonreference v0.21.5
go: downloading github.com/google/btree v1.1.3
go: downloading github.com/mxk/go-flowrate v0.0.0-20140419014527-cca7078d478f
go: downloading github.com/decred/dcrd/dcrec/secp256k1/v4 v4.4.0
go: downloading github.com/lestrrat-go/backoff/v2 v2.0.8
go: downloading github.com/lestrrat-go/blackmagic v1.0.3
go: downloading github.com/lestrrat-go/httpcc v1.0.1
go: downloading github.com/lestrrat-go/iter v1.0.2
go: downloading github.com/lestrrat-go/option v1.0.1
go: downloading k8s.io/kubectl v0.33.3
go: downloading cel.dev/expr v0.25.1
go: downloading github.com/frankban/quicktest v1.14.6
go: downloading github.com/alecthomas/assert/v2 v2.11.0
go: downloading github.com/alecthomas/repr v0.4.0
go: downloading github.com/golang/groupcache v0.0.0-20241129210726-2c02b8208cf8
go: downloading github.com/blang/semver/v4 v4.0.0
go: downloading github.com/stoewer/go-strcase v1.3.0
go: downloading github.com/docker/cli v28.1.1+incompatible
go: downloading github.com/google/go-containerregistry v0.20.3
go: downloading github.com/tetratelabs/wazero v1.9.0
go: downloading github.com/onsi/ginkgo v1.16.5
go: downloading github.com/hashicorp/go-immutable-radix v1.3.1
go: downloading cloud.google.com/go/auth v0.16.5
go: downloading github.com/pascaldekloe/goe v0.1.0
go: downloading github.com/kylelemons/godebug v1.1.0
go: downloading cloud.google.com/go/longrunning v0.6.7
go: downloading cloud.google.com/go/compute/metadata v0.9.0
go: downloading github.com/kr/pretty v0.3.1
go: downloading go.opentelemetry.io/auto/sdk v1.2.1
go: downloading github.com/lestrrat/go-strftime v0.0.0-20180220042222-ba3bf9c1d042
go: downloading github.com/jonboulle/clockwork v0.5.0
go: downloading github.com/hashicorp/go-sockaddr v1.0.2
go: downloading github.com/sean-/seed v0.0.0-20170313163322-e2103e2c3529
go: downloading github.com/go-openapi/swag/cmdutils v0.26.0
go: downloading github.com/go-openapi/swag/conv v0.26.0
go: downloading github.com/go-openapi/swag/fileutils v0.26.0
go: downloading github.com/go-openapi/swag/jsonname v0.26.0
go: downloading github.com/go-openapi/swag/jsonutils v0.26.0
go: downloading github.com/go-openapi/swag/loading v0.26.0
go: downloading github.com/go-openapi/swag/mangling v0.26.0
go: downloading github.com/go-openapi/swag/netutils v0.26.0
go: downloading github.com/go-openapi/swag/stringutils v0.26.0
go: downloading github.com/go-openapi/swag/typeutils v0.26.0
go: downloading github.com/go-openapi/swag/yamlutils v0.26.0
go: downloading github.com/go-openapi/testify/v2 v2.4.2
go: downloading github.com/alibabacloud-go/alibabacloud-gateway-spi v0.0.5
go: downloading github.com/alibabacloud-go/openapi-util v0.1.0
go: downloading github.com/alibabacloud-go/tea-xml v1.1.3
go: downloading github.com/alibabacloud-go/alibabacloud-gateway-pop v0.0.6
go: downloading github.com/alibabacloud-go/endpoint-util v1.1.0
go: downloading golang.org/x/mod v0.36.0
go: downloading github.com/alibabacloud-go/debug v1.0.1
go: downloading github.com/alibabacloud-go/darabonba-array v0.1.0
go: downloading github.com/alibabacloud-go/darabonba-map v0.0.2
go: downloading github.com/alibabacloud-go/darabonba-string v1.0.2
go: downloading helm.sh/helm/v3 v3.18.5
go: downloading github.com/Azure/go-ansiterm v0.0.0-20250102033503-faa5f7b0171c
go: downloading github.com/sergi/go-diff v1.4.0
go: downloading github.com/orcaman/concurrent-map v0.0.0-20210501183033-44dafcb38ecc
go: downloading github.com/goccy/go-json v0.10.5
go: downloading github.com/antlr4-go/antlr/v4 v4.13.1
go: downloading github.com/go-openapi/jsonpointer v0.23.1
go: downloading gonum.org/v1/gonum v0.17.0
go: downloading github.com/emicklei/go-restful/v3 v3.13.0
go: downloading sigs.k8s.io/apiserver-network-proxy/konnectivity-client v0.34.0
go: downloading go.opentelemetry.io/contrib/instrumentation/net/http/otelhttp v0.65.0
go: downloading go.opentelemetry.io/otel/exporters/otlp/otlptrace/otlptracegrpc v1.40.0
go: downloading go.opentelemetry.io/otel/exporters/otlp/otlptrace v1.40.0
go: downloading gopkg.in/ini.v1 v1.67.0
go: downloading github.com/jtolds/gls v4.20.0+incompatible
go: downloading github.com/smartystreets/assertions v1.1.0
go: downloading github.com/hexops/gotextdiff v1.0.3
go: downloading github.com/opencontainers/go-digest v1.0.0
go: downloading cloud.google.com/go/auth/oauth2adapt v0.2.8
go: downloading github.com/google/s2a-go v0.1.9
go: downloading go.opentelemetry.io/contrib/instrumentation/google.golang.org/grpc/otelgrpc v0.65.0
go: downloading github.com/kr/text v0.2.0
go: downloading github.com/rogpeppe/go-internal v1.14.1
go: downloading github.com/zeebo/pcg v1.0.1
go: downloading github.com/fastly/go-utils v0.0.0-20180712184237-d95a45783239
go: downloading github.com/jehiah/go-strftime v0.0.0-20171201141054-1d33003b3869
go: downloading github.com/lestrrat/go-envload v0.0.0-20180220120943-6ed08b54a570
go: downloading github.com/tebeka/strftime v0.1.3
go: downloading github.com/go-openapi/testify/enable/yaml/v2 v2.4.2
go: downloading github.com/go-openapi/swag/jsonutils/fixtures_test v0.26.0
go: downloading github.com/clbanning/mxj/v2 v2.5.5
go: downloading github.com/tjfoc/gmsm v1.4.1
go: downloading github.com/alibabacloud-go/darabonba-encode-util v0.0.2
go: downloading github.com/alibabacloud-go/darabonba-signature-util v0.0.7
go: downloading github.com/monochromegane/go-gitignore v0.0.0-20200626010858-205db1a8cc00
go: downloading github.com/xlab/treeprint v1.2.0
go: downloading github.com/sirupsen/logrus v1.9.3
go: downloading gotest.tools/v3 v3.5.1
go: downloading github.com/deckarep/golang-set v1.7.1
go: downloading github.com/ryanuber/go-glob v1.0.0
go: downloading github.com/felixge/httpsnoop v1.0.4
go: downloading go.etcd.io/etcd/client/pkg/v3 v3.6.4
go: downloading go.etcd.io/etcd/client/v3 v3.6.4
go: downloading github.com/gopherjs/gopherjs v0.0.0-20200217142428-fce0ec30dd00
go: downloading go.etcd.io/etcd v0.0.0-20191023171146-3cf2f69b5738
go: downloading github.com/cyphar/filepath-securejoin v0.4.1
go: downloading github.com/santhosh-tekuri/jsonschema/v6 v6.0.2
go: downloading github.com/BurntSushi/toml v1.5.0
go: downloading github.com/gobwas/glob v0.2.3
go: downloading github.com/opencontainers/image-spec v1.1.1
go: downloading github.com/containerd/stargz-snapshotter/estargz v0.16.3
go: downloading github.com/docker/distribution v0.0.0-20191216044856-a8371794149d
go: downloading github.com/googleapis/enterprise-certificate-proxy v0.3.6
go: downloading cloud.google.com/go/iam v1.5.2
go: downloading github.com/docker/docker-credential-helpers v0.9.3
go: downloading github.com/cenkalti/backoff/v5 v5.0.3
go: downloading github.com/grpc-ecosystem/grpc-gateway/v2 v2.27.7
go: downloading go.etcd.io/etcd/api/v3 v3.6.4
go: downloading github.com/vbatts/tar-split v0.12.1
go: downloading github.com/go-task/slim-sprig/v3 v3.0.0
go: downloading github.com/coreos/go-systemd/v22 v22.6.0
go: downloading github.com/coreos/go-semver v0.3.1
go: downloading github.com/google/pprof v0.0.0-20260115054156-294ebfa9ad83
go: downloading github.com/go-task/slim-sprig v0.0.0-20230315185526-52ccab3ef572
go: downloading github.com/coreos/go-systemd v0.0.0-20180511133405-39ca1b05acc7
go: downloading github.com/jmespath/go-jmespath v0.4.0
go: downloading github.com/jmespath/go-jmespath/internal/testify v1.5.1
GOPROXY="https://proxy.golang.org,direct" GOOS=linux GOARCH=amd64 LDFLAGS='-X github.com/alibaba/higress/v2/pkg/cmd/lversion.higressVersion=v2.2.4 -X github.com/alibaba/higress/v2/pkg/cmd/lversion.gitCommitID=637ba40ccf211073aedd596af62c3dab8786c48b -extldflags -static -s -w' tools/hack/gobuild.sh /home/jake/sbomit-overhead-experiment/repos/higress/out/linux_amd64/ ./cmd/higress

istio.io/pkg/version.buildVersion=637ba40ccf211073aedd596af62c3dab8786c48b

istio.io/pkg/version.buildGitRevision=637ba40ccf211073aedd596af62c3dab8786c48b

istio.io/pkg/version.buildStatus=Clean

istio.io/pkg/version.buildTag=v2.2.4

istio.io/pkg/version.buildHub=higress-registry.cn-hangzhou.cr.aliyuncs.com/higress
~/sbomit-overhead-experiment/repos/higress ~/sbomit-overhead-experiment/repos/higress

real	1m19.461s
user	11m12.599s
sys	2m4.221s
~/sbomit-overhead-experiment/repos/higress
level=info msg="Finished command-run attestor... (95.53718697s)"
level=info msg="Completed execute attestors stage..."
level=info msg="Starting product attestors stage..."
level=info msg="Starting product attestor..."
level=info msg="Finished product attestor... (2.525326074s)"
level=info msg="Completed product attestors stage..."
level=info msg="Starting postproduct attestors stage..."
level=info msg="Completed postproduct attestors stage..."
