level=info msg="Starting prematerial attestors stage..."
level=info msg="Starting environment attestor..."
level=info msg="Finished environment attestor... (9.552e-05s)"
level=info msg="Starting git attestor..."
level=info msg="Finished git attestor... (0.016973948s)"
level=info msg="Completed prematerial attestors stage..."
level=info msg="Starting material attestors stage..."
level=info msg="Starting material attestor..."
level=info msg="Finished material attestor... (0.033900318s)"
level=info msg="Completed material attestors stage..."
level=info msg="Starting execute attestors stage..."
level=info msg="Starting command-run attestor..."
level=info msg="Using tracer: ebpf for command-run"
* Creating isolated environment: venv+pip...
* Installing packages in isolated environment:
  - hatchling
* Getting build dependencies for sdist...
* Building sdist...
* Building wheel from sdist
* Creating isolated environment: venv+pip...
* Installing packages in isolated environment:
  - hatchling
* Getting build dependencies for wheel...
* Building wheel...
Successfully built in_toto-3.0.0.tar.gz and in_toto-3.0.0-py3-none-any.whl
level=info msg="Finished command-run attestor... (10.262571712s)"
level=info msg="Completed execute attestors stage..."
level=info msg="Starting product attestors stage..."
level=info msg="Starting product attestor..."
level=info msg="Finished product attestor... (0.011227859s)"
level=info msg="Completed product attestors stage..."
level=info msg="Starting postproduct attestors stage..."
level=info msg="Completed postproduct attestors stage..."
