level=info msg="Starting prematerial attestors stage..."
level=info msg="Starting environment attestor..."
level=info msg="Starting git attestor..."
level=info msg="Finished environment attestor... (0.00011689s)"
level=info msg="Finished git attestor... (0.052546446s)"
level=info msg="Completed prematerial attestors stage..."
level=info msg="Starting material attestors stage..."
level=info msg="Starting material attestor..."
level=info msg="Finished material attestor... (0.474922043s)"
level=info msg="Completed material attestors stage..."
level=info msg="Starting execute attestors stage..."
level=info msg="Starting command-run attestor..."
level=info msg="Using tracer: ebpf for command-run"
CGO_ENABLED=0 go build \
        -ldflags "-X github.com/inspektor-gadget/inspektor-gadget/internal/version.version=`git describe --tags --always` \
        -X github.com/inspektor-gadget/inspektor-gadget/cmd/common/image.builderImage=ghcr.io/inspektor-gadget/gadget-builder:main \
        -extldflags '-static'" \
        -tags "netgo" \
        ./cmd/ig
go: downloading github.com/sirupsen/logrus v1.9.4
go: downloading github.com/spf13/cobra v1.10.2
go: downloading google.golang.org/grpc v1.82.1
go: downloading github.com/blang/semver v3.5.1+incompatible
go: downloading github.com/spf13/pflag v1.0.10
go: downloading github.com/spf13/viper v1.21.0
go: downloading golang.org/x/term v0.45.0
go: downloading github.com/cilium/ebpf v0.22.0
go: downloading github.com/opencontainers/image-spec v1.1.1
go: downloading oras.land/oras-go/v2 v2.6.2
go: downloading google.golang.org/protobuf v1.36.12-0.20260120151049-f2248ac996af
go: downloading go.opentelemetry.io/otel v1.43.0
go: downloading go.opentelemetry.io/otel/metric v1.43.0
go: downloading k8s.io/client-go v0.36.2
go: downloading golang.org/x/exp v0.0.0-20260218203240-3dfff04db8fa
go: downloading gopkg.in/natefinch/lumberjack.v2 v2.2.1
go: downloading github.com/containerd/containerd v1.7.33
go: downloading github.com/cyphar/filepath-securejoin v0.7.0
go: downloading github.com/google/uuid v1.6.0
go: downloading go.opentelemetry.io/collector/pdata/pprofile v0.147.0
go: downloading go.opentelemetry.io/collector/pdata v1.53.0
go: downloading gopkg.in/yaml.v3 v3.0.1
go: downloading github.com/tklauser/numcpus v0.12.0
go: downloading github.com/PaesslerAG/jsonpath v0.1.1
go: downloading github.com/docker/go-units v0.5.0
go: downloading github.com/moby/moby/api v1.55.0
go: downloading github.com/moby/moby/client v0.5.0
go: downloading sigs.k8s.io/yaml v1.6.0
go: downloading github.com/inspektor-gadget/opentelemetry-ebpf-profiler v0.0.202611-0.20260715114040-ef6cf29492c8
go: downloading golang.org/x/sys v0.47.0
go: downloading github.com/dustin/go-humanize v1.0.1
go: downloading github.com/distribution/reference v0.6.0
go: downloading k8s.io/api v0.36.2
go: downloading k8s.io/apimachinery v0.36.2
go: downloading github.com/fsnotify/fsnotify v1.10.1
go: downloading github.com/tetratelabs/wazero v1.12.0
go: downloading github.com/docker/cli v29.6.2+incompatible
go: downloading github.com/gofrs/flock v0.13.0
go: downloading gopkg.in/yaml.v2 v2.4.0
go: downloading golang.org/x/text v0.41.0
go: downloading github.com/expr-lang/expr v1.17.8
go: downloading github.com/go-viper/mapstructure/v2 v2.5.0
go: downloading github.com/sagikazarmark/locafero v0.11.0
go: downloading github.com/spf13/afero v1.15.0
go: downloading github.com/spf13/cast v1.10.0
go: downloading github.com/opencontainers/go-digest v1.0.0
go: downloading golang.org/x/sync v0.22.0
go: downloading github.com/opencontainers/runtime-spec v1.2.1
go: downloading github.com/vishvananda/netlink v1.3.1
go: downloading k8s.io/kubelet v0.36.2
go: downloading github.com/gopacket/gopacket v1.7.0
go: downloading go.opentelemetry.io/otel/exporters/otlp/otlplog/otlploggrpc v0.18.0
go: downloading go.opentelemetry.io/otel/log v0.18.0
go: downloading go.opentelemetry.io/otel/sdk/log v0.18.0
go: downloading go.opentelemetry.io/otel/sdk v1.43.0
go: downloading github.com/prometheus/client_golang v1.23.2
go: downloading go.opentelemetry.io/contrib/instrumentation/runtime v0.67.0
go: downloading go.opentelemetry.io/otel/exporters/otlp/otlpmetric/otlpmetricgrpc v1.42.0
go: downloading go.opentelemetry.io/otel/exporters/prometheus v0.64.0
go: downloading go.opentelemetry.io/otel/sdk/metric v1.43.0
go: downloading k8s.io/streaming v0.36.2
go: downloading github.com/PaesslerAG/gval v1.0.0
go: downloading github.com/sigstore/sigstore v1.10.8
go: downloading github.com/inspektor-gadget/notation-go v1.3.3
go: downloading go.yaml.in/yaml/v2 v2.4.3
go: downloading github.com/moby/term v0.5.2
go: downloading github.com/containerd/errdefs v1.0.0
go: downloading github.com/containerd/errdefs/pkg v0.3.0
go: downloading github.com/docker/go-connections v0.7.0
go: downloading go.opentelemetry.io/contrib/instrumentation/net/http/otelhttp v0.65.0
go: downloading go.opentelemetry.io/otel/trace v1.43.0
go: downloading google.golang.org/genproto/googleapis/rpc v0.0.0-20260414002931-afd174a4e478
go: downloading golang.org/x/net v0.57.0
go: downloading k8s.io/cli-runtime v0.36.2
go: downloading github.com/cloudflare/cbpfc v0.0.0-20240920015331-ff978e94500b
go: downloading github.com/packetcap/go-pcap v0.0.0-20250723190045-d00b185f30b7
go: downloading google.golang.org/genproto v0.0.0-20241118233622-e639e219e697
go: downloading github.com/florianl/go-tc v0.4.8
go: downloading github.com/coreos/go-systemd/v22 v22.7.0
go: downloading github.com/godbus/dbus/v5 v5.2.2
go: downloading github.com/vishvananda/netns v0.0.5
go: downloading github.com/moby/docker-image-spec v1.3.1
go: downloading k8s.io/utils v0.0.0-20260210185600-b8788abfbbc2
go: downloading sigs.k8s.io/randfill v1.0.0
go: downloading github.com/minio/sha256-simd v1.0.1
go: downloading github.com/elastic/go-perf v0.0.0-20260224073651-af0ee0c731b7
go: downloading github.com/sourcegraph/conc v0.3.1-0.20240121214520-5f936abd7ae8
go: downloading github.com/subosito/gotenv v1.6.0
go: downloading github.com/pelletier/go-toml/v2 v2.2.4
go: downloading go.yaml.in/yaml/v3 v3.0.4
go: downloading github.com/s3rj1k/go-fanotify/fanotify v0.0.0-20210917134616-9c00a300bb7a
go: downloading k8s.io/cri-api v0.36.2
go: downloading k8s.io/klog/v2 v2.140.0
go: downloading github.com/munnerz/goautoneg v0.0.0-20191010083416-a7dc8b61c822
go: downloading golang.org/x/time v0.15.0
go: downloading k8s.io/component-base v0.36.2
go: downloading go.opentelemetry.io/proto/otlp v1.9.0
go: downloading github.com/prometheus/client_model v0.6.2
go: downloading github.com/prometheus/otlptranslator v1.0.0
go: downloading github.com/beorn7/perks v1.0.1
go: downloading github.com/cespare/xxhash/v2 v2.3.0
go: downloading github.com/prometheus/common v0.67.5
go: downloading github.com/prometheus/procfs v0.19.2
go: downloading github.com/gorilla/websocket v1.5.4-0.20250319132907-e064f32e3674
go: downloading github.com/in-toto/attestation v1.2.0
go: downloading github.com/secure-systems-lab/go-securesystemslib v0.11.0
go: downloading github.com/sigstore/protobuf-specs v0.5.1
go: downloading github.com/google/go-containerregistry v0.21.3
go: downloading go.opentelemetry.io/collector/featuregate v1.53.0
go: downloading github.com/json-iterator/go v1.1.12
go: downloading go.uber.org/multierr v1.11.0
go: downloading github.com/notaryproject/notation-core-go v1.3.0
go: downloading github.com/notaryproject/tspclient-go v1.0.0
go: downloading github.com/notaryproject/notation-plugin-framework-go v1.0.0
go: downloading golang.org/x/mod v0.40.0
go: downloading golang.org/x/oauth2 v0.36.0
go: downloading github.com/felixge/httpsnoop v1.0.4
go: downloading github.com/pkg/errors v0.9.1
go: downloading gopkg.in/inf.v0 v0.9.1
go: downloading sigs.k8s.io/json v0.0.0-20250730193827-2d320260d730
go: downloading k8s.io/kube-openapi v0.0.0-20260317180543-43fb72c5454a
go: downloading sigs.k8s.io/structured-merge-diff/v6 v6.3.2
go: downloading github.com/klauspost/cpuid/v2 v2.2.10
go: downloading github.com/mdlayher/kobject v0.0.0-20200520190114-19ca17470d7d
go: downloading golang.org/x/arch v0.24.0
go: downloading github.com/elastic/go-freelru v0.16.0
go: downloading go.opentelemetry.io/collector/consumer/xconsumer v0.147.0
go: downloading gopkg.in/evanphx/json-patch.v4 v4.13.0
go: downloading github.com/mdlayher/netlink v1.7.2
go: downloading github.com/josharian/native v1.1.0
go: downloading github.com/containerd/ttrpc v1.2.7
go: downloading go.opentelemetry.io/collector/consumer v1.53.0
go: downloading github.com/containerd/containerd/api v1.8.0
go: downloading github.com/containerd/fifo v1.1.0
go: downloading github.com/containerd/platforms v0.2.1
go: downloading github.com/containerd/log v0.1.0
go: downloading github.com/moby/sys/signal v0.7.0
go: downloading github.com/containerd/typeurl/v2 v2.2.3
go: downloading github.com/opencontainers/selinux v1.13.1
go: downloading github.com/google/gnostic-models v0.7.0
go: downloading github.com/fxamacker/cbor/v2 v2.9.0
go: downloading github.com/go-logr/logr v1.4.3
go: downloading github.com/pmezard/go-difflib v1.0.1-0.20181226105442-5d4384ee4fb2
go: downloading github.com/cenkalti/backoff/v5 v5.0.3
go: downloading github.com/go-logr/stdr v1.2.2
go: downloading go.opentelemetry.io/auto/sdk v1.2.1
go: downloading github.com/docker/docker-credential-helpers v0.9.3
go: downloading github.com/grpc-ecosystem/grpc-gateway/v2 v2.28.0
go: downloading github.com/moby/spdystream v0.5.1
go: downloading golang.org/x/crypto v0.55.0
go: downloading github.com/youmark/pkcs8 v0.0.0-20240726163527-a2c0da244d78
go: downloading github.com/hashicorp/go-version v1.8.0
go: downloading google.golang.org/genproto/googleapis/api v0.0.0-20260414002931-afd174a4e478
go: downloading github.com/modern-go/concurrent v0.0.0-20180306012644-bacd9c7ef1dd
go: downloading github.com/modern-go/reflect2 v1.0.3-0.20250322232337-35a7c28c31ee
go: downloading github.com/veraison/go-cose v1.3.0
go: downloading github.com/go-ldap/ldap/v3 v3.4.12
go: downloading github.com/golang-jwt/jwt/v4 v4.5.2
go: downloading github.com/liggitt/tabwriter v0.0.0-20181228230101-89fcab3d43de
go: downloading sigs.k8s.io/kustomize/api v0.21.1
go: downloading sigs.k8s.io/kustomize/kyaml v0.21.1
go: downloading github.com/peterbourgon/diskv v2.0.1+incompatible
go: downloading github.com/mdlayher/socket v0.5.1
go: downloading github.com/klauspost/compress v1.18.4
go: downloading github.com/containerd/continuity v0.4.4
go: downloading github.com/moby/sys/userns v0.1.0
go: downloading github.com/moby/sys/mountinfo v0.7.2
go: downloading github.com/moby/sys/user v0.4.0
go: downloading github.com/google/go-cmp v0.7.0
go: downloading github.com/moby/locker v1.0.1
go: downloading github.com/davecgh/go-spew v1.1.2-0.20180830191138-d8f796af33cc
go: downloading github.com/gogo/protobuf v1.3.2
go: downloading github.com/x448/float16 v0.8.4
go: downloading github.com/zeebo/xxh3 v1.1.0
go: downloading github.com/Azure/go-ntlmssp v0.1.1
go: downloading github.com/go-asn1-ber/asn1-ber v1.5.8-0.20250403174932-29230038a667
go: downloading github.com/google/btree v1.1.3
go: downloading github.com/go-openapi/swag v0.23.1
go: downloading github.com/go-openapi/jsonreference v0.21.0
go: downloading github.com/docker/go-events v0.0.0-20190806004212-e31b211e4f1c
go: downloading github.com/go-openapi/jsonpointer v0.21.0
go: downloading github.com/emicklei/go-restful/v3 v3.13.0
go: downloading github.com/blang/semver/v4 v4.0.0
go: downloading github.com/go-errors/errors v1.4.2
go: downloading github.com/mailru/easyjson v0.9.0
go: downloading github.com/monochromegane/go-gitignore v0.0.0-20200626010858-205db1a8cc00
go: downloading github.com/xlab/treeprint v1.2.0
go: downloading github.com/josharian/intern v1.0.0
level=info msg="Finished command-run attestor... (46.991310229s)"
level=info msg="Completed execute attestors stage..."
level=info msg="Starting product attestors stage..."
level=info msg="Starting product attestor..."
level=info msg="Finished product attestor... (0.218933553s)"
level=info msg="Completed product attestors stage..."
level=info msg="Starting postproduct attestors stage..."
level=info msg="Completed postproduct attestors stage..."
