CGO_ENABLED=0 OOS=linux go build -o bin/interlink cmd/interlink/main.go cmd/interlink/cri.go
go: downloading google.golang.org/grpc v1.72.2
go: downloading github.com/sirupsen/logrus v1.9.3
go: downloading github.com/superfly/virtual-kubelet v0.0.0-20250426133649-339b787d1205
go: downloading k8s.io/cri-api v0.33.1
go: downloading k8s.io/utils v0.0.0-20241104100929-3ea5e8cea738
go: downloading k8s.io/cri-client v0.33.1
go: downloading github.com/stretchr/testify v1.10.0
go: downloading github.com/containerd/containerd v1.7.6
go: downloading github.com/google/uuid v1.6.0
go: downloading go.opentelemetry.io/otel v1.36.0
go: downloading go.opentelemetry.io/otel/exporters/otlp/otlptrace/otlptracegrpc v1.36.0
go: downloading go.opentelemetry.io/otel/sdk v1.36.0
go: downloading go.opentelemetry.io/otel/exporters/otlp/otlptrace v1.36.0
go: downloading go.opentelemetry.io/otel/trace v1.36.0
go: downloading gopkg.in/yaml.v2 v2.4.0
go: downloading k8s.io/api v0.33.1
go: downloading golang.org/x/crypto v0.38.0
go: downloading k8s.io/apimachinery v0.33.1
go: downloading k8s.io/client-go v0.33.1
go: downloading k8s.io/kubelet v0.31.4
go: downloading golang.org/x/sys v0.33.0
go: downloading github.com/davecgh/go-spew v1.1.2-0.20180830191138-d8f796af33cc
go: downloading github.com/pmezard/go-difflib v1.0.1-0.20181226105442-5d4384ee4fb2
go: downloading github.com/gogo/protobuf v1.3.2
go: downloading github.com/gorilla/mux v1.8.1
go: downloading github.com/pkg/errors v0.9.1
go: downloading github.com/prometheus/client_model v0.6.1
go: downloading github.com/prometheus/common v0.62.0
go: downloading go.opencensus.io v0.24.0
go: downloading github.com/go-logr/logr v1.4.2
go: downloading go.opentelemetry.io/otel/metric v1.36.0
go: downloading go.opentelemetry.io/proto/otlp v1.7.0
go: downloading google.golang.org/genproto/googleapis/rpc v0.0.0-20250528174236-200df99c418a
go: downloading gopkg.in/inf.v0 v0.9.1
go: downloading sigs.k8s.io/randfill v1.0.0
go: downloading golang.org/x/net v0.40.0
go: downloading google.golang.org/protobuf v1.36.6
go: downloading gopkg.in/yaml.v3 v3.0.1
go: downloading k8s.io/apiserver v0.31.4
go: downloading k8s.io/klog/v2 v2.130.1
go: downloading github.com/munnerz/goautoneg v0.0.0-20191010083416-a7dc8b61c822
go: downloading sigs.k8s.io/structured-merge-diff/v4 v4.6.0
go: downloading github.com/go-logr/stdr v1.2.2
go: downloading go.opentelemetry.io/auto/sdk v1.1.0
go: downloading github.com/cenkalti/backoff/v5 v5.0.2
go: downloading github.com/grpc-ecosystem/grpc-gateway/v2 v2.26.3
go: downloading sigs.k8s.io/json v0.0.0-20241010143419-9aa6b5e7a4b3
go: downloading sigs.k8s.io/yaml v1.4.0
go: downloading github.com/moby/spdystream v0.5.0
go: downloading github.com/golang/groupcache v0.0.0-20210331224755-41bb18bfe9da
go: downloading github.com/json-iterator/go v1.1.12
go: downloading github.com/fxamacker/cbor/v2 v2.7.0
go: downloading github.com/mxk/go-flowrate v0.0.0-20140419014527-cca7078d478f
go: downloading golang.org/x/text v0.25.0
go: downloading github.com/modern-go/reflect2 v1.0.2
go: downloading github.com/modern-go/concurrent v0.0.0-20180306012644-bacd9c7ef1dd
go: downloading github.com/x448/float16 v0.8.4
go: downloading k8s.io/component-base v0.33.1
go: downloading github.com/emicklei/go-restful/v3 v3.11.0
go: downloading google.golang.org/genproto/googleapis/api v0.0.0-20250528174236-200df99c418a
go: downloading github.com/google/gnostic-models v0.6.9
go: downloading github.com/spf13/pflag v1.0.5
go: downloading golang.org/x/term v0.32.0
go: downloading github.com/gorilla/websocket v1.5.4-0.20250319132907-e064f32e3674
go: downloading golang.org/x/time v0.9.0
go: downloading k8s.io/kube-openapi v0.0.0-20250318190949-c8a335a9a2ff
go: downloading gopkg.in/evanphx/json-patch.v4 v4.12.0
go: downloading github.com/google/go-cmp v0.7.0
go: downloading golang.org/x/oauth2 v0.27.0
go: downloading github.com/prometheus/procfs v0.15.1
go: downloading github.com/prometheus/client_golang v1.22.0
go: downloading github.com/blang/semver/v4 v4.0.0
go: downloading github.com/cespare/xxhash/v2 v2.3.0
go: downloading github.com/beorn7/perks v1.0.1
go: downloading github.com/go-openapi/swag v0.23.0
go: downloading github.com/go-openapi/jsonreference v0.20.2
go: downloading github.com/go-openapi/jsonpointer v0.21.0
go: downloading github.com/mailru/easyjson v0.7.7
go: downloading github.com/josharian/intern v1.0.0
CGO_ENABLED=0 OOS=linux go build -o bin/vk cmd/virtual-kubelet/main.go
go: downloading golang.org/x/sync v0.14.0
CGO_ENABLED=0 OOS=linux go build -o bin/installer cmd/installer/main.go
go: downloading github.com/spf13/cobra v1.8.1
CGO_ENABLED=0 OOS=linux go build -o bin/ssh-tunnel cmd/ssh-tunnel/main.go
