level=info msg="Starting prematerial attestors stage..."
level=info msg="Starting environment attestor..."
level=info msg="Starting git attestor..."
level=info msg="Finished environment attestor... (8.728e-05s)"
level=info msg="Finished git attestor... (0.062346565s)"
level=info msg="Completed prematerial attestors stage..."
level=info msg="Starting material attestors stage..."
level=info msg="Starting material attestor..."
level=info msg="Finished material attestor... (1.029185591s)"
level=info msg="Completed material attestors stage..."
level=info msg="Starting execute attestors stage..."
level=info msg="Starting command-run attestor..."
level=info msg="Using tracer: ebpf for command-run"
# do not delete dot-files
rm -rf cmd/jaeger/internal/extension/jaegerquery/internal/ui/actual/*
cp -r "jaeger-ui/packages/jaeger-ui/build/"* cmd/jaeger/internal/extension/jaegerquery/internal/ui/actual/
find cmd/jaeger/internal/extension/jaegerquery/internal/ui/actual -type f | grep -v .gitignore | xargs gzip --no-name
# copy the timestamp for index.html.gz from the original file
touch -t $(date -r "jaeger-ui/packages/jaeger-ui/build/index.html" '+%Y%m%d%H%M.%S') cmd/jaeger/internal/extension/jaegerquery/internal/ui/actual/index.html.gz
ls -lF cmd/jaeger/internal/extension/jaegerquery/internal/ui/actual/
total 8
-rw-r--r-- 1 root root 2069 Jul 20 01:59 index.html.gz
drwxr-xr-x 2 root root 4096 Sep  5 02:48 static/
🚧 building binary '[1m[38;5;208m./cmd/jaeger[39m[0m' for linux-amd64
CGO_ENABLED=0 installsuffix=cgo go build -trimpath   -o ./cmd/jaeger/jaeger-linux-amd64   -ldflags "-X   github.com/jaegertracing/jaeger/internal/version.commitSHA=a600b0802518f77208405338a255b286a551e867 -X   github.com/jaegertracing/jaeger/internal/version.latestVersion=0.0.0 -X   github.com/jaegertracing/jaeger/internal/version.date=2026-09-03T17:27:06Z" ./cmd/jaeger
go: downloading go.opentelemetry.io/collector/otelcol v0.159.0
go: downloading github.com/spf13/cobra v1.10.2
go: downloading github.com/spf13/viper v1.21.0
go: downloading go.opentelemetry.io/collector/component v1.65.0
go: downloading go.opentelemetry.io/collector/confmap v1.65.0
go: downloading go.opentelemetry.io/collector/confmap/provider/envprovider v1.65.0
go: downloading go.opentelemetry.io/collector/confmap/provider/fileprovider v1.65.0
go: downloading go.opentelemetry.io/collector/confmap/provider/httpprovider v1.65.0
go: downloading go.opentelemetry.io/collector/confmap/provider/httpsprovider v1.65.0
go: downloading go.opentelemetry.io/collector/connector v0.159.0
go: downloading go.opentelemetry.io/collector/confmap/provider/yamlprovider v1.65.0
go: downloading go.opentelemetry.io/collector/exporter v1.65.0
go: downloading go.opentelemetry.io/collector/extension v1.65.0
go: downloading go.opentelemetry.io/collector/processor v1.65.0
go: downloading go.opentelemetry.io/collector/receiver v1.65.0
go: downloading go.opentelemetry.io/collector v0.159.0
go: downloading github.com/open-telemetry/opentelemetry-collector-contrib/connector/spanmetricsconnector v0.159.0
go: downloading go.opentelemetry.io/collector/exporter/nopexporter v0.159.0
go: downloading go.opentelemetry.io/collector/exporter/otlpexporter v0.159.0
go: downloading github.com/open-telemetry/opentelemetry-collector-contrib/exporter/kafkaexporter v0.159.0
go: downloading github.com/open-telemetry/opentelemetry-collector-contrib/exporter/prometheusexporter v0.159.0
go: downloading github.com/open-telemetry/opentelemetry-collector-contrib/extension/healthcheckv2extension v0.159.0
go: downloading github.com/open-telemetry/opentelemetry-collector-contrib/extension/basicauthextension v0.159.0
go: downloading go.opentelemetry.io/collector/exporter/otlphttpexporter v0.159.0
go: downloading go.opentelemetry.io/collector/connector/forwardconnector v0.159.0
go: downloading go.opentelemetry.io/collector/exporter/debugexporter v0.159.0
go: downloading github.com/open-telemetry/opentelemetry-collector-contrib/processor/attributesprocessor v0.159.0
go: downloading github.com/open-telemetry/opentelemetry-collector-contrib/extension/sigv4authextension v0.159.0
go: downloading go.opentelemetry.io/collector/processor/batchprocessor v0.159.0
go: downloading go.opentelemetry.io/collector/processor/memorylimiterprocessor v0.159.0
go: downloading github.com/open-telemetry/opentelemetry-collector-contrib/receiver/jaegerreceiver v0.159.0
go: downloading github.com/open-telemetry/opentelemetry-collector-contrib/processor/filterprocessor v0.159.0
go: downloading github.com/open-telemetry/opentelemetry-collector-contrib/processor/tailsamplingprocessor v0.159.0
go: downloading go.opentelemetry.io/collector/receiver/nopreceiver v0.159.0
go: downloading go.opentelemetry.io/collector/extension/zpagesextension v0.159.0
go: downloading github.com/open-telemetry/opentelemetry-collector-contrib/extension/pprofextension v0.159.0
go: downloading github.com/open-telemetry/opentelemetry-collector-contrib/receiver/zipkinreceiver v0.159.0
go: downloading github.com/open-telemetry/opentelemetry-collector-contrib/receiver/kafkareceiver v0.159.0
go: downloading go.opentelemetry.io/collector/receiver/otlpreceiver v0.159.0
go: downloading go.uber.org/zap v1.28.0
go: downloading github.com/fsnotify/fsnotify v1.10.1
go: downloading github.com/go-viper/mapstructure/v2 v2.5.0
go: downloading github.com/sagikazarmark/locafero v0.11.0
go: downloading github.com/spf13/afero v1.15.0
go: downloading github.com/spf13/cast v1.10.0
go: downloading github.com/spf13/pflag v1.0.10
go: downloading github.com/cpuguy83/go-md2man/v2 v2.0.6
go: downloading go.yaml.in/yaml/v3 v3.0.5
go: downloading github.com/gobwas/glob v0.2.3
go: downloading github.com/google/uuid v1.6.0
go: downloading github.com/jonboulle/clockwork v0.5.0
go: downloading github.com/hashicorp/golang-lru/v2 v2.0.7
go: downloading github.com/lightstep/go-expohisto v1.0.0
go: downloading github.com/open-telemetry/opentelemetry-collector-contrib/internal/coreinternal v0.159.0
go: downloading github.com/open-telemetry/opentelemetry-collector-contrib/pkg/pdatautil v0.159.0
go: downloading github.com/open-telemetry/opentelemetry-collector-contrib/internal/pdatautil v0.159.0
go: downloading go.opentelemetry.io/collector/config/configoptional v1.65.0
go: downloading go.opentelemetry.io/collector/consumer v1.65.0
go: downloading go.opentelemetry.io/collector/pdata v1.65.0
go: downloading go.opentelemetry.io/collector/connector/xconnector v0.159.0
go: downloading github.com/hashicorp/golang-lru v1.0.2
go: downloading go.opentelemetry.io/otel v1.45.0
go: downloading go.opentelemetry.io/collector/internal/componentalias v0.159.0
go: downloading go.opentelemetry.io/collector/pipeline v1.65.0
go: downloading go.opentelemetry.io/collector/internal/fanoutconsumer v0.159.0
go: downloading go.uber.org/multierr v1.11.0
go: downloading go.opentelemetry.io/otel/metric v1.45.0
go: downloading go.opentelemetry.io/otel/trace v1.45.0
go: downloading go.opentelemetry.io/collector/config/configopaque v1.65.0
go: downloading go.opentelemetry.io/collector/confmap/xconfmap v0.159.0
go: downloading go.opentelemetry.io/collector/extension/extensioncapabilities v0.159.0
go: downloading go.opentelemetry.io/collector/featuregate v1.65.0
go: downloading go.opentelemetry.io/collector/service v0.159.0
go: downloading go.opentelemetry.io/collector/consumer/consumertest v0.159.0
go: downloading go.opentelemetry.io/collector/exporter/xexporter v0.159.0
go: downloading go.opentelemetry.io/collector/config/configcompression v1.65.0
go: downloading go.opentelemetry.io/collector/config/configgrpc v1.65.0
go: downloading go.opentelemetry.io/collector/config/configretry v1.65.0
go: downloading go.opentelemetry.io/collector/consumer/consumererror v0.159.0
go: downloading go.opentelemetry.io/collector/exporter/exporterhelper v0.159.0
go: downloading go.opentelemetry.io/collector/exporter/exporterhelper/xexporterhelper v0.159.0
go: downloading go.opentelemetry.io/collector/pdata/pprofile v0.159.0
go: downloading google.golang.org/genproto/googleapis/rpc v0.0.0-20260803160001-6ac0973c030d
go: downloading google.golang.org/grpc v1.83.0
go: downloading github.com/open-telemetry/opentelemetry-collector-contrib/internal/kafka v0.159.0
go: downloading github.com/open-telemetry/opentelemetry-collector-contrib/pkg/batchpersignal v0.159.0
go: downloading github.com/open-telemetry/opentelemetry-collector-contrib/pkg/kafka/configkafka v0.159.0
go: downloading github.com/open-telemetry/opentelemetry-collector-contrib/pkg/kafka/topic v0.159.0
go: downloading github.com/open-telemetry/opentelemetry-collector-contrib/pkg/translator/zipkin v0.159.0
go: downloading github.com/twmb/franz-go v1.21.5
go: downloading go.opentelemetry.io/collector/client v1.65.0
go: downloading github.com/open-telemetry/opentelemetry-collector-contrib/internal/healthcheck v0.159.0
go: downloading go.opentelemetry.io/collector/consumer/xconsumer v0.159.0
go: downloading github.com/open-telemetry/opentelemetry-collector-contrib/extension/internal/basicauth v0.159.0
go: downloading github.com/open-telemetry/opentelemetry-collector-contrib/extension/internal/credentialsfile v0.159.0
go: downloading github.com/tg123/go-htpasswd v1.2.5
go: downloading go.opentelemetry.io/collector/extension/extensionauth v1.65.0
go: downloading go.opentelemetry.io/collector/config/confighttp v0.159.0
go: downloading google.golang.org/protobuf v1.36.12
go: downloading go.opentelemetry.io/collector/pdata/xpdata v0.159.0
go: downloading github.com/open-telemetry/opentelemetry-collector-contrib/internal/filter v0.159.0
go: downloading github.com/open-telemetry/opentelemetry-collector-contrib/pkg/ottl v0.159.0
go: downloading go.opentelemetry.io/collector/processor/processorhelper v0.159.0
go: downloading github.com/asaskevich/govalidator v0.0.0-20230301143203-a9d515a09cc2
go: downloading go.opentelemetry.io/collector/config/configauth v1.65.0
go: downloading go.opentelemetry.io/collector/config/configtls v1.65.0
go: downloading github.com/open-telemetry/opentelemetry-collector-contrib/pkg/resourcetotelemetry v0.159.0
go: downloading github.com/open-telemetry/opentelemetry-collector-contrib/pkg/translator/prometheus v0.159.0
go: downloading github.com/prometheus/client_golang v1.24.1
go: downloading github.com/prometheus/client_model v0.6.2
go: downloading github.com/prometheus/common v0.70.1
go: downloading github.com/prometheus/otlptranslator v1.0.0
go: downloading github.com/prometheus/prometheus v0.313.2
go: downloading go.opentelemetry.io/collector/internal/memorylimiter v0.159.0
go: downloading go.opentelemetry.io/collector/internal/telemetry v0.159.0
go: downloading go.opentelemetry.io/collector/pipeline/xpipeline v0.159.0
go: downloading go.opentelemetry.io/collector/processor/processorhelper/xprocessorhelper v0.159.0
go: downloading go.opentelemetry.io/collector/processor/xprocessor v0.159.0
go: downloading go.opentelemetry.io/collector/receiver/xreceiver v0.159.0
go: downloading github.com/aws/aws-sdk-go-v2 v1.43.4
go: downloading github.com/aws/aws-sdk-go-v2/config v1.32.35
go: downloading github.com/aws/aws-sdk-go-v2/credentials v1.19.34
go: downloading github.com/aws/aws-sdk-go-v2/service/sts v1.45.4
go: downloading github.com/cenkalti/backoff/v7 v7.0.0
go: downloading github.com/elastic/elastic-transport-go/v8 v8.9.0
go: downloading github.com/elastic/go-elasticsearch/v9 v9.4.2
go: downloading go.opentelemetry.io/collector/component/componentstatus v0.159.0
go: downloading go.opentelemetry.io/collector/config/confignet v1.65.0
go: downloading go.opentelemetry.io/collector/config/configtelemetry v0.159.0
go: downloading go.opentelemetry.io/contrib/zpages v0.70.0
go: downloading go.opentelemetry.io/otel/sdk v1.45.0
go: downloading github.com/apache/thrift v0.24.0
go: downloading github.com/gorilla/mux v1.8.1
go: downloading github.com/jaegertracing/jaeger-idl v0.11.4
go: downloading github.com/open-telemetry/opentelemetry-collector-contrib/pkg/translator/jaeger v0.159.0
go: downloading go.opentelemetry.io/collector/receiver/receiverhelper v0.159.0
go: downloading github.com/subosito/gotenv v1.6.0
go: downloading github.com/pelletier/go-toml/v2 v2.2.4
go: downloading github.com/sourcegraph/conc v0.3.1-0.20240121214520-5f936abd7ae8
go: downloading github.com/cenkalti/backoff/v4 v4.3.0
go: downloading github.com/open-telemetry/opentelemetry-collector-contrib/pkg/translator/azure v0.159.0
go: downloading go.opentelemetry.io/collector/internal/sharedcomponent v0.159.0
go: downloading github.com/open-telemetry/opentelemetry-collector-contrib/pkg/sampling v0.159.0
go: downloading github.com/russross/blackfriday/v2 v2.1.0
go: downloading github.com/cespare/xxhash/v2 v2.3.0
go: downloading golang.org/x/text v0.40.0
go: downloading golang.org/x/sys v0.47.0
go: downloading golang.org/x/exp v0.0.0-20260727155853-b88d891fe743
go: downloading github.com/knadh/koanf/maps v0.1.3
go: downloading github.com/knadh/koanf/providers/confmap v1.0.1
go: downloading github.com/knadh/koanf/v2 v2.3.6
go: downloading github.com/hashicorp/go-version v1.9.0
go: downloading go.opentelemetry.io/collector/config/configmiddleware v1.65.0
go: downloading go.opentelemetry.io/contrib/instrumentation/google.golang.org/grpc/otelgrpc v0.70.0
go: downloading go.opentelemetry.io/collector/consumer/consumererror/xconsumererror v0.159.0
go: downloading go.opentelemetry.io/contrib/otelconf v0.25.0
go: downloading github.com/gogo/protobuf v1.3.2
go: downloading github.com/twmb/franz-go/pkg/kmsg v1.13.1
go: downloading github.com/aws/aws-msk-iam-sasl-signer-go v1.0.4
go: downloading github.com/jcmturner/gokrb5/v8 v8.4.4
go: downloading github.com/twmb/franz-go/pkg/kadm v1.18.0
go: downloading github.com/twmb/franz-go/pkg/sasl/kerberos v1.1.0
go: downloading github.com/twmb/franz-go/plugin/kzap v1.1.2
go: downloading golang.org/x/oauth2 v0.36.0
go: downloading github.com/open-telemetry/opentelemetry-collector-contrib/pkg/core/xidutils v0.159.0
go: downloading github.com/openzipkin/zipkin-go v0.4.3
go: downloading github.com/open-telemetry/opentelemetry-collector-contrib/pkg/status v0.159.0
go: downloading github.com/GehirnInc/crypt v0.0.0-20230320061759-8cc1b52080c5
go: downloading golang.org/x/crypto v0.54.0
go: downloading github.com/golang/snappy v1.0.0
go: downloading github.com/klauspost/compress v1.19.2
go: downloading github.com/pierrec/lz4/v4 v4.1.28
go: downloading github.com/rs/cors v1.11.1
go: downloading go.opentelemetry.io/contrib/instrumentation/net/http/otelhttp v0.70.0
go: downloading golang.org/x/net v0.57.0
go: downloading github.com/foxboron/go-tpm-keyfiles v0.0.0-20251226215517-609e4778396f
go: downloading github.com/google/go-tpm v0.9.8
go: downloading github.com/beorn7/perks v1.0.1
go: downloading github.com/prometheus/procfs v0.21.1
go: downloading github.com/aws/smithy-go v1.27.6
go: downloading github.com/aws/aws-sdk-go-v2/internal/configsources v1.4.35
go: downloading github.com/aws/aws-sdk-go-v2/internal/v4a v1.4.36
go: downloading github.com/aws/aws-sdk-go-v2/service/internal/accept-encoding v1.13.15
go: downloading github.com/aws/aws-sdk-go-v2/service/internal/presigned-url v1.13.35
go: downloading github.com/aws/aws-sdk-go-v2/feature/ec2/imds v1.18.35
go: downloading github.com/aws/aws-sdk-go-v2/service/sso v1.33.4
go: downloading github.com/aws/aws-sdk-go-v2/service/signin v1.5.4
go: downloading github.com/aws/aws-sdk-go-v2/service/ssooidc v1.38.4
go: downloading github.com/alecthomas/participle/v2 v2.1.4
go: downloading github.com/goccy/go-json v0.10.6
go: downloading github.com/iancoleman/strcase v0.3.0
go: downloading github.com/gogo/googleapis v1.4.1
go: downloading github.com/golang/groupcache v0.0.0-20241129210726-2c02b8208cf8
go: downloading golang.org/x/time v0.15.0
go: downloading github.com/relvacode/iso8601 v1.8.0
go: downloading github.com/mitchellh/copystructure v1.2.0
go: downloading github.com/go-logr/logr v1.4.4
go: downloading go.opentelemetry.io/collector/extension/xextension v0.159.0
go: downloading github.com/stretchr/testify v1.11.1
go: downloading go.opentelemetry.io/collector/service/hostcapabilities v0.159.0
go: downloading gonum.org/v1/gonum v0.17.0
go: downloading go.opentelemetry.io/collector/connector/connectortest v0.159.0
go: downloading go.opentelemetry.io/collector/exporter/exportertest v0.159.0
go: downloading go.opentelemetry.io/collector/extension/extensiontest v0.159.0
go: downloading go.opentelemetry.io/collector/processor/processortest v0.159.0
go: downloading go.opentelemetry.io/collector/receiver/receivertest v0.159.0
go: downloading github.com/shirou/gopsutil/v4 v4.26.7
go: downloading github.com/json-iterator/go v1.1.12
go: downloading go.opentelemetry.io/collector/extension/extensionmiddleware v0.159.0
go: downloading github.com/coder/acp-go-sdk v0.13.0
go: downloading go.opentelemetry.io/collector/config/confighttp/xconfighttp v0.159.0
go: downloading go.opentelemetry.io/collector/component/componenttest v0.159.0
go: downloading github.com/ClickHouse/clickhouse-go/v2 v2.48.0
go: downloading go.opentelemetry.io/contrib/bridges/otelzap v0.20.0
go: downloading go.opentelemetry.io/contrib/propagators/b3 v1.45.0
go: downloading go.opentelemetry.io/otel/log v0.21.0
go: downloading go.opentelemetry.io/contrib/samplers/jaegerremote v0.37.1
go: downloading go.opentelemetry.io/otel/exporters/otlp/otlptrace v1.45.0
go: downloading go.opentelemetry.io/otel/exporters/otlp/otlptrace/otlptracegrpc v1.45.0
go: downloading go.opentelemetry.io/otel/exporters/otlp/otlplog/otlploggrpc v0.21.0
go: downloading go.opentelemetry.io/otel/exporters/otlp/otlplog/otlploghttp v0.21.0
go: downloading go.opentelemetry.io/otel/exporters/otlp/otlpmetric/otlpmetricgrpc v1.45.0
go: downloading go.opentelemetry.io/otel/exporters/otlp/otlpmetric/otlpmetrichttp v1.45.0
go: downloading go.opentelemetry.io/otel/exporters/otlp/otlptrace/otlptracehttp v1.45.0
go: downloading go.opentelemetry.io/otel/exporters/prometheus v0.67.0
go: downloading go.opentelemetry.io/otel/exporters/stdout/stdoutlog v0.21.0
go: downloading go.opentelemetry.io/otel/exporters/stdout/stdoutmetric v1.45.0
go: downloading go.opentelemetry.io/otel/exporters/stdout/stdouttrace v1.45.0
go: downloading go.opentelemetry.io/otel/sdk/log v0.21.0
go: downloading go.opentelemetry.io/otel/sdk/metric v1.45.0
go: downloading github.com/jcmturner/dnsutils/v2 v2.0.0
go: downloading github.com/jcmturner/gofork v1.7.6
go: downloading github.com/expr-lang/expr v1.17.8
go: downloading github.com/felixge/httpsnoop v1.1.0
go: downloading github.com/munnerz/goautoneg v0.0.0-20191010083416-a7dc8b61c822
go: downloading github.com/aws/aws-sdk-go-v2/internal/endpoints/v2 v2.7.35
go: downloading github.com/go-logr/stdr v1.2.2
go: downloading go.opentelemetry.io/auto/sdk v1.2.1
go: downloading github.com/antchfx/xmlquery v1.5.1
go: downloading github.com/antchfx/xpath v1.3.8
go: downloading github.com/elastic/go-grok v0.3.1
go: downloading github.com/twmb/murmur3 v1.1.8
go: downloading github.com/ua-parser/uap-go v0.0.0-20251207011819-db9adb27a0b8
go: downloading github.com/zeebo/xxh3 v1.1.0
go: downloading github.com/mitchellh/reflectwalk v1.0.2
go: downloading go.opentelemetry.io/collector/pdata/testdata v0.159.0
go: downloading github.com/ag-ui-protocol/ag-ui/sdks/community/go v0.0.0-20260630145048-7479d97e25f6
go: downloading github.com/gorilla/websocket v1.5.4-0.20250319132907-e064f32e3674
go: downloading github.com/modelcontextprotocol/go-sdk v1.6.1
go: downloading github.com/google/gnostic-models v0.7.1
go: downloading google.golang.org/genproto/googleapis/api v0.0.0-20260803160001-6ac0973c030d
go: downloading github.com/gorilla/handlers v1.5.2
go: downloading github.com/apache/cassandra-gocql-driver/v2 v2.1.2
go: downloading github.com/dgraph-io/badger/v4 v4.9.2
go: downloading github.com/modern-go/concurrent v0.0.0-20180306012644-bacd9c7ef1dd
go: downloading github.com/modern-go/reflect2 v1.0.3-0.20250322232337-35a7c28c31ee
go: downloading go.opentelemetry.io/contrib/detectors/aws/ecs v1.45.0
go: downloading go.opentelemetry.io/contrib/detectors/aws/eks v1.45.0
go: downloading go.opentelemetry.io/contrib/detectors/azure/azurevm v0.17.0
go: downloading go.opentelemetry.io/contrib/detectors/gcp v1.45.0
go: downloading go.opentelemetry.io/contrib/propagators/autoprop v0.70.0
go: downloading go.opentelemetry.io/proto/otlp v1.11.0
go: downloading github.com/tklauser/go-sysconf v0.4.0
go: downloading github.com/hashicorp/go-uuid v1.0.3
go: downloading github.com/elastic/lunes v0.2.2
go: downloading github.com/davecgh/go-spew v1.1.2-0.20180830191138-d8f796af33cc
go: downloading github.com/pmezard/go-difflib v1.0.1-0.20181226105442-5d4384ee4fb2
go: downloading github.com/alecthomas/units v0.0.0-20240927000941-0f3dac36c52b
go: downloading github.com/prometheus/client_golang/exp v0.0.0-20260602051030-3537b20ac86b
go: downloading github.com/grafana/regexp v0.0.0-20250905093917-f7b3be9d1853
go: downloading github.com/prometheus/sigv4 v0.4.1
go: downloading go.yaml.in/yaml/v2 v2.4.4
go: downloading github.com/klauspost/cpuid/v2 v2.3.0
go: downloading github.com/sirupsen/logrus v1.9.4
go: downloading github.com/ClickHouse/ch-go v0.74.0
go: downloading github.com/andybalholm/brotli v1.2.2
go: downloading github.com/jcmturner/rpc/v2 v2.0.3
go: downloading github.com/brunoscheufler/aws-ecs-metadata-go v0.0.0-20221221133751-67e37ae746cd
go: downloading k8s.io/client-go v0.35.4
go: downloading cloud.google.com/go/compute/metadata v0.9.0
go: downloading github.com/GoogleCloudPlatform/opentelemetry-operations-go/detectors/gcp v1.35.0
go: downloading go.opentelemetry.io/contrib/propagators/aws v1.45.0
go: downloading go.opentelemetry.io/contrib/propagators/jaeger v1.45.0
go: downloading go.opentelemetry.io/contrib/propagators/ot v1.45.0
go: downloading github.com/cenkalti/backoff/v5 v5.0.3
go: downloading gopkg.in/inf.v0 v0.9.1
go: downloading github.com/grpc-ecosystem/grpc-gateway/v2 v2.29.0
go: downloading github.com/jcmturner/aescts/v2 v2.0.0
go: downloading github.com/google/jsonschema-go v0.4.3
go: downloading github.com/yosida95/uritemplate/v3 v3.0.2
go: downloading gopkg.in/yaml.v3 v3.0.1
go: downloading github.com/dgraph-io/ristretto/v2 v2.2.0
go: downloading github.com/dustin/go-humanize v1.0.1
go: downloading github.com/golang-jwt/jwt/v5 v5.3.1
go: downloading github.com/mwitkow/go-conntrack v0.0.0-20190716064945-2f068394615f
go: downloading github.com/Azure/azure-sdk-for-go/sdk/azcore v1.22.0
go: downloading github.com/Azure/azure-sdk-for-go/sdk/azidentity v1.14.0
go: downloading google.golang.org/api v0.278.0
go: downloading github.com/dennwc/varint v1.0.0
go: downloading go.uber.org/atomic v1.11.0
go: downloading github.com/tklauser/numcpus v0.12.0
go: downloading github.com/paulmach/orb v0.13.0
go: downloading github.com/shopspring/decimal v1.4.0
go: downloading github.com/stretchr/objx v0.5.3
go: downloading github.com/segmentio/encoding v0.5.4
go: downloading github.com/google/flatbuffers v25.2.10+incompatible
go: downloading github.com/jpillora/backoff v1.0.0
go: downloading github.com/Azure/azure-sdk-for-go/sdk/internal v1.12.0
go: downloading github.com/AzureAD/microsoft-authentication-library-for-go v1.7.2
go: downloading github.com/go-faster/city v1.0.1
go: downloading github.com/segmentio/asm v1.2.1
go: downloading github.com/go-faster/errors v0.7.1
go: downloading github.com/kylelemons/godebug v1.1.0
go: downloading github.com/pkg/browser v0.0.0-20240102092130-5ac0b6a4141c
go: downloading k8s.io/apimachinery v0.35.4
go: downloading k8s.io/klog/v2 v2.140.0
go: downloading k8s.io/utils v0.0.0-20260707023825-cf1189d6abe3
go: downloading golang.org/x/term v0.45.0
go: downloading k8s.io/kube-openapi v0.0.0-20260721132016-d427ff9ee9ad
go: downloading sigs.k8s.io/structured-merge-diff/v6 v6.4.2
go: downloading sigs.k8s.io/json v0.0.0-20250730193827-2d320260d730
go: downloading sigs.k8s.io/yaml v1.6.0
go: downloading sigs.k8s.io/randfill v1.0.0
go: downloading github.com/fxamacker/cbor/v2 v2.9.2
go: downloading github.com/x448/float16 v0.8.4
go: downloading github.com/googleapis/enterprise-certificate-proxy v0.3.15
go: downloading cloud.google.com/go/auth/oauth2adapt v0.2.8
go: downloading cloud.google.com/go/auth v0.20.0
go: downloading github.com/google/s2a-go v0.1.9
go: downloading github.com/googleapis/gax-go/v2 v2.22.0
Checking version of built binary
{"gitCommit":"a600b0802518f77208405338a255b286a551e867","gitVersion":"0.0.0","buildDate":"2026-09-03T17:27:06Z"}
☑️ versions match: want=0.0.0, have=0.0.0
🚧 building binary '[1m[38;5;208m./cmd/remote-storage[39m[0m' for linux-amd64
CGO_ENABLED=0 installsuffix=cgo go build -trimpath   -o ./cmd/remote-storage/remote-storage-linux-amd64   -ldflags "-X   github.com/jaegertracing/jaeger/internal/version.commitSHA=a600b0802518f77208405338a255b286a551e867 -X   github.com/jaegertracing/jaeger/internal/version.latestVersion=0.0.0 -X   github.com/jaegertracing/jaeger/internal/version.date=2026-09-03T17:27:06Z" ./cmd/remote-storage
go: downloading go.uber.org/automaxprocs v1.6.0
🚧 building binary '[1m[38;5;208m[39m[0m' for linux-amd64
CGO_ENABLED=0 installsuffix=cgo go build -trimpath -o ./examples/hotrod/hotrod-linux-amd64 ./examples/hotrod/main.go
🚧 building binary '[1m[38;5;208mtracegen[39m[0m' for linux-amd64
CGO_ENABLED=0 installsuffix=cgo go build -trimpath -o ./cmd/tracegen/tracegen-linux-amd64 ./cmd/tracegen/
go: downloading github.com/go-logr/zapr v1.3.0
🚧 building binary '[1m[38;5;208manonymizer[39m[0m' for linux-amd64
CGO_ENABLED=0 installsuffix=cgo go build -trimpath -o ./cmd/anonymizer/anonymizer-linux-amd64 ./cmd/anonymizer/
🚧 building binary '[1m[38;5;208mesmapping-generator[39m[0m' for linux-amd64
CGO_ENABLED=0 installsuffix=cgo go build -trimpath -o ./cmd/esmapping-generator/esmapping-generator-linux-amd64 ./cmd/esmapping-generator/
🚧 building binary '[1m[38;5;208mes-index-cleaner[39m[0m' for linux-amd64
CGO_ENABLED=0 installsuffix=cgo go build -trimpath -o ./cmd/es-index-cleaner/es-index-cleaner-linux-amd64 ./cmd/es-index-cleaner/
🚧 building binary '[1m[38;5;208mes-rollover[39m[0m' for linux-amd64
CGO_ENABLED=0 installsuffix=cgo go build -trimpath -o ./cmd/es-rollover/es-rollover-linux-amd64 ./cmd/es-rollover/
make _build-platform-binaries-debug GOOS=linux GOARCH=amd64
make[1]: Entering directory '/home/jake/sbomit-overhead-experiment/repos/jaeger'
make build-jaeger build-remote-storage GOOS=linux GOARCH=amd64 DEBUG_BINARY=1
make[2]: Entering directory '/home/jake/sbomit-overhead-experiment/repos/jaeger'
🚧 building binary '[1m[38;5;208m./cmd/jaeger[39m[0m' for linux-amd64
CGO_ENABLED=0 installsuffix=cgo go build -trimpath -gcflags="all=-N -l"  -o ./cmd/jaeger/jaeger-debug-linux-amd64   -ldflags "-X   github.com/jaegertracing/jaeger/internal/version.commitSHA=a600b0802518f77208405338a255b286a551e867 -X   github.com/jaegertracing/jaeger/internal/version.latestVersion=0.0.0 -X   github.com/jaegertracing/jaeger/internal/version.date=2026-09-03T17:27:06Z" ./cmd/jaeger
Checking version of built binary
{"gitCommit":"a600b0802518f77208405338a255b286a551e867","gitVersion":"0.0.0","buildDate":"2026-09-03T17:27:06Z"}
☑️ versions match: want=0.0.0, have=0.0.0
🚧 building binary '[1m[38;5;208m./cmd/remote-storage[39m[0m' for linux-amd64
CGO_ENABLED=0 installsuffix=cgo go build -trimpath -gcflags="all=-N -l"  -o ./cmd/remote-storage/remote-storage-debug-linux-amd64   -ldflags "-X   github.com/jaegertracing/jaeger/internal/version.commitSHA=a600b0802518f77208405338a255b286a551e867 -X   github.com/jaegertracing/jaeger/internal/version.latestVersion=0.0.0 -X   github.com/jaegertracing/jaeger/internal/version.date=2026-09-03T17:27:06Z" ./cmd/remote-storage
make[2]: Leaving directory '/home/jake/sbomit-overhead-experiment/repos/jaeger'
make[1]: Leaving directory '/home/jake/sbomit-overhead-experiment/repos/jaeger'
level=info msg="Finished command-run attestor... (142.582491537s)"
level=info msg="Completed execute attestors stage..."
level=info msg="Starting product attestors stage..."
level=info msg="Starting product attestor..."
level=info msg="Finished product attestor... (1.246309764s)"
level=info msg="Completed product attestors stage..."
level=info msg="Starting postproduct attestors stage..."
level=info msg="Completed postproduct attestors stage..."
