level=info msg="Starting prematerial attestors stage..."
level=info msg="Starting git attestor..."
level=info msg="Starting environment attestor..."
level=info msg="Finished environment attestor... (0.00011593s)"
level=info msg="Finished git attestor... (0.043902667s)"
level=info msg="Completed prematerial attestors stage..."
level=info msg="Starting material attestors stage..."
level=info msg="Starting material attestor..."
level=info msg="Finished material attestor... (0.150382239s)"
level=info msg="Completed material attestors stage..."
level=info msg="Starting execute attestors stage..."
level=info msg="Starting command-run attestor..."
level=info msg="Using tracer: ebpf for command-run"
# Generate code
go run sigs.k8s.io/controller-tools/cmd/controller-gen object:headerFile=".github/boilerplate.go.txt" paths="./..."
go: downloading sigs.k8s.io/controller-tools v0.20.1
go: downloading github.com/spf13/cobra v1.10.2
go: downloading k8s.io/apiextensions-apiserver v0.35.2
go: downloading gopkg.in/yaml.v3 v3.0.1
go: downloading golang.org/x/tools v0.47.0
go: downloading k8s.io/apimachinery v0.35.2
go: downloading sigs.k8s.io/yaml v1.6.0
go: downloading k8s.io/api v0.35.2
go: downloading gopkg.in/yaml.v2 v2.4.0
go: downloading github.com/gobuffalo/flect v1.0.3
go: downloading k8s.io/utils v0.0.0-20260210185600-b8788abfbbc2
go: downloading k8s.io/code-generator v0.35.2
go: downloading k8s.io/gengo/v2 v2.0.0-20251215205346-5ee0d033ba5b
go: downloading github.com/fatih/color v1.18.0
go: downloading go.yaml.in/yaml/v2 v2.4.4
go: downloading github.com/spf13/pflag v1.0.10
go: downloading k8s.io/klog/v2 v2.140.0
go: downloading github.com/mattn/go-colorable v0.1.14
go: downloading github.com/mattn/go-isatty v0.0.20
go: downloading golang.org/x/sys v0.46.0
go: downloading github.com/go-logr/logr v1.4.3
go: downloading sigs.k8s.io/randfill v1.0.0
go: downloading k8s.io/kube-openapi v0.0.0-20260304202019-5b3e3fdb0acf
go: downloading sigs.k8s.io/structured-merge-diff/v6 v6.3.2
go: downloading gopkg.in/inf.v0 v0.9.1
go: downloading sigs.k8s.io/json v0.0.0-20250730193827-2d320260d730
go: downloading github.com/fxamacker/cbor/v2 v2.9.0
go: downloading golang.org/x/net v0.56.0
go: downloading github.com/google/gnostic-models v0.7.1
go: downloading golang.org/x/text v0.40.0
go: downloading github.com/x448/float16 v0.8.4
go: downloading go.yaml.in/yaml/v3 v3.0.4
go: downloading google.golang.org/protobuf v1.36.11
go: downloading github.com/json-iterator/go v1.1.12
go: downloading github.com/modern-go/concurrent v0.0.0-20180306012644-bacd9c7ef1dd
go: downloading github.com/modern-go/reflect2 v1.0.3-0.20250322232337-35a7c28c31ee
go: downloading github.com/go-openapi/swag v0.25.5
go: downloading github.com/go-openapi/jsonreference v0.21.5
go: downloading github.com/go-openapi/jsonpointer v0.22.5
go: downloading github.com/go-openapi/swag/fileutils v0.25.5
go: downloading github.com/go-openapi/swag/cmdutils v0.25.5
go: downloading github.com/go-openapi/swag/conv v0.25.5
go: downloading github.com/go-openapi/swag/jsonname v0.25.5
go: downloading github.com/go-openapi/swag/jsonutils v0.25.5
go: downloading github.com/go-openapi/swag/loading v0.25.5
go: downloading github.com/go-openapi/swag/mangling v0.25.5
go: downloading github.com/go-openapi/swag/netutils v0.25.5
go: downloading github.com/go-openapi/swag/stringutils v0.25.5
go: downloading github.com/go-openapi/swag/typeutils v0.25.5
go: downloading github.com/go-openapi/swag/yamlutils v0.25.5
go: downloading golang.org/x/sync v0.22.0
go: downloading golang.org/x/mod v0.37.0
# Generate CRDs
go run sigs.k8s.io/controller-tools/cmd/controller-gen rbac:roleName=manager-role webhook paths="./..." output:crd:artifacts:config=config/crd/apiextensions.k8s.io/v1 crd:crdVersions=v1
go run sigs.k8s.io/controller-tools/cmd/controller-gen rbac:roleName=manager-role webhook paths="./..." output:crd:artifacts:config=charts/k8up/crds crd:crdVersions=v1
go fmt ./...
go vet ./...
go: downloading github.com/stretchr/testify v1.11.1
go build -o /home/jake/sbomit-overhead-experiment/repos/k8up/./k8up cmd/k8up/main.go
go run cmd/k8up/main.go --help > "docs/modules/ROOT/examples/usage/k8up.txt"
go run cmd/k8up/main.go restic --help > "docs/modules/ROOT/examples/usage/restic.txt"
2026-09-06T01:35:51Z	INFO	k8up	Starting k8up…	{"version": "snapshot", "date": "unknown", "commit": "unknown", "go_os": "linux", "go_arch": "amd64", "go_version": "go1.26.5", "uid": 0, "gid": 0}
go run cmd/k8up/main.go operator --help > "docs/modules/ROOT/examples/usage/operator.txt"
2026-09-06T01:35:51Z	INFO	k8up	Starting k8up…	{"version": "snapshot", "date": "unknown", "commit": "unknown", "go_os": "linux", "go_arch": "amd64", "go_version": "go1.26.5", "uid": 0, "gid": 0}
level=info msg="Finished command-run attestor... (85.9830473s)"
level=info msg="Completed execute attestors stage..."
level=info msg="Starting product attestors stage..."
level=info msg="Starting product attestor..."
level=info msg="Finished product attestor... (0.130443279s)"
level=info msg="Completed product attestors stage..."
level=info msg="Starting postproduct attestors stage..."
level=info msg="Completed postproduct attestors stage..."
