go: downloading go1.26.6 (linux/amd64)
mkdir -p /home/jake/sbomit-overhead-experiment/repos/kaito/bin
test -s /home/jake/sbomit-overhead-experiment/repos/kaito/bin/controller-gen && /home/jake/sbomit-overhead-experiment/repos/kaito/bin/controller-gen --version | grep -q v0.20.1 || \
GOBIN=/home/jake/sbomit-overhead-experiment/repos/kaito/bin go install sigs.k8s.io/controller-tools/cmd/controller-gen@v0.20.1
go: downloading sigs.k8s.io/controller-tools v0.20.1
go: downloading golang.org/x/tools v0.40.0
go: downloading gopkg.in/yaml.v3 v3.0.1
go: downloading k8s.io/apiextensions-apiserver v0.35.0
go: downloading k8s.io/apimachinery v0.35.0
go: downloading github.com/spf13/cobra v1.10.2
go: downloading sigs.k8s.io/yaml v1.6.0
go: downloading k8s.io/api v0.35.0
go: downloading gopkg.in/yaml.v2 v2.4.0
go: downloading github.com/fatih/color v1.18.0
go: downloading github.com/gobuffalo/flect v1.0.3
go: downloading k8s.io/utils v0.0.0-20251002143259-bc988d571ff4
go: downloading k8s.io/code-generator v0.35.0
go: downloading k8s.io/gengo/v2 v2.0.0-20250922181213-ec3ebc5fd46b
go: downloading github.com/mattn/go-colorable v0.1.13
go: downloading github.com/mattn/go-isatty v0.0.20
go: downloading github.com/spf13/pflag v1.0.10
go: downloading go.yaml.in/yaml/v2 v2.4.3
go: downloading k8s.io/klog/v2 v2.130.1
go: downloading golang.org/x/sys v0.39.0
go: downloading sigs.k8s.io/json v0.0.0-20250730193827-2d320260d730
go: downloading sigs.k8s.io/randfill v1.0.0
go: downloading k8s.io/kube-openapi v0.0.0-20250910181357-589584f1c912
go: downloading sigs.k8s.io/structured-merge-diff/v6 v6.3.0
go: downloading gopkg.in/inf.v0 v0.9.1
go: downloading github.com/fxamacker/cbor/v2 v2.9.0
go: downloading golang.org/x/net v0.48.0
go: downloading github.com/google/gnostic-models v0.7.0
go: downloading golang.org/x/text v0.32.0
go: downloading github.com/x448/float16 v0.8.4
go: downloading github.com/go-logr/logr v1.4.3
go: downloading github.com/json-iterator/go v1.1.12
go: downloading go.yaml.in/yaml/v3 v3.0.4
go: downloading google.golang.org/protobuf v1.36.8
go: downloading github.com/modern-go/concurrent v0.0.0-20180306012644-bacd9c7ef1dd
go: downloading github.com/modern-go/reflect2 v1.0.3-0.20250322232337-35a7c28c31ee
go: downloading github.com/go-openapi/jsonreference v0.20.2
go: downloading github.com/go-openapi/swag v0.23.0
go: downloading github.com/go-openapi/jsonpointer v0.21.0
go: downloading github.com/mailru/easyjson v0.7.7
go: downloading github.com/josharian/intern v1.0.0
go: downloading golang.org/x/mod v0.31.0
go: downloading golang.org/x/sync v0.19.0
/home/jake/sbomit-overhead-experiment/repos/kaito/bin/controller-gen rbac:roleName=manager-role crd webhook paths="./..." output:crd:artifacts:config=config/crd/bases
cp config/crd/bases/kaito.sh_workspaces.yaml charts/kaito/workspace/templates/
cp config/crd/bases/kaito.sh_inferencesets.yaml charts/kaito/workspace/templates/
cp config/crd/bases/kaito.sh_modelmirrors.yaml charts/kaito/workspace/templates/
cp config/crd/bases/kaito.sh_ragengines.yaml charts/kaito/ragengine/templates/
/home/jake/sbomit-overhead-experiment/repos/kaito/bin/controller-gen object:headerFile="hack/boilerplate.go.txt" paths="./..."
go fmt ./...
go vet ./...
go: downloading gotest.tools v2.2.0+incompatible
go: downloading github.com/pkg/errors v0.9.1
go build -ldflags "-X 'github.com/kaito-project/kaito/pkg/version.Version=f8fdc15' -X 'github.com/kaito-project/kaito/pkg/version.BuildDate=2026-09-05T00:09:14Z'" -o bin/workspace-manager cmd/workspace/*.go
