building: bin/amd64/controller
make[1]: Entering directory '/home/jake/sbomit-overhead-experiment/repos/kanister'
go: downloading github.com/kanisterio/errkit v0.0.3
go: downloading github.com/sirupsen/logrus v1.10.0
go: downloading github.com/prometheus/client_golang v1.23.2
go: downloading k8s.io/client-go v0.33.13
go: downloading github.com/kastenhq/check v0.0.0-20180626002341-0264cfcea734
go: downloading k8s.io/apimachinery v0.33.13
go: downloading github.com/openshift/client-go v0.0.0-20231221125933-2aa81c72f992
go: downloading gopkg.in/tomb.v2 v2.0.0-20161208151619-d5d1b5820637
go: downloading k8s.io/api v0.33.13
go: downloading github.com/go-logr/logr v1.4.4
go: downloading sigs.k8s.io/controller-runtime v0.20.4
go: downloading k8s.io/apiextensions-apiserver v0.33.13
go: downloading github.com/Masterminds/semver v1.5.0
go: downloading github.com/gofrs/uuid v4.4.0+incompatible
go: downloading github.com/json-iterator/go v1.1.12
go: downloading github.com/openshift/api v0.0.0-20231222123017-053aee22b4b4
go: downloading k8s.io/cli-runtime v0.33.13
go: downloading k8s.io/kubectl v0.33.13
go: downloading sigs.k8s.io/yaml v1.6.0
go: downloading k8s.io/code-generator v0.33.13
go: downloading gonum.org/v1/gonum v0.17.0
go: downloading github.com/aws/aws-sdk-go-v2 v1.43.6
go: downloading github.com/aws/aws-sdk-go-v2/service/rds v1.124.3
go: downloading github.com/hashicorp/go-version v1.9.0
go: downloading github.com/kubernetes-csi/external-snapshotter/client/v4 v4.2.0
go: downloading github.com/mitchellh/mapstructure v1.5.0
go: downloading golang.org/x/sys v0.46.0
go: downloading github.com/beorn7/perks v1.0.1
go: downloading github.com/cespare/xxhash/v2 v2.3.0
go: downloading github.com/prometheus/client_model v0.6.2
go: downloading github.com/prometheus/common v0.66.1
go: downloading github.com/prometheus/procfs v0.17.0
go: downloading google.golang.org/protobuf v1.36.12
go: downloading gomodules.xyz/jsonpatch/v2 v2.4.0
go: downloading k8s.io/klog/v2 v2.130.1
go: downloading k8s.io/utils v0.0.0-20241104100929-3ea5e8cea738
go: downloading github.com/gogo/protobuf v1.3.2
go: downloading sigs.k8s.io/randfill v1.0.0
go: downloading sigs.k8s.io/structured-merge-diff/v4 v4.7.0
go: downloading github.com/jpillora/backoff v1.0.0
go: downloading k8s.io/kube-openapi v0.0.0-20250318190949-c8a335a9a2ff
go: downloading github.com/modern-go/concurrent v0.0.0-20180306012644-bacd9c7ef1dd
go: downloading github.com/modern-go/reflect2 v1.0.2
go: downloading github.com/google/uuid v1.6.0
go: downloading github.com/spf13/cobra v1.10.2
go: downloading github.com/spf13/pflag v1.0.9
go: downloading gopkg.in/evanphx/json-patch.v4 v4.12.0
go: downloading github.com/google/gnostic-models v0.6.9
go: downloading golang.org/x/sync v0.22.0
go: downloading golang.org/x/text v0.40.0
go: downloading sigs.k8s.io/kustomize/api v0.19.0
go: downloading sigs.k8s.io/kustomize/kyaml v0.19.0
go: downloading go.yaml.in/yaml/v2 v2.4.2
go: downloading github.com/Masterminds/sprig v2.22.0+incompatible
go: downloading github.com/aws/aws-sdk-go-v2/credentials v1.19.36
go: downloading github.com/aws/aws-sdk-go-v2/service/sts v1.45.6
go: downloading github.com/Azure/azure-sdk-for-go/sdk/azcore v1.23.0
go: downloading github.com/Azure/azure-sdk-for-go/sdk/azidentity v1.14.0
go: downloading github.com/Azure/azure-sdk-for-go/sdk/storage/azblob v1.8.0
go: downloading github.com/Azure/azure-sdk-for-go v68.0.0+incompatible
go: downloading github.com/aws/aws-sdk-go-v2/feature/s3/manager v1.22.43
go: downloading github.com/aws/aws-sdk-go-v2/service/s3 v1.107.2
go: downloading github.com/aws/aws-sdk-go v1.55.7
go: downloading github.com/aws/smithy-go v1.27.8
go: downloading github.com/kastenhq/stow v0.2.6-kasten.1.0.20260814152323-9bc81125e6c8
go: downloading golang.org/x/oauth2 v0.33.0
go: downloading google.golang.org/api v0.256.0
go: downloading github.com/munnerz/goautoneg v0.0.0-20191010083416-a7dc8b61c822
go: downloading golang.org/x/net v0.41.0
go: downloading golang.org/x/term v0.44.0
go: downloading golang.org/x/time v0.14.0
go: downloading github.com/gorilla/websocket v1.5.4-0.20250319132907-e064f32e3674
go: downloading gopkg.in/inf.v0 v0.9.1
go: downloading github.com/lib/pq v1.12.3
go: downloading github.com/liggitt/tabwriter v0.0.0-20181228230101-89fcab3d43de
go: downloading github.com/moby/term v0.5.0
go: downloading github.com/fsnotify/fsnotify v1.7.0
go: downloading sigs.k8s.io/json v0.0.0-20241010143419-9aa6b5e7a4b3
go: downloading github.com/evanphx/json-patch/v5 v5.9.11
go: downloading github.com/evanphx/json-patch v5.6.0+incompatible
go: downloading github.com/pkg/errors v0.9.1
go: downloading github.com/peterbourgon/diskv v2.0.1+incompatible
go: downloading github.com/gregjones/httpcache v0.0.0-20190611155906-901d90724c79
go: downloading gopkg.in/yaml.v3 v3.0.1
go: downloading github.com/aws/aws-sdk-go-v2/internal/configsources v1.4.37
go: downloading github.com/aws/aws-sdk-go-v2/service/internal/accept-encoding v1.13.17
go: downloading github.com/aws/aws-sdk-go-v2/service/internal/presigned-url v1.13.37
go: downloading github.com/Masterminds/goutils v1.1.1
go: downloading github.com/huandu/xstrings v1.2.0
go: downloading github.com/imdario/mergo v0.3.12
go: downloading github.com/mitchellh/copystructure v1.0.0
go: downloading golang.org/x/crypto v0.53.0
go: downloading k8s.io/component-base v0.33.13
go: downloading github.com/aws/aws-sdk-go-v2/internal/v4a v1.4.38
go: downloading github.com/go-openapi/jsonreference v0.20.2
go: downloading github.com/go-openapi/swag v0.23.0
go: downloading github.com/Azure/go-autorest/autorest v0.11.30
go: downloading github.com/Azure/go-autorest v14.2.0+incompatible
go: downloading cloud.google.com/go/compute/metadata v0.9.0
go: downloading cloud.google.com/go v0.121.3
go: downloading github.com/fxamacker/cbor/v2 v2.7.0
go: downloading github.com/google/go-cmp v0.7.0
go: downloading github.com/go-openapi/strfmt v0.27.0
go: downloading github.com/aws/aws-sdk-go-v2/aws/protocol/eventstream v1.7.18
go: downloading github.com/aws/aws-sdk-go-v2/service/internal/checksum v1.9.30
go: downloading github.com/aws/aws-sdk-go-v2/service/internal/s3shared v1.19.38
go: downloading github.com/davecgh/go-spew v1.1.2-0.20180830191138-d8f796af33cc
go: downloading github.com/aws/aws-sdk-go-v2/internal/endpoints/v2 v2.7.37
go: downloading github.com/google/btree v1.1.3
go: downloading github.com/chai2010/gettext-go v1.0.2
go: downloading github.com/MakeNowJust/heredoc v1.0.0
go: downloading github.com/mitchellh/go-wordwrap v1.0.1
go: downloading github.com/russross/blackfriday/v2 v2.1.0
go: downloading github.com/exponent-io/jsonpath v0.0.0-20210407135951-1de76d718b3f
go: downloading github.com/mitchellh/reflectwalk v1.0.0
go: downloading github.com/blang/semver/v4 v4.0.0
go: downloading github.com/go-errors/errors v1.4.2
go: downloading github.com/go-openapi/jsonpointer v0.21.0
go: downloading github.com/mailru/easyjson v0.7.7
go: downloading github.com/Azure/go-autorest/logger v0.2.1
go: downloading github.com/Azure/go-autorest/tracing v0.6.0
go: downloading github.com/x448/float16 v0.8.4
go: downloading github.com/moby/spdystream v0.5.1
go: downloading github.com/emicklei/go-restful/v3 v3.11.0
go: downloading github.com/monochromegane/go-gitignore v0.0.0-20200626010858-205db1a8cc00
go: downloading github.com/xlab/treeprint v1.2.0
go: downloading github.com/google/shlex v0.0.0-20191202100458-e7afc7fbc510
go: downloading github.com/go-openapi/errors v0.22.8
go: downloading github.com/go-viper/mapstructure/v2 v2.5.0
go: downloading github.com/oklog/ulid/v2 v2.1.1
go: downloading github.com/googleapis/gax-go/v2 v2.15.0
go: downloading github.com/Azure/go-autorest/autorest/adal v0.9.22
go: downloading github.com/mxk/go-flowrate v0.0.0-20140419014527-cca7078d478f
go: downloading github.com/jmespath/go-jmespath v0.4.0
go: downloading go.yaml.in/yaml/v3 v3.0.4
go: downloading cloud.google.com/go/auth v0.17.0
go: downloading cloud.google.com/go/auth/oauth2adapt v0.2.8
go: downloading github.com/google/s2a-go v0.1.9
go: downloading google.golang.org/grpc v1.76.0
go: downloading go.opentelemetry.io/contrib/instrumentation/net/http/otelhttp v0.62.0
go: downloading github.com/josharian/intern v1.0.0
go: downloading github.com/Azure/go-autorest/autorest/date v0.3.0
go: downloading github.com/golang-jwt/jwt/v4 v4.5.2
go: downloading github.com/googleapis/enterprise-certificate-proxy v0.3.7
go: downloading google.golang.org/genproto/googleapis/rpc v0.0.0-20251103181224-f26f9409b101
go: downloading google.golang.org/genproto v0.0.0-20250715232539-7130f93afb79
go: downloading github.com/felixge/httpsnoop v1.0.4
go: downloading go.opentelemetry.io/otel v1.43.0
go: downloading go.opentelemetry.io/otel/metric v1.43.0
go: downloading go.opentelemetry.io/otel/trace v1.43.0
go: downloading github.com/go-logr/stdr v1.2.2
go: downloading go.opentelemetry.io/auto/sdk v1.2.1
go: downloading github.com/AzureAD/microsoft-authentication-library-for-go v1.7.2
go: downloading github.com/Azure/azure-sdk-for-go/sdk/internal v1.12.0
go: downloading github.com/kylelemons/godebug v1.1.0
go: downloading github.com/golang-jwt/jwt/v5 v5.3.1
go: downloading github.com/pkg/browser v0.0.0-20240102092130-5ac0b6a4141c
internal/unsafeheader
internal/goarch
internal/coverage/rtcov
internal/byteorder
internal/godebugs
internal/goos
internal/profilerecord
internal/asan
internal/msan
math/bits
cmp
internal/runtime/pprof/label
internal/trace/tracev2
internal/goexperiment
internal/cpu
sync/atomic
unicode/utf8
unicode
encoding
internal/abi
internal/runtime/atomic
internal/runtime/syscall/linux
internal/runtime/gc
internal/runtime/sys
internal/runtime/math
unicode/utf16
log/internal
k8s.io/apimachinery/pkg/selection
log/slog/internal
internal/nettrace
internal/strconv
crypto/internal/fips140/alias
crypto/internal/fips140deps/byteorder
container/list
crypto/internal/constanttime
vendor/golang.org/x/crypto/cryptobyte/asn1
crypto/internal/boring/sig
vendor/golang.org/x/crypto/internal/alias
k8s.io/apimachinery/pkg/types
google.golang.org/protobuf/internal/flags
google.golang.org/protobuf/internal/set
github.com/google/go-cmp/cmp/internal/flags
k8s.io/utils/buffer
k8s.io/code-generator
crypto/internal/fips140/subtle
golang.org/x/text/encoding/internal/identifier
golang.org/x/text/internal/utf8internal
sigs.k8s.io/kustomize/kyaml/sets
sigs.k8s.io/kustomize/kyaml/sliceutil
sigs.k8s.io/kustomize/kyaml/yaml/internal/k8sgen/pkg/selection
sigs.k8s.io/kustomize/kyaml/ext
k8s.io/apimachinery/pkg/util/portforward
internal/chacha8rand
internal/bytealg
internal/runtime/gc/scan
crypto/internal/fips140deps/cpu
math
golang.org/x/net/html/atom
internal/runtime/exithook
k8s.io/client-go/util/exec
github.com/aws/smithy-go/endpoints/private/bdd
github.com/Azure/azure-sdk-for-go/sdk/azcore/to
github.com/Azure/azure-sdk-for-go/sdk/azcore/cloud
github.com/AzureAD/microsoft-authentication-library-for-go/apps/internal/exported
github.com/AzureAD/microsoft-authentication-library-for-go/apps/internal/oauth/ops/internal/grant
github.com/AzureAD/microsoft-authentication-library-for-go/apps/internal/version
github.com/aws/aws-sdk-go-v2/internal/sdkio
github.com/aws/smithy-go/container/private/cache
github.com/Azure/azure-sdk-for-go/version
google.golang.org/grpc/serviceconfig
github.com/googleapis/gax-go/v2/internal
golang.org/x/crypto/internal/alias
golang.org/x/crypto/cryptobyte/asn1
go.opentelemetry.io/otel/trace/embedded
go.opentelemetry.io/otel/metric/embedded
github.com/aws/aws-sdk-go/aws/client/metadata
k8s.io/utils/internal/third_party/forked/golang/golang-lru
github.com/go-openapi/strfmt/internal/countries
github.com/aws/smithy-go/container/private/cache/lru
github.com/lib/pq/internal/pqsql
github.com/lib/pq/oid
github.com/lib/pq/pqerror
crypto/subtle
internal/synctest
internal/race
internal/sync
internal/runtime/maps
internal/stringslite
internal/runtime/cgroup
github.com/aws/aws-sdk-go/internal/sdkmath
runtime
iter
internal/reflectlite
k8s.io/klog/v2/internal/dbg
weak
runtime/metrics
sync
maps
slices
log/slog/internal/buffer
internal/singleflight
internal/bisect
crypto/internal/fips140cache
unique
google.golang.org/protobuf/internal/pragma
github.com/aws/aws-sdk-go/internal/sync/singleflight
internal/testlog
github.com/aws/smithy-go/sync
github.com/josharian/intern
errors
sort
internal/godebug
internal/oserror
strconv
io
path
github.com/gogo/protobuf/sortkeys
k8s.io/apimachinery/pkg/util/sets
vendor/golang.org/x/net/dns/dnsmessage
math/rand/v2
container/heap
syscall
github.com/Azure/azure-sdk-for-go/sdk/internal/errorinfo
google.golang.org/grpc/internal/buffer
github.com/beorn7/perks/quantile
gonum.org/v1/gonum/stat/combin
github.com/go-viper/mapstructure/v2/internal/errors
golang.org/x/text/internal/tag
golang.org/x/text/internal/stringset
bytes
strings
hash
internal/saferio
github.com/liggitt/tabwriter
runtime/cgo
github.com/aws/aws-sdk-go/internal/sdkio
github.com/aws/smithy-go/transport/http/internal/io
reflect
encoding/base64
encoding/base32
github.com/x448/float16
net/netip
hash/crc32
crypto
math/rand
crypto/internal/fips140deps/godebug
hash/fnv
crypto/internal/randutil
hash/adler32
hash/crc64
github.com/prometheus/client_golang/prometheus/promhttp/internal
vendor/golang.org/x/text/transform
k8s.io/cli-runtime/pkg/genericiooptions
golang.org/x/text/transform
github.com/mitchellh/go-wordwrap
github.com/aws/smithy-go/io
sigs.k8s.io/kustomize/api/internal/konfig/builtinpluginconsts
github.com/kanisterio/errkit/internal/stack
regexp/syntax
bufio
go/build/constraint
k8s.io/klog/v2/internal/severity
crypto/internal/fips140
crypto/internal/impl
encoding/pem
net/http/internal/ascii
github.com/munnerz/goautoneg
github.com/huandu/xstrings
html
crypto/internal/fips140/sha256
crypto/internal/fips140/sha3
crypto/internal/fips140/sha512
golang.org/x/text/encoding
golang.org/x/text/runes
sigs.k8s.io/kustomize/kyaml/utils
github.com/chai2010/gettext-go/plural
github.com/aws/aws-sdk-go-v2/internal/strings
github.com/aws/aws-sdk-go-v2/aws/arn
github.com/aws/aws-sdk-go/internal/strings
github.com/aws/aws-sdk-go/internal/sdkuri
github.com/aws/aws-sdk-go/aws/arn
golang.org/x/text/encoding/internal
golang.org/x/text/encoding/unicode
k8s.io/apimachinery/pkg/api/operation
k8s.io/client-go/tools/cache/synctrack
crypto/sha3
crypto/internal/fips140/hmac
internal/syscall/execenv
time
internal/syscall/unix
regexp
crypto/internal/fips140/check
crypto/internal/fips140hash
crypto/internal/fips140/aes
crypto/fips140
crypto/internal/fips140/hkdf
crypto/internal/fips140/bigmod
crypto/internal/fips140/edwards25519/field
crypto/internal/fips140/tls12
crypto/internal/fips140/pbkdf2
crypto/internal/fips140/nistec/fiat
crypto/internal/fips140/tls13
crypto/tls/internal/fips140tls
github.com/kanisterio/kanister/pkg/caller
k8s.io/apimachinery/pkg/version
sigs.k8s.io/kustomize/api/internal/image
google.golang.org/api/internal/third_party/uritemplates
crypto/internal/fips140/edwards25519
context
k8s.io/klog/v2/internal/clock
crypto/internal/fips140deps/time
io/fs
github.com/aws/smithy-go/ptr
github.com/jpillora/backoff
internal/poll
k8s.io/utils/clock
github.com/google/go-cmp/cmp/internal/diff
github.com/aws/aws-sdk-go-v2/internal/timeconv
github.com/Azure/azure-sdk-for-go/sdk/internal/temporal
github.com/mxk/go-flowrate/flowrate
google.golang.org/grpc/backoff
google.golang.org/grpc/balancer/pickfirst/internal
crypto/internal/entropy/v1.0.0
google.golang.org/grpc/keepalive
plugin
github.com/aws/aws-sdk-go/internal/sdkrand
k8s.io/apimachinery/pkg/util/rand
sigs.k8s.io/controller-runtime/pkg/config
k8s.io/apimachinery/pkg/util/cache
github.com/aws/aws-sdk-go-v2/internal/sdk
github.com/aws/smithy-go/context
github.com/Azure/azure-sdk-for-go/sdk/azcore/tracing
golang.org/x/net/context
github.com/AzureAD/microsoft-authentication-library-for-go/apps/cache
github.com/aws/aws-sdk-go-v2/service/internal/s3shared/config
google.golang.org/grpc/internal/grpcsync
go.opentelemetry.io/otel/internal/baggage
google.golang.org/grpc/internal/backoff
embed
internal/filepathlite
github.com/Azure/azure-sdk-for-go/sdk/azidentity/internal
google.golang.org/protobuf/internal/editiondefaults
crypto/internal/fips140/nistec
os
internal/fmtsort
github.com/google/go-cmp/cmp/internal/function
sigs.k8s.io/kustomize/kyaml/yaml/internal/k8sgen/pkg/util/sets
sigs.k8s.io/controller-runtime/pkg/internal/syncs
go.opentelemetry.io/otel/attribute/internal
sigs.k8s.io/structured-merge-diff/v4/schema
encoding/binary
github.com/modern-go/reflect2
sigs.k8s.io/randfill/bytesource
vendor/golang.org/x/crypto/internal/poly1305
golang.org/x/crypto/internal/poly1305
github.com/cespare/xxhash/v2
golang.org/x/sys/unix
fmt
github.com/kanisterio/kanister/pkg/consts
internal/sysinfo
path/filepath
k8s.io/klog/v2/internal/buffer
internal/lazyregexp
crypto/internal/sysrand
vendor/golang.org/x/sys/cpu
io/ioutil
google.golang.org/protobuf/internal/detrand
os/signal
crypto/internal/fips140/drbg
google.golang.org/grpc/internal/envconfig
go.opentelemetry.io/otel/attribute/internal/xxhash
golang.org/x/sys/cpu
github.com/prometheus/procfs/internal/util
crypto/internal/fips140only
crypto/internal/fips140/ed25519
crypto/internal/fips140/mlkem
crypto/internal/fips140/aes/gcm
crypto/internal/fips140/rsa
os/exec
k8s.io/client-go/util/homedir
github.com/monochromegane/go-gitignore
crypto/hkdf
crypto/md5
crypto/rc4
crypto/pbkdf2
crypto/internal/fips140/ecdh
crypto/internal/fips140/ecdsa
k8s.io/kubectl/pkg/util/interrupt
golang.org/x/crypto/pbkdf2
sigs.k8s.io/controller-runtime/pkg/manager/signals
crypto/mlkem
k8s.io/utils/exec
crypto/cipher
flag
go/token
go/doc/comment
text/tabwriter
runtime/debug
runtime/trace
log
encoding/json
k8s.io/apimachinery/third_party/forked/golang/reflect
encoding/hex
math/big
k8s.io/apimachinery/pkg/fields
k8s.io/apimachinery/pkg/util/errors
go/internal/scannerhooks
k8s.io/apimachinery/pkg/conversion
net/url
go/scanner
compress/flate
k8s.io/apimachinery/pkg/util/validation/field
crypto/internal/boring
crypto/des
vendor/golang.org/x/text/unicode/bidi
vendor/golang.org/x/text/unicode/norm
vendor/golang.org/x/crypto/chacha20
net
crypto/internal/rand
crypto/aes
crypto/ecdh
testing
go/ast
k8s.io/apimachinery/pkg/util/naming
crypto/sha512
crypto/hmac
crypto/sha256
k8s.io/apimachinery/pkg/conversion/queryparams
vendor/golang.org/x/crypto/chacha20poly1305
crypto/sha1
vendor/golang.org/x/net/http2/hpack
mime
compress/gzip
mime/quotedprintable
net/http/internal
vendor/golang.org/x/text/secure/bidirule
github.com/modern-go/concurrent
go.yaml.in/yaml/v2
sigs.k8s.io/randfill
golang.org/x/text/unicode/bidi
golang.org/x/text/unicode/norm
golang.org/x/net/http2/hpack
crypto/hpke
os/user
k8s.io/utils/ptr
vendor/golang.org/x/net/idna
google.golang.org/protobuf/internal/errors
google.golang.org/protobuf/internal/version
google.golang.org/protobuf/encoding/protowire
gopkg.in/yaml.v3
k8s.io/utils/pointer
github.com/go-openapi/jsonreference/internal
github.com/kanisterio/errkit
github.com/Masterminds/semver
github.com/gogo/protobuf/proto
log/slog
sigs.k8s.io/json/internal/golang/encoding/json
golang.org/x/text/secure/bidirule
google.golang.org/protobuf/reflect/protoreflect
github.com/mailru/easyjson/jlexer
gopkg.in/inf.v0
go/parser
go/printer
github.com/fxamacker/cbor/v2
go/doc
crypto/rand
crypto/elliptic
crypto/internal/boring/bbig
encoding/asn1
crypto/ed25519
crypto/rsa
crypto/dsa
github.com/json-iterator/go
golang.org/x/net/idna
sigs.k8s.io/yaml/goyaml.v2
google.golang.org/protobuf/internal/encoding/messageset
google.golang.org/protobuf/internal/genid
google.golang.org/protobuf/internal/order
github.com/go-logr/logr
k8s.io/klog/v2/internal/sloghandler
google.golang.org/protobuf/internal/strs
google.golang.org/protobuf/runtime/protoiface
vendor/golang.org/x/crypto/cryptobyte
crypto/x509/pkix
gopkg.in/check.v1
google.golang.org/protobuf/internal/descfmt
google.golang.org/protobuf/reflect/protoregistry
google.golang.org/protobuf/internal/descopts
google.golang.org/protobuf/internal/protolazy
google.golang.org/protobuf/internal/encoding/text
k8s.io/kube-openapi/pkg/internal/third_party/go-json-experiment/json
k8s.io/klog/v2/internal/serialize
k8s.io/apimachinery/pkg/util/framer
sigs.k8s.io/json
sigs.k8s.io/yaml
k8s.io/client-go/pkg/version
crypto/ecdsa
k8s.io/apimachinery/pkg/util/json
golang.org/x/term
github.com/davecgh/go-spew/spew
k8s.io/klog/v2
k8s.io/client-go/tools/metrics
google.golang.org/protobuf/proto
google.golang.org/protobuf/internal/encoding/defval
github.com/google/gnostic-models/jsonschema
golang.org/x/time/rate
database/sql/driver
k8s.io/apimachinery/pkg/util/yaml
k8s.io/kube-openapi/pkg/cached
k8s.io/client-go/util/flowcontrol
compress/zlib
encoding/xml
github.com/emicklei/go-restful/v3/log
github.com/pkg/errors
k8s.io/apimachinery/pkg/util/dump
k8s.io/apimachinery/third_party/forked/golang/json
k8s.io/apimachinery/pkg/util/mergepatch
github.com/google/go-cmp/cmp/internal/value
github.com/kanisterio/kanister/pkg/field
encoding/csv
gopkg.in/evanphx/json-patch.v4
github.com/sirupsen/logrus
github.com/Masterminds/goutils
k8s.io/utils/trace
github.com/imdario/mergo
github.com/google/go-cmp/cmp
github.com/mitchellh/reflectwalk
golang.org/x/crypto/scrypt
text/template/parse
google.golang.org/protobuf/internal/filedesc
google.golang.org/protobuf/encoding/prototext
database/sql
k8s.io/utils/internal/third_party/forked/golang/net
net/textproto
vendor/golang.org/x/net/http/httpproxy
k8s.io/utils/net
k8s.io/apimachinery/pkg/runtime/serializer/cbor/internal/modes
github.com/mailru/easyjson/buffer
k8s.io/client-go/util/connrotation
vendor/golang.org/x/net/http/httpguts
mime/multipart
sigs.k8s.io/structured-merge-diff/v4/value
golang.org/x/net/http/httpguts
k8s.io/apimachinery/pkg/util/validation
crypto/x509
github.com/mailru/easyjson/jwriter
github.com/google/uuid
github.com/spf13/pflag
github.com/mitchellh/copystructure
k8s.io/apimachinery/pkg/labels
text/template
github.com/kanisterio/kanister/pkg/poll
github.com/moby/term
k8s.io/apimachinery/pkg/runtime/serializer/cbor/direct
k8s.io/apimachinery/pkg/util/duration
k8s.io/client-go/third_party/forked/golang/template
golang.org/x/sync/errgroup
github.com/go-errors/errors
sigs.k8s.io/kustomize/kyaml/yaml/internal/k8sgen/pkg/util/errors
go.yaml.in/yaml/v3
sigs.k8s.io/kustomize/kyaml/openapi/kubernetesapi/v1_21_2
sigs.k8s.io/kustomize/kyaml/openapi/kustomizationapi
k8s.io/apimachinery/pkg/util/diff
github.com/gofrs/uuid
sigs.k8s.io/kustomize/kyaml/yaml/internal/k8sgen/pkg/util/validation/field
k8s.io/client-go/util/jsonpath
google.golang.org/protobuf/internal/encoding/tag
sigs.k8s.io/kustomize/kyaml/errors
github.com/xlab/treeprint
sigs.k8s.io/kustomize/kyaml/yaml/internal/k8sgen/pkg/util/validation
sigs.k8s.io/kustomize/api/internal/kusterr
github.com/google/shlex
sigs.k8s.io/kustomize/kyaml/filesys
sigs.k8s.io/kustomize/kyaml/openapi/kubernetesapi
github.com/blang/semver/v4
github.com/google/btree
golang.org/x/net/internal/socks
golang.org/x/net/html
k8s.io/apimachinery/third_party/forked/golang/netutil
google.golang.org/protobuf/internal/impl
sigs.k8s.io/kustomize/kyaml/yaml/internal/k8sgen/pkg/labels
k8s.io/apimachinery/pkg/util/version
archive/zip
sigs.k8s.io/kustomize/api/provenance
golang.org/x/net/proxy
github.com/chai2010/gettext-go/mo
k8s.io/component-base/version
github.com/peterbourgon/diskv
github.com/chai2010/gettext-go/po
sigs.k8s.io/structured-merge-diff/v4/fieldpath
html/template
github.com/MakeNowJust/heredoc
github.com/russross/blackfriday/v2
github.com/exponent-io/jsonpath
github.com/aws/aws-sdk-go-v2/internal/rand
k8s.io/apimachinery/pkg/api/resource
k8s.io/apimachinery/pkg/runtime/schema
k8s.io/apimachinery/pkg/util/intstr
github.com/aws/aws-sdk-go-v2/internal/sync/singleflight
github.com/aws/smithy-go/internal/sync/singleflight
github.com/aws/smithy-go/logging
github.com/aws/smithy-go/document
github.com/spf13/cobra
github.com/aws/smithy-go/time
github.com/aws/smithy-go/rand
crypto/tls
k8s.io/client-go/util/keyutil
github.com/aws/smithy-go/middleware
github.com/aws/aws-sdk-go-v2/aws/ratelimit
github.com/aws/aws-sdk-go-v2/aws/protocol/xml
github.com/aws/aws-sdk-go-v2/internal/v4a/internal/crypto
github.com/aws/smithy-go/encoding
github.com/aws/smithy-go
github.com/Azure/azure-sdk-for-go/sdk/internal/log
github.com/Azure/azure-sdk-for-go/sdk/internal/diag
github.com/Azure/azure-sdk-for-go/sdk/internal/uuid
github.com/aws/smithy-go/encoding/xml
github.com/Azure/azure-sdk-for-go/sdk/azcore/arm/internal/resource
github.com/kylelemons/godebug/diff
github.com/AzureAD/microsoft-authentication-library-for-go/apps/internal/json
github.com/Azure/azure-sdk-for-go/sdk/azcore/log
github.com/AzureAD/microsoft-authentication-library-for-go/apps/internal/json/types/time
github.com/Azure/azure-sdk-for-go/sdk/azcore/internal/log
github.com/kylelemons/godebug/pretty
github.com/golang-jwt/jwt/v5
github.com/AzureAD/microsoft-authentication-library-for-go/apps/internal/options
github.com/pkg/browser
golang.org/x/crypto/pkcs12/internal/rc2
github.com/aws/aws-sdk-go-v2/internal/awsutil
github.com/aws/smithy-go/auth
sigs.k8s.io/yaml/goyaml.v3
github.com/aws/smithy-go/traits
github.com/aws/smithy-go/metrics
github.com/chai2010/gettext-go
github.com/Masterminds/sprig
github.com/aws/smithy-go/tracing
github.com/aws/aws-sdk-go-v2/internal/context
sigs.k8s.io/structured-merge-diff/v4/typed
github.com/aws/aws-sdk-go-v2/service/sts/types
golang.org/x/crypto/pkcs12
github.com/aws/aws-sdk-go-v2/aws/protocol/eventstream
github.com/aws/aws-sdk-go-v2/service/internal/s3shared/arn
github.com/aws/smithy-go/eventstream
github.com/aws/aws-sdk-go-v2/service/s3/types
github.com/aws/smithy-go/waiter
github.com/aws/aws-sdk-go/aws/awserr
github.com/graymeta/stow
github.com/Azure/go-autorest/autorest/date
github.com/golang-jwt/jwt/v4
github.com/aws/aws-sdk-go-v2/service/s3/internal/arn
golang.org/x/oauth2/jws
google.golang.org/grpc/grpclog/internal
k8s.io/kubectl/pkg/util/i18n
google.golang.org/protobuf/internal/encoding/json
github.com/googleapis/gax-go/v2/callctx
golang.org/x/net/internal/timeseries
google.golang.org/grpc/attributes
google.golang.org/grpc/internal/idle
google.golang.org/grpc/internal/resolver/dns/internal
google.golang.org/grpc/grpclog
github.com/googleapis/gax-go/v2/internallog/internal
cloud.google.com/go/auth/internal/jwt
cloud.google.com/go/auth/internal/credsfile
encoding/gob
github.com/googleapis/enterprise-certificate-proxy/client/util
golang.org/x/crypto/chacha20
golang.org/x/crypto/cryptobyte
golang.org/x/crypto/hkdf
go.opentelemetry.io/otel/codes
go.opentelemetry.io/otel/attribute
google.golang.org/grpc/connectivity
google.golang.org/grpc/internal/grpclog
google.golang.org/grpc/internal/syscall
google.golang.org/protobuf/encoding/protojson
github.com/kanisterio/kanister/pkg/ksprig
github.com/google/s2a-go/retry
google.golang.org/grpc/internal
github.com/go-logr/logr/funcr
go.opentelemetry.io/auto/sdk/internal/telemetry
golang.org/x/crypto/chacha20poly1305
go.opentelemetry.io/otel/trace/internal/telemetry
go.opentelemetry.io/otel/internal/errorhandler
go.opentelemetry.io/otel/baggage
github.com/aws/aws-sdk-go/internal/ini
github.com/aws/aws-sdk-go/internal/shareddefaults
google.golang.org/grpc/codes
google.golang.org/grpc/metadata
google.golang.org/grpc/mem
github.com/aws/aws-sdk-go/aws/endpoints
github.com/jmespath/go-jmespath
google.golang.org/grpc/stats
sigs.k8s.io/structured-merge-diff/v4/merge
k8s.io/client-go/applyconfigurations/internal
github.com/openshift/client-go/apps/applyconfigurations/internal
google.golang.org/grpc/internal/grpcutil
google.golang.org/grpc/experimental/stats
google.golang.org/grpc/internal/balancerload
google.golang.org/grpc/tap
go.opentelemetry.io/otel/semconv/v1.20.0
github.com/google/s2a-go/internal/record/internal/aeadcrypter
github.com/go-logr/stdr
go.opentelemetry.io/otel/semconv/v1.37.0
google.golang.org/grpc/encoding
google.golang.org/grpc/internal/stats
go.opentelemetry.io/otel/semconv/v1.40.0
go.opentelemetry.io/otel/metric
go.opentelemetry.io/otel/semconv/v1.34.0
github.com/aws/aws-sdk-go/aws/credentials
github.com/aws/aws-sdk-go/internal/s3shared/arn
github.com/kanisterio/kanister/pkg/secrets/errors
k8s.io/utils/lru
google.golang.org/protobuf/encoding/protodelim
github.com/prometheus/procfs/internal/fs
gopkg.in/tomb.v2
github.com/aws/aws-sdk-go/aws/awsutil
github.com/aws/aws-sdk-go-v2/service/rds/types
github.com/prometheus/procfs
github.com/aws/aws-sdk-go/aws/credentials/processcreds
github.com/hashicorp/go-version
github.com/go-openapi/strfmt/internal/bsonlite
go.opentelemetry.io/otel/metric/noop
github.com/go-viper/mapstructure/v2
github.com/oklog/ulid/v2
golang.org/x/text/internal/language
net/mail
k8s.io/apimachinery/pkg/util/uuid
github.com/lib/pq/internal/pqutil
github.com/lib/pq/internal/pqtime
go.opentelemetry.io/otel/semconv/v1.34.0/httpconv
github.com/lib/pq/internal/pgpass
github.com/lib/pq/internal/pgservice
github.com/lib/pq/internal/proto
github.com/lib/pq/scram
github.com/mitchellh/mapstructure
gomodules.xyz/jsonpatch/v2
sigs.k8s.io/controller-runtime/pkg/log
github.com/kanisterio/kanister/pkg/version
github.com/evanphx/json-patch/v5/internal/json
sigs.k8s.io/controller-runtime/pkg/internal/field/selector
internal/profile
golang.org/x/text/internal/language/compact
sigs.k8s.io/controller-runtime/pkg/internal/log
runtime/pprof
go.opentelemetry.io/otel/trace
github.com/fsnotify/fsnotify
golang.org/x/text/language
google.golang.org/protobuf/internal/filetype
go.opentelemetry.io/otel/trace/noop
golang.org/x/text/internal/format
golang.org/x/text/internal/number
k8s.io/client-go/util/cert
google.golang.org/grpc/internal/credentials
net/http/httptrace
github.com/lib/pq
go.opentelemetry.io/auto/sdk
google.golang.org/protobuf/runtime/protoimpl
google.golang.org/grpc/credentials
net/http/internal/httpcommon
golang.org/x/net/internal/httpcommon
github.com/evanphx/json-patch/v5
google.golang.org/protobuf/types/known/anypb
google.golang.org/protobuf/types/descriptorpb
google.golang.org/genproto/googleapis/rpc/code
google.golang.org/protobuf/types/known/durationpb
google.golang.org/protobuf/protoadapt
google.golang.org/protobuf/types/known/timestamppb
github.com/google/s2a-go/internal/proto/common_go_proto
google.golang.org/grpc/internal/channelz
net/http
google.golang.org/grpc/resolver
google.golang.org/grpc/credentials/insecure
google.golang.org/grpc/internal/pretty
google.golang.org/grpc/encoding/proto
google.golang.org/genproto/googleapis/rpc/errdetails
google.golang.org/grpc/peer
github.com/google/s2a-go/fallback
github.com/google/s2a-go/internal/proto/s2a_context_go_proto
google.golang.org/grpc/binarylog/grpc_binarylog_v1
github.com/google/s2a-go/internal/record/internal/halfconn
google.golang.org/grpc/internal/metadata
github.com/google/gnostic-models/extensions
github.com/googleapis/gax-go/v2/apierror/internal/proto
google.golang.org/genproto/googleapis/rpc/status
google.golang.org/grpc/internal/proxyattributes
google.golang.org/grpc/internal/transport/networktype
google.golang.org/grpc/internal/resolver/passthrough
google.golang.org/grpc/balancer/grpclb/state
google.golang.org/grpc/internal/resolver/unix
github.com/google/s2a-go/internal/proto/v2/common_go_proto
github.com/prometheus/client_model/go
google.golang.org/grpc/internal/status
golang.org/x/text/currency
google.golang.org/grpc/internal/resolver/dns
google.golang.org/grpc/channelz
google.golang.org/grpc/balancer
google.golang.org/grpc/status
github.com/google/s2a-go/internal/proto/v2/s2a_context_go_proto
github.com/google/s2a-go/internal/tokenmanager
google.golang.org/grpc/balancer/base
google.golang.org/grpc/balancer/pickfirst/pickfirstleaf
google.golang.org/grpc/internal/serviceconfig
google.golang.org/grpc/resolver/dns
github.com/prometheus/common/model
google.golang.org/grpc/internal/resolver
google.golang.org/grpc/internal/binarylog
google.golang.org/grpc/balancer/endpointsharding
google.golang.org/grpc/internal/balancer/gracefulswitch
google.golang.org/grpc/balancer/pickfirst
google.golang.org/grpc/balancer/roundrobin
github.com/kanisterio/kanister/pkg/postgres
github.com/prometheus/client_golang/prometheus/internal
k8s.io/apimachinery/pkg/util/runtime
github.com/google/gnostic-models/compiler
golang.org/x/oauth2/internal
k8s.io/apimachinery/pkg/util/httpstream
net/http/httputil
github.com/aws/smithy-go/endpoints
github.com/aws/aws-sdk-go-v2/internal/v4a/internal/v4
golang.org/x/net/websocket
github.com/go-openapi/swag
github.com/aws/smithy-go/encoding/httpbinding
github.com/moby/spdystream/spdy
golang.org/x/net/http2
github.com/Azure/azure-sdk-for-go/sdk/azcore/internal/shared
github.com/gorilla/websocket
github.com/emicklei/go-restful/v3
github.com/Azure/azure-sdk-for-go/sdk/internal/exported
github.com/AzureAD/microsoft-authentication-library-for-go/apps/errors
github.com/AzureAD/microsoft-authentication-library-for-go/apps/internal/shared
k8s.io/apimachinery/pkg/runtime
k8s.io/client-go/features
golang.org/x/oauth2
k8s.io/apimachinery/pkg/util/wait
k8s.io/client-go/util/workqueue
github.com/moby/spdystream
github.com/Azure/azure-sdk-for-go/sdk/azcore/internal/exported
github.com/google/gnostic-models/openapiv2
github.com/google/gnostic-models/openapiv3
github.com/Azure/azure-sdk-for-go/sdk/internal/poller
github.com/aws/smithy-go/transport/http
github.com/gregjones/httpcache
github.com/AzureAD/microsoft-authentication-library-for-go/apps/internal/oauth/ops/authority
github.com/AzureAD/microsoft-authentication-library-for-go/apps/internal/oauth/ops/internal/comm
github.com/AzureAD/microsoft-authentication-library-for-go/apps/internal/local
github.com/Azure/azure-sdk-for-go/sdk/azcore/policy
github.com/Azure/azure-sdk-for-go/sdk/azcore/internal/pollers
github.com/Azure/azure-sdk-for-go/sdk/azcore/streaming
github.com/Azure/go-autorest/logger
github.com/AzureAD/microsoft-authentication-library-for-go/apps/internal/oauth/ops/wstrust/defs
github.com/Azure/go-autorest/tracing
net/http/cookiejar
cloud.google.com/go/compute/metadata
github.com/Azure/azure-sdk-for-go/sdk/azcore/arm/policy
github.com/Azure/azure-sdk-for-go/sdk/azcore/internal/pollers/async
github.com/Azure/azure-sdk-for-go/sdk/azcore/internal/pollers/body
github.com/Azure/azure-sdk-for-go/sdk/azcore/internal/pollers/fake
github.com/Azure/azure-sdk-for-go/sdk/azcore/internal/pollers/loc
github.com/Azure/azure-sdk-for-go/sdk/azcore/internal/pollers/op
github.com/Azure/azure-sdk-for-go/sdk/azidentity/internal/customtokenproxy
golang.org/x/oauth2/authhandler
github.com/AzureAD/microsoft-authentication-library-for-go/apps/internal/oauth/ops/wstrust
golang.org/x/oauth2/google/internal/impersonate
golang.org/x/oauth2/google/internal/stsexchange
github.com/go-openapi/jsonpointer
golang.org/x/oauth2/jwt
github.com/Azure/go-autorest/autorest/adal
google.golang.org/api/googleapi
golang.org/x/net/trace
github.com/AzureAD/microsoft-authentication-library-for-go/apps/internal/oauth/ops/accesstokens
github.com/googleapis/gax-go/v2/internallog
net/rpc
cloud.google.com/go/auth/internal/retry
google.golang.org/api/internal/impersonate
golang.org/x/oauth2/google/externalaccount
github.com/go-openapi/jsonreference
github.com/aws/aws-sdk-go-v2/aws/protocol/query
github.com/aws/smithy-go/auth/bearer
github.com/aws/aws-sdk-go-v2/internal/auth
github.com/aws/aws-sdk-go-v2/internal/endpoints/awsrulesfn
github.com/aws/aws-sdk-go-v2/service/internal/accept-encoding
github.com/aws/smithy-go/endpoints/private/rulesfn
k8s.io/kube-openapi/pkg/internal
github.com/aws/aws-sdk-go-v2/aws/protocol/eventstream/eventstreamapi
golang.org/x/oauth2/google/internal/externalaccountauthorizeduser
github.com/googleapis/gax-go/v2/apierror
github.com/aws/aws-sdk-go-v2/aws
cloud.google.com/go/auth/internal
github.com/felixge/httpsnoop
go.opentelemetry.io/contrib/instrumentation/net/http/otelhttp/internal/request
github.com/AzureAD/microsoft-authentication-library-for-go/apps/internal/oauth/ops
go.opentelemetry.io/contrib/instrumentation/net/http/otelhttp/internal/semconvutil
go.opentelemetry.io/otel/propagation
k8s.io/apimachinery/pkg/runtime/serializer/recognizer
k8s.io/apimachinery/pkg/runtime/serializer/streaming
k8s.io/client-go/tools/clientcmd/api
golang.org/x/oauth2/google
cloud.google.com/go/auth
google.golang.org/api/googleapi/transport
github.com/AzureAD/microsoft-authentication-library-for-go/apps/internal/oauth
github.com/Azure/go-autorest/autorest
github.com/aws/aws-sdk-go/aws
k8s.io/client-go/tools/internal/events
go.opentelemetry.io/otel/internal/global
expvar
github.com/prometheus/common/expfmt
github.com/go-openapi/errors
github.com/aws/aws-sdk-go-v2/credentials
github.com/aws/aws-sdk-go-v2/aws/middleware
github.com/aws/aws-sdk-go-v2/aws/defaults
k8s.io/client-go/tools/clientcmd/api/v1
github.com/aws/aws-sdk-go-v2/aws/signer/internal/v4
github.com/aws/aws-sdk-go-v2/internal/configsources
github.com/aws/aws-sdk-go-v2/internal/endpoints
github.com/aws/aws-sdk-go-v2/internal/endpoints/v2
github.com/AzureAD/microsoft-authentication-library-for-go/apps/internal/base/storage
cloud.google.com/go/auth/internal/transport/headers
cloud.google.com/go/auth/credentials/internal/stsexchange
github.com/googleapis/enterprise-certificate-proxy/client
cloud.google.com/go/auth/credentials/internal/gdch
k8s.io/apimachinery/pkg/util/net
github.com/aws/aws-sdk-go-v2/aws/retry
github.com/aws/aws-sdk-go-v2/aws/transport/http
github.com/aws/aws-sdk-go-v2/service/sts/internal/endpoints
github.com/aws/aws-sdk-go-v2/aws/signer/v4
github.com/Azure/azure-sdk-for-go/sdk/azcore/runtime
github.com/aws/aws-sdk-go-v2/service/s3/internal/endpoints
cloud.google.com/go/auth/credentials/internal/impersonate
google.golang.org/grpc/internal/transport
cloud.google.com/go/auth/credentials/internal/externalaccountuser
cloud.google.com/go/auth/internal/transport/cert
cloud.google.com/go/auth/internal/trustboundary
github.com/AzureAD/microsoft-authentication-library-for-go/apps/internal/base
cloud.google.com/go/auth/oauth2adapt
google.golang.org/api/internal/cert
github.com/aws/aws-sdk-go-v2/service/internal/s3shared
go.opentelemetry.io/otel
github.com/aws/aws-sdk-go/aws/request
cloud.google.com/go/auth/credentials/internal/externalaccount
github.com/aws/aws-sdk-go-v2/internal/auth/smithy
k8s.io/apimachinery/pkg/watch
k8s.io/client-go/transport
github.com/aws/aws-sdk-go-v2/internal/v4a
github.com/aws/aws-sdk-go-v2/service/internal/presigned-url
github.com/Azure/go-autorest/autorest/azure
github.com/aws/aws-sdk-go/aws/auth/bearer
go.opentelemetry.io/contrib/instrumentation/net/http/otelhttp/internal/semconv
github.com/aws/aws-sdk-go/private/protocol/eventstream
github.com/prometheus/client_golang/prometheus
github.com/AzureAD/microsoft-authentication-library-for-go/apps/confidential
github.com/AzureAD/microsoft-authentication-library-for-go/apps/managedidentity
github.com/AzureAD/microsoft-authentication-library-for-go/apps/public
k8s.io/apimachinery/pkg/apis/meta/v1
github.com/aws/aws-sdk-go-v2/service/sts
github.com/Azure/azure-sdk-for-go/sdk/azcore
github.com/aws/aws-sdk-go-v2/service/internal/checksum
cloud.google.com/go/auth/credentials
github.com/Azure/azure-sdk-for-go/sdk/azcore/arm/runtime
github.com/Azure/azure-sdk-for-go/sdk/storage/azblob/internal/generated
github.com/aws/aws-sdk-go/aws/corehandlers
github.com/aws/aws-sdk-go/aws/client
go.opentelemetry.io/contrib/instrumentation/net/http/otelhttp
github.com/aws/aws-sdk-go/private/protocol
github.com/Azure/azure-sdk-for-go/storage
github.com/Azure/azure-sdk-for-go/sdk/azidentity
github.com/aws/aws-sdk-go/aws/csm
github.com/aws/aws-sdk-go/internal/s3shared
github.com/aws/aws-sdk-go/internal/s3shared/s3err
github.com/aws/aws-sdk-go-v2/service/s3/internal/customizations
github.com/aws/aws-sdk-go/private/checksum
github.com/aws/aws-sdk-go/aws/ec2metadata
github.com/aws/aws-sdk-go-v2/service/rds/internal/endpoints
github.com/go-openapi/strfmt
github.com/prometheus/client_golang/internal/github.com/golang/gddo/httputil/header
github.com/aws/aws-sdk-go/private/protocol/rest
github.com/aws/aws-sdk-go/private/protocol/json/jsonutil
github.com/aws/aws-sdk-go/private/protocol/query/queryutil
github.com/aws/aws-sdk-go/private/protocol/xml/xmlutil
github.com/aws/aws-sdk-go/private/protocol/eventstream/eventstreamapi
k8s.io/kube-openapi/pkg/util/proto
k8s.io/kube-openapi/pkg/validation/spec
github.com/aws/aws-sdk-go/aws/credentials/ec2rolecreds
github.com/aws/aws-sdk-go-v2/service/s3
github.com/aws/aws-sdk-go/aws/signer/v4
github.com/aws/aws-sdk-go/private/protocol/query
github.com/prometheus/client_golang/internal/github.com/golang/gddo/httputil
github.com/aws/aws-sdk-go-v2/service/rds
github.com/aws/aws-sdk-go/private/protocol/jsonrpc
github.com/aws/aws-sdk-go/aws/credentials/endpointcreds
google.golang.org/grpc/internal/resolver/delegatingresolver
github.com/aws/aws-sdk-go/private/protocol/restxml
github.com/aws/aws-sdk-go/private/protocol/restjson
github.com/aws/aws-sdk-go/aws/defaults
google.golang.org/grpc
k8s.io/kube-openapi/pkg/util/proto/validation
net/http/pprof
github.com/aws/aws-sdk-go/service/sts
github.com/aws/aws-sdk-go/service/s3
github.com/prometheus/client_golang/prometheus/promhttp
github.com/prometheus/client_golang/prometheus/collectors
github.com/aws/aws-sdk-go/service/sso
github.com/aws/aws-sdk-go/service/ssooidc
github.com/kanisterio/kanister/pkg/utils/volumesnapshot
sigs.k8s.io/controller-runtime/pkg/healthz
sigs.k8s.io/controller-runtime/pkg/internal/httpserver
sigs.k8s.io/controller-runtime/pkg/conversion
github.com/aws/aws-sdk-go/service/sso/ssoiface
github.com/aws/aws-sdk-go/service/sts/stsiface
github.com/aws/aws-sdk-go/aws/credentials/stscreds
github.com/aws/aws-sdk-go/aws/credentials/ssocreds
k8s.io/kube-openapi/pkg/spec3
sigs.k8s.io/kustomize/kyaml/yaml
k8s.io/kube-openapi/pkg/schemaconv
github.com/graymeta/stow/azure
github.com/aws/aws-sdk-go-v2/credentials/stscreds
github.com/aws/aws-sdk-go/aws/session
github.com/kanisterio/kanister/pkg/aws/role
github.com/Azure/azure-sdk-for-go/sdk/storage/azblob/internal/shared
github.com/Azure/azure-sdk-for-go/sdk/storage/azblob/bloberror
github.com/Azure/azure-sdk-for-go/sdk/storage/azblob/internal/exported
k8s.io/apiextensions-apiserver/pkg/apis/apiextensions
k8s.io/apimachinery/pkg/api/equality
k8s.io/apimachinery/pkg/apis/meta/v1/unstructured
k8s.io/apimachinery/pkg/api/meta
k8s.io/apimachinery/pkg/api/errors
k8s.io/apimachinery/pkg/apis/meta/v1/validation
k8s.io/api/admissionregistration/v1
k8s.io/api/apidiscovery/v2beta1
k8s.io/api/apidiscovery/v2
k8s.io/api/apiserverinternal/v1alpha1
k8s.io/api/core/v1
k8s.io/api/authentication/v1
k8s.io/api/authorization/v1
k8s.io/api/certificates/v1alpha1
k8s.io/api/coordination/v1
k8s.io/api/flowcontrol/v1
k8s.io/apimachinery/pkg/runtime/serializer/versioning
k8s.io/api/flowcontrol/v1beta1
k8s.io/apiextensions-apiserver/pkg/apis/apiextensions/v1
k8s.io/api/flowcontrol/v1beta2
k8s.io/api/flowcontrol/v1beta3
k8s.io/apimachinery/pkg/api/validation
k8s.io/apimachinery/pkg/runtime/serializer/json
k8s.io/apimachinery/pkg/runtime/serializer/protobuf
k8s.io/apimachinery/pkg/util/managedfields/internal
k8s.io/api/coordination/v1alpha2
k8s.io/api/coordination/v1beta1
k8s.io/api/authentication/v1alpha1
k8s.io/apimachinery/pkg/runtime/serializer
k8s.io/api/authentication/v1beta1
k8s.io/api/authorization/v1beta1
k8s.io/api/networking/v1alpha1
k8s.io/api/policy/v1
k8s.io/api/admissionregistration/v1alpha1
k8s.io/api/admissionregistration/v1beta1
k8s.io/api/policy/v1beta1
k8s.io/apimachinery/pkg/util/managedfields
k8s.io/api/rbac/v1
k8s.io/api/rbac/v1alpha1
k8s.io/api/rbac/v1beta1
k8s.io/apimachinery/pkg/runtime/serializer/cbor
k8s.io/client-go/pkg/apis/clientauthentication
k8s.io/client-go/rest/watch
k8s.io/kube-openapi/pkg/common
k8s.io/apiextensions-apiserver/pkg/apis/apiextensions/v1beta1
k8s.io/apimachinery/pkg/api/meta/testrestmapper
k8s.io/apimachinery/pkg/util/strategicpatch
k8s.io/client-go/pkg/apis/clientauthentication/v1
k8s.io/client-go/pkg/apis/clientauthentication/v1beta1
k8s.io/client-go/util/consistencydetector
k8s.io/apimachinery/pkg/apis/meta/v1beta1
k8s.io/client-go/util/retry
k8s.io/client-go/tools/clientcmd/api/latest
k8s.io/cli-runtime/pkg/printers
k8s.io/client-go/pkg/apis/clientauthentication/install
k8s.io/kube-openapi/pkg/handler3
k8s.io/apimachinery/pkg/apis/meta/v1/unstructured/unstructuredscheme
sigs.k8s.io/kustomize/api/filters/filtersutil
sigs.k8s.io/kustomize/kyaml/openapi
sigs.k8s.io/kustomize/kyaml/kio/kioutil
k8s.io/client-go/plugin/pkg/client/auth/exec
k8s.io/apimachinery/pkg/apis/meta/internalversion
sigs.k8s.io/kustomize/kyaml/kio
sigs.k8s.io/kustomize/kyaml/order
sigs.k8s.io/kustomize/api/hasher
k8s.io/apimachinery/pkg/util/remotecommand
k8s.io/apimachinery/pkg/util/proxy
k8s.io/apimachinery/pkg/util/httpstream/wsstream
k8s.io/api/admission/v1
k8s.io/client-go/rest
k8s.io/api/admission/v1beta1
k8s.io/api/imagepolicy/v1alpha1
github.com/Azure/azure-sdk-for-go/sdk/storage/azblob/sas
k8s.io/apimachinery/pkg/apis/meta/internalversion/validation
k8s.io/client-go/tools/pager
github.com/Azure/azure-sdk-for-go/sdk/storage/azblob/internal/base
github.com/googleapis/gax-go/v2
sigs.k8s.io/kustomize/kyaml/resid
k8s.io/client-go/util/watchlist
sigs.k8s.io/kustomize/kyaml/fieldmeta
sigs.k8s.io/kustomize/kyaml/yaml/schema
sigs.k8s.io/kustomize/api/filters/patchjson6902
sigs.k8s.io/kustomize/api/filters/valueadd
k8s.io/apimachinery/pkg/util/httpstream/spdy
github.com/google/s2a-go/internal/proto/s2a_go_proto
github.com/google/s2a-go/internal/handshaker/service
sigs.k8s.io/kustomize/api/types
github.com/google/s2a-go/internal/proto/v2/s2a_go_proto
github.com/Azure/azure-sdk-for-go/sdk/storage/azblob/blob
github.com/aws/aws-sdk-go/service/s3/s3iface
github.com/kanisterio/kanister/pkg/jsonpath
k8s.io/apimachinery/pkg/apis/meta/internalversion/scheme
sigs.k8s.io/controller-runtime/pkg/webhook/conversion
sigs.k8s.io/controller-runtime/pkg/scheme
sigs.k8s.io/kustomize/kyaml/yaml/walk
github.com/google/s2a-go/internal/authinfo
github.com/google/s2a-go/internal/record
k8s.io/client-go/util/apply
k8s.io/client-go/openapi
k8s.io/client-go/tools/auth
k8s.io/client-go/testing
sigs.k8s.io/kustomize/api/filters/fieldspec
k8s.io/client-go/tools/cache
k8s.io/apiextensions-apiserver/pkg/client/clientset/clientset/scheme
sigs.k8s.io/kustomize/api/filters/iampolicygenerator
sigs.k8s.io/kustomize/api/konfig
k8s.io/client-go/tools/clientcmd
k8s.io/client-go/dynamic
sigs.k8s.io/kustomize/api/ifc
sigs.k8s.io/kustomize/api/filters/fsslice
sigs.k8s.io/kustomize/api/filters/prefix
sigs.k8s.io/kustomize/api/filters/replicacount
sigs.k8s.io/kustomize/api/filters/annotations
sigs.k8s.io/kustomize/api/filters/labels
sigs.k8s.io/kustomize/api/internal/utils
sigs.k8s.io/kustomize/api/filters/namespace
sigs.k8s.io/kustomize/api/internal/generators
sigs.k8s.io/kustomize/api/filters/imagetag
sigs.k8s.io/kustomize/api/internal/git
sigs.k8s.io/kustomize/api/filters/suffix
sigs.k8s.io/kustomize/api/filters/refvar
sigs.k8s.io/kustomize/api/internal/plugins/builtinconfig
sigs.k8s.io/kustomize/api/kv
sigs.k8s.io/kustomize/api/internal/validate
k8s.io/client-go/plugin/pkg/client/auth/azure
sigs.k8s.io/kustomize/api/internal/loader
k8s.io/client-go/plugin/pkg/client/auth/gcp
sigs.k8s.io/kustomize/kyaml/yaml/merge2
sigs.k8s.io/kustomize/kyaml/comments
k8s.io/client-go/plugin/pkg/client/auth/oidc
k8s.io/client-go/transport/spdy
k8s.io/client-go/transport/websocket
k8s.io/client-go/openapi3
k8s.io/client-go/openapi/cached
github.com/Azure/azure-sdk-for-go/sdk/storage/azblob/appendblob
github.com/Azure/azure-sdk-for-go/sdk/storage/azblob/blockblob
github.com/Azure/azure-sdk-for-go/sdk/storage/azblob/pageblob
github.com/google/s2a-go/internal/handshaker
github.com/google/s2a-go/stream
k8s.io/client-go/plugin/pkg/client/auth
github.com/aws/aws-sdk-go/service/s3/s3manager
github.com/google/s2a-go/internal/v2/certverifier
github.com/google/s2a-go/internal/v2/remotesigner
k8s.io/client-go/metadata
sigs.k8s.io/controller-runtime/pkg/client/config
sigs.k8s.io/kustomize/kyaml/fn/runtime/runtimeutil
sigs.k8s.io/kustomize/api/filters/patchstrategicmerge
github.com/google/s2a-go/internal/v2/tlsconfigstore
github.com/Azure/azure-sdk-for-go/sdk/storage/azblob/container
k8s.io/client-go/gentype
sigs.k8s.io/kustomize/kyaml/fn/runtime/exec
sigs.k8s.io/kustomize/api/resource
sigs.k8s.io/kustomize/kyaml/fn/runtime/container
github.com/google/s2a-go/internal/v2
sigs.k8s.io/kustomize/kyaml/runfn
k8s.io/client-go/listers
github.com/graymeta/stow/s3
sigs.k8s.io/kustomize/api/filters/replacement
sigs.k8s.io/kustomize/api/provider
sigs.k8s.io/kustomize/api/resmap
k8s.io/client-go/listers/admissionregistration/v1
k8s.io/client-go/listers/admissionregistration/v1alpha1
k8s.io/client-go/listers/admissionregistration/v1beta1
k8s.io/client-go/listers/apiserverinternal/v1alpha1
k8s.io/client-go/listers/certificates/v1alpha1
k8s.io/client-go/listers/coordination/v1
github.com/Azure/azure-sdk-for-go/sdk/storage/azblob/service
k8s.io/client-go/listers/coordination/v1alpha2
k8s.io/client-go/listers/coordination/v1beta1
k8s.io/client-go/listers/flowcontrol/v1
github.com/google/s2a-go
k8s.io/client-go/listers/flowcontrol/v1beta1
k8s.io/client-go/listers/flowcontrol/v1beta2
k8s.io/client-go/listers/flowcontrol/v1beta3
k8s.io/client-go/listers/networking/v1alpha1
k8s.io/client-go/listers/rbac/v1
k8s.io/client-go/listers/rbac/v1alpha1
k8s.io/client-go/listers/rbac/v1beta1
sigs.k8s.io/kustomize/api/internal/plugins/utils
sigs.k8s.io/kustomize/api/internal/builtins
sigs.k8s.io/kustomize/api/filters/nameref
sigs.k8s.io/kustomize/api/internal/plugins/execplugin
sigs.k8s.io/kustomize/api/internal/plugins/fnplugin
sigs.k8s.io/kustomize/api/internal/accumulator
google.golang.org/api/internal
cloud.google.com/go/auth/internal/transport
sigs.k8s.io/kustomize/api/internal/plugins/builtinhelpers
cloud.google.com/go/auth/httptransport
sigs.k8s.io/kustomize/api/internal/plugins/loader
google.golang.org/api/internal/gensupport
google.golang.org/api/option
sigs.k8s.io/kustomize/api/internal/target
google.golang.org/api/transport/http
google.golang.org/api/option/internaloption
sigs.k8s.io/kustomize/api/krusty
google.golang.org/api/storage/v1
google.golang.org/api/compute/v1
github.com/graymeta/stow/google
github.com/aws/aws-sdk-go-v2/feature/s3/manager
k8s.io/api/apps/v1
k8s.io/api/autoscaling/v2
k8s.io/api/autoscaling/v1
k8s.io/api/autoscaling/v2beta1
k8s.io/api/autoscaling/v2beta2
k8s.io/api/apps/v1beta1
k8s.io/api/batch/v1
k8s.io/api/certificates/v1
k8s.io/api/certificates/v1beta1
k8s.io/api/apps/v1beta2
k8s.io/api/events/v1
k8s.io/api/discovery/v1
k8s.io/api/discovery/v1beta1
k8s.io/api/events/v1beta1
k8s.io/api/networking/v1
k8s.io/api/networking/v1beta1
k8s.io/api/node/v1
k8s.io/api/node/v1alpha1
k8s.io/api/node/v1beta1
k8s.io/api/resource/v1alpha3
k8s.io/api/resource/v1beta1
k8s.io/api/resource/v1beta2
k8s.io/api/scheduling/v1alpha1
k8s.io/api/scheduling/v1
k8s.io/api/scheduling/v1beta1
k8s.io/api/batch/v1beta1
k8s.io/api/storage/v1
k8s.io/api/storage/v1alpha1
k8s.io/api/storage/v1beta1
k8s.io/api/storagemigration/v1alpha1
k8s.io/client-go/tools/reference
k8s.io/api/extensions/v1beta1
k8s.io/client-go/tools/remotecommand
k8s.io/client-go/scale/scheme
k8s.io/client-go/tools/record/util
github.com/kubernetes-csi/external-snapshotter/client/v4/apis/volumesnapshot/v1
k8s.io/client-go/listers/apps/v1
k8s.io/client-go/tools/record
k8s.io/client-go/scale/scheme/appsint
k8s.io/client-go/scale/scheme/appsv1beta1
k8s.io/client-go/scale/scheme/appsv1beta2
k8s.io/client-go/scale/scheme/autoscalingv1
k8s.io/kubectl/pkg/util/term
k8s.io/client-go/listers/apps/v1beta1
k8s.io/client-go/listers/apps/v1beta2
k8s.io/client-go/listers/autoscaling/v1
k8s.io/client-go/listers/autoscaling/v2
k8s.io/client-go/listers/autoscaling/v2beta1
k8s.io/client-go/listers/autoscaling/v2beta2
k8s.io/client-go/listers/batch/v1
k8s.io/kubectl/pkg/util/templates
k8s.io/client-go/listers/batch/v1beta1
k8s.io/client-go/listers/certificates/v1
k8s.io/client-go/listers/certificates/v1beta1
k8s.io/client-go/listers/core/v1
k8s.io/client-go/listers/discovery/v1
k8s.io/client-go/listers/discovery/v1beta1
k8s.io/client-go/listers/events/v1
k8s.io/client-go/listers/events/v1beta1
k8s.io/client-go/listers/networking/v1
k8s.io/client-go/listers/networking/v1beta1
k8s.io/client-go/listers/node/v1
k8s.io/client-go/listers/node/v1alpha1
k8s.io/client-go/listers/node/v1beta1
k8s.io/client-go/listers/policy/v1
k8s.io/client-go/listers/policy/v1beta1
k8s.io/client-go/listers/resource/v1beta1
k8s.io/client-go/listers/scheduling/v1
k8s.io/client-go/listers/scheduling/v1alpha1
k8s.io/client-go/listers/scheduling/v1beta1
k8s.io/client-go/listers/storage/v1
k8s.io/client-go/listers/storage/v1alpha1
k8s.io/client-go/listers/storage/v1beta1
k8s.io/client-go/listers/storagemigration/v1alpha1
sigs.k8s.io/controller-runtime/pkg/recorder
k8s.io/client-go/listers/resource/v1alpha3
k8s.io/client-go/listers/resource/v1beta2
k8s.io/client-go/kubernetes/scheme
k8s.io/client-go/scale/scheme/extensionsint
k8s.io/client-go/scale/scheme/extensionsv1beta1
k8s.io/client-go/listers/extensions/v1beta1
github.com/openshift/api/apps/v1
k8s.io/client-go/kubernetes/typed/authentication/v1alpha1
k8s.io/client-go/discovery
k8s.io/kubectl/pkg/scheme
k8s.io/client-go/kubernetes/typed/authorization/v1beta1
k8s.io/client-go/kubernetes/typed/authentication/v1
k8s.io/client-go/kubernetes/typed/authorization/v1
k8s.io/client-go/kubernetes/typed/authentication/v1beta1
k8s.io/client-go/discovery/cached/memory
k8s.io/client-go/scale
k8s.io/client-go/restmapper
k8s.io/kubectl/pkg/util/openapi
k8s.io/client-go/applyconfigurations/meta/v1
k8s.io/client-go/discovery/cached/disk
sigs.k8s.io/controller-runtime/pkg/client/apiutil
k8s.io/cli-runtime/pkg/resource
k8s.io/apiextensions-apiserver/pkg/client/applyconfiguration/apiextensions/v1beta1
k8s.io/client-go/applyconfigurations/apiserverinternal/v1alpha1
k8s.io/client-go/applyconfigurations/autoscaling/v1
k8s.io/client-go/applyconfigurations/certificates/v1
k8s.io/client-go/applyconfigurations/autoscaling/v2beta2
k8s.io/apiextensions-apiserver/pkg/client/applyconfiguration/apiextensions/v1
k8s.io/client-go/applyconfigurations/autoscaling/v2
k8s.io/client-go/applyconfigurations/autoscaling/v2beta1
k8s.io/client-go/applyconfigurations/admissionregistration/v1
k8s.io/client-go/applyconfigurations/core/v1
k8s.io/client-go/applyconfigurations/certificates/v1alpha1
k8s.io/client-go/applyconfigurations/certificates/v1beta1
k8s.io/apiextensions-apiserver/pkg/client/clientset/clientset/typed/apiextensions/v1beta1
k8s.io/client-go/applyconfigurations/coordination/v1
k8s.io/apiextensions-apiserver/pkg/client/clientset/clientset/typed/apiextensions/v1
k8s.io/client-go/kubernetes/typed/apiserverinternal/v1alpha1
k8s.io/client-go/kubernetes/typed/autoscaling/v2beta1
k8s.io/client-go/kubernetes/typed/autoscaling/v2beta2
k8s.io/client-go/kubernetes/typed/certificates/v1alpha1
k8s.io/client-go/kubernetes/typed/certificates/v1
k8s.io/client-go/kubernetes/typed/autoscaling/v1
k8s.io/client-go/kubernetes/typed/coordination/v1
k8s.io/client-go/kubernetes/typed/admissionregistration/v1
k8s.io/client-go/applyconfigurations/admissionregistration/v1alpha1
k8s.io/client-go/applyconfigurations/admissionregistration/v1beta1
k8s.io/client-go/kubernetes/typed/autoscaling/v2
k8s.io/apiextensions-apiserver/pkg/client/clientset/clientset
k8s.io/client-go/kubernetes/typed/certificates/v1beta1
k8s.io/client-go/applyconfigurations/coordination/v1alpha2
k8s.io/client-go/applyconfigurations/coordination/v1beta1
k8s.io/client-go/applyconfigurations/flowcontrol/v1
k8s.io/client-go/applyconfigurations/flowcontrol/v1beta1
k8s.io/client-go/applyconfigurations/flowcontrol/v1beta2
k8s.io/client-go/applyconfigurations/flowcontrol/v1beta3
k8s.io/client-go/applyconfigurations/networking/v1alpha1
k8s.io/client-go/kubernetes/typed/admissionregistration/v1alpha1
k8s.io/client-go/kubernetes/typed/admissionregistration/v1beta1
k8s.io/client-go/applyconfigurations/policy/v1
k8s.io/client-go/applyconfigurations/policy/v1beta1
k8s.io/client-go/kubernetes/typed/coordination/v1alpha2
k8s.io/client-go/kubernetes/typed/coordination/v1beta1
k8s.io/client-go/applyconfigurations/rbac/v1
k8s.io/client-go/applyconfigurations/rbac/v1alpha1
k8s.io/client-go/kubernetes/typed/flowcontrol/v1beta3
k8s.io/client-go/kubernetes/typed/flowcontrol/v1
k8s.io/client-go/kubernetes/typed/flowcontrol/v1beta1
k8s.io/client-go/kubernetes/typed/flowcontrol/v1beta2
k8s.io/client-go/kubernetes/typed/networking/v1alpha1
k8s.io/client-go/applyconfigurations/rbac/v1beta1
k8s.io/client-go/applyconfigurations/scheduling/v1
k8s.io/client-go/kubernetes/typed/policy/v1
k8s.io/client-go/kubernetes/typed/policy/v1beta1
k8s.io/client-go/applyconfigurations/scheduling/v1alpha1
k8s.io/client-go/kubernetes/typed/rbac/v1
k8s.io/client-go/applyconfigurations/scheduling/v1beta1
k8s.io/client-go/kubernetes/typed/rbac/v1alpha1
k8s.io/client-go/applyconfigurations/storagemigration/v1alpha1
k8s.io/client-go/kubernetes/typed/scheduling/v1
github.com/openshift/client-go/apps/applyconfigurations/apps/v1
github.com/openshift/client-go/apps/clientset/versioned/scheme
k8s.io/client-go/kubernetes/typed/rbac/v1beta1
k8s.io/cli-runtime/pkg/genericclioptions
k8s.io/kubectl/pkg/validation
k8s.io/client-go/kubernetes/typed/scheduling/v1alpha1
github.com/kanisterio/kanister/pkg/aws/rds
k8s.io/client-go/applyconfigurations/apps/v1
k8s.io/client-go/applyconfigurations/apps/v1beta1
k8s.io/client-go/applyconfigurations/apps/v1beta2
k8s.io/client-go/applyconfigurations/batch/v1
k8s.io/client-go/kubernetes/typed/core/v1
k8s.io/client-go/applyconfigurations/discovery/v1
k8s.io/client-go/applyconfigurations/discovery/v1beta1
k8s.io/client-go/applyconfigurations/events/v1
k8s.io/client-go/applyconfigurations/events/v1beta1
k8s.io/client-go/applyconfigurations/extensions/v1beta1
k8s.io/client-go/applyconfigurations/networking/v1
k8s.io/client-go/applyconfigurations/networking/v1beta1
k8s.io/client-go/applyconfigurations/node/v1
k8s.io/client-go/kubernetes/typed/events/v1
k8s.io/client-go/kubernetes/typed/discovery/v1beta1
k8s.io/client-go/kubernetes/typed/discovery/v1
k8s.io/client-go/applyconfigurations/node/v1alpha1
k8s.io/client-go/applyconfigurations/node/v1beta1
k8s.io/client-go/kubernetes/typed/events/v1beta1
k8s.io/client-go/kubernetes/typed/batch/v1
k8s.io/client-go/kubernetes/typed/apps/v1beta1
k8s.io/client-go/kubernetes/typed/apps/v1
k8s.io/client-go/kubernetes/typed/apps/v1beta2
k8s.io/client-go/applyconfigurations/batch/v1beta1
k8s.io/client-go/kubernetes/typed/networking/v1
k8s.io/client-go/kubernetes/typed/node/v1
k8s.io/client-go/kubernetes/typed/node/v1alpha1
k8s.io/client-go/kubernetes/typed/networking/v1beta1
k8s.io/client-go/kubernetes/typed/extensions/v1beta1
k8s.io/client-go/kubernetes/typed/node/v1beta1
k8s.io/client-go/applyconfigurations/resource/v1alpha3
k8s.io/client-go/applyconfigurations/resource/v1beta1
k8s.io/client-go/applyconfigurations/resource/v1beta2
k8s.io/client-go/kubernetes/typed/scheduling/v1beta1
k8s.io/client-go/applyconfigurations/storage/v1
k8s.io/client-go/applyconfigurations/storage/v1alpha1
k8s.io/client-go/applyconfigurations/storage/v1beta1
k8s.io/client-go/kubernetes/typed/batch/v1beta1
k8s.io/client-go/kubernetes/typed/storagemigration/v1alpha1
github.com/openshift/client-go/apps/clientset/versioned/typed/apps/v1
k8s.io/client-go/kubernetes/typed/resource/v1alpha3
sigs.k8s.io/controller-runtime/pkg/client
k8s.io/client-go/kubernetes/typed/resource/v1beta2
k8s.io/client-go/kubernetes/typed/storage/v1alpha1
k8s.io/client-go/kubernetes/typed/resource/v1beta1
sigs.k8s.io/controller-runtime/pkg/internal/recorder
k8s.io/client-go/kubernetes/typed/storage/v1
github.com/openshift/client-go/apps/clientset/versioned
k8s.io/client-go/kubernetes/typed/storage/v1beta1
sigs.k8s.io/controller-runtime/pkg/reconcile
sigs.k8s.io/controller-runtime/pkg/cache/internal
sigs.k8s.io/controller-runtime/pkg/event
sigs.k8s.io/controller-runtime/pkg/controller/controllerutil
sigs.k8s.io/controller-runtime/pkg/predicate
k8s.io/client-go/kubernetes
sigs.k8s.io/controller-runtime/pkg/cache
sigs.k8s.io/controller-runtime/pkg/cluster
github.com/kanisterio/kanister/pkg/config
github.com/kanisterio/kanister/pkg/customresource
k8s.io/kubectl/pkg/cmd/util
k8s.io/client-go/informers/internalinterfaces
github.com/kanisterio/kanister/pkg/kube/snapshot
k8s.io/client-go/tools/leaderelection/resourcelock
sigs.k8s.io/controller-runtime/pkg/leaderelection
github.com/kanisterio/kanister/pkg/log
k8s.io/client-go/informers/apiserverinternal/v1alpha1
k8s.io/client-go/informers/admissionregistration/v1alpha1
k8s.io/client-go/informers/apps/v1
k8s.io/client-go/informers/apps/v1beta1
k8s.io/client-go/informers/admissionregistration/v1beta1
k8s.io/client-go/informers/autoscaling/v1
k8s.io/client-go/informers/autoscaling/v2
k8s.io/client-go/informers/admissionregistration/v1
k8s.io/client-go/informers/apps/v1beta2
k8s.io/client-go/informers/autoscaling/v2beta1
k8s.io/client-go/informers/autoscaling/v2beta2
github.com/kanisterio/kanister/pkg/apis/cr/v1alpha1
k8s.io/client-go/informers/batch/v1
github.com/kanisterio/kanister/pkg/client/applyconfiguration/cr/v1alpha1
github.com/kanisterio/kanister/pkg/client/clientset/versioned/scheme
k8s.io/client-go/informers/batch/v1beta1
github.com/kanisterio/kanister/pkg/client/clientset/versioned/typed/cr/v1alpha1
github.com/kanisterio/kanister/pkg/output
github.com/kanisterio/kanister/pkg/aws
github.com/kanisterio/kanister/pkg/format
github.com/kanisterio/kanister/pkg/utils
github.com/kanisterio/kanister/pkg/eventer
github.com/kanisterio/kanister/pkg/metrics
k8s.io/client-go/informers/apiserverinternal
github.com/kanisterio/kanister/pkg/objectstore
github.com/kanisterio/kanister/pkg/kube
k8s.io/client-go/informers/certificates/v1
k8s.io/client-go/informers/certificates/v1alpha1
k8s.io/client-go/informers/autoscaling
k8s.io/client-go/informers/certificates/v1beta1
k8s.io/client-go/informers/coordination/v1
k8s.io/client-go/informers/admissionregistration
k8s.io/client-go/informers/coordination/v1alpha2
github.com/kanisterio/kanister/pkg/client/clientset/versioned
k8s.io/client-go/informers/apps
k8s.io/client-go/informers/coordination/v1beta1
k8s.io/client-go/informers/core/v1
github.com/kanisterio/kanister/pkg/secrets
k8s.io/client-go/informers/discovery/v1
k8s.io/client-go/informers/batch
k8s.io/client-go/informers/discovery/v1beta1
k8s.io/client-go/informers/events/v1
k8s.io/client-go/informers/events/v1beta1
k8s.io/client-go/informers/flowcontrol/v1
k8s.io/client-go/informers/flowcontrol/v1beta1
k8s.io/client-go/informers/extensions/v1beta1
k8s.io/client-go/informers/flowcontrol/v1beta2
k8s.io/client-go/informers/flowcontrol/v1beta3
k8s.io/client-go/informers/networking/v1
k8s.io/client-go/informers/certificates
k8s.io/client-go/informers/networking/v1alpha1
k8s.io/client-go/informers/coordination
github.com/kanisterio/kanister/pkg/param
k8s.io/client-go/informers/networking/v1beta1
k8s.io/client-go/informers/node/v1
k8s.io/client-go/informers/core
k8s.io/client-go/informers/node/v1alpha1
k8s.io/client-go/informers/node/v1beta1
k8s.io/client-go/informers/policy/v1
k8s.io/client-go/informers/extensions
k8s.io/client-go/informers/events
k8s.io/client-go/informers/policy/v1beta1
k8s.io/client-go/informers/flowcontrol
k8s.io/client-go/informers/discovery
k8s.io/client-go/informers/rbac/v1
k8s.io/client-go/informers/rbac/v1alpha1
k8s.io/client-go/informers/rbac/v1beta1
k8s.io/client-go/informers/resource/v1alpha3
k8s.io/client-go/informers/networking
k8s.io/client-go/informers/resource/v1beta1
k8s.io/client-go/informers/resource/v1beta2
github.com/kanisterio/kanister/pkg
github.com/kanisterio/kanister/pkg/validate
github.com/kanisterio/kanister/pkg/ephemeral
github.com/kanisterio/kanister/pkg/location
k8s.io/client-go/informers/node
k8s.io/client-go/informers/scheduling/v1
k8s.io/client-go/informers/scheduling/v1alpha1
k8s.io/client-go/informers/scheduling/v1beta1
k8s.io/client-go/informers/storage/v1
k8s.io/client-go/informers/policy
github.com/kanisterio/kanister/pkg/restic
k8s.io/client-go/informers/storage/v1alpha1
k8s.io/client-go/informers/storage/v1beta1
k8s.io/client-go/informers/rbac
k8s.io/client-go/informers/storagemigration/v1alpha1
github.com/kanisterio/kanister/pkg/resource
k8s.io/client-go/informers/resource
github.com/kanisterio/kanister/pkg/reconcile
github.com/kanisterio/kanister/pkg/progress
k8s.io/client-go/informers/scheduling
k8s.io/client-go/informers/storage
github.com/kanisterio/kanister/pkg/controller
github.com/kanisterio/kanister/pkg/function
k8s.io/client-go/informers/storagemigration
k8s.io/client-go/informers
github.com/kanisterio/kanister/pkg/blueprint/validate
k8s.io/client-go/tools/leaderelection
sigs.k8s.io/controller-runtime/pkg/metrics
sigs.k8s.io/controller-runtime/pkg/webhook/admission/metrics
sigs.k8s.io/controller-runtime/pkg/internal/metrics
sigs.k8s.io/controller-runtime/pkg/webhook/internal/metrics
sigs.k8s.io/controller-runtime/pkg/internal/controller/metrics
sigs.k8s.io/controller-runtime/pkg/certwatcher/metrics
sigs.k8s.io/controller-runtime/pkg/certwatcher
sigs.k8s.io/controller-runtime/pkg/webhook/admission
sigs.k8s.io/controller-runtime/pkg/controller/priorityqueue
sigs.k8s.io/controller-runtime/pkg/handler
sigs.k8s.io/controller-runtime/pkg/metrics/server
github.com/kanisterio/kanister/pkg/validatingwebhook
sigs.k8s.io/controller-runtime/pkg/webhook
sigs.k8s.io/controller-runtime/pkg/internal/source
sigs.k8s.io/controller-runtime/pkg/source
sigs.k8s.io/controller-runtime/pkg/manager
sigs.k8s.io/controller-runtime/pkg/internal/controller
sigs.k8s.io/controller-runtime/pkg/controller
sigs.k8s.io/controller-runtime/pkg/builder
sigs.k8s.io/controller-runtime
github.com/kanisterio/kanister/pkg/handler
github.com/kanisterio/kanister/pkg/kancontroller
github.com/kanisterio/kanister/cmd/controller
make[1]: Leaving directory '/home/jake/sbomit-overhead-experiment/repos/kanister'
building: bin/amd64/kanctl
make[1]: Entering directory '/home/jake/sbomit-overhead-experiment/repos/kanister'
go: downloading github.com/kanisterio/blueprints v0.0.0-20251121103612-0e5855fe8223
go: downloading github.com/aws/aws-sdk-go-v2/service/ec2 v1.321.2
github.com/kanisterio/blueprints
github.com/aws/aws-sdk-go-v2/aws/protocol/ec2query
github.com/kanisterio/blueprints/utils
github.com/aws/aws-sdk-go-v2/service/ec2/types
github.com/aws/aws-sdk-go-v2/service/ec2/internal/endpoints
k8s.io/client-go/tools/portforward
github.com/kanisterio/kanister/pkg/helm
github.com/kanisterio/kanister/pkg/openshift
github.com/aws/aws-sdk-go-v2/service/ec2
github.com/kanisterio/kanister/pkg/aws/ec2
github.com/kanisterio/kanister/pkg/app
github.com/kanisterio/kanister/pkg/kanctl
github.com/kanisterio/kanister/cmd/kanctl
make[1]: Leaving directory '/home/jake/sbomit-overhead-experiment/repos/kanister'
building: bin/amd64/kando
make[1]: Entering directory '/home/jake/sbomit-overhead-experiment/repos/kanister'
go: downloading github.com/kopia/kopia v0.20.2-0.20250717071305-692c1f465ba3
go: downloading cloud.google.com/go/storage v1.55.0
go: downloading github.com/minio/minio-go/v7 v7.0.94
go: downloading github.com/edsrzf/mmap-go v1.2.0
go: downloading go.uber.org/zap v1.28.0
go: downloading github.com/hashicorp/cronexpr v1.1.2
go: downloading golang.org/x/exp v0.0.0-20250711185948-6ae5c78190dc
go: downloading github.com/natefinch/atomic v1.0.1
go: downloading github.com/klauspost/compress v1.18.0
go: downloading github.com/klauspost/pgzip v1.2.6
go: downloading github.com/klauspost/reedsolomon v1.12.5
go: downloading github.com/chmduquesne/rollinghash v4.0.0+incompatible
go: downloading github.com/pierrec/lz4 v2.6.1+incompatible
go: downloading github.com/zeebo/blake3 v0.2.4
go: downloading github.com/petar/GoLLRB v0.0.0-20210522233825-ae3b015fd3e9
go: downloading github.com/klauspost/cpuid/v2 v2.3.0
go: downloading go.uber.org/multierr v1.11.0
go: downloading github.com/minio/md5-simd v1.1.2
go: downloading github.com/minio/crc64nvme v1.0.2
go: downloading github.com/go-ini/ini v1.67.0
go: downloading github.com/dustin/go-humanize v1.0.1
go: downloading github.com/rs/xid v1.6.0
go: downloading github.com/goccy/go-json v0.10.5
go: downloading github.com/tinylib/msgp v1.3.0
go: downloading cloud.google.com/go/iam v1.5.2
go: downloading github.com/GoogleCloudPlatform/opentelemetry-operations-go/exporter/metric v0.53.0
go: downloading go.opentelemetry.io/contrib/detectors/gcp v1.38.0
go: downloading go.opentelemetry.io/otel/sdk/metric v1.43.0
go: downloading go.opentelemetry.io/otel/sdk v1.43.0
go: downloading google.golang.org/genproto/googleapis/api v0.0.0-20251022142026-3a174f9686a8
go: downloading cloud.google.com/go/monitoring v1.24.2
go: downloading github.com/GoogleCloudPlatform/opentelemetry-operations-go/internal/resourcemapping v0.53.0
go: downloading github.com/GoogleCloudPlatform/opentelemetry-operations-go/detectors/gcp v1.30.0
go: downloading go.opentelemetry.io/contrib/instrumentation/google.golang.org/grpc/otelgrpc v0.62.0
go: downloading github.com/envoyproxy/go-control-plane/envoy v1.35.0
go: downloading github.com/philhofer/fwd v1.2.0
go: downloading github.com/spiffe/go-spiffe/v2 v2.6.0
go: downloading github.com/cncf/xds/go v0.0.0-20251022180443-0feb69152e9f
go: downloading cel.dev/expr v0.24.0
go: downloading github.com/go-jose/go-jose/v4 v4.1.4
go: downloading github.com/envoyproxy/protoc-gen-validate v1.2.1
github.com/kopia/kopia/internal/impossible
golang.org/x/exp/constraints
github.com/klauspost/compress/internal/le
github.com/klauspost/compress/internal/race
cloud.google.com/go/storage/internal
github.com/zeebo/blake3/internal/alg/compress/compress_sse41
github.com/zeebo/blake3/internal/alg/hash/hash_avx2
github.com/klauspost/compress/internal/cpuinfo
go.opentelemetry.io/otel/sdk/metric/internal/reservoir
go.opentelemetry.io/otel/sdk/metric/internal
go.opentelemetry.io/otel/sdk
cloud.google.com/go/monitoring/internal
google.golang.org/grpc/internal/xds/clients/xdsclient/metrics
google.golang.org/grpc/internal/xds/xdsclient/xdsresource/version
github.com/klauspost/compress
github.com/kanisterio/kanister/pkg/envdir
github.com/natefinch/atomic
github.com/kopia/kopia/internal/ospath
github.com/kopia/kopia/internal/clock
go.uber.org/zap/internal/pool
go.uber.org/zap/internal/color
go.uber.org/zap/internal/exit
github.com/kopia/kopia/internal/releasable
go.uber.org/multierr
github.com/kopia/kopia/internal/dirutil
github.com/kopia/kopia/internal/iocopy
github.com/kopia/kopia/internal/crypto
github.com/kopia/kopia/internal/feature
go.uber.org/zap/buffer
github.com/kopia/kopia/internal/timetrack
github.com/kopia/kopia/internal/parallelwork
github.com/klauspost/cpuid/v2
github.com/zeebo/blake3/internal/utils
github.com/kopia/kopia/internal/atomicfile
go.uber.org/zap/internal/bufferpool
golang.org/x/crypto/blake2b
github.com/kopia/kopia/internal/grpcapi
golang.org/x/crypto/blake2s
github.com/klauspost/compress/flate
github.com/prometheus/client_golang/prometheus/promauto
github.com/klauspost/compress/fse
github.com/klauspost/compress/internal/snapref
github.com/klauspost/compress/zstd/internal/xxhash
github.com/klauspost/compress/s2
github.com/kopia/kopia/internal/freepool
github.com/pierrec/lz4/internal/xxh32
github.com/edsrzf/mmap-go
github.com/kanisterio/kanister/pkg/chronicle
github.com/kopia/kopia/internal/tempfile
github.com/petar/GoLLRB/llrb
github.com/pierrec/lz4
go.uber.org/zap/zapcore
go.uber.org/zap/internal/stacktrace
github.com/kopia/kopia/internal/cachedir
github.com/kopia/kopia/internal/units
github.com/chmduquesne/rollinghash
github.com/chmduquesne/rollinghash/buzhash32
github.com/chmduquesne/rollinghash/rabinkarp64
github.com/Azure/azure-sdk-for-go/sdk/storage/azblob
github.com/kopia/kopia/internal/timestampmeta
google.golang.org/genproto/googleapis/api
google.golang.org/genproto/googleapis/type/expr
google.golang.org/protobuf/types/known/fieldmaskpb
cloud.google.com/go/internal
github.com/klauspost/compress/huff0
cloud.google.com/go/internal/optional
cloud.google.com/go/internal/trace
github.com/kopia/kopia/repo/splitter
cloud.google.com/go/internal/version
google.golang.org/genproto/googleapis/api/annotations
go.opentelemetry.io/otel/sdk/instrumentation
go.opentelemetry.io/otel/sdk/metric/exemplar
go.opentelemetry.io/otel/sdk/internal/x
go.opentelemetry.io/otel/semconv/v1.40.0/otelconv
google.golang.org/genproto/googleapis/type/date
google.golang.org/protobuf/types/known/emptypb
github.com/googleapis/gax-go/v2/internallog/grpclog
google.golang.org/api/iterator
cloud.google.com/go/auth/internal/compute
go.opentelemetry.io/contrib/instrumentation/google.golang.org/grpc/otelgrpc/internal
go.opentelemetry.io/otel/sdk/resource
go.opentelemetry.io/otel/semconv/v1.34.0/rpcconv
github.com/googleapis/gax-go/v2/iterator
google.golang.org/grpc/credentials/alts/internal
golang.org/x/sync/semaphore
google.golang.org/grpc/credentials/alts/internal/proto/grpc_gcp
google.golang.org/grpc/credentials/alts/internal/handshaker/service
google.golang.org/grpc/internal/googlecloud
google.golang.org/grpc/credentials/oauth
google.golang.org/grpc/credentials/alts/internal/conn
github.com/zeebo/blake3/internal/consts
google.golang.org/grpc/internal/xds/clients
google.golang.org/grpc/balancer/grpclb/grpc_lb_v1
github.com/klauspost/reedsolomon
github.com/zeebo/blake3/internal/alg/compress/compress_pure
github.com/klauspost/compress/zstd
google.golang.org/grpc/resolver/manual
google.golang.org/grpc/internal/xds
google.golang.org/genproto/googleapis/api/distribution
github.com/zeebo/blake3/internal/alg/compress
go.opentelemetry.io/contrib/instrumentation/google.golang.org/grpc/otelgrpc
google.golang.org/genproto/googleapis/api/label
github.com/zeebo/blake3/internal/alg/hash/hash_pure
google.golang.org/protobuf/types/known/structpb
github.com/klauspost/pgzip
google.golang.org/genproto/googleapis/type/calendarperiod
github.com/zeebo/blake3/internal/alg/hash
github.com/kopia/kopia/internal/zaplogutil
go.uber.org/zap/internal
go.opentelemetry.io/otel/sdk/metric/metricdata
github.com/zeebo/blake3/internal/alg
go.uber.org/zap
cloud.google.com/go/iam/apiv1/iampb
github.com/zeebo/blake3
go.opentelemetry.io/otel/sdk/metric/internal/observ
google.golang.org/genproto/googleapis/api/metric
google.golang.org/grpc/balancer/grpclb
go.opentelemetry.io/otel/sdk/metric/internal/aggregate
google.golang.org/genproto/googleapis/type/timeofday
google.golang.org/protobuf/types/known/wrapperspb
go.opentelemetry.io/otel/semconv/v1.24.0
google.golang.org/genproto/googleapis/api/monitoredres
google.golang.org/grpc/encoding/gzip
google.golang.org/grpc/credentials/alts/internal/authinfo
github.com/GoogleCloudPlatform/opentelemetry-operations-go/detectors/gcp
google.golang.org/api/iamcredentials/v1
google.golang.org/grpc/balancer/rls/internal/adaptive
google.golang.org/grpc/internal/proto/grpc_lookup_v1
cloud.google.com/go/monitoring/apiv3/v2/monitoringpb
google.golang.org/grpc/internal/cache
google.golang.org/grpc/experimental/opentelemetry
google.golang.org/grpc/credentials/alts/internal/handshaker
google.golang.org/grpc/stats/opentelemetry/internal
google.golang.org/grpc/stats/opentelemetry/internal/tracing
google.golang.org/grpc/internal/balancergroup
github.com/cncf/xds/go/udpa/annotations
go.opentelemetry.io/contrib/detectors/gcp
google.golang.org/grpc/stats/opentelemetry
cloud.google.com/go/iam
cloud.google.com/go/storage/internal/apiv2/storagepb
github.com/cncf/xds/go/xds/annotations/v3
github.com/envoyproxy/protoc-gen-validate/validate
go.opentelemetry.io/otel/sdk/metric
google.golang.org/grpc/balancer/rls/internal/keys
github.com/GoogleCloudPlatform/opentelemetry-operations-go/internal/resourcemapping
google.golang.org/grpc/credentials/alts
github.com/envoyproxy/go-control-plane/envoy/annotations
github.com/go-jose/go-jose/v4/cipher
github.com/go-jose/go-jose/v4/json
github.com/spiffe/go-spiffe/v2/internal/cryptoutil
google.golang.org/grpc/balancer/rls
github.com/spiffe/go-spiffe/v2/internal/jwtutil
github.com/spiffe/go-spiffe/v2/spiffeid
github.com/spiffe/go-spiffe/v2/internal/pemutil
github.com/spiffe/go-spiffe/v2/internal/x509util
github.com/kopia/kopia/repo/logging
cel.dev/expr
google.golang.org/genproto/googleapis/api/expr/v1alpha1
google.golang.org/grpc/internal/xds/clients/grpctransport
google.golang.org/grpc/internal/xds/clients/internal/backoff
google.golang.org/grpc/internal/xds/clients/lrsclient/internal
google.golang.org/grpc/internal/xds/clients/internal/buffer
google.golang.org/grpc/internal/xds/clients/internal/pretty
google.golang.org/grpc/credentials/google
github.com/spiffe/go-spiffe/v2/bundle/x509bundle
google.golang.org/grpc/internal/xds/clients/internal/syncutil
google.golang.org/grpc/internal/xds/clients/xdsclient/internal
github.com/cncf/xds/go/udpa/type/v1
cloud.google.com/go/auth/grpctransport
google.golang.org/grpc/internal/xds/clusterspecifier
github.com/cncf/xds/go/xds/core/v3
github.com/envoyproxy/go-control-plane/envoy/type/v3
github.com/envoyproxy/go-control-plane/envoy/type/metadata/v3
github.com/envoyproxy/go-control-plane/envoy/type/http/v3
github.com/kopia/kopia/internal/gather
github.com/kopia/kopia/internal/metrics
github.com/kopia/kopia/repo/blob
github.com/kopia/kopia/internal/hmac
github.com/kopia/kopia/repo/encryption
github.com/kopia/kopia/internal/retry
github.com/kopia/kopia/repo/hashing
github.com/kopia/kopia/internal/tlsutil
github.com/kopia/kopia/internal/bigmap
github.com/go-jose/go-jose/v4
google.golang.org/api/transport/grpc
github.com/kopia/kopia/internal/cacheprot
github.com/kopia/kopia/repo/blob/sharded
github.com/kopia/kopia/repo/blob/throttling
github.com/kopia/kopia/internal/completeset
github.com/kopia/kopia/repo/blob/beforeop
github.com/kopia/kopia/internal/blobcrypto
github.com/kopia/kopia/internal/epoch
github.com/kopia/kopia/repo/blob/logging
github.com/kopia/kopia/repo/blob/readonly
github.com/kopia/kopia/repo/blob/storagemetrics
github.com/kopia/kopia/repo/compression
github.com/kopia/kopia/internal/repodiag
github.com/kopia/kopia/internal/listcache
github.com/kopia/kopia/internal/ownwrites
github.com/cncf/xds/go/xds/type/v3
github.com/envoyproxy/go-control-plane/envoy/type/tracing/v3
google.golang.org/grpc/internal/xds/httpfilter
github.com/kopia/kopia/repo/blob/filesystem
github.com/envoyproxy/go-control-plane/envoy/type/matcher/v3
github.com/envoyproxy/go-control-plane/envoy/config/overload/v3
google.golang.org/grpc/internal/admin
github.com/kopia/kopia/repo/content/index
google.golang.org/grpc/balancer/leastrequest
google.golang.org/grpc/internal/wrr
google.golang.org/grpc/internal/hierarchy
google.golang.org/grpc/internal/balancer/nop
google.golang.org/grpc/internal/balancer/weight
github.com/cncf/xds/go/xds/data/orca/v3
google.golang.org/grpc/internal/xds/balancer/outlierdetection
google.golang.org/grpc/balancer/weightedtarget/weightedaggregator
google.golang.org/grpc/internal/xds/balancer/priority
google.golang.org/api/transport
cloud.google.com/go/storage/internal/apiv2
google.golang.org/grpc/balancer/weightedtarget
github.com/kopia/kopia/internal/cache
google.golang.org/grpc/resolver/ringhash
google.golang.org/grpc/internal/xds/balancer/clustermanager
github.com/spiffe/go-spiffe/v2/bundle/jwtbundle
google.golang.org/grpc/internal/xds/balancer/wrrlocality
google.golang.org/grpc/internal/xds/clusterspecifier/rls
github.com/envoyproxy/go-control-plane/envoy/extensions/filters/common/fault/v3
github.com/cncf/xds/go/xds/type/matcher/v3
github.com/envoyproxy/go-control-plane/envoy/extensions/rbac/audit_loggers/stream/v3
google.golang.org/grpc/authz/audit
google.golang.org/grpc/internal/ringhash
google.golang.org/grpc/internal/xds/resolver/internal
google.golang.org/grpc/authz/audit/stdout
github.com/envoyproxy/go-control-plane/envoy/extensions/load_balancing_policies/client_side_weighted_round_robin/v3
github.com/envoyproxy/go-control-plane/envoy/extensions/load_balancing_policies/pick_first/v3
github.com/spiffe/go-spiffe/v2/bundle/spiffebundle
google.golang.org/grpc/balancer/lazy
google.golang.org/grpc/balancer/weightedroundrobin/internal
github.com/cncf/xds/go/xds/service/orca/v3
cloud.google.com/go/storage/experimental
google.golang.org/grpc/orca/internal
github.com/kopia/kopia/repo/jsonencoding
google.golang.org/grpc/balancer/ringhash
archive/tar
github.com/dustin/go-humanize
github.com/minio/crc64nvme
github.com/minio/md5-simd
google.golang.org/grpc/credentials/tls/certprovider
google.golang.org/grpc/internal/credentials/spiffe
github.com/goccy/go-json/internal/errors
github.com/goccy/go-json/internal/runtime
github.com/go-ini/ini
github.com/minio/minio-go/v7/pkg/s3utils
golang.org/x/crypto/argon2
google.golang.org/grpc/credentials/tls/certprovider/pemfile
cloud.google.com/go/monitoring/apiv3/v2
github.com/minio/minio-go/v7/pkg/kvcache
github.com/philhofer/fwd
github.com/goccy/go-json/internal/decoder
github.com/goccy/go-json/internal/encoder
github.com/minio/minio-go/v7/pkg/cors
github.com/rs/xid
google.golang.org/grpc/orca
github.com/minio/minio-go/v7/pkg/singleflight
github.com/minio/minio-go/v7/pkg/sse
github.com/minio/minio-go/v7/pkg/signer
github.com/tinylib/msgp/msgp
google.golang.org/grpc/internal/xds/bootstrap/tlscreds
github.com/minio/minio-go/v7/pkg/tags
github.com/minio/minio-go/v7/pkg/utils
golang.org/x/net/publicsuffix
github.com/minio/minio-go/v7/pkg/replication
github.com/envoyproxy/go-control-plane/envoy/config/core/v3
google.golang.org/grpc/internal/xds/matcher
github.com/kopia/kopia/fs
google.golang.org/grpc/xds/bootstrap
github.com/kopia/kopia/internal/workshare
github.com/hashicorp/cronexpr
github.com/kopia/kopia/internal/sparsefile
github.com/kopia/kopia/internal/stat
github.com/kopia/kopia/fs/virtualfs
github.com/kopia/kopia/internal/wcmatch
google.golang.org/grpc/balancer/weightedroundrobin
github.com/kopia/kopia/internal/volumesizeinfo
github.com/kanisterio/kanister/pkg/kanx
github.com/kanisterio/kanister/pkg/virtualfs
google.golang.org/grpc/internal/credentials/xds
github.com/kopia/kopia/repo/ecc
github.com/kopia/kopia/repo/format
github.com/goccy/go-json/internal/encoder/vm_color_indent
github.com/kopia/kopia/repo/content/indexblob
github.com/GoogleCloudPlatform/opentelemetry-operations-go/exporter/metric
github.com/kopia/kopia/repo/content
github.com/kopia/kopia/repo/manifest
github.com/kopia/kopia/internal/uitask
github.com/kopia/kopia/repo/object
github.com/kopia/kopia/repo
github.com/kopia/kopia/repo/blob/retrying
github.com/kopia/kopia/snapshot
github.com/kopia/kopia/repo/blob/azure
github.com/kopia/kopia/snapshot/policy
github.com/kopia/kopia/fs/localfs
github.com/kopia/kopia/snapshot/restore
github.com/kopia/kopia/fs/ignorefs
github.com/kopia/kopia/snapshot/snapshotfs
google.golang.org/grpc/internal/xds/bootstrap
github.com/envoyproxy/go-control-plane/envoy/data/accesslog/v3
github.com/envoyproxy/go-control-plane/envoy/config/metrics/v3
github.com/envoyproxy/go-control-plane/envoy/config/endpoint/v3
github.com/envoyproxy/go-control-plane/envoy/extensions/transport_sockets/tls/v3
github.com/envoyproxy/go-control-plane/envoy/service/discovery/v3
google.golang.org/grpc/internal/xds/clients/internal
github.com/envoyproxy/go-control-plane/envoy/config/route/v3
github.com/envoyproxy/go-control-plane/envoy/extensions/clusters/aggregate/v3
github.com/envoyproxy/go-control-plane/envoy/config/trace/v3
github.com/kopia/kopia/snapshot/upload
github.com/envoyproxy/go-control-plane/envoy/service/load_stats/v3
github.com/envoyproxy/go-control-plane/envoy/config/cluster/v3
google.golang.org/grpc/internal/xds/clients/xdsclient/internal/xdsresource
google.golang.org/grpc/internal/xds/clients/lrsclient
github.com/goccy/go-json/internal/encoder/vm_color
google.golang.org/grpc/internal/xds/balancer/loadstore
google.golang.org/grpc/internal/xds/xdsclient/xdslbregistry
github.com/envoyproxy/go-control-plane/envoy/extensions/load_balancing_policies/wrr_locality/v3
github.com/envoyproxy/go-control-plane/envoy/extensions/filters/http/fault/v3
github.com/envoyproxy/go-control-plane/envoy/extensions/load_balancing_policies/common/v3
github.com/envoyproxy/go-control-plane/envoy/config/rbac/v3
github.com/envoyproxy/go-control-plane/envoy/config/accesslog/v3
github.com/envoyproxy/go-control-plane/envoy/config/common/matcher/v3
google.golang.org/grpc/internal/xds/httpfilter/fault
github.com/envoyproxy/go-control-plane/envoy/extensions/load_balancing_policies/least_request/v3
github.com/envoyproxy/go-control-plane/envoy/extensions/load_balancing_policies/ring_hash/v3
google.golang.org/grpc/internal/xds/xdsclient/xdslbregistry/converter
github.com/envoyproxy/go-control-plane/envoy/config/tap/v3
github.com/envoyproxy/go-control-plane/envoy/extensions/filters/network/http_connection_manager/v3
github.com/envoyproxy/go-control-plane/envoy/config/listener/v3
github.com/envoyproxy/go-control-plane/envoy/extensions/filters/http/rbac/v3
google.golang.org/grpc/internal/xds/rbac
google.golang.org/grpc/internal/xds/httpfilter/rbac
github.com/envoyproxy/go-control-plane/envoy/config/bootstrap/v3
github.com/envoyproxy/go-control-plane/envoy/extensions/filters/http/router/v3
google.golang.org/grpc/internal/xds/httpfilter/router
github.com/goccy/go-json/internal/encoder/vm_indent
github.com/envoyproxy/go-control-plane/envoy/admin/v3
github.com/envoyproxy/go-control-plane/envoy/service/status/v3
google.golang.org/grpc/internal/xds/clients/xdsclient
google.golang.org/grpc/internal/xds/xdsclient/xdsresource
google.golang.org/grpc/internal/xds/server
google.golang.org/grpc/internal/xds/xdsclient
google.golang.org/grpc/internal/xds/balancer/clusterimpl
google.golang.org/grpc/xds/csds
google.golang.org/grpc/internal/xds/resolver
google.golang.org/grpc/internal/xds/balancer/clusterresolver
google.golang.org/grpc/internal/xds/balancer/cdsbalancer
google.golang.org/grpc/internal/xds/balancer
google.golang.org/grpc/xds
google.golang.org/grpc/xds/googledirectpath
cloud.google.com/go/storage
github.com/goccy/go-json/internal/encoder/vm
github.com/kopia/kopia/repo/blob/gcs
github.com/goccy/go-json
github.com/minio/minio-go/v7/internal/json
github.com/minio/minio-go/v7/pkg/lifecycle
github.com/minio/minio-go/v7/pkg/encrypt
github.com/minio/minio-go/v7/pkg/set
github.com/minio/minio-go/v7/pkg/credentials
github.com/minio/minio-go/v7/pkg/notification
github.com/minio/minio-go/v7
github.com/kopia/kopia/repo/blob/s3
github.com/kanisterio/kanister/pkg/kopia
github.com/kanisterio/kanister/pkg/kopia/repository
github.com/kanisterio/kanister/pkg/kopia/snapshot
github.com/kanisterio/kanister/pkg/stream
github.com/kanisterio/kanister/pkg/datamover
github.com/kanisterio/kanister/pkg/kando
github.com/kanisterio/kanister/cmd/kando
make[1]: Leaving directory '/home/jake/sbomit-overhead-experiment/repos/kanister'
