level=info msg="Starting prematerial attestors stage..."
level=info msg="Starting git attestor..."
level=info msg="Starting environment attestor..."
level=info msg="Finished environment attestor... (0.000120971s)"
level=info msg="Finished git attestor... (0.037661417s)"
level=info msg="Completed prematerial attestors stage..."
level=info msg="Starting material attestors stage..."
level=info msg="Starting material attestor..."
level=info msg="Finished material attestor... (0.099142952s)"
level=info msg="Completed material attestors stage..."
level=info msg="Starting execute attestors stage..."
level=info msg="Starting command-run attestor..."
level=info msg="Using tracer: ebpf for command-run"
go mod tidy
go: downloading k8s.io/api v0.36.4
go: downloading github.com/go-logr/logr v1.4.4
go: downloading k8s.io/apimachinery v0.36.4
go: downloading sigs.k8s.io/controller-runtime v0.24.1
go: downloading k8s.io/client-go v0.36.4
go: downloading github.com/open-policy-agent/cert-controller v0.16.0
go: downloading github.com/Azure/azure-sdk-for-go/sdk/azcore v1.23.0
go: downloading github.com/jstemmer/go-junit-report/v2 v2.1.0
go: downloading go.uber.org/mock v0.6.0
go: downloading github.com/grpc-ecosystem/go-grpc-middleware/providers/prometheus v1.1.0
go: downloading github.com/spf13/pflag v1.0.10
go: downloading github.com/Azure/azure-sdk-for-go/sdk/messaging/eventgrid/azeventgrid v1.0.0
go: downloading github.com/expr-lang/expr v1.17.8
go: downloading google.golang.org/grpc/cmd/protoc-gen-go-grpc v1.6.2
go: downloading github.com/prometheus/client_golang v1.24.1
go: downloading github.com/cloudevents/sdk-go/v2 v2.16.2
go: downloading google.golang.org/grpc v1.83.2
go: downloading google.golang.org/protobuf v1.36.12
go: downloading k8s.io/metrics v0.36.4
go: downloading gotest.tools/gotestsum v1.13.0
go: downloading go.uber.org/zap v1.28.0
go: downloading k8s.io/code-generator v0.36.4
go: downloading go.opentelemetry.io/otel v1.46.0
go: downloading github.com/onsi/ginkgo/v2 v2.32.1
go: downloading k8s.io/klog/v2 v2.140.0
go: downloading k8s.io/apiserver v0.36.4
go: downloading github.com/fsnotify/fsnotify v1.10.1
go: downloading github.com/onsi/gomega v1.42.1
go: downloading k8s.io/component-base v0.36.4
go: downloading k8s.io/kube-openapi v0.0.0-20260821135717-be32def86098
go: downloading go.opentelemetry.io/otel/exporters/otlp/otlpmetric/otlpmetricgrpc v1.46.0
go: downloading github.com/stretchr/testify v1.12.1
go: downloading sigs.k8s.io/controller-runtime/tools/setup-envtest v0.24.1
go: downloading go.opentelemetry.io/otel/exporters/otlp/otlpmetric/otlpmetrichttp v1.46.0
go: downloading k8s.io/utils v0.0.0-20260707023825-cf1189d6abe3
go: downloading sigs.k8s.io/controller-tools v0.21.0
go: downloading go.opentelemetry.io/otel/metric v1.46.0
go: downloading sigs.k8s.io/custom-metrics-apiserver v1.36.0
go: downloading github.com/dysnix/predictkube-libs v0.1.0
go: downloading sigs.k8s.io/kustomize/kustomize/v5 v5.8.1
go: downloading go.opentelemetry.io/otel/sdk/metric v1.46.0
go: downloading cloud.google.com/go/monitoring v1.30.0
go: downloading go.opentelemetry.io/otel/sdk v1.46.0
go: downloading dario.cat/mergo v1.0.2
go: downloading cloud.google.com/go/spanner v1.95.0
go: downloading github.com/prometheus/common v0.70.1
go: downloading github.com/aws/aws-sdk-go-v2 v1.43.8
go: downloading github.com/prometheus/client_model v0.6.2
go: downloading github.com/Azure/azure-amqp-common-go/v4 v4.2.0
go: downloading cloud.google.com/go/compute/metadata v0.9.0
go: downloading cloud.google.com/go v0.123.0
go: downloading cloud.google.com/go/storage v1.65.1
go: downloading github.com/Azure/azure-kusto-go/azkustodata v1.2.2
go: downloading go.uber.org/atomic v1.11.0
go: downloading github.com/aws/aws-sdk-go-v2/config v1.32.39
go: downloading golang.org/x/oauth2 v0.36.0
go: downloading github.com/IBM/sarama v1.60.2
go: downloading cloud.google.com/go/secretmanager v1.21.0
go: downloading github.com/aws/aws-sdk-go-v2/credentials v1.19.38
go: downloading github.com/aws/aws-msk-iam-sasl-signer-go v1.0.4
go: downloading golang.org/x/sync v0.22.0
go: downloading github.com/joho/godotenv v1.5.1
go: downloading github.com/youmark/pkcs8 v0.0.0-20240726163527-a2c0da244d78
go: downloading google.golang.org/api v0.294.0
go: downloading github.com/xdg-go/scram v1.2.0
go: downloading github.com/Azure/azure-sdk-for-go/sdk/azidentity v1.14.0
go: downloading github.com/Azure/azure-sdk-for-go/sdk/messaging/azservicebus v1.10.0
go: downloading github.com/aws/aws-sdk-go-v2/service/amp v1.48.5
go: downloading github.com/Azure/azure-sdk-for-go/sdk/security/keyvault/azsecrets v1.5.0
go: downloading github.com/Azure/azure-sdk-for-go/sdk/messaging/azeventhubs/v2 v2.0.2
go: downloading github.com/aws/aws-sdk-go-v2/service/sts v1.45.8
go: downloading gopkg.in/yaml.v3 v3.0.1
go: downloading github.com/aws/aws-sdk-go-v2/service/secretsmanager v1.44.8
go: downloading github.com/Azure/azure-sdk-for-go/sdk/storage/azblob v1.8.0
go: downloading github.com/Azure/azure-sdk-for-go/sdk/monitor/azquery v1.2.0
go: downloading github.com/golang-jwt/jwt/v5 v5.3.1
go: downloading github.com/Azure/azure-sdk-for-go/sdk/storage/azqueue v1.0.1
go: downloading github.com/hashicorp/vault/api v1.23.0
go: downloading github.com/AzureAD/microsoft-authentication-library-for-go v1.9.0
go: downloading github.com/aws/aws-sdk-go-v2/service/cloudwatch v1.67.1
go: downloading github.com/ClickHouse/clickhouse-go/v2 v2.48.0
go: downloading github.com/aws/aws-sdk-go-v2/service/dynamodb v1.63.5
go: downloading github.com/google/go-cmp v0.7.0
go: downloading github.com/DataDog/datadog-api-client-go v1.16.0
go: downloading github.com/Huawei/gophercloud v1.0.21
go: downloading github.com/aws/aws-sdk-go-v2/service/dynamodbstreams v1.36.8
go: downloading github.com/aws/aws-sdk-go-v2/service/kinesis v1.47.1
go: downloading github.com/aws/aws-sdk-go-v2/service/sqs v1.46.8
go: downloading github.com/InfluxCommunity/influxdb3-go/v2 v2.17.0
go: downloading github.com/arangodb/go-driver v1.6.9
go: downloading github.com/beanstalkd/go-beanstalk v0.2.0
go: downloading github.com/bradleyfalzon/ghinstallation/v2 v2.19.0
go: downloading github.com/dysnix/predictkube-proto v0.0.0-20250415003810-aa0af0a0019b
go: downloading github.com/elastic/go-elasticsearch/v7 v7.17.10
go: downloading github.com/go-kivik/couchdb/v3 v3.4.1
go: downloading github.com/go-kivik/kivik/v3 v3.2.4
go: downloading github.com/go-playground/validator/v10 v10.30.3
go: downloading github.com/go-sql-driver/mysql v1.10.0
go: downloading github.com/gobwas/glob v0.2.3
go: downloading github.com/gocql/gocql v1.7.0
go: downloading github.com/gophercloud/gophercloud v1.14.1
go: downloading github.com/influxdata/influxdb-client-go/v2 v2.14.0
go: downloading github.com/jackc/pgx/v5 v5.10.0
go: downloading github.com/microsoft/go-mssqldb v1.11.0
go: downloading github.com/mitchellh/hashstructure v1.1.0
go: downloading github.com/mitchellh/mapstructure v1.5.0
go: downloading github.com/newrelic/newrelic-client-go/v2 v2.93.2
go: downloading github.com/opensearch-project/opensearch-go/v4 v4.7.3
go: downloading github.com/prometheus/prometheus v0.314.0
go: downloading github.com/rabbitmq/amqp091-go v1.14.0
go: downloading github.com/rcrowley/go-metrics v0.0.0-20250401214520-65e299d6c5c9
go: downloading github.com/redis/go-redis/v9 v9.22.0
go: downloading github.com/robfig/cron/v3 v3.0.1
go: downloading github.com/segmentio/kafka-go v0.4.51
go: downloading github.com/segmentio/kafka-go/sasl/aws_msk_iam_v2 v0.1.0
go: downloading github.com/robfig/cron v1.2.0
go: downloading github.com/signalfx/signalflow-client-go/v2 v2.3.0
go: downloading github.com/solarwinds/swo-sdk-go/swov1 v0.15.3
go: downloading github.com/tidwall/gjson v1.19.0
go: downloading github.com/xhit/go-str2duration/v2 v2.1.0
go: downloading go.etcd.io/etcd/client/v3 v3.7.1
go: downloading go.mongodb.org/mongo-driver v1.17.9
go: downloading go.temporal.io/api v1.63.5
go: downloading go.temporal.io/sdk v1.48.0
go: downloading github.com/microsoft/ApplicationInsights-Go v0.4.4
go: downloading github.com/phayes/freeport v0.0.0-20220201140144-74d24b5ae9f5
go: downloading github.com/signalfx/signalfx-go v1.64.0
go: downloading github.com/pkg/errors v0.9.1
go: downloading k8s.io/apiextensions-apiserver v0.36.4
go: downloading github.com/Azure/azure-sdk-for-go/sdk/internal v1.12.0
go: downloading golang.org/x/mod v0.40.0
go: downloading golang.org/x/tools v0.49.0
go: downloading github.com/evanphx/json-patch/v5 v5.9.11
go: downloading github.com/grpc-ecosystem/go-grpc-middleware/v2 v2.3.3
go: downloading sigs.k8s.io/randfill v1.0.0
go: downloading sigs.k8s.io/yaml v1.6.0
go: downloading github.com/evanphx/json-patch v5.9.0+incompatible
go: downloading gopkg.in/inf.v0 v0.9.1
go: downloading sigs.k8s.io/structured-merge-diff/v6 v6.4.2
go: downloading github.com/beorn7/perks v1.0.1
go: downloading github.com/cespare/xxhash/v2 v2.3.0
go: downloading github.com/prometheus/procfs v0.21.1
go: downloading golang.org/x/sys v0.47.0
go: downloading gomodules.xyz/jsonpatch/v2 v2.5.0
go: downloading go.uber.org/multierr v1.11.0
go: downloading go.yaml.in/yaml/v3 v3.0.5
go: downloading github.com/google/gnostic-models v0.7.1
go: downloading github.com/munnerz/goautoneg v0.0.0-20191010083416-a7dc8b61c822
go: downloading golang.org/x/net v0.58.0
go: downloading golang.org/x/time v0.15.0
go: downloading gopkg.in/evanphx/json-patch.v4 v4.13.0
go: downloading google.golang.org/genproto/googleapis/rpc v0.0.0-20260825221802-da73d73af1c5
go: downloading github.com/go-logr/zapr v1.3.0
go: downloading github.com/spf13/afero v1.15.0
go: downloading google.golang.org/genproto v0.0.0-20260825221802-da73d73af1c5
go: downloading github.com/blang/semver/v4 v4.0.0
go: downloading go.opentelemetry.io/otel/trace v1.46.0
go: downloading go.yaml.in/yaml/v2 v2.4.4
go: downloading github.com/spf13/cobra v1.10.2
go: downloading k8s.io/gengo/v2 v2.0.0-20250922181213-ec3ebc5fd46b
go: downloading github.com/olekukonko/tablewriter v0.0.5
go: downloading github.com/google/uuid v1.6.0
go: downloading github.com/valyala/fasthttp v1.73.0
go: downloading github.com/wagslane/go-password-validator v0.3.0
go: downloading github.com/mwitkow/go-conntrack v0.0.0-20190716064945-2f068394615f
go: downloading google.golang.org/genproto/googleapis/api v0.0.0-20260825221802-da73d73af1c5
go: downloading github.com/open-policy-agent/frameworks/constraint v0.0.0-20241101234656-e78c8abd754a
go: downloading k8s.io/kube-aggregator v0.35.2
go: downloading go.uber.org/goleak v1.3.0
go: downloading github.com/google/gofuzz v1.2.0
go: downloading github.com/googleapis/gax-go/v2 v2.24.0
go: downloading github.com/samber/lo v1.53.0
go: downloading github.com/tj/assert v0.0.3
go: downloading github.com/shopspring/decimal v1.4.0
go: downloading github.com/aws/smithy-go v1.28.1
go: downloading github.com/aws/aws-sdk-go-v2/feature/ec2/imds v1.18.39
go: downloading github.com/aws/aws-sdk-go-v2/service/signin v1.5.8
go: downloading github.com/aws/aws-sdk-go-v2/service/sso v1.33.8
go: downloading github.com/aws/aws-sdk-go-v2/service/ssooidc v1.38.8
go: downloading github.com/microsoft/azure-devops-go-api/azuredevops v1.0.0-b5
go: downloading golang.org/x/crypto v0.55.0
go: downloading cloud.google.com/go/auth v0.23.2
go: downloading cloud.google.com/go/iam v1.13.0
go: downloading github.com/GoogleCloudPlatform/opentelemetry-operations-go/exporter/metric v0.60.0
go: downloading go.opentelemetry.io/contrib/detectors/gcp v1.46.0
go: downloading go.opentelemetry.io/otel/exporters/stdout/stdoutmetric v1.44.0
go: downloading github.com/GoogleCloudPlatform/grpc-gcp-go/grpcgcp v1.6.0
go: downloading go.opencensus.io v0.24.0
go: downloading github.com/xdg-go/pbkdf2 v1.0.0
go: downloading github.com/xdg-go/stringprep v1.0.4
go: downloading github.com/Azure/azure-sdk-for-go/sdk/security/keyvault/internal v1.2.0
go: downloading github.com/Azure/azure-sdk-for-go/sdk/azidentity/cache v0.4.0
go: downloading github.com/Azure/go-amqp v1.7.0
go: downloading github.com/Azure/azure-sdk-for-go/sdk/resourcemanager/eventhub/armeventhub v1.3.0
go: downloading github.com/coder/websocket v1.8.14
go: downloading github.com/golang/mock v1.7.0-rc.1
go: downloading github.com/aws/aws-sdk-go-v2/internal/configsources v1.4.39
go: downloading github.com/aws/aws-sdk-go-v2/internal/v4a v1.4.40
go: downloading github.com/aws/aws-sdk-go-v2/service/internal/accept-encoding v1.13.18
go: downloading github.com/aws/aws-sdk-go-v2/service/internal/presigned-url v1.13.39
go: downloading gopkg.in/check.v1 v1.0.0-20201130134442-10cb98267c6c
go: downloading github.com/davecgh/go-spew v1.1.2-0.20180830191138-d8f796af33cc
go: downloading github.com/eapache/go-resiliency v1.7.0
go: downloading github.com/jcmturner/gofork v1.7.6
go: downloading github.com/jcmturner/gokrb5/v8 v8.4.4
go: downloading github.com/klauspost/compress v1.19.2
go: downloading github.com/pierrec/lz4/v4 v4.1.29
go: downloading github.com/gorilla/websocket v1.5.4-0.20250319132907-e064f32e3674
go: downloading k8s.io/streaming v0.36.4
go: downloading github.com/go-logr/stdr v1.2.2
go: downloading go.opentelemetry.io/proto/otlp v1.11.0
go: downloading github.com/cenkalti/backoff/v4 v4.3.0
go: downloading github.com/go-jose/go-jose/v4 v4.1.4
go: downloading github.com/hashicorp/errwrap v1.1.0
go: downloading github.com/hashicorp/go-cleanhttp v0.5.2
go: downloading github.com/hashicorp/go-multierror v1.1.1
go: downloading github.com/hashicorp/go-retryablehttp v0.7.8
go: downloading github.com/hashicorp/go-rootcerts v1.0.2
go: downloading github.com/hashicorp/go-secure-stdlib/parseutil v0.2.0
go: downloading github.com/hashicorp/go-secure-stdlib/strutil v0.1.2
go: downloading github.com/hashicorp/hcl v1.0.1-vault-7
go: downloading github.com/hashicorp/go-hclog v1.6.3
go: downloading github.com/go-test/deep v1.1.1
go: downloading go.opentelemetry.io/otel/metric/x v0.68.0
go: downloading github.com/emicklei/go-restful/v3 v3.13.0
go: downloading github.com/kylelemons/godebug v1.1.0
go: downloading github.com/aws/aws-sdk-go-v2/aws/protocol/eventstream v1.7.19
go: downloading github.com/aws/aws-sdk-go-v2/service/internal/endpoint-discovery v1.12.16
go: downloading github.com/ulikunitz/unixtime v0.1.2
go: downloading github.com/golang-jwt/jwt/v4 v4.5.2
go: downloading github.com/google/go-github/v88 v88.0.0
go: downloading github.com/apache/arrow-go/v18 v18.7.0
go: downloading github.com/influxdata/line-protocol/v2 v2.2.1
go: downloading gitlab.com/flimzy/testy v0.11.0
go: downloading github.com/ClickHouse/ch-go v0.74.0
go: downloading github.com/andybalholm/brotli v1.2.2
go: downloading github.com/go-kivik/kiviktest/v3 v3.2.0
go: downloading github.com/gopherjs/gopherjs v0.0.0-20210822113901-9ebd50d28389
go: downloading github.com/gabriel-vasile/mimetype v1.4.15
go: downloading github.com/influxdata/line-protocol v0.0.0-20210922203350-b1ad95c89adf
go: downloading github.com/go-playground/universal-translator v0.18.1
go: downloading github.com/leodido/go-urn v1.5.0
go: downloading golang.org/x/text v0.41.0
go: downloading github.com/go-playground/assert/v2 v2.2.0
go: downloading github.com/go-playground/locales v0.14.1
go: downloading github.com/arangodb/go-velocypack v0.0.0-20200318135517-5af53c29c67e
go: downloading filippo.io/edwards25519 v1.2.0
go: downloading github.com/golang/snappy v1.0.0
go: downloading github.com/hailocab/go-hostpool v0.0.0-20160125115350-e80d13ce29ed
go: downloading github.com/google/go-github/v50 v50.2.0
go: downloading github.com/golang-sql/civil v0.0.0-20220223132316-b832511892a9
go: downloading github.com/golang-sql/sqlexp v0.1.0
go: downloading github.com/json-iterator/go v1.1.12
go: downloading github.com/Azure/azure-sdk-for-go/sdk/security/keyvault/azkeys v1.5.0
go: downloading github.com/elazarl/goproxy v0.0.0-20231117061959-7cc037d33fb5
go: downloading github.com/DataDog/zstd v1.5.7
go: downloading github.com/tidwall/match v1.2.0
go: downloading github.com/tidwall/pretty v1.2.1
go: downloading github.com/bsm/ginkgo/v2 v2.12.0
go: downloading github.com/bsm/gomega v1.27.10
go: downloading github.com/coreos/go-semver v0.3.1
go: downloading github.com/golang/protobuf v1.5.4
go: downloading go.etcd.io/etcd/api/v3 v3.7.1
go: downloading go.etcd.io/etcd/client/pkg/v3 v3.7.1
go: downloading github.com/spyzhov/ajson v0.9.6
go: downloading github.com/grpc-ecosystem/grpc-gateway/v2 v2.30.0
go: downloading github.com/nexus-rpc/nexus-proto-annotations v0.1.1-0.20260629224316-835bd8d49cb4
go: downloading github.com/stretchr/objx v0.5.3
go: downloading code.cloudfoundry.org/clock v1.59.0
go: downloading github.com/gofrs/uuid v4.4.0+incompatible
go: downloading github.com/fxamacker/cbor/v2 v2.9.3
go: downloading sigs.k8s.io/json v0.0.0-20250730193827-2d320260d730
go: downloading github.com/pmezard/go-difflib v1.0.1-0.20181226105442-5d4384ee4fb2
go: downloading github.com/dnephin/pflag v1.0.7
go: downloading github.com/fatih/color v1.19.0
go: downloading github.com/google/shlex v0.0.0-20191202100458-e7afc7fbc510
go: downloading gotest.tools/v3 v3.5.2
go: downloading github.com/go-openapi/swag v0.29.1
go: downloading golang.org/x/term v0.45.0
go: downloading github.com/onsi/ginkgo v1.16.5
go: downloading github.com/gobuffalo/flect v1.0.3
go: downloading golang.org/x/tools/go/packages/packagestest v0.1.1-deprecated
go: downloading gopkg.in/yaml.v2 v2.4.0
go: downloading github.com/inconshreveable/mousetrap v1.1.0
go: downloading sigs.k8s.io/kustomize/api v0.21.1
go: downloading sigs.k8s.io/kustomize/cmd/config v0.21.1
go: downloading sigs.k8s.io/kustomize/kyaml v0.21.1
go: downloading github.com/coreos/go-systemd/v22 v22.7.0
go: downloading github.com/gkampitakis/go-snaps v0.5.15
go: downloading github.com/joshdk/go-junit v1.0.0
go: downloading github.com/mfridman/tparse v0.18.0
go: downloading github.com/Masterminds/semver/v3 v3.5.0
go: downloading github.com/mattn/go-runewidth v0.0.28
go: downloading github.com/jpillora/backoff v1.0.0
go: downloading github.com/valyala/bytebufferpool v1.0.0
go: downloading github.com/GoogleCloudPlatform/opentelemetry-operations-go/detectors/gcp v1.36.0
go: downloading github.com/envoyproxy/go-control-plane/envoy v1.39.0
go: downloading github.com/GoogleCloudPlatform/opentelemetry-operations-go/internal/resourcemapping v0.60.0
go: downloading github.com/GoogleCloudPlatform/opentelemetry-operations-go/internal/cloudmock v0.60.0
go: downloading cloud.google.com/go/longrunning v1.2.0
go: downloading github.com/pkg/browser v0.0.0-20240102092130-5ac0b6a4141c
go: downloading github.com/AzureAD/microsoft-authentication-extensions-for-go/cache v0.1.1
go: downloading github.com/Azure/azure-sdk-for-go/sdk/resourcemanager/internal/v3 v3.1.0
go: downloading github.com/Azure/azure-sdk-for-go/sdk/resourcemanager/resources/armresources v1.2.0
go: downloading github.com/aws/aws-sdk-go-v2/internal/endpoints/v2 v2.7.39
go: downloading github.com/kr/pretty v0.3.1
go: downloading github.com/jcmturner/dnsutils/v2 v2.0.0
go: downloading github.com/hashicorp/go-uuid v1.0.3
go: downloading github.com/jcmturner/goidentity/v6 v6.0.1
go: downloading github.com/fortytw2/leaktest v1.3.0
go: downloading github.com/moby/spdystream v0.5.1
go: downloading go.opentelemetry.io/auto/sdk v1.2.1
go: downloading github.com/cenkalti/backoff/v5 v5.0.3
go: downloading github.com/mitchellh/go-homedir v1.1.0
go: downloading github.com/hashicorp/go-sockaddr v1.0.7
go: downloading github.com/ryanuber/go-glob v1.0.0
go: downloading github.com/mattn/go-colorable v0.1.15
go: downloading github.com/mattn/go-isatty v0.0.24
go: downloading github.com/Azure/azure-sdk-for-go/sdk/resourcemanager/storage/armstorage v1.8.1
go: downloading github.com/google/go-querystring v1.2.0
go: downloading golang.org/x/exp v0.0.0-20260824195058-e88cd73687aa
go: downloading github.com/google/flatbuffers v25.12.19+incompatible
go: downloading github.com/paulmach/orb v0.13.0
go: downloading golang.org/x/xerrors v0.0.0-20240903120638-7835f813f4da
go: downloading github.com/otiai10/copy v1.7.0
go: downloading github.com/frankban/quicktest v1.14.6
go: downloading github.com/influxdata/line-protocol-corpus v0.0.0-20210922080147-aa28ccfb8937
go: downloading github.com/xyproto/randomstring v1.0.5
go: downloading github.com/go-faster/city v1.0.1
go: downloading github.com/go-faster/errors v0.8.0
go: downloading github.com/segmentio/asm v1.2.1
go: downloading github.com/bitly/go-hostpool v0.0.0-20171023180738-a3a6125de932
go: downloading github.com/bmizerany/assert v0.0.0-20160611221934-b7ed37b82869
go: downloading github.com/oapi-codegen/runtime v1.7.0
go: downloading github.com/jackc/pgpassfile v1.0.0
go: downloading github.com/jackc/pgservicefile v0.0.0-20240606120523-5a60cdf6a761
go: downloading github.com/jackc/puddle/v2 v2.2.2
go: downloading github.com/ProtonMail/go-crypto v1.3.0
go: downloading github.com/modern-go/concurrent v0.0.0-20180306012644-bacd9c7ef1dd
go: downloading github.com/modern-go/reflect2 v1.0.3-0.20250322232337-35a7c28c31ee
go: downloading github.com/robertkrimen/otto v0.5.1
go: downloading github.com/sirupsen/logrus v1.10.2
go: downloading github.com/imdario/mergo v0.3.16
go: downloading github.com/tomnomnom/linkheader v0.0.0-20250811210735-e5fe3b51442e
go: downloading github.com/valyala/fastjson v1.6.10
go: downloading github.com/zeebo/xxh3 v1.1.0
go: downloading cloud.google.com/go/auth/oauth2adapt v0.2.8
go: downloading go.opentelemetry.io/contrib/instrumentation/google.golang.org/grpc/otelgrpc v0.71.0
go: downloading go.opentelemetry.io/contrib/instrumentation/net/http/otelhttp v0.71.0
go: downloading github.com/gogo/protobuf v1.3.2
go: downloading github.com/facebookgo/clock v0.0.0-20150410010913-600d898af40a
go: downloading github.com/nexus-rpc/sdk-go v0.7.0
go: downloading github.com/wI2L/jsondiff v0.7.1
go: downloading github.com/go-openapi/jsonreference v1.0.1
go: downloading github.com/grafana/regexp v0.0.0-20250905093917-f7b3be9d1853
go: downloading github.com/bitfield/gotestdox v0.2.2
go: downloading github.com/x448/float16 v0.8.4
go: downloading github.com/montanaflynn/stats v0.12.4
go: downloading github.com/google/cel-go v0.31.0
go: downloading golang.org/x/tools/go/expect v0.1.1-deprecated
go: downloading go.opentelemetry.io/otel/exporters/otlp/otlptrace/otlptracegrpc v1.46.0
go: downloading go.opentelemetry.io/otel/exporters/otlp/otlptrace v1.46.0
go: downloading gopkg.in/natefinch/lumberjack.v2 v2.2.1
go: downloading sigs.k8s.io/apiserver-network-proxy/konnectivity-client v0.36.0
go: downloading github.com/NYTimes/gziphandler v1.1.1
go: downloading github.com/go-task/slim-sprig/v3 v3.0.0
go: downloading github.com/go-openapi/jsonpointer v1.0.0
go: downloading github.com/go-openapi/swag/cmdutils v0.29.1
go: downloading github.com/go-openapi/swag/conv v0.29.1
go: downloading github.com/go-openapi/swag/fileutils v0.29.1
go: downloading github.com/go-openapi/swag/jsonutils v0.29.1
go: downloading github.com/go-openapi/swag/loading v0.29.1
go: downloading github.com/go-openapi/swag/mangling v0.29.1
go: downloading github.com/go-openapi/swag/netutils v0.29.1
go: downloading github.com/go-openapi/swag/stringutils v0.29.1
go: downloading github.com/go-openapi/swag/typeutils v0.29.1
go: downloading github.com/go-openapi/swag/yamlutils v0.29.1
go: downloading github.com/go-openapi/testify/v2 v2.6.1
go: downloading github.com/gkampitakis/ciinfo v0.3.2
go: downloading github.com/gkampitakis/go-diff v1.3.2
go: downloading github.com/goccy/go-yaml v1.18.0
go: downloading github.com/maruel/natural v1.1.1
go: downloading github.com/clipperhouse/uax29/v2 v2.7.0
go: downloading github.com/envoyproxy/go-control-plane v0.14.0
go: downloading github.com/cncf/xds/go v0.0.0-20260202195803-dba9d589def2
go: downloading github.com/google/martian/v3 v3.3.3
go: downloading github.com/google/martian v2.1.0+incompatible
go: downloading github.com/googleapis/enterprise-certificate-proxy v0.3.21
go: downloading github.com/golang/groupcache v0.0.0-20210331224755-41bb18bfe9da
go: downloading cloud.google.com/go/logging v1.19.1
go: downloading cloud.google.com/go/trace v1.16.0
go: downloading github.com/keybase/go-keychain v0.0.1
go: downloading github.com/jcmturner/rpc/v2 v2.0.3
go: downloading github.com/kr/text v0.2.0
go: downloading github.com/rogpeppe/go-internal v1.14.1
go: downloading github.com/armon/go-socks5 v0.0.0-20160902184237-e75332964ef5
go: downloading github.com/goccy/go-json v0.10.6
go: downloading gonum.org/v1/gonum v0.17.0
go: downloading github.com/apapsch/go-jsonmerge/v2 v2.0.0
go: downloading github.com/oapi-codegen/nullable v1.1.0
go: downloading github.com/google/s2a-go v0.1.9
go: downloading github.com/klauspost/cpuid/v2 v2.4.0
go: downloading github.com/zeebo/assert v1.3.0
go: downloading github.com/felixge/httpsnoop v1.1.0
go: downloading github.com/dennwc/varint v1.0.0
go: downloading github.com/tidwall/sjson v1.2.5
go: downloading github.com/sergi/go-diff v1.4.0
go: downloading github.com/go-errors/errors v1.5.1
go: downloading k8s.io/kms v0.36.4
go: downloading cel.dev/expr v0.25.3
go: downloading github.com/google/pprof v0.0.0-20260825171938-4d453200e7d9
go: downloading github.com/go-openapi/swag/jsonutils/fixtures_test v0.29.1
go: downloading github.com/go-openapi/testify/enable/yaml/v2 v2.6.1
go: downloading github.com/envoyproxy/go-control-plane/ratelimit v0.1.0
go: downloading github.com/envoyproxy/protoc-gen-validate v1.3.3
go: downloading github.com/spiffe/go-spiffe/v2 v2.8.1
go: downloading github.com/nxadm/tail v1.4.8
go: downloading github.com/planetscale/vtprotobuf v0.6.1-0.20240319094008-0393e58bdf10
go: downloading github.com/jcmturner/aescts/v2 v2.0.0
go: downloading github.com/apache/thrift v0.24.0
go: downloading github.com/cloudflare/circl v1.6.3
go: downloading gopkg.in/sourcemap.v1 v1.0.5
go: downloading github.com/oklog/ulid/v2 v2.1.2
go: downloading github.com/monochromegane/go-gitignore v0.0.0-20200626010858-205db1a8cc00
go: downloading github.com/xlab/treeprint v1.2.0
go: downloading go.etcd.io/etcd/server/v3 v3.6.8
go: downloading github.com/antlr4-go/antlr/v4 v4.13.1
go: downloading gopkg.in/tomb.v1 v1.0.0-20141024135613-dd632973f1e7
go: downloading github.com/alecthomas/units v0.0.0-20240927000941-0f3dac36c52b
go: downloading github.com/oklog/ulid v1.3.1
go: downloading github.com/prometheus/client_golang/exp v0.0.0-20260724065723-ecdb8254ba61
go: downloading github.com/prometheus/otlptranslator v1.0.0
go: downloading github.com/prometheus/sigv4 v0.4.1
go: downloading github.com/bboreham/go-loser v0.0.0-20230920113527-fcc2c21820a3
go: downloading github.com/go-openapi/swag/pools v0.29.1
go: downloading go.etcd.io/etcd/pkg/v3 v3.6.8
go: downloading github.com/tmc/grpc-websocket-proxy v0.0.0-20220101234140-673ab2c3ae75
go: downloading github.com/soheilhy/cmux v0.1.5
go: downloading go.etcd.io/bbolt v1.4.3
go: downloading github.com/dustin/go-humanize v1.0.1
go: downloading go.etcd.io/raft/v3 v3.6.0
go: downloading github.com/xiang90/probing v0.0.0-20221125231312-a49e3df8f510
go: downloading github.com/jonboulle/clockwork v0.5.0
go: downloading github.com/google/btree v1.1.3
mkdir -p /home/jake/sbomit-overhead-experiment/repos/keda/bin
test -s /home/jake/sbomit-overhead-experiment/repos/keda/bin/controller-gen || GOBIN=/home/jake/sbomit-overhead-experiment/repos/keda/bin go install sigs.k8s.io/controller-tools/cmd/controller-gen
test -s /home/jake/sbomit-overhead-experiment/repos/keda/bin/mockgen || GOBIN=/home/jake/sbomit-overhead-experiment/repos/keda/bin go install go.uber.org/mock/mockgen
/home/jake/sbomit-overhead-experiment/repos/keda/bin/mockgen -destination=pkg/mock/mock_scaling/mock_interface.go -package=mock_scaling -source=pkg/scaling/scale_handler.go
/home/jake/sbomit-overhead-experiment/repos/keda/bin/mockgen -destination=pkg/mock/mock_scaling/mock_executor/mock_interface.go -package=mock_executor -source=pkg/scaling/executor/scale_executor.go
/home/jake/sbomit-overhead-experiment/repos/keda/bin/mockgen -destination=pkg/mock/mock_scaler/mock_scaler.go -package=mock_scalers -source=pkg/scalers/scaler.go
GOBIN=/home/jake/sbomit-overhead-experiment/repos/keda/bin go install google.golang.org/protobuf/cmd/protoc-gen-go
GOBIN=/home/jake/sbomit-overhead-experiment/repos/keda/bin go install google.golang.org/grpc/cmd/protoc-gen-go-grpc
PATH="/home/jake/sbomit-overhead-experiment/repos/keda/bin:/usr/local/go/bin:/home/jake/go/bin:/home/jake/.cargo/bin:/home/jake/.nvm/versions/node/v20.20.2/bin:/opt/maven/bin:/usr/local/sbin:/usr/local/bin:/usr/sbin:/usr/bin:/sbin:/bin" protoc --proto_path=hack LiiklusService.proto --go_out=pkg/scalers/liiklus --go-grpc_out=pkg/scalers/liiklus
PATH="/home/jake/sbomit-overhead-experiment/repos/keda/bin:/usr/local/go/bin:/home/jake/go/bin:/home/jake/.cargo/bin:/home/jake/.nvm/versions/node/v20.20.2/bin:/opt/maven/bin:/usr/local/sbin:/usr/local/bin:/usr/sbin:/usr/bin:/sbin:/bin" protoc --proto_path=pkg/scalers/externalscaler externalscaler.proto --go_out=pkg/scalers/externalscaler --go-grpc_out=pkg/scalers/externalscaler
PATH="/home/jake/sbomit-overhead-experiment/repos/keda/bin:/usr/local/go/bin:/home/jake/go/bin:/home/jake/.cargo/bin:/home/jake/.nvm/versions/node/v20.20.2/bin:/opt/maven/bin:/usr/local/sbin:/usr/local/bin:/usr/sbin:/usr/bin:/sbin:/bin" protoc --proto_path=pkg/metricsservice/api metrics.proto --go_out=pkg/metricsservice/api --go-grpc_out=pkg/metricsservice/api
/home/jake/sbomit-overhead-experiment/repos/keda/bin/controller-gen object:headerFile="hack/boilerplate.go.txt" paths="./apis/..." paths="./controllers/..." paths="./pkg/..."
go fmt ./...
go vet ./...
GO111MODULE=on CGO_ENABLED=0 GOOS=linux GOARCH=amd64 go build -ldflags "-X=github.com/kedacore/keda/v2/version.GitCommit=e1bf427dabf66c63bacf4064f2b7fbe695baba92 -X=github.com/kedacore/keda/v2/version.Version=main" -o bin/keda cmd/operator/main.go
GO111MODULE=on CGO_ENABLED=0 GOOS=linux GOARCH=amd64 go build -ldflags "-X=github.com/kedacore/keda/v2/version.GitCommit=e1bf427dabf66c63bacf4064f2b7fbe695baba92 -X=github.com/kedacore/keda/v2/version.Version=main" -o bin/keda-adapter cmd/adapter/main.go
GO111MODULE=on CGO_ENABLED=0 GOOS=linux GOARCH=amd64 go build -ldflags "-X=github.com/kedacore/keda/v2/version.GitCommit=e1bf427dabf66c63bacf4064f2b7fbe695baba92 -X=github.com/kedacore/keda/v2/version.Version=main" -o bin/keda-admission-webhooks cmd/webhooks/main.go
level=info msg="Finished command-run attestor... (211.781056337s)"
level=info msg="Completed execute attestors stage..."
level=info msg="Starting product attestors stage..."
level=info msg="Starting product attestor..."
level=info msg="Finished product attestor... (0.688404977s)"
level=info msg="Completed product attestors stage..."
level=info msg="Starting postproduct attestors stage..."
level=info msg="Completed postproduct attestors stage..."
