GO111MODULE=on CGO_ENABLED=0 GOARCH=amd64 GOOS=linux go build -ldflags='-X 'github.com/kgateway-dev/kgateway/v2/pkg/version.Version=v1.0.1-dev' -s -w' -gcflags='' -o /home/jake/sbomit-overhead-experiment/repos/kgateway/_output/pkg/kgateway/kgateway-linux-amd64 ./cmd/kgateway/...
go: downloading go1.26.7 (linux/amd64)
go: downloading github.com/envoyproxy/go-control-plane/envoy v1.37.1-0.20260529185539-1175069dbb2c
go: downloading github.com/spf13/cobra v1.10.2
go: downloading github.com/envoyproxy/go-control-plane v0.14.0
go: downloading github.com/go-logr/logr v1.4.3
go: downloading github.com/grpc-ecosystem/go-grpc-middleware v1.4.0
go: downloading go.uber.org/zap v1.28.0
go: downloading google.golang.org/genproto/googleapis/rpc v0.0.0-20260427160629-7cedc36a6bc4
go: downloading google.golang.org/grpc v1.82.1
go: downloading istio.io/istio v0.0.0-20260605182440-f18fd540c0e8
go: downloading k8s.io/apimachinery v0.36.2
go: downloading k8s.io/client-go v0.36.2
go: downloading k8s.io/klog/v2 v2.140.0
go: downloading sigs.k8s.io/controller-runtime v0.24.1
go: downloading github.com/kelseyhightower/envconfig v1.4.0
go: downloading sigs.k8s.io/gateway-api v1.6.1
go: downloading k8s.io/api v0.36.2
go: downloading helm.sh/helm/v3 v3.21.3
go: downloading istio.io/api v1.30.0-alpha.1.0.20260603032543-7eca3b2aa271
go: downloading k8s.io/utils v0.0.0-20260319190234-28399d86e0b5
go: downloading golang.org/x/time v0.15.0
go: downloading github.com/cncf/xds/go v0.0.0-20260202195803-dba9d589def2
go: downloading google.golang.org/protobuf v1.36.12-0.20260120151049-f2248ac996af
go: downloading istio.io/client-go v1.30.0-alpha.1.0.20260603032842-2edf997e399d
go: downloading k8s.io/apiextensions-apiserver v0.36.2
go: downloading github.com/prometheus/client_golang v1.23.2
go: downloading github.com/hashicorp/golang-lru/v2 v2.0.7
go: downloading go.uber.org/atomic v1.11.0
go: downloading golang.org/x/sync v0.22.0
go: downloading github.com/spf13/pflag v1.0.10
go: downloading github.com/envoyproxy/go-control-plane/ratelimit v0.1.1-0.20250507123352-93990c5ec02f
go: downloading github.com/golang/protobuf v1.5.4
go: downloading go.uber.org/multierr v1.11.0
go: downloading k8s.io/kube-openapi v0.0.0-20260501160325-927ab1f70cd6
go: downloading sigs.k8s.io/structured-merge-diff/v6 v6.4.0
go: downloading golang.org/x/net v0.58.0
go: downloading github.com/fsnotify/fsnotify v1.10.1
go: downloading github.com/munnerz/goautoneg v0.0.0-20191010083416-a7dc8b61c822
go: downloading sigs.k8s.io/randfill v1.0.0
go: downloading github.com/envoyproxy/protoc-gen-validate v1.3.3
go: downloading google.golang.org/genproto/googleapis/api v0.0.0-20260427160629-7cedc36a6bc4
go: downloading sigs.k8s.io/yaml v1.6.0
go: downloading github.com/evanphx/json-patch/v5 v5.9.11
go: downloading github.com/Masterminds/semver/v3 v3.5.0
go: downloading github.com/Masterminds/sprig/v3 v3.3.0
go: downloading github.com/gosuri/uitable v0.0.4
go: downloading github.com/pkg/errors v0.9.1
go: downloading golang.org/x/term v0.45.0
go: downloading gopkg.in/yaml.v3 v3.0.1
go: downloading k8s.io/cli-runtime v0.36.2
go: downloading github.com/evanphx/json-patch v5.9.11+incompatible
go: downloading github.com/Masterminds/squirrel v1.5.4
go: downloading github.com/jmoiron/sqlx v1.4.0
go: downloading github.com/lib/pq v1.12.3
go: downloading github.com/rubenv/sql-migrate v1.8.1
go: downloading github.com/avast/retry-go/v4 v4.7.0
go: downloading github.com/grpc-ecosystem/go-grpc-middleware/v2 v2.3.3
go: downloading github.com/google/gnostic-models v0.7.1
go: downloading sigs.k8s.io/gateway-api-inference-extension v1.5.0
go: downloading github.com/hashicorp/go-multierror v1.1.1
go: downloading k8s.io/apiserver v0.36.2
go: downloading k8s.io/streaming v0.36.2
go: downloading gopkg.in/natefinch/lumberjack.v2 v2.2.1
go: downloading sigs.k8s.io/json v0.0.0-20250730193827-2d320260d730
go: downloading golang.org/x/sys v0.47.0
go: downloading gomodules.xyz/jsonpatch/v2 v2.5.0
go: downloading gopkg.in/inf.v0 v0.9.1
go: downloading github.com/fxamacker/cbor/v2 v2.9.1
go: downloading golang.org/x/oauth2 v0.36.0
go: downloading github.com/pmezard/go-difflib v1.0.1-0.20181226105442-5d4384ee4fb2
go: downloading go.opentelemetry.io/proto/otlp v1.10.0
go: downloading github.com/google/go-cmp v0.7.0
go: downloading github.com/miekg/dns v1.1.72
go: downloading github.com/davecgh/go-spew v1.1.2-0.20180830191138-d8f796af33cc
go: downloading golang.org/x/exp v0.0.0-20260218203240-3dfff04db8fa
go: downloading github.com/aws/aws-sdk-go-v2 v1.41.7
go: downloading github.com/aws/aws-sdk-go-v2/config v1.32.17
go: downloading github.com/aws/aws-sdk-go-v2/credentials v1.19.16
go: downloading github.com/aws/aws-sdk-go-v2/service/ec2 v1.299.1
go: downloading github.com/aws/aws-sdk-go-v2/service/sts v1.42.1
go: downloading github.com/aws/smithy-go v1.25.1
go: downloading cel.dev/expr v0.25.1
go: downloading github.com/go-jose/go-jose/v4 v4.1.4
go: downloading github.com/google/cel-go v0.30.0
go: downloading go.yaml.in/yaml/v2 v2.4.4
go: downloading github.com/fatih/color v1.19.0
go: downloading github.com/cyphar/filepath-securejoin v0.7.0
go: downloading github.com/mitchellh/copystructure v1.2.0
go: downloading github.com/santhosh-tekuri/jsonschema/v6 v6.0.2
go: downloading github.com/BurntSushi/toml v1.6.0
go: downloading github.com/gobwas/glob v0.2.3
go: downloading k8s.io/kubectl v0.36.2
go: downloading golang.org/x/crypto v0.55.0
go: downloading github.com/opencontainers/image-spec v1.1.1
go: downloading oras.land/oras-go/v2 v2.6.2
go: downloading dario.cat/mergo v1.0.2
go: downloading github.com/Masterminds/goutils v1.1.1
go: downloading github.com/google/uuid v1.6.0
go: downloading github.com/huandu/xstrings v1.5.0
go: downloading github.com/shopspring/decimal v1.4.0
go: downloading github.com/spf13/cast v1.10.0
go: downloading github.com/beorn7/perks v1.0.1
go: downloading github.com/cespare/xxhash/v2 v2.3.0
go: downloading github.com/prometheus/client_model v0.6.2
go: downloading github.com/prometheus/common v0.67.5
go: downloading github.com/prometheus/procfs v0.20.1
go: downloading github.com/lann/builder v0.0.0-20180802200727-47ae307949d0
go: downloading sigs.k8s.io/mcs-api v0.4.1
go: downloading github.com/json-iterator/go v1.1.12
go: downloading github.com/peterbourgon/diskv v2.0.1+incompatible
go: downloading gopkg.in/evanphx/json-patch.v4 v4.13.0
go: downloading github.com/gorilla/websocket v1.5.4-0.20250319132907-e064f32e3674
go: downloading github.com/go-gorp/gorp/v3 v3.1.0
go: downloading github.com/hashicorp/errwrap v1.1.0
go: downloading go.yaml.in/yaml/v3 v3.0.4
go: downloading github.com/moby/spdystream v0.5.1
go: downloading github.com/liggitt/tabwriter v0.0.0-20181228230101-89fcab3d43de
go: downloading github.com/moby/term v0.5.2
go: downloading golang.org/x/text v0.41.0
go: downloading sigs.k8s.io/kustomize/api v0.21.1
go: downloading sigs.k8s.io/kustomize/kyaml v0.21.1
go: downloading go.opentelemetry.io/otel v1.44.0
go: downloading go.opentelemetry.io/otel/exporters/prometheus v0.65.0
go: downloading go.opentelemetry.io/otel/metric v1.44.0
go: downloading go.opentelemetry.io/otel/sdk/metric v1.43.0
go: downloading go.opentelemetry.io/otel/sdk v1.43.0
go: downloading github.com/x448/float16 v0.8.4
go: downloading github.com/envoyproxy/go-control-plane/contrib v1.36.1-0.20260529185539-1175069dbb2c
go: downloading github.com/go-openapi/jsonreference v0.21.5
go: downloading github.com/go-openapi/swag v0.26.0
go: downloading github.com/aws/aws-sdk-go-v2/feature/ec2/imds v1.18.23
go: downloading github.com/aws/aws-sdk-go-v2/service/signin v1.0.11
go: downloading github.com/aws/aws-sdk-go-v2/service/sso v1.30.17
go: downloading github.com/aws/aws-sdk-go-v2/service/ssooidc v1.35.21
go: downloading github.com/aws/aws-sdk-go-v2/internal/configsources v1.4.23
go: downloading github.com/aws/aws-sdk-go-v2/internal/v4a v1.4.24
go: downloading github.com/aws/aws-sdk-go-v2/service/internal/accept-encoding v1.13.9
go: downloading github.com/aws/aws-sdk-go-v2/service/internal/presigned-url v1.13.23
go: downloading github.com/mattn/go-runewidth v0.0.17
go: downloading github.com/mattn/go-colorable v0.1.14
go: downloading github.com/mattn/go-isatty v0.0.22
go: downloading github.com/mitchellh/reflectwalk v1.0.2
go: downloading github.com/asaskevich/govalidator v0.0.0-20230301143203-a9d515a09cc2
go: downloading github.com/opencontainers/go-digest v1.0.0
go: downloading github.com/lestrrat-go/jwx v1.2.31
go: downloading github.com/lann/ps v0.0.0-20150810152359-62de8c46ede0
go: downloading github.com/google/btree v1.1.3
go: downloading github.com/modern-go/concurrent v0.0.0-20180306012644-bacd9c7ef1dd
go: downloading github.com/modern-go/reflect2 v1.0.3-0.20250322232337-35a7c28c31ee
go: downloading github.com/exponent-io/jsonpath v0.0.0-20210407135951-1de76d718b3f
go: downloading k8s.io/component-base v0.36.2
go: downloading github.com/go-openapi/jsonpointer v0.23.1
go: downloading github.com/aws/aws-sdk-go-v2/internal/endpoints/v2 v2.7.23
go: downloading github.com/go-openapi/swag/cmdutils v0.26.0
go: downloading github.com/go-openapi/swag/conv v0.26.0
go: downloading github.com/go-openapi/swag/fileutils v0.26.0
go: downloading github.com/go-openapi/swag/jsonname v0.26.0
go: downloading github.com/go-openapi/swag/jsonutils v0.26.0
go: downloading github.com/go-openapi/swag/loading v0.26.0
go: downloading github.com/go-openapi/swag/mangling v0.26.0
go: downloading github.com/go-openapi/swag/netutils v0.26.0
go: downloading github.com/go-openapi/swag/stringutils v0.26.0
go: downloading github.com/go-openapi/swag/typeutils v0.26.0
go: downloading github.com/go-openapi/swag/yamlutils v0.26.0
go: downloading github.com/antlr4-go/antlr/v4 v4.13.1
go: downloading github.com/emicklei/go-restful/v3 v3.13.0
go: downloading github.com/rivo/uniseg v0.4.7
go: downloading github.com/chai2010/gettext-go v1.0.3
go: downloading github.com/MakeNowJust/heredoc v1.0.0
go: downloading github.com/mitchellh/go-wordwrap v1.0.1
go: downloading github.com/russross/blackfriday/v2 v2.1.0
go: downloading github.com/blang/semver/v4 v4.0.0
go: downloading github.com/go-errors/errors v1.5.1
go: downloading github.com/lestrrat-go/backoff/v2 v2.0.8
go: downloading github.com/lestrrat-go/blackmagic v1.0.4
go: downloading github.com/lestrrat-go/httpcc v1.0.1
go: downloading github.com/lestrrat-go/iter v1.0.2
go: downloading github.com/lestrrat-go/option v1.0.1
go: downloading github.com/monochromegane/go-gitignore v0.0.0-20200626010858-205db1a8cc00
go: downloading github.com/xlab/treeprint v1.2.0
go: downloading go.opentelemetry.io/otel/trace v1.44.0
go: downloading github.com/go-logr/stdr v1.2.2
go: downloading go.opentelemetry.io/auto/sdk v1.2.1
go: downloading github.com/prometheus/otlptranslator v1.0.0
GO111MODULE=on CGO_ENABLED=0 GOARCH=amd64 GOOS=linux go build -ldflags='-X 'github.com/kgateway-dev/kgateway/v2/pkg/version.Version=v1.0.1-dev' -s -w' -gcflags='' -o /home/jake/sbomit-overhead-experiment/repos/kgateway/_output/pkg/sds/sds-linux-amd64 ./cmd/sds/...
go: downloading github.com/mitchellh/hashstructure v1.1.0
GO111MODULE=on CGO_ENABLED=0 GOARCH=amd64 GOOS=linux go build -ldflags='-X 'github.com/kgateway-dev/kgateway/v2/pkg/version.Version=v1.0.1-dev' -s -w' -gcflags='' -o /home/jake/sbomit-overhead-experiment/repos/kgateway/_output/cmd/envoyinit/envoyinit-linux-amd64 ./cmd/envoyinit/...
go: downloading github.com/ghodss/yaml v1.0.1-0.20190212211648-25d852aebe32
go: downloading gopkg.in/yaml.v2 v2.4.0
