go: downloading github.com/awslabs/amazon-ecr-credential-helper/ecr-login v0.12.0
go: downloading github.com/google/go-containerregistry v0.21.9
go: downloading github.com/chrismellard/docker-credential-acr-env v0.0.0-20230304212654-82a0ddb27589
go: downloading github.com/spf13/cobra v1.10.2
go: downloading go.yaml.in/yaml/v4 v4.0.0-rc.6
go: downloading golang.org/x/sync v0.22.0
go: downloading k8s.io/apimachinery v0.36.3
go: downloading github.com/Azure/go-autorest/autorest/azure/auth v0.5.13
go: downloading github.com/Azure/go-autorest/autorest v0.11.30
go: downloading github.com/docker/docker-credential-helpers v0.9.5
go: downloading github.com/sirupsen/logrus v1.9.4
go: downloading github.com/go-viper/mapstructure/v2 v2.5.0
go: downloading github.com/spf13/viper v1.21.0
go: downloading golang.org/x/tools v0.48.0
go: downloading github.com/opencontainers/image-spec v1.1.1
go: downloading github.com/sigstore/cosign/v3 v3.1.3
go: downloading github.com/dprotaso/go-yit v0.0.0-20260209000607-dfb86291624d
go: downloading github.com/Azure/go-autorest v14.2.0+incompatible
go: downloading github.com/spf13/pflag v1.0.10
go: downloading github.com/docker/cli v29.6.2+incompatible
go: downloading github.com/Azure/azure-sdk-for-go v68.0.0+incompatible
go: downloading github.com/Azure/go-autorest/autorest/adal v0.9.24
go: downloading golang.org/x/oauth2 v0.36.0
go: downloading github.com/opencontainers/go-digest v1.0.0
go: downloading github.com/aws/aws-sdk-go-v2 v1.42.0
go: downloading github.com/aws/aws-sdk-go-v2/config v1.32.25
go: downloading github.com/aws/aws-sdk-go-v2/service/ecr v1.56.0
go: downloading github.com/aws/aws-sdk-go-v2/service/ecrpublic v1.38.11
go: downloading github.com/aws/smithy-go v1.27.2
go: downloading github.com/mitchellh/go-homedir v1.1.0
go: downloading github.com/moby/docker-image-spec v1.3.1
go: downloading github.com/moby/moby/api v1.55.0
go: downloading github.com/moby/moby/client v0.5.1
go: downloading sigs.k8s.io/kind v0.32.0
go: downloading golang.org/x/sys v0.47.0
go: downloading github.com/Azure/go-autorest/autorest/azure/cli v0.4.7
go: downloading github.com/Azure/go-autorest/logger v0.2.2
go: downloading github.com/dimchansky/utfbom v1.1.1
go: downloading github.com/fsnotify/fsnotify v1.10.1
go: downloading github.com/sagikazarmark/locafero v0.12.0
go: downloading github.com/spf13/afero v1.15.0
go: downloading github.com/spf13/cast v1.10.0
go: downloading k8s.io/klog/v2 v2.140.0
go: downloading github.com/Azure/go-autorest/tracing v0.6.1
go: downloading github.com/google/go-cmp v0.7.0
go: downloading github.com/Azure/go-autorest/autorest/date v0.3.1
go: downloading github.com/golang-jwt/jwt/v4 v4.5.2
go: downloading golang.org/x/crypto v0.54.0
go: downloading cloud.google.com/go/compute/metadata v0.9.0
go: downloading github.com/aws/aws-sdk-go-v2/internal/configsources v1.4.29
go: downloading github.com/aws/aws-sdk-go-v2/credentials v1.19.24
go: downloading github.com/aws/aws-sdk-go-v2/feature/ec2/imds v1.18.29
go: downloading github.com/aws/aws-sdk-go-v2/service/signin v1.2.0
go: downloading github.com/aws/aws-sdk-go-v2/service/sso v1.31.3
go: downloading github.com/aws/aws-sdk-go-v2/service/ssooidc v1.36.6
go: downloading github.com/aws/aws-sdk-go-v2/service/sts v1.43.3
go: downloading github.com/sigstore/sigstore v1.10.8
go: downloading github.com/klauspost/compress v1.19.1
go: downloading github.com/sigstore/protobuf-specs v0.5.1
go: downloading github.com/sigstore/sigstore-go v1.2.2
go: downloading google.golang.org/protobuf v1.36.12-0.20260120151049-f2248ac996af
go: downloading github.com/subosito/gotenv v1.6.0
go: downloading github.com/pelletier/go-toml/v2 v2.2.4
go: downloading go.yaml.in/yaml/v3 v3.0.4
go: downloading k8s.io/utils v0.0.0-20260210185600-b8788abfbbc2
go: downloading golang.org/x/text v0.40.0
go: downloading github.com/containerd/errdefs v1.0.0
go: downloading github.com/containerd/errdefs/pkg v0.3.0
go: downloading github.com/distribution/reference v0.6.0
go: downloading github.com/docker/go-connections v0.7.0
go: downloading go.opentelemetry.io/contrib/instrumentation/net/http/otelhttp v0.68.0
go: downloading go.opentelemetry.io/otel/trace v1.44.0
go: downloading github.com/go-logr/logr v1.4.3
go: downloading github.com/aws/aws-sdk-go-v2/internal/endpoints/v2 v2.7.29
go: downloading go.opentelemetry.io/otel v1.44.0
go: downloading github.com/dustin/go-humanize v1.0.1
go: downloading github.com/pelletier/go-toml v1.9.5
go: downloading github.com/aws/aws-sdk-go-v2/internal/v4a v1.4.30
go: downloading github.com/aws/aws-sdk-go-v2/service/internal/accept-encoding v1.13.12
go: downloading github.com/aws/aws-sdk-go-v2/service/internal/presigned-url v1.13.29
go: downloading github.com/docker/go-units v0.5.0
go: downloading al.essio.dev/pkg/shellescape v1.6.0
go: downloading github.com/pkg/errors v0.9.1
go: downloading github.com/felixge/httpsnoop v1.0.4
go: downloading go.opentelemetry.io/otel/metric v1.44.0
go: downloading github.com/moby/term v0.5.2
go: downloading github.com/in-toto/attestation v1.2.0
go: downloading github.com/secure-systems-lab/go-securesystemslib v0.11.0
go: downloading golang.org/x/mod v0.38.0
go: downloading github.com/sigstore/timestamp-authority/v2 v2.1.2
go: downloading github.com/digitorus/timestamp v0.0.0-20250524132541-c45532741eea
go: downloading github.com/sigstore/rekor-tiles/v2 v2.3.0
go: downloading github.com/sigstore/rekor v1.5.4-0.20260715164520-39fd5386c9c9
go: downloading github.com/youmark/pkcs8 v0.0.0-20240726163527-a2c0da244d78
go: downloading golang.org/x/term v0.45.0
go: downloading sigs.k8s.io/yaml v1.6.0
go: downloading google.golang.org/genproto/googleapis/api v0.0.0-20260526163538-3dc84a4a5aaa
go: downloading github.com/cyberphone/json-canonicalization v0.0.0-20241213102144-19d51d7fe467
go: downloading github.com/go-openapi/runtime v0.32.4
go: downloading github.com/go-openapi/strfmt v0.26.4
go: downloading github.com/go-openapi/swag/conv v0.27.0
go: downloading github.com/go-openapi/swag v0.26.1
go: downloading github.com/google/certificate-transparency-go v1.3.3
go: downloading github.com/theupdateframework/go-tuf/v2 v2.4.2
go: downloading github.com/digitorus/pkcs7 v0.0.0-20250730155240-ffadbf3f398c
go: downloading github.com/grpc-ecosystem/grpc-gateway/v2 v2.29.0
go: downloading google.golang.org/grpc v1.82.1
go: downloading github.com/theupdateframework/go-tuf v0.7.0
go: downloading github.com/pkg/browser v0.0.0-20240102092130-5ac0b6a4141c
go: downloading github.com/coreos/go-oidc/v3 v3.18.0
go: downloading github.com/go-jose/go-jose/v4 v4.1.4
go: downloading github.com/BurntSushi/toml v1.6.0
go: downloading github.com/evanphx/json-patch/v5 v5.9.11
go: downloading github.com/mattn/go-isatty v0.0.20
go: downloading go.yaml.in/yaml/v2 v2.4.4
go: downloading github.com/go-openapi/errors v0.22.8
go: downloading github.com/google/uuid v1.6.0
go: downloading github.com/oklog/ulid/v2 v2.1.1
go: downloading golang.org/x/net v0.57.0
go: downloading github.com/transparency-dev/formats v0.1.1
go: downloading github.com/transparency-dev/merkle v0.0.2
go: downloading github.com/go-openapi/swag/fileutils v0.26.1
go: downloading github.com/go-openapi/swag/jsonutils v0.26.1
go: downloading github.com/go-openapi/swag/stringutils v0.26.1
go: downloading github.com/hashicorp/go-cleanhttp v0.5.2
go: downloading github.com/hashicorp/go-retryablehttp v0.7.8
go: downloading github.com/go-openapi/validate v0.26.0
go: downloading github.com/blang/semver v3.5.1+incompatible
go: downloading github.com/in-toto/in-toto-golang v0.11.0
go: downloading github.com/go-logr/stdr v1.2.2
go: downloading go.opentelemetry.io/auto/sdk v1.2.1
go: downloading github.com/cespare/xxhash/v2 v2.3.0
go: downloading github.com/go-openapi/runtime/server-middleware v0.30.0
go: downloading github.com/go-openapi/swag/typeutils v0.27.0
go: downloading github.com/jedisct1/go-minisign v0.0.0-20241212093149-d2f9f49435c7
go: downloading github.com/ProtonMail/go-crypto v1.4.1
go: downloading github.com/asaskevich/govalidator v0.0.0-20230301143203-a9d515a09cc2
go: downloading github.com/sassoftware/relic/v8 v8.2.0
go: downloading github.com/go-openapi/swag/cmdutils v0.26.1
go: downloading github.com/go-openapi/swag/jsonname v0.26.1
go: downloading github.com/go-openapi/swag/loading v0.26.1
go: downloading github.com/go-openapi/swag/mangling v0.26.1
go: downloading github.com/go-openapi/swag/netutils v0.26.1
go: downloading github.com/go-openapi/swag/yamlutils v0.26.1
go: downloading github.com/go-openapi/analysis v0.25.2
go: downloading github.com/go-openapi/loads v0.24.0
go: downloading github.com/go-openapi/spec v0.22.6
go: downloading github.com/cenkalti/backoff/v5 v5.0.3
go: downloading github.com/shibumi/go-pathspec v1.3.0
go: downloading github.com/cloudflare/circl v1.6.3
go: downloading google.golang.org/genproto/googleapis/rpc v0.0.0-20260526163538-3dc84a4a5aaa
go: downloading github.com/go-openapi/jsonpointer v0.23.1
go: downloading github.com/go-openapi/jsonreference v0.21.6
