level=info msg="Starting prematerial attestors stage..."
level=info msg="Starting git attestor..."
level=info msg="Starting environment attestor..."
level=info msg="Finished environment attestor... (0.00012366s)"
level=info msg="Finished git attestor... (0.054557766s)"
level=info msg="Completed prematerial attestors stage..."
level=info msg="Starting material attestors stage..."
level=info msg="Starting material attestor..."
level=info msg="Finished material attestor... (0.753224571s)"
level=info msg="Completed material attestors stage..."
level=info msg="Starting execute attestors stage..."
level=info msg="Starting command-run attestor..."
+ date +%Y
+ go env GOPATH
+ date +development-%Y-%m-%dT%H:%M:%S
+ uname -s
go build -ldflags "-X github.com/kptdev/kpt/run.version=development-2026-09-04T12:27:36 -extldflags '-z noexecstack' " -o /home/jake/go/bin/kpt -v .
+ go build -ldflags '-X github.com/kptdev/kpt/run.version=development-2026-09-04T12:27:36 -extldflags '\''-z noexecstack'\'' ' -o /home/jake/go/bin/kpt -v .
go: downloading github.com/spf13/cobra v1.10.2
go: downloading k8s.io/component-base v0.36.1
go: downloading github.com/go-errors/errors v1.5.1
go: downloading github.com/kptdev/kpt/api v1.0.0
go: downloading sigs.k8s.io/kustomize/kyaml v0.21.1
go: downloading k8s.io/client-go v0.36.1
go: downloading k8s.io/klog/v2 v2.140.0
go: downloading k8s.io/kubectl v0.36.1
go: downloading k8s.io/cli-runtime v0.36.1
go: downloading sigs.k8s.io/cli-utils v0.37.2
go: downloading github.com/regclient/regclient v0.11.5
go: downloading github.com/google/shlex v0.0.0-20191202100458-e7afc7fbc510
go: downloading k8s.io/apimachinery v0.36.1
go: downloading github.com/xlab/treeprint v1.2.0
go: downloading github.com/distribution/reference v0.6.0
go: downloading github.com/spf13/pflag v1.0.10
go: downloading github.com/go-logr/logr v1.4.3
go: downloading github.com/Masterminds/semver/v3 v3.5.0
go: downloading github.com/bytecodealliance/wasmtime-go v1.0.0
go: downloading github.com/prep/wasmexec v0.0.0-20220807105708-6554945c1dec
go: downloading github.com/google/cel-go v0.28.1
go: downloading github.com/google/uuid v1.6.0
go: downloading gopkg.in/evanphx/json-patch.v4 v4.13.0
go: downloading go.yaml.in/yaml/v2 v2.4.4
go: downloading golang.org/x/sync v0.20.0
go: downloading github.com/google/gnostic-models v0.7.1
go: downloading golang.org/x/text v0.37.0
go: downloading k8s.io/utils v0.0.0-20260507154919-ff6756f316d2
go: downloading k8s.io/api v0.36.1
go: downloading k8s.io/kube-openapi v0.0.0-20260520065146-aa012df4f4af
go: downloading sigs.k8s.io/kustomize/api v0.21.1
go: downloading github.com/kptdev/krm-functions-sdk/go/fn v1.1.1
go: downloading gopkg.in/yaml.v2 v2.4.0
go: downloading github.com/monochromegane/go-gitignore v0.0.0-20200626010858-205db1a8cc00
go: downloading sigs.k8s.io/controller-runtime v0.24.1
go: downloading github.com/davecgh/go-spew v1.1.2-0.20180830191138-d8f796af33cc
go: downloading sigs.k8s.io/yaml v1.6.0
go: downloading github.com/sergi/go-diff v1.4.0
go: downloading go.yaml.in/yaml/v3 v3.0.4
go: downloading github.com/opencontainers/go-digest v1.0.0
go: downloading github.com/google/go-containerregistry v0.21.6
go: downloading github.com/sirupsen/logrus v1.9.4
go: downloading golang.org/x/sys v0.45.0
go: downloading github.com/liggitt/tabwriter v0.0.0-20181228230101-89fcab3d43de
go: downloading github.com/otiai10/copy v1.14.1
go: downloading github.com/moby/term v0.5.2
go: downloading cel.dev/expr v0.25.1
go: downloading google.golang.org/genproto/googleapis/api v0.0.0-20260128011058-8636f8732409
go: downloading google.golang.org/protobuf v1.36.12-0.20260120151049-f2248ac996af
go: downloading sigs.k8s.io/randfill v1.0.0
go: downloading sigs.k8s.io/structured-merge-diff/v6 v6.4.0
go: downloading sigs.k8s.io/json v0.0.0-20250730193827-2d320260d730
go: downloading github.com/go-openapi/swag v0.26.0
go: downloading github.com/go-openapi/jsonreference v0.21.5
go: downloading github.com/pkg/errors v0.9.1
go: downloading github.com/munnerz/goautoneg v0.0.0-20191010083416-a7dc8b61c822
go: downloading golang.org/x/net v0.54.0
go: downloading github.com/peterbourgon/diskv v2.0.1+incompatible
go: downloading golang.org/x/term v0.43.0
go: downloading golang.org/x/oauth2 v0.36.0
go: downloading github.com/stretchr/testify v1.11.1
go: downloading github.com/cpuguy83/go-md2man/v2 v2.0.7
go: downloading github.com/klauspost/compress v1.18.6
go: downloading github.com/ulikunitz/xz v0.5.15
go: downloading github.com/evanphx/json-patch/v5 v5.9.11
go: downloading github.com/chai2010/gettext-go v1.0.3
go: downloading github.com/MakeNowJust/heredoc v1.0.0
go: downloading github.com/mitchellh/go-wordwrap v1.0.1
go: downloading github.com/russross/blackfriday/v2 v2.1.0
go: downloading github.com/exponent-io/jsonpath v0.0.0-20210407135951-1de76d718b3f
go: downloading github.com/opencontainers/image-spec v1.1.1
go: downloading github.com/antlr4-go/antlr/v4 v4.13.1
go: downloading google.golang.org/genproto/googleapis/rpc v0.0.0-20260128011058-8636f8732409
go: downloading gopkg.in/inf.v0 v0.9.1
go: downloading github.com/go-openapi/swag/cmdutils v0.26.0
go: downloading github.com/go-openapi/swag/conv v0.26.0
go: downloading github.com/go-openapi/swag/fileutils v0.26.0
go: downloading github.com/go-openapi/swag/jsonname v0.26.0
go: downloading github.com/go-openapi/swag/jsonutils v0.26.0
go: downloading github.com/go-openapi/swag/loading v0.26.0
go: downloading github.com/go-openapi/swag/mangling v0.26.0
go: downloading github.com/go-openapi/swag/netutils v0.26.0
go: downloading github.com/go-openapi/swag/stringutils v0.26.0
go: downloading github.com/go-openapi/swag/typeutils v0.26.0
go: downloading github.com/go-openapi/swag/yamlutils v0.26.0
go: downloading github.com/json-iterator/go v1.1.12
go: downloading github.com/blang/semver/v4 v4.0.0
go: downloading github.com/go-openapi/jsonpointer v0.23.1
go: downloading golang.org/x/time v0.15.0
go: downloading github.com/fxamacker/cbor/v2 v2.9.2
go: downloading github.com/google/btree v1.1.3
go: downloading github.com/spyzhov/ajson v0.9.6
go: downloading gopkg.in/yaml.v3 v3.0.1
go: downloading github.com/docker/libtrust v0.0.0-20160708172513-aabc10ec26b7
go: downloading github.com/docker/cli v29.5.2+incompatible
go: downloading github.com/pmezard/go-difflib v1.0.1-0.20181226105442-5d4384ee4fb2
go: downloading github.com/jonboulle/clockwork v0.5.0
go: downloading github.com/emicklei/go-restful/v3 v3.13.0
go: downloading cloud.google.com/go/compute/metadata v0.9.0
go: downloading github.com/x448/float16 v0.8.4
go: downloading github.com/prometheus/client_golang v1.23.2
go: downloading github.com/prometheus/client_model v0.6.2
go: downloading github.com/prometheus/procfs v0.20.1
go: downloading go.opentelemetry.io/otel/trace v1.43.0
go: downloading go.opentelemetry.io/otel v1.43.0
go: downloading github.com/fatih/camelcase v1.0.0
go: downloading k8s.io/component-helpers v0.36.1
go: downloading github.com/modern-go/concurrent v0.0.0-20180306012644-bacd9c7ef1dd
go: downloading github.com/modern-go/reflect2 v1.0.3-0.20250322232337-35a7c28c31ee
go: downloading github.com/beorn7/perks v1.0.1
go: downloading github.com/cespare/xxhash/v2 v2.3.0
go: downloading github.com/prometheus/common v0.67.5
go: downloading golang.org/x/exp v0.0.0-20251219203646-944ab1f22d93
go: downloading github.com/docker/docker-credential-helpers v0.9.7
internal/unsafeheader
internal/godebugs
internal/byteorder
internal/msan
internal/trace/tracev2
cmp
internal/runtime/pprof/label
unicode/utf8
unicode
encoding
unicode/utf16
internal/asan
github.com/go-openapi/swag/cmdutils
crypto/internal/fips140/alias
crypto/internal/constanttime
internal/nettrace
log/internal
container/list
math/bits
internal/goos
vendor/golang.org/x/crypto/cryptobyte/asn1
internal/coverage/rtcov
vendor/golang.org/x/crypto/internal/alias
sigs.k8s.io/kustomize/kyaml/sets
google.golang.org/protobuf/internal/flags
google.golang.org/protobuf/internal/set
internal/strconv
sigs.k8s.io/kustomize/kyaml/sliceutil
sigs.k8s.io/kustomize/kyaml/yaml/internal/k8sgen/pkg/selection
sigs.k8s.io/kustomize/kyaml/ext
github.com/kptdev/kpt/internal/docs/generated/livedocs
k8s.io/apimachinery/pkg/selection
k8s.io/apimachinery/pkg/api/validate/constraints
log/slog/internal
k8s.io/apimachinery/pkg/types
golang.org/x/text/encoding/internal/identifier
golang.org/x/text/internal/utf8internal
k8s.io/apimachinery/pkg/api/safe
sigs.k8s.io/cli-utils/pkg/inventory/configmap
github.com/google/cel-go/common/overloads
internal/profilerecord
github.com/google/cel-go/common/operators
github.com/docker/cli/cli/config/types
github.com/klauspost/compress/internal/le
github.com/google/go-containerregistry/pkg/compression
github.com/google/go-containerregistry/pkg/v1/types
github.com/regclient/regclient/internal/reqmeta
github.com/ulikunitz/xz/internal/hash
github.com/regclient/regclient/types/oci
github.com/regclient/regclient/types/docker
github.com/kptdev/kpt/pkg/lib/update/updatetypes
github.com/spyzhov/ajson/internal
github.com/fatih/camelcase
sigs.k8s.io/cli-utils/pkg/apply/error
github.com/kptdev/kpt/internal/docs/generated/wasmdocs
github.com/kptdev/kpt/internal/docs/generated/alphadocs
internal/cpu
github.com/kptdev/kpt/internal/docs/generated/fndocs
github.com/kptdev/kpt/internal/docs/generated/pkgdocs
github.com/kptdev/kpt/internal/docs/generated/overview
github.com/klauspost/compress/internal/cpuinfo
crypto/internal/boring/sig
go.opentelemetry.io/otel/trace/embedded
sync/atomic
internal/goexperiment
k8s.io/component-base/metrics/internal
internal/goarch
crypto/internal/fips140deps/byteorder
internal/runtime/syscall/linux
internal/runtime/atomic
internal/runtime/gc
internal/chacha8rand
internal/bytealg
crypto/internal/fips140deps/cpu
internal/runtime/math
math
crypto/internal/fips140/subtle
internal/runtime/exithook
internal/runtime/sys
internal/runtime/cgroup
internal/stringslite
internal/runtime/gc/scan
crypto/subtle
github.com/klauspost/compress
internal/abi
k8s.io/utils/integer
internal/synctest
internal/race
internal/sync
internal/runtime/maps
runtime
weak
iter
sync
internal/reflectlite
runtime/metrics
slices
maps
k8s.io/klog/v2/internal/dbg
k8s.io/apimachinery/pkg/util/sets
golang.org/x/exp/slices
k8s.io/kubectl/pkg/util/slice
internal/singleflight
crypto/internal/fips140cache
google.golang.org/protobuf/internal/pragma
log/slog/internal/buffer
unique
k8s.io/component-base/logs/internal/setverbositylevel
internal/bisect
errors
sort
internal/oserror
internal/godebug
internal/testlog
math/rand/v2
vendor/golang.org/x/net/dns/dnsmessage
k8s.io/kube-openapi/pkg/internal/third_party/go-json-experiment/json/internal
container/heap
golang.org/x/text/internal/tag
syscall
strconv
io
path
github.com/beorn7/perks/quantile
net/netip
reflect
github.com/x448/float16
k8s.io/kube-openapi/pkg/internal/third_party/go-json-experiment/json/internal/jsonflags
k8s.io/kube-openapi/pkg/internal/third_party/go-json-experiment/json/internal/jsonopts
crypto/internal/fips140deps/godebug
golang.org/x/text/internal/stringset
hash
strings
internal/saferio
encoding/base64
encoding/base32
github.com/liggitt/tabwriter
crypto
hash/crc32
hash/fnv
internal/fmtsort
github.com/go-openapi/swag/typeutils
bytes
sigs.k8s.io/kustomize/kyaml/yaml/internal/k8sgen/pkg/util/sets
encoding/binary
sigs.k8s.io/structured-merge-diff/v6/schema
github.com/modern-go/reflect2
time
internal/syscall/execenv
hash/adler32
internal/syscall/unix
github.com/google/go-containerregistry/internal/and
hash/crc64
k8s.io/utils/buffer
github.com/prometheus/client_golang/prometheus/promhttp/internal
vendor/golang.org/x/crypto/internal/poly1305
github.com/klauspost/compress/internal/snapref
github.com/klauspost/compress/zstd/internal/xxhash
context
io/fs
internal/poll
github.com/go-openapi/swag/jsonname
github.com/go-openapi/swag/conv
crypto/internal/impl
crypto/internal/fips140deps/time
crypto/internal/entropy/v1.0.0
net/http/internal/ascii
github.com/go-openapi/swag/stringutils
bufio
vendor/golang.org/x/text/transform
regexp/syntax
k8s.io/kube-openapi/pkg/internal/third_party/go-json-experiment/json/internal/jsonwire
sigs.k8s.io/kustomize/kyaml/utils
encoding/pem
github.com/kptdev/kpt/pkg/lib/util/strings
html
crypto/internal/randutil
k8s.io/klog/v2/internal/severity
k8s.io/klog/v2/internal/clock
go/build/constraint
k8s.io/apimachinery/pkg/api/operation
golang.org/x/text/transform
golang.org/x/net/internal/httpsfv
k8s.io/cli-runtime/pkg/genericiooptions
k8s.io/kube-openapi/pkg/internal/third_party/go-json-experiment/json/jsontext
github.com/munnerz/goautoneg
k8s.io/utils/clock
golang.org/x/text/encoding
golang.org/x/text/runes
sigs.k8s.io/kustomize/api/internal/konfig/builtinpluginconsts
github.com/mitchellh/go-wordwrap
github.com/google/cel-go/common/runes
golang.org/x/text/encoding/internal
compress/bzip2
regexp
golang.org/x/sync/semaphore
k8s.io/apimachinery/pkg/util/cache
k8s.io/client-go/tools/cache/synctrack
net/http/internal/testcert
crypto/internal/fips140
k8s.io/kubectl/pkg/cmd/util/editor/crlf
github.com/cespare/xxhash/v2
go.opentelemetry.io/otel/attribute/internal
crypto/internal/fips140/sha256
golang.org/x/text/encoding/unicode
k8s.io/kube-openapi/pkg/util
go.opentelemetry.io/otel/attribute/internal/xxhash
golang.org/x/sys/unix
github.com/regclient/regclient/types/mediatype
math/rand
embed
internal/filepathlite
google.golang.org/protobuf/internal/editiondefaults
github.com/chai2010/gettext-go/plural
crypto/internal/fips140/sha3
k8s.io/apimachinery/pkg/version
sigs.k8s.io/kustomize/api/internal/image
crypto/internal/fips140/sha512
runtime/cgo
k8s.io/apimachinery/pkg/util/rand
github.com/google/go-containerregistry/internal/retry/wait
sigs.k8s.io/randfill/bytesource
crypto/internal/fips140/hmac
crypto/sha3
crypto/internal/fips140/check
crypto/internal/fips140/nistec/fiat
crypto/internal/fips140/bigmod
crypto/internal/fips140/aes
crypto/internal/fips140/edwards25519/field
crypto/internal/fips140/hkdf
crypto/internal/fips140/tls13
crypto/internal/fips140/nistec
crypto/fips140
crypto/internal/fips140/edwards25519
crypto/internal/fips140/tls12
crypto/tls/internal/fips140tls
os
crypto/internal/fips140hash
crypto/internal/sysrand
vendor/golang.org/x/sys/cpu
google.golang.org/protobuf/internal/detrand
k8s.io/klog/v2/internal/buffer
internal/lazyregexp
path/filepath
internal/sysinfo
crypto/internal/fips140/drbg
plugin
crypto/internal/fips140/ecdh
crypto/internal/fips140/ecdsa
crypto/internal/fips140/ed25519
crypto/internal/fips140/mlkem
crypto/internal/fips140only
crypto/hkdf
crypto/md5
crypto/mlkem
crypto/rc4
crypto/internal/fips140/aes/gcm
crypto/internal/fips140/rsa
crypto/cipher
io/ioutil
net
crypto/internal/boring
crypto/des
vendor/golang.org/x/crypto/chacha20
vendor/golang.org/x/crypto/chacha20poly1305
crypto/aes
crypto/sha512
crypto/hmac
crypto/sha256
crypto/internal/rand
crypto/sha1
os/exec
github.com/monochromegane/go-gitignore
github.com/kptdev/kpt/pkg/lib/util/path
k8s.io/client-go/util/homedir
k8s.io/utils/exec
github.com/regclient/regclient/internal/reproducible
sigs.k8s.io/kustomize/kyaml/pathutil
github.com/prometheus/procfs/internal/util
crypto/ecdh
github.com/bytecodealliance/wasmtime-go
sigs.k8s.io/kustomize/kyaml/commandutil
fmt
os/signal
github.com/go-openapi/swag/netutils
k8s.io/utils/internal/third_party/forked/golang/net
k8s.io/client-go/util/connrotation
k8s.io/kubectl/pkg/util/interrupt
github.com/go-errors/errors
github.com/kptdev/kpt/api/schema/v1
github.com/opencontainers/go-digest
net/url
log
github.com/distribution/reference
github.com/go-openapi/jsonreference/internal
math/big
mime
vendor/golang.org/x/text/unicode/norm
vendor/golang.org/x/net/http2/hpack
vendor/golang.org/x/text/unicode/bidi
mime/quotedprintable
net/http/internal
github.com/go-openapi/swag/mangling
google.golang.org/protobuf/internal/errors
go/token
google.golang.org/protobuf/encoding/protowire
google.golang.org/protobuf/internal/version
k8s.io/kube-openapi/pkg/internal/third_party/govalidator
google.golang.org/protobuf/reflect/protoreflect
crypto/rand
crypto/internal/boring/bbig
encoding/asn1
crypto/dsa
crypto/ed25519
crypto/rsa
crypto/elliptic
vendor/golang.org/x/text/secure/bidirule
vendor/golang.org/x/net/idna
vendor/golang.org/x/crypto/cryptobyte
google.golang.org/protobuf/internal/genid
google.golang.org/protobuf/internal/strs
google.golang.org/protobuf/internal/order
vendor/golang.org/x/net/http/httpproxy
crypto/ecdsa
google.golang.org/protobuf/runtime/protoiface
google.golang.org/protobuf/internal/descopts
google.golang.org/protobuf/internal/descfmt
google.golang.org/protobuf/internal/protolazy
go.yaml.in/yaml/v2
k8s.io/utils/net
google.golang.org/protobuf/internal/encoding/text
sigs.k8s.io/kustomize/kyaml/yaml/internal/k8sgen/pkg/util/errors
sigs.k8s.io/kustomize/kyaml/yaml/internal/k8sgen/pkg/util/validation/field
github.com/xlab/treeprint
google.golang.org/protobuf/internal/encoding/defval
text/template/parse
sigs.k8s.io/kustomize/kyaml/yaml/internal/k8sgen/pkg/util/validation
github.com/regclient/regclient/types/errs
go.yaml.in/yaml/v3
github.com/sergi/go-diff/diffmatchpatch
sigs.k8s.io/kustomize/kyaml/yaml/internal/k8sgen/pkg/labels
text/template
encoding/csv
google.golang.org/protobuf/internal/encoding/messageset
compress/flate
flag
k8s.io/kube-openapi/pkg/validation/errors
google.golang.org/protobuf/reflect/protoregistry
database/sql/driver
google.golang.org/protobuf/proto
compress/gzip
gopkg.in/inf.v0
sigs.k8s.io/kustomize/kyaml/openapi/kustomizationapi
google.golang.org/protobuf/internal/filedesc
google.golang.org/protobuf/encoding/prototext
crypto/hpke
sigs.k8s.io/kustomize/kyaml/openapi/kubernetesapi/v1_21_2
k8s.io/apimachinery/third_party/forked/golang/reflect
k8s.io/apimachinery/pkg/fields
encoding/json
sigs.k8s.io/kustomize/kyaml/errors
github.com/regclient/regclient/types/ref
net/textproto
k8s.io/apimachinery/pkg/api/validate/content
k8s.io/apimachinery/pkg/conversion
sigs.k8s.io/kustomize/kyaml/openapi/kubernetesapi
go/doc/comment
sigs.k8s.io/kustomize/kyaml/filesys
go/internal/scannerhooks
sigs.k8s.io/kustomize/kyaml/copyutil
go/scanner
k8s.io/apimachinery/pkg/conversion/queryparams
k8s.io/apimachinery/pkg/runtime/schema
runtime/debug
go/ast
os/user
sigs.k8s.io/randfill
k8s.io/apimachinery/pkg/util/naming
golang.org/x/text/unicode/bidi
golang.org/x/text/unicode/norm
golang.org/x/net/http2/hpack
go/doc
go/parser
golang.org/x/text/secure/bidirule
github.com/moby/term
k8s.io/apimachinery/pkg/util/duration
k8s.io/client-go/third_party/forked/golang/template
golang.org/x/sync/errgroup
k8s.io/utils/ptr
golang.org/x/net/idna
k8s.io/apimachinery/pkg/util/version
k8s.io/client-go/pkg/version
k8s.io/client-go/tools/metrics
golang.org/x/term
golang.org/x/time/rate
k8s.io/kube-openapi/pkg/cached
compress/zlib
k8s.io/client-go/util/flowcontrol
encoding/xml
github.com/emicklei/go-restful/v3/log
sigs.k8s.io/kustomize/api/internal/kusterr
github.com/google/btree
k8s.io/apimachinery/third_party/forked/golang/json
k8s.io/component-base/version
github.com/peterbourgon/diskv
archive/zip
github.com/chai2010/gettext-go/mo
github.com/chai2010/gettext-go/po
github.com/MakeNowJust/heredoc
github.com/google/shlex
github.com/russross/blackfriday/v2
google.golang.org/protobuf/internal/encoding/json
github.com/antlr4-go/antlr/v4
archive/tar
golang.org/x/text/internal/language
github.com/google/go-containerregistry/internal/retry
encoding/hex
crypto/x509/pkix
crypto/x509
k8s.io/kube-openapi/pkg/internal/third_party/go-json-experiment/json
github.com/fxamacker/cbor/v2
github.com/google/gnostic-models/jsonschema
k8s.io/apimachinery/pkg/util/errors
github.com/modern-go/concurrent
github.com/spf13/pflag
golang.org/x/text/internal/language/compact
github.com/google/go-containerregistry/internal/gzip
github.com/klauspost/compress/fse
github.com/go-openapi/swag/jsonutils/adapters/ifaces
k8s.io/kube-openapi/pkg/validation/strfmt/bson
github.com/davecgh/go-spew/spew
sigs.k8s.io/yaml
gopkg.in/evanphx/json-patch.v4
google.golang.org/protobuf/internal/encoding/tag
github.com/go-openapi/jsonpointer
k8s.io/klog/v2/internal/verbosity
k8s.io/apimachinery/pkg/util/validation/field
github.com/json-iterator/go
mime/multipart
vendor/golang.org/x/net/http/httpguts
github.com/go-openapi/swag/fileutils
net/mail
log/slog
golang.org/x/net/http/httpguts
k8s.io/kube-openapi/pkg/validation/strfmt
sigs.k8s.io/yaml/kyaml
github.com/go-logr/logr
k8s.io/klog/v2/internal/serialize
k8s.io/klog/v2/internal/sloghandler
sigs.k8s.io/structured-merge-diff/v6/value
k8s.io/client-go/util/jsonpath
k8s.io/apimachinery/pkg/util/framer
k8s.io/klog/v2
k8s.io/utils/dump
github.com/blang/semver/v4
sigs.k8s.io/kustomize/api/provenance
github.com/exponent-io/jsonpath
github.com/Masterminds/semver/v3
github.com/chai2010/gettext-go
google.golang.org/protobuf/encoding/protojson
github.com/google/cel-go/parser/gen
sigs.k8s.io/structured-merge-diff/v6/fieldpath
golang.org/x/text/language
golang.org/x/text/internal/catmsg
k8s.io/kubectl/pkg/util/i18n
golang.org/x/text/internal/number
sigs.k8s.io/structured-merge-diff/v6/typed
golang.org/x/text/internal
golang.org/x/text/message/catalog
golang.org/x/text/feature/plural
golang.org/x/text/internal/format
sigs.k8s.io/structured-merge-diff/v6/merge
k8s.io/client-go/applyconfigurations/internal
golang.org/x/text/message
google.golang.org/protobuf/internal/impl
github.com/sirupsen/logrus
github.com/docker/docker-credential-helpers/credentials
sigs.k8s.io/json/internal/golang/encoding/json
github.com/google/uuid
github.com/go-openapi/swag/jsonutils/adapters/stdlib/json
github.com/docker/docker-credential-helpers/client
github.com/klauspost/compress/huff0
github.com/google/go-containerregistry/pkg/name
github.com/docker/cli/cli/config/credentials
github.com/google/go-containerregistry/pkg/logs
github.com/spf13/cobra
github.com/opencontainers/image-spec/specs-go
github.com/docker/cli/cli/config/memorystore
github.com/opencontainers/image-spec/specs-go/v1
github.com/google/go-containerregistry/internal/redact
github.com/go-openapi/jsonreference
golang.org/x/oauth2/jws
k8s.io/apimachinery/pkg/util/mergepatch
github.com/prep/wasmexec
k8s.io/kube-openapi/pkg/internal
google.golang.org/protobuf/internal/filetype
github.com/regclient/regclient/internal/conffile
github.com/regclient/regclient/internal/timejson
github.com/regclient/regclient/internal/pqueue
google.golang.org/protobuf/runtime/protoimpl
github.com/regclient/regclient/config
github.com/regclient/regclient/internal/units
github.com/regclient/regclient/internal/strparse
github.com/regclient/regclient/types/platform
google.golang.org/protobuf/types/known/anypb
google.golang.org/protobuf/types/descriptorpb
google.golang.org/protobuf/types/known/durationpb
google.golang.org/protobuf/types/known/emptypb
github.com/google/gnostic-models/extensions
google.golang.org/protobuf/types/known/structpb
google.golang.org/protobuf/types/known/timestamppb
google.golang.org/genproto/googleapis/rpc/status
google.golang.org/protobuf/types/dynamicpb
github.com/go-openapi/swag/jsonutils/adapters
google.golang.org/protobuf/types/known/wrapperspb
k8s.io/klog/v2/textlogger
google.golang.org/protobuf/internal/editionssupport
github.com/go-openapi/swag/jsonutils
google.golang.org/protobuf/types/gofeaturespb
k8s.io/apimachinery/pkg/util/validation
text/tabwriter
github.com/google/go-containerregistry/pkg/v1
github.com/go-openapi/swag/yamlutils
github.com/docker/cli/cli/config/configfile
github.com/regclient/regclient/internal/version
github.com/regclient/regclient/internal/limitread
github.com/regclient/regclient/internal/cache
github.com/ulikunitz/xz/internal/xlog
github.com/regclient/regclient/internal/httplink
github.com/regclient/regclient/internal/regnet
google.golang.org/protobuf/reflect/protodesc
github.com/regclient/regclient/types/warning
github.com/otiai10/copy
github.com/kptdev/krm-functions-sdk/go/fn/internal/docs
github.com/pkg/errors
gopkg.in/yaml.v2
github.com/evanphx/json-patch/v5/internal/json
github.com/ulikunitz/xz/lzma
sigs.k8s.io/controller-runtime/pkg/log
github.com/klauspost/compress/zstd
github.com/pmezard/go-difflib/difflib
k8s.io/apimachinery/pkg/util/diff
k8s.io/utils/trace
github.com/evanphx/json-patch/v5
github.com/ulikunitz/xz
gopkg.in/yaml.v3
sigs.k8s.io/cli-utils/pkg/multierror
runtime/trace
github.com/spyzhov/ajson
github.com/regclient/regclient/types/descriptor
github.com/jonboulle/clockwork
testing
k8s.io/kubectl/pkg/apps
github.com/stretchr/testify/assert/yaml
sigs.k8s.io/cli-utils/pkg/jsonpath
golang.org/x/text/cases
github.com/cpuguy83/go-md2man/v2/md2man
google.golang.org/protobuf/encoding/protodelim
github.com/prometheus/procfs/internal/fs
html/template
go.opentelemetry.io/otel/attribute
github.com/prometheus/procfs
go.opentelemetry.io/otel/semconv/v1.40.0
go.opentelemetry.io/otel/trace/internal/telemetry
github.com/google/go-containerregistry/internal/zstd
github.com/regclient/regclient/pkg/archive
github.com/google/go-containerregistry/internal/compression
github.com/docker/cli/cli/config
go.opentelemetry.io/otel/codes
k8s.io/component-base/metrics/api/v1
k8s.io/component-base/logs/klogflags
database/sql
github.com/google/go-containerregistry/pkg/authn
go.opentelemetry.io/otel/trace
github.com/google/go-containerregistry/pkg/v1/stream
github.com/google/go-containerregistry/internal/verify
github.com/google/go-containerregistry/pkg/legacy
github.com/google/go-containerregistry/pkg/v1/match
github.com/google/go-containerregistry/pkg/v1/partial
k8s.io/apimachinery/pkg/labels
github.com/regclient/regclient/types/oci/v1
github.com/regclient/regclient/types
github.com/google/go-containerregistry/pkg/v1/empty
github.com/google/go-containerregistry/pkg/v1/tarball
github.com/regclient/regclient/types/docker/schema2
github.com/google/go-containerregistry/internal/windows
github.com/google/go-containerregistry/pkg/legacy/tarball
github.com/google/go-containerregistry/pkg/v1/mutate
github.com/regclient/regclient/internal/sloghandle
github.com/google/go-containerregistry/pkg/v1/cache
github.com/google/go-containerregistry/pkg/v1/layout
github.com/prometheus/client_model/go
google.golang.org/genproto/googleapis/api/expr/v1alpha1
github.com/prometheus/common/model
cel.dev/expr
sigs.k8s.io/json
github.com/google/cel-go/checker/decls
github.com/google/cel-go/common
github.com/google/cel-go/common/types/ref
github.com/google/cel-go/common/types/pb
github.com/google/cel-go/common/types/traits
github.com/google/cel-go/common/functions
github.com/prometheus/client_golang/prometheus/internal
k8s.io/apimachinery/pkg/util/json
k8s.io/apimachinery/pkg/runtime/serializer/cbor/internal/modes
k8s.io/apimachinery/pkg/util/jsonmergepatch
k8s.io/apimachinery/pkg/util/yaml
k8s.io/apimachinery/pkg/runtime/serializer/cbor/direct
github.com/google/cel-go/common/types
k8s.io/client-go/util/keyutil
k8s.io/kubectl/pkg/util/certificate
k8s.io/apimachinery/pkg/util/intstr
k8s.io/apimachinery/pkg/api/resource
crypto/tls
github.com/google/cel-go/common/ast
github.com/google/cel-go/common/decls
github.com/google/cel-go/common/env
github.com/google/cel-go/common/stdlib
github.com/google/cel-go/common/containers
github.com/google/cel-go/common/debug
github.com/google/cel-go/parser
k8s.io/component-base/cli/flag
github.com/docker/libtrust
k8s.io/client-go/util/cert
net/http/httptrace
github.com/regclient/regclient/types/docker/schema1
net/http/internal/httpcommon
golang.org/x/net/internal/httpcommon
github.com/google/cel-go/checker
github.com/google/cel-go/interpreter
net/http
github.com/google/cel-go/cel
github.com/google/cel-go/ext
github.com/go-openapi/swag/loading
github.com/google/gnostic-models/compiler
k8s.io/apimachinery/pkg/util/runtime
github.com/go-openapi/swag
golang.org/x/net/http2
golang.org/x/oauth2/internal
github.com/google/go-containerregistry/pkg/v1/remote/internal/authchallenge
cloud.google.com/go/compute/metadata
github.com/regclient/regclient/types/ping
github.com/regclient/regclient/types/blob
github.com/regclient/regclient/types/manifest
expvar
net/http/httptest
github.com/regclient/regclient/types/tag
github.com/prometheus/common/expfmt
github.com/prometheus/client_golang/internal/github.com/golang/gddo/httputil/header
github.com/prometheus/client_golang/internal/github.com/golang/gddo/httputil
github.com/regclient/regclient/types/referrer
github.com/stretchr/testify/assert
github.com/regclient/regclient/scheme
net/http/httputil
github.com/regclient/regclient/internal/auth
github.com/regclient/regclient/scheme/ocidir
github.com/regclient/regclient/internal/reghttp
github.com/stretchr/testify/require
github.com/prometheus/client_golang/prometheus
k8s.io/client-go/third_party/forked/httpcache
k8s.io/apimachinery/pkg/util/net
github.com/regclient/regclient/types/repo
github.com/google/go-containerregistry/pkg/v1/remote/transport
github.com/google/go-containerregistry/pkg/v1/remote
github.com/regclient/regclient/scheme/reg
k8s.io/component-base/metrics/prometheusextension
github.com/prometheus/client_golang/prometheus/promhttp
github.com/prometheus/client_golang/prometheus/collectors
k8s.io/apimachinery/pkg/runtime
k8s.io/client-go/util/workqueue
k8s.io/component-base/metrics
github.com/regclient/regclient
k8s.io/apimachinery/pkg/util/wait
k8s.io/apimachinery/pkg/watch
k8s.io/apimachinery/pkg/runtime/serializer/recognizer
k8s.io/apimachinery/pkg/runtime/serializer/streaming
k8s.io/apimachinery/pkg/apis/meta/v1
k8s.io/client-go/tools/clientcmd/api
github.com/google/go-containerregistry/pkg/crane
golang.org/x/oauth2
k8s.io/client-go/tools/clientcmd/api/v1
k8s.io/component-base/metrics/legacyregistry
golang.org/x/oauth2/google/internal/impersonate
golang.org/x/oauth2/authhandler
k8s.io/client-go/features
golang.org/x/oauth2/google/internal/stsexchange
golang.org/x/oauth2/jwt
golang.org/x/oauth2/google/internal/externalaccountauthorizeduser
golang.org/x/oauth2/google/externalaccount
github.com/google/gnostic-models/openapiv3
github.com/google/gnostic-models/openapiv2
k8s.io/component-base/metrics/prometheus/feature
k8s.io/apimachinery/pkg/api/errors
k8s.io/api/core/v1
k8s.io/api/admissionregistration/v1
k8s.io/api/apidiscovery/v2beta1
k8s.io/api/apidiscovery/v2
k8s.io/apimachinery/pkg/apis/meta/v1/unstructured
k8s.io/api/authentication/v1
k8s.io/apimachinery/pkg/api/meta
k8s.io/api/admissionregistration/v1alpha1
k8s.io/api/admissionregistration/v1beta1
k8s.io/api/authentication/v1alpha1
k8s.io/api/authorization/v1
k8s.io/api/authentication/v1beta1
k8s.io/api/certificates/v1alpha1
k8s.io/api/coordination/v1
k8s.io/api/coordination/v1alpha2
k8s.io/api/coordination/v1beta1
k8s.io/api/authorization/v1beta1
k8s.io/apimachinery/pkg/api/equality
k8s.io/api/apiserverinternal/v1alpha1
k8s.io/api/flowcontrol/v1
k8s.io/api/flowcontrol/v1beta1
k8s.io/api/flowcontrol/v1beta2
k8s.io/api/flowcontrol/v1beta3
k8s.io/api/policy/v1
k8s.io/api/policy/v1beta1
k8s.io/api/rbac/v1
k8s.io/api/rbac/v1beta1
k8s.io/api/rbac/v1alpha1
k8s.io/api/resource/v1alpha3
k8s.io/api/scheduling/v1alpha2
k8s.io/api/storagemigration/v1beta1
k8s.io/apimachinery/pkg/apis/meta/v1/validation
k8s.io/apimachinery/pkg/api/validate
k8s.io/client-go/pkg/apis/clientauthentication
k8s.io/client-go/rest/watch
k8s.io/api/admission/v1
k8s.io/api/admission/v1beta1
k8s.io/api/imagepolicy/v1alpha1
k8s.io/apimachinery/pkg/apis/meta/v1beta1
k8s.io/kubectl/pkg/util/rbac
k8s.io/client-go/pkg/apis/clientauthentication/v1
sigs.k8s.io/cli-utils/pkg/apis/actuation
k8s.io/component-base/featuregate
k8s.io/apimachinery/pkg/apis/meta/internalversion
k8s.io/client-go/pkg/apis/clientauthentication/v1beta1
k8s.io/apimachinery/pkg/apis/meta/internalversion/validation
k8s.io/client-go/transport
k8s.io/component-base/logs/api/v1
k8s.io/client-go/pkg/apis/clientauthentication/install
k8s.io/apimachinery/pkg/runtime/serializer/json
k8s.io/apimachinery/pkg/runtime/serializer/versioning
github.com/emicklei/go-restful/v3
k8s.io/client-go/tools/pager
k8s.io/client-go/util/consistencydetector
k8s.io/apimachinery/pkg/runtime/serializer/cbor
golang.org/x/oauth2/google
k8s.io/apimachinery/pkg/runtime/serializer/protobuf
k8s.io/client-go/util/watchlist
k8s.io/client-go/util/csaupgrade
github.com/google/go-containerregistry/pkg/v1/google
k8s.io/kubectl/pkg/util/fieldpath
k8s.io/kubectl/pkg/util/prune
k8s.io/component-base/logs
github.com/google/go-containerregistry/pkg/gcrane
k8s.io/component-base/cli
github.com/kptdev/kpt/pkg/oci
k8s.io/apimachinery/pkg/api/meta/testrestmapper
k8s.io/kube-openapi/pkg/validation/spec
github.com/kptdev/kpt/pkg/wasm
k8s.io/kube-openapi/pkg/util/proto/testing
k8s.io/apimachinery/pkg/apis/meta/v1/unstructured/unstructuredscheme
k8s.io/apimachinery/pkg/runtime/serializer
k8s.io/client-go/tools/clientcmd/api/latest
k8s.io/apimachinery/pkg/apis/meta/internalversion/scheme
k8s.io/kube-openapi/pkg/util/proto
k8s.io/kube-openapi/pkg/validation/validate
sigs.k8s.io/kustomize/kyaml/yaml
k8s.io/cli-runtime/pkg/printers
k8s.io/client-go/plugin/pkg/client/auth/exec
k8s.io/kube-openapi/pkg/schemaconv
k8s.io/apimachinery/pkg/api/validation
k8s.io/apimachinery/pkg/util/strategicpatch
sigs.k8s.io/kustomize/kyaml/openapi
sigs.k8s.io/kustomize/kyaml/kio/kioutil
sigs.k8s.io/kustomize/kyaml/order
sigs.k8s.io/kustomize/api/filters/filtersutil
sigs.k8s.io/kustomize/kyaml/kio
sigs.k8s.io/kustomize/api/hasher
sigs.k8s.io/kustomize/kyaml/yaml/schema
sigs.k8s.io/kustomize/kyaml/resid
sigs.k8s.io/kustomize/kyaml/fieldmeta
github.com/kptdev/kpt/pkg/lib/util/attribution
sigs.k8s.io/kustomize/api/types
sigs.k8s.io/kustomize/api/filters/patchjson6902
sigs.k8s.io/kustomize/kyaml/yaml/walk
sigs.k8s.io/kustomize/api/filters/valueadd
github.com/kptdev/kpt/pkg/lib/runneroptions
sigs.k8s.io/kustomize/api/filters/fieldspec
sigs.k8s.io/kustomize/api/filters/iampolicygenerator
sigs.k8s.io/kustomize/api/filters/fsslice
sigs.k8s.io/kustomize/api/filters/annotations
sigs.k8s.io/kustomize/api/konfig
sigs.k8s.io/kustomize/api/filters/namespace
sigs.k8s.io/kustomize/api/internal/utils
sigs.k8s.io/kustomize/api/filters/prefix
sigs.k8s.io/kustomize/api/filters/labels
sigs.k8s.io/kustomize/kyaml/comments
sigs.k8s.io/kustomize/kyaml/yaml/merge2
sigs.k8s.io/kustomize/kyaml/yaml/merge3
sigs.k8s.io/kustomize/api/filters/imagetag
sigs.k8s.io/kustomize/api/internal/git
sigs.k8s.io/kustomize/kyaml/kio/filters
sigs.k8s.io/kustomize/api/filters/patchstrategicmerge
sigs.k8s.io/kustomize/kyaml/fn/runtime/runtimeutil
sigs.k8s.io/kustomize/api/filters/replicacount
sigs.k8s.io/kustomize/api/filters/refvar
sigs.k8s.io/kustomize/api/filters/suffix
github.com/kptdev/kpt/pkg/lib/util/addmergecomment
sigs.k8s.io/kustomize/kyaml/fn/runtime/exec
sigs.k8s.io/kustomize/kyaml/fn/framework
k8s.io/kube-openapi/pkg/util/proto/validation
sigs.k8s.io/kustomize/kyaml/fn/runtime/container
sigs.k8s.io/kustomize/api/ifc
sigs.k8s.io/kustomize/kyaml/runfn
github.com/kptdev/kpt/api/fnresult/v1
github.com/kptdev/kpt/pkg/lib/builtins/builtintypes
sigs.k8s.io/kustomize/api/internal/plugins/builtinconfig
sigs.k8s.io/kustomize/api/internal/loader
sigs.k8s.io/kustomize/api/internal/generators
sigs.k8s.io/kustomize/api/internal/validate
sigs.k8s.io/kustomize/api/kv
sigs.k8s.io/kustomize/api/resource
github.com/kptdev/kpt/api/kptfile/v1
github.com/kptdev/kpt/api/resourcegroup/v1alpha1
github.com/kptdev/kpt/pkg/fn
github.com/kptdev/kpt/pkg/lib/errors
github.com/kptdev/kpt/pkg/lib/builtins
k8s.io/apimachinery/pkg/util/managedfields/internal
github.com/kptdev/kpt/pkg/lib/util/git
github.com/kptdev/kpt/commands/alpha/wasm/push
k8s.io/apimachinery/pkg/util/managedfields
github.com/kptdev/kpt/pkg/kptfile/kptfileutil
sigs.k8s.io/kustomize/api/resmap
github.com/kptdev/kpt/pkg/lib/pkg
sigs.k8s.io/kustomize/api/provider
github.com/kptdev/kpt/pkg/lib/util/man
sigs.k8s.io/kustomize/api/internal/plugins/utils
sigs.k8s.io/kustomize/api/internal/plugins/execplugin
github.com/kptdev/kpt/pkg/printer
sigs.k8s.io/kustomize/api/internal/plugins/fnplugin
k8s.io/api/apps/v1beta1
k8s.io/api/apps/v1beta2
k8s.io/api/autoscaling/v1
k8s.io/api/apps/v1
k8s.io/api/autoscaling/v2
k8s.io/api/batch/v1
k8s.io/api/certificates/v1
k8s.io/api/discovery/v1beta1
k8s.io/api/certificates/v1beta1
k8s.io/api/events/v1
k8s.io/api/events/v1beta1
k8s.io/api/networking/v1
k8s.io/api/networking/v1beta1
k8s.io/api/node/v1
k8s.io/api/node/v1alpha1
k8s.io/api/node/v1beta1
k8s.io/api/resource/v1
k8s.io/api/resource/v1beta2
k8s.io/api/extensions/v1beta1
k8s.io/api/scheduling/v1
k8s.io/api/scheduling/v1beta1
k8s.io/api/discovery/v1
k8s.io/api/storage/v1
k8s.io/api/storage/v1beta1
k8s.io/api/storage/v1alpha1
k8s.io/api/batch/v1beta1
k8s.io/kube-openapi/pkg/spec3
sigs.k8s.io/kustomize/api/filters/replacement
sigs.k8s.io/kustomize/api/filters/nameref
sigs.k8s.io/kustomize/api/internal/builtins
sigs.k8s.io/kustomize/api/internal/accumulator
k8s.io/client-go/tools/reference
github.com/kptdev/kpt/internal/gitutil
k8s.io/kubectl/pkg/util/term
github.com/kptdev/kpt/pkg/lib/util/stack
sigs.k8s.io/cli-utils/pkg/kstatus/status
k8s.io/kubectl/pkg/util
k8s.io/kubectl/pkg/util/templates
github.com/kptdev/kpt/pkg/lib/util/fetch
github.com/kptdev/kpt/pkg/lib/util/args
k8s.io/kube-openapi/pkg/common
k8s.io/kubectl/pkg/cmd/util/podcmd
github.com/kptdev/kpt/pkg/lib/pkg/diff
k8s.io/component-helpers/resource
sigs.k8s.io/kustomize/api/internal/plugins/builtinhelpers
k8s.io/kube-openapi/pkg/handler3
k8s.io/kubectl/pkg/util/event
k8s.io/kubectl/pkg/util/qos
k8s.io/kubectl/pkg/util/resource
sigs.k8s.io/kustomize/api/internal/plugins/loader
k8s.io/kubectl/pkg/util/storage
github.com/kptdev/kpt/commands/alpha/wasm/pull
k8s.io/kubectl/pkg/util/podutils
github.com/kptdev/kpt/thirdparty/cmdconfig/commands/runner
github.com/kptdev/kpt/pkg/lib/util/parse
github.com/kptdev/kpt/pkg/kptpkg
github.com/kptdev/kpt/commands/alpha/wasm
github.com/kptdev/kpt/thirdparty/cmdconfig/commands/cmdcat
sigs.k8s.io/kustomize/api/internal/target
github.com/kptdev/kpt/thirdparty/cmdconfig/commands/cmdtree
sigs.k8s.io/kustomize/api/krusty
k8s.io/api/resource/v1beta1
k8s.io/client-go/scale/scheme
k8s.io/client-go/scale/scheme/appsv1beta1
k8s.io/client-go/scale/scheme/appsv1beta2
k8s.io/client-go/scale/scheme/appsint
k8s.io/client-go/scale/scheme/extensionsint
k8s.io/client-go/scale/scheme/autoscalingv1
k8s.io/client-go/scale/scheme/extensionsv1beta1
github.com/kptdev/krm-functions-sdk/go/fn/internal
k8s.io/client-go/rest
github.com/kptdev/krm-functions-sdk/go/fn
k8s.io/client-go/openapi
k8s.io/client-go/metadata
k8s.io/client-go/plugin/pkg/client/auth/azure
k8s.io/client-go/plugin/pkg/client/auth/gcp
k8s.io/client-go/plugin/pkg/client/auth/oidc
sigs.k8s.io/cli-utils/pkg/flowcontrol
k8s.io/kubectl/pkg/rawhttp
k8s.io/client-go/plugin/pkg/client/auth
k8s.io/client-go/openapi/cached
k8s.io/client-go/openapi3
k8s.io/client-go/kubernetes/scheme
k8s.io/client-go/openapi/openapitest
k8s.io/client-go/testing
github.com/kptdev/kpt/pkg/lib/update/merge3
k8s.io/client-go/discovery
k8s.io/kubectl/pkg/scheme
k8s.io/client-go/tools/auth
k8s.io/client-go/util/apply
k8s.io/client-go/restmapper
k8s.io/client-go/applyconfigurations/meta/v1
github.com/kptdev/kpt/pkg/lib/update
k8s.io/kubectl/pkg/util/openapi
k8s.io/client-go/discovery/cached/memory
k8s.io/kubectl/pkg/util/openapi/testing
k8s.io/client-go/applyconfigurations/apiserverinternal/v1alpha1
k8s.io/client-go/applyconfigurations/admissionregistration/v1
k8s.io/client-go/applyconfigurations/certificates/v1
k8s.io/client-go/applyconfigurations/coordination/v1
k8s.io/client-go/applyconfigurations/coordination/v1alpha2
k8s.io/client-go/applyconfigurations/certificates/v1beta1
k8s.io/client-go/applyconfigurations/coordination/v1beta1
k8s.io/client-go/applyconfigurations/core/v1
k8s.io/client-go/dynamic
k8s.io/client-go/applyconfigurations/autoscaling/v1
k8s.io/client-go/gentype
k8s.io/client-go/applyconfigurations/certificates/v1alpha1
k8s.io/cli-runtime/pkg/resource
k8s.io/client-go/applyconfigurations/flowcontrol/v1
k8s.io/client-go/applyconfigurations/flowcontrol/v1beta1
k8s.io/client-go/applyconfigurations/policy/v1
k8s.io/client-go/applyconfigurations/policy/v1beta1
k8s.io/client-go/applyconfigurations/flowcontrol/v1beta2
k8s.io/client-go/applyconfigurations/rbac/v1
k8s.io/client-go/applyconfigurations/apps/v1beta1
k8s.io/client-go/kubernetes/typed/apiserverinternal/v1alpha1
k8s.io/client-go/kubernetes/typed/apps/v1beta1
k8s.io/client-go/kubernetes/typed/authentication/v1
k8s.io/client-go/applyconfigurations/apps/v1beta2
k8s.io/client-go/kubernetes/typed/authentication/v1alpha1
k8s.io/client-go/kubernetes/typed/authorization/v1
k8s.io/client-go/kubernetes/typed/authentication/v1beta1
k8s.io/client-go/kubernetes/typed/apps/v1beta2
k8s.io/client-go/kubernetes/typed/authorization/v1beta1
k8s.io/client-go/applyconfigurations/batch/v1
k8s.io/client-go/kubernetes/typed/coordination/v1
k8s.io/client-go/discovery/cached/disk
k8s.io/client-go/kubernetes/typed/certificates/v1beta1
k8s.io/client-go/kubernetes/typed/coordination/v1alpha2
k8s.io/client-go/kubernetes/typed/coordination/v1beta1
k8s.io/client-go/kubernetes/typed/core/v1
k8s.io/client-go/kubernetes/typed/certificates/v1alpha1
k8s.io/client-go/applyconfigurations/apps/v1
k8s.io/client-go/kubernetes/typed/admissionregistration/v1
k8s.io/client-go/applyconfigurations/admissionregistration/v1beta1
k8s.io/client-go/applyconfigurations/admissionregistration/v1alpha1
k8s.io/client-go/kubernetes/typed/admissionregistration/v1beta1
k8s.io/client-go/kubernetes/typed/admissionregistration/v1alpha1
k8s.io/client-go/applyconfigurations/discovery/v1
k8s.io/client-go/kubernetes/typed/apps/v1
k8s.io/client-go/tools/clientcmd
k8s.io/client-go/kubernetes/typed/certificates/v1
k8s.io/client-go/applyconfigurations/discovery/v1beta1
k8s.io/client-go/applyconfigurations/events/v1
k8s.io/client-go/kubernetes/typed/batch/v1
k8s.io/client-go/applyconfigurations/batch/v1beta1
k8s.io/client-go/kubernetes/typed/discovery/v1beta1
k8s.io/client-go/kubernetes/typed/events/v1
k8s.io/client-go/kubernetes/typed/autoscaling/v1
k8s.io/client-go/applyconfigurations/events/v1beta1
k8s.io/client-go/applyconfigurations/extensions/v1beta1
k8s.io/client-go/kubernetes/typed/flowcontrol/v1
k8s.io/client-go/kubernetes/typed/flowcontrol/v1beta1
k8s.io/client-go/kubernetes/typed/events/v1beta1
k8s.io/client-go/kubernetes/typed/batch/v1beta1
k8s.io/client-go/kubernetes/typed/flowcontrol/v1beta2
k8s.io/client-go/applyconfigurations/flowcontrol/v1beta3
k8s.io/client-go/applyconfigurations/networking/v1
k8s.io/client-go/kubernetes/typed/flowcontrol/v1beta3
k8s.io/client-go/applyconfigurations/networking/v1beta1
k8s.io/client-go/applyconfigurations/node/v1
k8s.io/client-go/kubernetes/typed/networking/v1
k8s.io/client-go/kubernetes/typed/networking/v1beta1
k8s.io/client-go/kubernetes/typed/node/v1
k8s.io/client-go/applyconfigurations/node/v1alpha1
k8s.io/client-go/applyconfigurations/node/v1beta1
k8s.io/client-go/kubernetes/typed/policy/v1
k8s.io/client-go/kubernetes/typed/policy/v1beta1
k8s.io/client-go/kubernetes/typed/node/v1beta1
k8s.io/client-go/kubernetes/typed/rbac/v1
k8s.io/client-go/applyconfigurations/rbac/v1alpha1
k8s.io/client-go/kubernetes/typed/node/v1alpha1
k8s.io/client-go/applyconfigurations/rbac/v1beta1
k8s.io/client-go/applyconfigurations/resource/v1
k8s.io/client-go/applyconfigurations/resource/v1alpha3
k8s.io/client-go/kubernetes/typed/rbac/v1alpha1
k8s.io/client-go/kubernetes/typed/resource/v1alpha3
k8s.io/client-go/kubernetes/typed/resource/v1
k8s.io/client-go/applyconfigurations/resource/v1beta2
k8s.io/client-go/applyconfigurations/scheduling/v1
k8s.io/client-go/applyconfigurations/scheduling/v1alpha2
k8s.io/client-go/applyconfigurations/resource/v1beta1
k8s.io/client-go/kubernetes/typed/scheduling/v1alpha2
k8s.io/client-go/applyconfigurations/scheduling/v1beta1
k8s.io/client-go/kubernetes/typed/discovery/v1
k8s.io/client-go/applyconfigurations/storage/v1
k8s.io/client-go/applyconfigurations/storage/v1alpha1
k8s.io/client-go/applyconfigurations/autoscaling/v2
k8s.io/client-go/applyconfigurations/storage/v1beta1
k8s.io/client-go/kubernetes/typed/storage/v1alpha1
k8s.io/client-go/kubernetes/typed/storage/v1
k8s.io/client-go/kubernetes/typed/storage/v1beta1
k8s.io/client-go/applyconfigurations/storagemigration/v1beta1
k8s.io/client-go/kubernetes/typed/autoscaling/v2
k8s.io/client-go/kubernetes/typed/storagemigration/v1beta1
k8s.io/kubectl/pkg/validation
sigs.k8s.io/cli-utils/pkg/object
sigs.k8s.io/controller-runtime/pkg/client/apiutil
k8s.io/client-go/rest/fake
k8s.io/client-go/scale
sigs.k8s.io/cli-utils/pkg/kstatus/polling/event
sigs.k8s.io/cli-utils/pkg/apply/cache
sigs.k8s.io/cli-utils/pkg/apply/event
k8s.io/client-go/dynamic/fake
sigs.k8s.io/controller-runtime/pkg/client
sigs.k8s.io/cli-utils/pkg/object/dependson
sigs.k8s.io/cli-utils/pkg/object/validation
sigs.k8s.io/cli-utils/pkg/object/mutation
sigs.k8s.io/cli-utils/pkg/ordering
k8s.io/cli-runtime/pkg/genericclioptions
sigs.k8s.io/cli-utils/pkg/apply/info
k8s.io/kubectl/pkg/util/deployment
sigs.k8s.io/cli-utils/pkg/object/graph
sigs.k8s.io/cli-utils/pkg/apply/mutator
github.com/kptdev/kpt/pkg/lib/util/cfgflags
sigs.k8s.io/cli-utils/pkg/kstatus/polling/collector
sigs.k8s.io/cli-utils/pkg/kstatus/polling/aggregator
sigs.k8s.io/cli-utils/pkg/kstatus/polling/engine
sigs.k8s.io/cli-utils/pkg/kstatus/polling/clusterreader/fake
sigs.k8s.io/cli-utils/cmd/status/printers/printer
sigs.k8s.io/cli-utils/pkg/print/stats
sigs.k8s.io/cli-utils/pkg/kstatus/polling/clusterreader
sigs.k8s.io/cli-utils/pkg/kstatus/polling/statusreaders
sigs.k8s.io/cli-utils/pkg/print/common
k8s.io/client-go/kubernetes/typed/scheduling/v1
k8s.io/client-go/tools/cache
sigs.k8s.io/cli-utils/pkg/print/table
sigs.k8s.io/cli-utils/cmd/status/printers/table
k8s.io/client-go/kubernetes/typed/resource/v1beta2
k8s.io/client-go/kubernetes/typed/scheduling/v1beta1
k8s.io/client-go/kubernetes/typed/extensions/v1beta1
k8s.io/client-go/kubernetes/typed/rbac/v1beta1
sigs.k8s.io/cli-utils/pkg/kstatus/watcher
k8s.io/client-go/tools/watch
k8s.io/client-go/kubernetes/typed/resource/v1beta1
k8s.io/client-go/kubernetes
k8s.io/kubectl/pkg/cmd/util
k8s.io/client-go/util/certificate/csr
k8s.io/kubectl/pkg/describe
k8s.io/kubectl/pkg/cmd/get
k8s.io/kubectl/pkg/cmd/testing
sigs.k8s.io/cli-utils/pkg/kstatus/polling
k8s.io/kubectl/pkg/cmd/util/editor
k8s.io/kubectl/pkg/cmd/apiresources
sigs.k8s.io/cli-utils/pkg/common
github.com/kptdev/kpt/commands/util
sigs.k8s.io/cli-utils/pkg/apply/poller
github.com/kptdev/kpt/pkg/status
sigs.k8s.io/cli-utils/pkg/config
k8s.io/kubectl/pkg/cmd/wait
github.com/kptdev/kpt/pkg/printer/table
sigs.k8s.io/cli-utils/pkg/printers/printer
sigs.k8s.io/cli-utils/pkg/print/list
sigs.k8s.io/cli-utils/pkg/printers/table
k8s.io/kubectl/pkg/polymorphichelpers
sigs.k8s.io/cli-utils/pkg/printers/events
sigs.k8s.io/cli-utils/pkg/printers/json
sigs.k8s.io/cli-utils/cmd/status/printers/event
sigs.k8s.io/cli-utils/pkg/printers
sigs.k8s.io/cli-utils/cmd/status/printers/json
sigs.k8s.io/cli-utils/cmd/status/printers
github.com/kptdev/kpt/commands/live/init
sigs.k8s.io/cli-utils/pkg/inventory
k8s.io/kubectl/pkg/util/completion
k8s.io/kubectl/pkg/cmd/delete
sigs.k8s.io/cli-utils/pkg/apply/taskrunner
sigs.k8s.io/cli-utils/pkg/manifestreader
sigs.k8s.io/cli-utils/cmd/flagutils
github.com/kptdev/kpt/pkg/live
sigs.k8s.io/cli-utils/cmd/status
sigs.k8s.io/cli-utils/pkg/apply/filter
k8s.io/kubectl/pkg/cmd/apply
github.com/kptdev/kpt/commands/live/migrate
github.com/kptdev/kpt/commands/live/installrg
github.com/kptdev/kpt/pkg/lib/util/cmdutil
github.com/kptdev/kpt/commands/live/status
sigs.k8s.io/cli-utils/pkg/apply/prune
github.com/kptdev/kpt/thirdparty/cmdconfig/commands/cmdsink
github.com/kptdev/kpt/thirdparty/cmdconfig/commands/cmdsource
github.com/kptdev/kpt/commands/pkg/diff
github.com/kptdev/kpt/commands/pkg/init
github.com/kptdev/kpt/commands/pkg/update
sigs.k8s.io/cli-utils/pkg/apply/task
sigs.k8s.io/cli-utils/pkg/apply/solver
sigs.k8s.io/cli-utils/pkg/apply
github.com/kptdev/kpt/commands/live/apply
github.com/kptdev/kpt/pkg/live/planner
github.com/kptdev/kpt/commands/live/destroy
github.com/kptdev/kpt/commands/live
github.com/kptdev/kpt/commands/alpha/live/plan
github.com/kptdev/kpt/commands/alpha/live
github.com/kptdev/kpt/commands/alpha
github.com/prep/wasmexec/wasmtimexec
github.com/kptdev/kpt/pkg/fn/runtime
github.com/kptdev/kpt/pkg/lib/kptops
github.com/kptdev/kpt/commands/fn/doc
github.com/kptdev/kpt/pkg/lib/errors/resolver
github.com/kptdev/kpt/thirdparty/kyaml/runfn
github.com/kptdev/kpt/thirdparty/cmdconfig/commands/cmdeval
github.com/kptdev/kpt/commands/fn/render
github.com/kptdev/kpt/pkg/lib/util/get
github.com/kptdev/kpt/commands/pkg/get
github.com/kptdev/kpt/commands/fn
github.com/kptdev/kpt/commands/pkg
github.com/kptdev/kpt/commands
github.com/kptdev/kpt/run
github.com/kptdev/kpt
level=info msg="Finished command-run attestor... (3004.017688762s)"
level=info msg="Completed execute attestors stage..."
level=info msg="Starting product attestors stage..."
level=info msg="Starting product attestor..."
level=info msg="Finished product attestor... (0.148638559s)"
level=info msg="Completed product attestors stage..."
level=info msg="Starting postproduct attestors stage..."
level=info msg="Completed postproduct attestors stage..."
