+ date +%Y
+ go env GOPATH
+ date +development-%Y-%m-%dT%H:%M:%S
+ uname -s
go build -ldflags "-X github.com/kptdev/kpt/run.version=development-2026-09-07T03:49:10 -extldflags '-z noexecstack' " -o /home/jake/go/bin/kpt -v .
+ go build -ldflags '-X github.com/kptdev/kpt/run.version=development-2026-09-07T03:49:10 -extldflags '\''-z noexecstack'\'' ' -o /home/jake/go/bin/kpt -v .
go: downloading k8s.io/klog/v2 v2.140.0
go: downloading sigs.k8s.io/kustomize/kyaml v0.21.1
go: downloading k8s.io/component-base v0.36.1
go: downloading github.com/go-errors/errors v1.5.1
go: downloading k8s.io/kubectl v0.36.1
go: downloading github.com/spf13/cobra v1.10.2
go: downloading k8s.io/client-go v0.36.1
go: downloading github.com/kptdev/kpt/api v1.0.0
go: downloading k8s.io/cli-runtime v0.36.1
go: downloading sigs.k8s.io/cli-utils v0.37.2
go: downloading k8s.io/apimachinery v0.36.1
go: downloading github.com/regclient/regclient v0.11.5
go: downloading github.com/kptdev/krm-functions-sdk/go/fn v1.1.1
go: downloading gopkg.in/yaml.v2 v2.4.0
go: downloading github.com/Masterminds/semver/v3 v3.5.0
go: downloading github.com/bytecodealliance/wasmtime-go v1.0.0
go: downloading github.com/distribution/reference v0.6.0
go: downloading github.com/google/shlex v0.0.0-20191202100458-e7afc7fbc510
go: downloading github.com/prep/wasmexec v0.0.0-20220807105708-6554945c1dec
go: downloading github.com/spf13/pflag v1.0.10
go: downloading github.com/go-logr/logr v1.4.3
go: downloading github.com/xlab/treeprint v1.2.0
go: downloading k8s.io/api v0.36.1
go: downloading sigs.k8s.io/controller-runtime v0.24.1
go: downloading github.com/google/uuid v1.6.0
go: downloading gopkg.in/evanphx/json-patch.v4 v4.13.0
go: downloading k8s.io/utils v0.0.0-20260507154919-ff6756f316d2
go: downloading github.com/google/gnostic-models v0.7.1
go: downloading go.yaml.in/yaml/v2 v2.4.4
go: downloading golang.org/x/sync v0.20.0
go: downloading golang.org/x/text v0.37.0
go: downloading k8s.io/kube-openapi v0.0.0-20260520065146-aa012df4f4af
go: downloading sigs.k8s.io/kustomize/api v0.21.1
go: downloading sigs.k8s.io/yaml v1.6.0
go: downloading github.com/davecgh/go-spew v1.1.2-0.20180830191138-d8f796af33cc
go: downloading go.yaml.in/yaml/v3 v3.0.4
go: downloading github.com/monochromegane/go-gitignore v0.0.0-20200626010858-205db1a8cc00
go: downloading github.com/sergi/go-diff v1.4.0
go: downloading github.com/otiai10/copy v1.14.1
go: downloading github.com/pkg/errors v0.9.1
go: downloading github.com/opencontainers/go-digest v1.0.0
go: downloading github.com/google/go-containerregistry v0.21.6
go: downloading github.com/google/cel-go v0.28.1
go: downloading sigs.k8s.io/randfill v1.0.0
go: downloading sigs.k8s.io/structured-merge-diff/v6 v6.4.0
go: downloading sigs.k8s.io/json v0.0.0-20250730193827-2d320260d730
go: downloading github.com/liggitt/tabwriter v0.0.0-20181228230101-89fcab3d43de
go: downloading github.com/moby/term v0.5.2
go: downloading github.com/sirupsen/logrus v1.9.4
go: downloading golang.org/x/sys v0.45.0
go: downloading google.golang.org/protobuf v1.36.12-0.20260120151049-f2248ac996af
go: downloading github.com/evanphx/json-patch/v5 v5.9.11
go: downloading github.com/munnerz/goautoneg v0.0.0-20191010083416-a7dc8b61c822
go: downloading golang.org/x/net v0.54.0
go: downloading github.com/stretchr/testify v1.11.1
go: downloading github.com/peterbourgon/diskv v2.0.1+incompatible
go: downloading golang.org/x/term v0.43.0
go: downloading github.com/opencontainers/image-spec v1.1.1
go: downloading gopkg.in/inf.v0 v0.9.1
go: downloading github.com/cpuguy83/go-md2man/v2 v2.0.7
go: downloading golang.org/x/oauth2 v0.36.0
go: downloading github.com/klauspost/compress v1.18.6
go: downloading github.com/ulikunitz/xz v0.5.15
go: downloading github.com/chai2010/gettext-go v1.0.3
go: downloading github.com/exponent-io/jsonpath v0.0.0-20210407135951-1de76d718b3f
go: downloading github.com/MakeNowJust/heredoc v1.0.0
go: downloading github.com/mitchellh/go-wordwrap v1.0.1
go: downloading github.com/russross/blackfriday/v2 v2.1.0
go: downloading github.com/fxamacker/cbor/v2 v2.9.2
go: downloading golang.org/x/time v0.15.0
go: downloading github.com/google/btree v1.1.3
go: downloading github.com/json-iterator/go v1.1.12
go: downloading github.com/go-openapi/swag v0.26.0
go: downloading github.com/go-openapi/jsonreference v0.21.5
go: downloading github.com/blang/semver/v4 v4.0.0
go: downloading github.com/docker/cli v29.5.2+incompatible
go: downloading github.com/spyzhov/ajson v0.9.6
go: downloading gopkg.in/yaml.v3 v3.0.1
go: downloading github.com/pmezard/go-difflib v1.0.1-0.20181226105442-5d4384ee4fb2
go: downloading cel.dev/expr v0.25.1
go: downloading google.golang.org/genproto/googleapis/api v0.0.0-20260128011058-8636f8732409
go: downloading github.com/docker/libtrust v0.0.0-20160708172513-aabc10ec26b7
go: downloading github.com/emicklei/go-restful/v3 v3.13.0
go: downloading cloud.google.com/go/compute/metadata v0.9.0
go: downloading github.com/go-openapi/jsonpointer v0.23.1
go: downloading github.com/x448/float16 v0.8.4
go: downloading github.com/go-openapi/swag/cmdutils v0.26.0
go: downloading github.com/go-openapi/swag/conv v0.26.0
go: downloading github.com/go-openapi/swag/fileutils v0.26.0
go: downloading github.com/go-openapi/swag/jsonname v0.26.0
go: downloading github.com/go-openapi/swag/jsonutils v0.26.0
go: downloading github.com/go-openapi/swag/loading v0.26.0
go: downloading github.com/go-openapi/swag/mangling v0.26.0
go: downloading github.com/go-openapi/swag/netutils v0.26.0
go: downloading github.com/go-openapi/swag/stringutils v0.26.0
go: downloading github.com/go-openapi/swag/typeutils v0.26.0
go: downloading github.com/go-openapi/swag/yamlutils v0.26.0
go: downloading github.com/modern-go/concurrent v0.0.0-20180306012644-bacd9c7ef1dd
go: downloading github.com/modern-go/reflect2 v1.0.3-0.20250322232337-35a7c28c31ee
go: downloading github.com/jonboulle/clockwork v0.5.0
go: downloading google.golang.org/genproto/googleapis/rpc v0.0.0-20260128011058-8636f8732409
go: downloading github.com/antlr4-go/antlr/v4 v4.13.1
go: downloading github.com/prometheus/client_golang v1.23.2
go: downloading github.com/prometheus/client_model v0.6.2
go: downloading github.com/prometheus/procfs v0.20.1
go: downloading go.opentelemetry.io/otel/trace v1.43.0
go: downloading github.com/fatih/camelcase v1.0.0
go: downloading k8s.io/component-helpers v0.36.1
go: downloading go.opentelemetry.io/otel v1.43.0
go: downloading golang.org/x/exp v0.0.0-20251219203646-944ab1f22d93
go: downloading github.com/prometheus/common v0.67.5
go: downloading github.com/cespare/xxhash/v2 v2.3.0
go: downloading github.com/beorn7/perks v1.0.1
go: downloading github.com/docker/docker-credential-helpers v0.9.7
internal/goarch
internal/coverage/rtcov
internal/unsafeheader
internal/byteorder
internal/godebugs
internal/profilerecord
math/bits
internal/goos
internal/asan
internal/trace/tracev2
internal/goexperiment
internal/msan
internal/runtime/pprof/label
cmp
internal/cpu
sync/atomic
unicode/utf8
encoding
internal/abi
internal/runtime/atomic
internal/runtime/syscall/linux
internal/runtime/gc
internal/runtime/sys
unicode
internal/runtime/math
unicode/utf16
github.com/go-openapi/swag/cmdutils
crypto/internal/fips140/alias
crypto/internal/fips140deps/byteorder
crypto/internal/constanttime
internal/strconv
crypto/internal/boring/sig
internal/nettrace
log/internal
container/list
vendor/golang.org/x/crypto/cryptobyte/asn1
vendor/golang.org/x/crypto/internal/alias
google.golang.org/protobuf/internal/flags
google.golang.org/protobuf/internal/set
sigs.k8s.io/kustomize/kyaml/sets
sigs.k8s.io/kustomize/kyaml/sliceutil
sigs.k8s.io/kustomize/kyaml/yaml/internal/k8sgen/pkg/selection
github.com/kptdev/kpt/internal/docs/generated/livedocs
k8s.io/apimachinery/pkg/selection
k8s.io/apimachinery/pkg/api/validate/constraints
sigs.k8s.io/kustomize/kyaml/ext
log/slog/internal
k8s.io/apimachinery/pkg/types
crypto/internal/fips140/subtle
golang.org/x/text/encoding/internal/identifier
golang.org/x/text/internal/utf8internal
k8s.io/apimachinery/pkg/api/safe
sigs.k8s.io/cli-utils/pkg/inventory/configmap
github.com/google/cel-go/common/overloads
github.com/google/cel-go/common/operators
internal/bytealg
internal/chacha8rand
internal/runtime/exithook
internal/runtime/gc/scan
crypto/internal/fips140deps/cpu
github.com/docker/cli/cli/config/types
math
github.com/klauspost/compress/internal/cpuinfo
github.com/klauspost/compress/internal/le
github.com/google/go-containerregistry/pkg/compression
github.com/google/go-containerregistry/pkg/v1/types
github.com/regclient/regclient/internal/reqmeta
github.com/ulikunitz/xz/internal/hash
github.com/regclient/regclient/types/oci
github.com/regclient/regclient/types/docker
github.com/kptdev/kpt/pkg/lib/update/updatetypes
github.com/spyzhov/ajson/internal
sigs.k8s.io/cli-utils/pkg/apply/error
crypto/subtle
github.com/kptdev/kpt/internal/docs/generated/wasmdocs
github.com/kptdev/kpt/internal/docs/generated/alphadocs
github.com/kptdev/kpt/internal/docs/generated/fndocs
github.com/kptdev/kpt/internal/docs/generated/pkgdocs
github.com/kptdev/kpt/internal/docs/generated/overview
go.opentelemetry.io/otel/trace/embedded
k8s.io/component-base/metrics/internal
github.com/fatih/camelcase
internal/synctest
internal/race
internal/sync
internal/runtime/maps
internal/stringslite
internal/runtime/cgroup
runtime
github.com/klauspost/compress
k8s.io/utils/integer
iter
internal/reflectlite
weak
k8s.io/klog/v2/internal/dbg
sync
runtime/metrics
maps
slices
k8s.io/kubectl/pkg/util/slice
golang.org/x/exp/slices
k8s.io/apimachinery/pkg/util/sets
internal/bisect
internal/testlog
crypto/internal/fips140cache
google.golang.org/protobuf/internal/pragma
internal/singleflight
k8s.io/component-base/logs/internal/setverbositylevel
unique
log/slog/internal/buffer
errors
sort
internal/godebug
internal/oserror
path
k8s.io/kube-openapi/pkg/internal/third_party/go-json-experiment/json/internal
vendor/golang.org/x/net/dns/dnsmessage
io
math/rand/v2
strconv
k8s.io/kube-openapi/pkg/internal/third_party/go-json-experiment/json/internal/jsonflags
syscall
k8s.io/kube-openapi/pkg/internal/third_party/go-json-experiment/json/internal/jsonopts
hash
encoding/base64
net/netip
bytes
strings
reflect
crypto/internal/fips140deps/godebug
crypto/internal/randutil
crypto
math/rand
hash/crc32
internal/saferio
encoding/base32
hash/fnv
github.com/x448/float16
github.com/liggitt/tabwriter
container/heap
hash/adler32
golang.org/x/text/internal/tag
golang.org/x/text/internal/stringset
github.com/google/go-containerregistry/internal/and
vendor/golang.org/x/text/transform
golang.org/x/text/transform
k8s.io/cli-runtime/pkg/genericiooptions
sigs.k8s.io/kustomize/api/internal/konfig/builtinpluginconsts
github.com/mitchellh/go-wordwrap
hash/crc64
k8s.io/utils/buffer
bufio
regexp/syntax
github.com/go-openapi/swag/conv
crypto/internal/fips140
crypto/internal/impl
runtime/cgo
encoding/pem
net/http/internal/ascii
github.com/go-openapi/swag/stringutils
k8s.io/kube-openapi/pkg/internal/third_party/go-json-experiment/json/internal/jsonwire
sigs.k8s.io/kustomize/kyaml/utils
github.com/kptdev/kpt/pkg/lib/util/strings
crypto/internal/fips140/sha3
html
crypto/internal/fips140/sha256
crypto/internal/fips140/sha512
k8s.io/klog/v2/internal/severity
go/build/constraint
golang.org/x/text/encoding
k8s.io/apimachinery/pkg/api/operation
github.com/munnerz/goautoneg
golang.org/x/text/runes
github.com/chai2010/gettext-go/plural
github.com/google/cel-go/common/runes
compress/bzip2
net/http/internal/testcert
k8s.io/kube-openapi/pkg/internal/third_party/go-json-experiment/json/jsontext
k8s.io/kubectl/pkg/cmd/util/editor/crlf
golang.org/x/text/encoding/internal
github.com/beorn7/perks/quantile
github.com/prometheus/client_golang/prometheus/promhttp/internal
golang.org/x/text/encoding/unicode
time
internal/syscall/execenv
internal/syscall/unix
crypto/internal/fips140/hmac
crypto/sha3
crypto/internal/fips140/check
crypto/internal/fips140hash
regexp
crypto/fips140
crypto/internal/fips140/tls12
crypto/internal/fips140/bigmod
crypto/internal/fips140/edwards25519/field
crypto/internal/fips140/hkdf
crypto/internal/fips140/aes
crypto/internal/fips140/nistec/fiat
crypto/internal/fips140/tls13
crypto/tls/internal/fips140tls
crypto/internal/fips140/edwards25519
github.com/regclient/regclient/types/mediatype
sigs.k8s.io/kustomize/api/internal/image
k8s.io/apimachinery/pkg/version
context
k8s.io/klog/v2/internal/clock
crypto/internal/fips140deps/time
k8s.io/utils/clock
github.com/google/go-containerregistry/internal/retry/wait
golang.org/x/net/internal/httpsfv
io/fs
k8s.io/apimachinery/pkg/util/rand
internal/poll
crypto/internal/entropy/v1.0.0
k8s.io/apimachinery/pkg/util/cache
golang.org/x/sync/semaphore
k8s.io/client-go/tools/cache/synctrack
embed
internal/filepathlite
plugin
internal/fmtsort
github.com/go-openapi/swag/jsonname
github.com/go-openapi/swag/typeutils
encoding/binary
crypto/internal/fips140/nistec
sigs.k8s.io/kustomize/kyaml/yaml/internal/k8sgen/pkg/util/sets
k8s.io/kube-openapi/pkg/util
sigs.k8s.io/structured-merge-diff/v6/schema
github.com/modern-go/reflect2
go.opentelemetry.io/otel/attribute/internal
google.golang.org/protobuf/internal/editiondefaults
os
sigs.k8s.io/randfill/bytesource
vendor/golang.org/x/crypto/internal/poly1305
github.com/klauspost/compress/internal/snapref
github.com/cespare/xxhash/v2
github.com/klauspost/compress/zstd/internal/xxhash
golang.org/x/sys/unix
go.opentelemetry.io/otel/attribute/internal/xxhash
crypto/internal/sysrand
fmt
google.golang.org/protobuf/internal/detrand
io/ioutil
github.com/regclient/regclient/internal/reproducible
k8s.io/klog/v2/internal/buffer
internal/lazyregexp
internal/sysinfo
os/signal
path/filepath
vendor/golang.org/x/sys/cpu
sigs.k8s.io/kustomize/kyaml/commandutil
github.com/prometheus/procfs/internal/util
crypto/internal/fips140/drbg
os/exec
github.com/monochromegane/go-gitignore
github.com/kptdev/kpt/pkg/lib/util/path
k8s.io/client-go/util/homedir
sigs.k8s.io/kustomize/kyaml/pathutil
crypto/internal/fips140only
crypto/internal/fips140/ed25519
crypto/internal/fips140/mlkem
crypto/internal/fips140/aes/gcm
crypto/internal/fips140/rsa
k8s.io/kubectl/pkg/util/interrupt
crypto/internal/fips140/ecdsa
crypto/internal/fips140/ecdh
crypto/hkdf
crypto/md5
crypto/rc4
k8s.io/utils/exec
crypto/cipher
crypto/mlkem
github.com/go-errors/errors
github.com/kptdev/kpt/api/schema/v1
encoding/json
net/url
k8s.io/kube-openapi/pkg/validation/errors
github.com/opencontainers/go-digest
math/big
mime
mime/quotedprintable
go.yaml.in/yaml/v3
log
compress/flate
crypto/internal/boring
crypto/des
vendor/golang.org/x/crypto/chacha20
github.com/distribution/reference
encoding/hex
crypto/internal/rand
crypto/aes
crypto/ecdh
crypto/sha512
crypto/hmac
crypto/sha256
vendor/golang.org/x/crypto/chacha20poly1305
crypto/sha1
vendor/golang.org/x/text/unicode/bidi
vendor/golang.org/x/text/unicode/norm
vendor/golang.org/x/net/http2/hpack
github.com/go-openapi/jsonreference/internal
net/http/internal
net
github.com/go-openapi/swag/mangling
google.golang.org/protobuf/internal/errors
go/token
compress/gzip
google.golang.org/protobuf/internal/version
google.golang.org/protobuf/encoding/protowire
sigs.k8s.io/kustomize/kyaml/errors
k8s.io/kube-openapi/pkg/internal/third_party/go-json-experiment/json
github.com/davecgh/go-spew/spew
sigs.k8s.io/kustomize/kyaml/openapi/kubernetesapi/v1_21_2
sigs.k8s.io/kustomize/kyaml/openapi/kustomizationapi
go.yaml.in/yaml/v2
google.golang.org/protobuf/reflect/protoreflect
sigs.k8s.io/kustomize/kyaml/yaml/internal/k8sgen/pkg/util/errors
github.com/xlab/treeprint
crypto/hpke
vendor/golang.org/x/text/secure/bidirule
sigs.k8s.io/kustomize/kyaml/filesys
text/template/parse
sigs.k8s.io/kustomize/kyaml/yaml/internal/k8sgen/pkg/util/validation/field
github.com/regclient/regclient/types/errs
sigs.k8s.io/kustomize/kyaml/openapi/kubernetesapi
github.com/sergi/go-diff/diffmatchpatch
github.com/regclient/regclient/types/ref
encoding/csv
flag
github.com/go-openapi/jsonpointer
github.com/go-openapi/swag/jsonutils/adapters/ifaces
k8s.io/kube-openapi/pkg/validation/strfmt/bson
database/sql/driver
gopkg.in/evanphx/json-patch.v4
sigs.k8s.io/json/internal/golang/encoding/json
k8s.io/apimachinery/third_party/forked/golang/reflect
github.com/go-openapi/swag/jsonutils/adapters/stdlib/json
sigs.k8s.io/kustomize/kyaml/copyutil
crypto/rand
crypto/elliptic
crypto/internal/boring/bbig
encoding/asn1
crypto/dsa
vendor/golang.org/x/net/idna
google.golang.org/protobuf/internal/encoding/messageset
google.golang.org/protobuf/internal/genid
google.golang.org/protobuf/internal/order
github.com/go-openapi/jsonreference
crypto/ed25519
github.com/go-openapi/swag/jsonutils/adapters
crypto/rsa
google.golang.org/protobuf/internal/strs
google.golang.org/protobuf/runtime/protoiface
google.golang.org/protobuf/reflect/protoregistry
google.golang.org/protobuf/internal/descfmt
google.golang.org/protobuf/internal/descopts
github.com/google/gnostic-models/jsonschema
google.golang.org/protobuf/internal/protolazy
text/template
google.golang.org/protobuf/internal/encoding/text
github.com/go-openapi/swag/jsonutils
gopkg.in/inf.v0
github.com/fxamacker/cbor/v2
github.com/go-openapi/swag/yamlutils
k8s.io/apimachinery/pkg/conversion
k8s.io/apimachinery/pkg/fields
sigs.k8s.io/yaml
k8s.io/apimachinery/pkg/api/validate/content
google.golang.org/protobuf/proto
vendor/golang.org/x/crypto/cryptobyte
crypto/x509/pkix
k8s.io/apimachinery/pkg/util/errors
log/slog
google.golang.org/protobuf/internal/encoding/defval
go/internal/scannerhooks
go/doc/comment
k8s.io/apimachinery/pkg/conversion/queryparams
k8s.io/apimachinery/pkg/runtime/schema
go/scanner
runtime/debug
k8s.io/klog/v2/internal/verbosity
k8s.io/apimachinery/pkg/util/validation/field
sigs.k8s.io/randfill
golang.org/x/text/unicode/bidi
golang.org/x/text/unicode/norm
go/ast
crypto/ecdsa
google.golang.org/protobuf/internal/filedesc
google.golang.org/protobuf/encoding/prototext
sigs.k8s.io/json
k8s.io/apimachinery/pkg/util/naming
github.com/modern-go/concurrent
golang.org/x/net/http2/hpack
k8s.io/utils/ptr
k8s.io/apimachinery/pkg/util/json
github.com/moby/term
golang.org/x/text/secure/bidirule
k8s.io/apimachinery/pkg/util/duration
github.com/go-logr/logr
k8s.io/klog/v2/internal/sloghandler
k8s.io/client-go/third_party/forked/golang/template
sigs.k8s.io/yaml/kyaml
golang.org/x/sync/errgroup
k8s.io/apimachinery/pkg/util/framer
k8s.io/apimachinery/pkg/util/yaml
os/user
k8s.io/apimachinery/pkg/util/version
k8s.io/kube-openapi/pkg/internal
k8s.io/client-go/pkg/version
github.com/json-iterator/go
k8s.io/klog/v2/internal/serialize
golang.org/x/term
k8s.io/client-go/tools/metrics
k8s.io/client-go/util/jsonpath
golang.org/x/time/rate
k8s.io/utils/dump
k8s.io/kube-openapi/pkg/cached
compress/zlib
encoding/xml
k8s.io/klog/v2/textlogger
github.com/emicklei/go-restful/v3/log
k8s.io/client-go/util/flowcontrol
sigs.k8s.io/kustomize/api/internal/kusterr
go/doc
go/parser
golang.org/x/net/idna
github.com/blang/semver/v4
github.com/google/btree
net/textproto
vendor/golang.org/x/net/http/httpproxy
github.com/go-openapi/swag/netutils
k8s.io/kube-openapi/pkg/internal/third_party/govalidator
k8s.io/utils/internal/third_party/forked/golang/net
sigs.k8s.io/kustomize/kyaml/yaml/internal/k8sgen/pkg/util/validation
crypto/x509
github.com/spf13/pflag
github.com/google/uuid
mime/multipart
vendor/golang.org/x/net/http/httpguts
k8s.io/utils/net
net/mail
k8s.io/klog/v2
sigs.k8s.io/kustomize/kyaml/yaml/internal/k8sgen/pkg/labels
google.golang.org/protobuf/internal/encoding/tag
k8s.io/client-go/util/connrotation
sigs.k8s.io/kustomize/api/provenance
github.com/go-openapi/swag/fileutils
github.com/peterbourgon/diskv
k8s.io/apimachinery/pkg/util/mergepatch
k8s.io/apimachinery/third_party/forked/golang/json
k8s.io/apimachinery/pkg/runtime/serializer/cbor/internal/modes
google.golang.org/protobuf/internal/impl
k8s.io/component-base/version
k8s.io/kube-openapi/pkg/validation/strfmt
archive/zip
golang.org/x/net/http/httpguts
github.com/chai2010/gettext-go/mo
github.com/chai2010/gettext-go/po
github.com/MakeNowJust/heredoc
github.com/exponent-io/jsonpath
github.com/russross/blackfriday/v2
github.com/Masterminds/semver/v3
k8s.io/apimachinery/pkg/runtime/serializer/cbor/direct
k8s.io/apimachinery/pkg/util/validation
k8s.io/apimachinery/pkg/api/resource
k8s.io/apimachinery/pkg/util/intstr
k8s.io/apimachinery/pkg/labels
github.com/chai2010/gettext-go
sigs.k8s.io/structured-merge-diff/v6/value
github.com/google/shlex
google.golang.org/protobuf/internal/encoding/json
github.com/spf13/cobra
k8s.io/client-go/util/keyutil
crypto/tls
github.com/antlr4-go/antlr/v4
golang.org/x/text/internal/language
archive/tar
github.com/google/go-containerregistry/internal/retry
github.com/docker/docker-credential-helpers/credentials
github.com/google/go-containerregistry/pkg/name
github.com/sirupsen/logrus
github.com/bytecodealliance/wasmtime-go
github.com/google/go-containerregistry/internal/gzip
github.com/klauspost/compress/fse
k8s.io/kubectl/pkg/util/i18n
github.com/google/go-containerregistry/pkg/v1
github.com/google/go-containerregistry/pkg/logs
github.com/docker/docker-credential-helpers/client
google.golang.org/protobuf/encoding/protojson
github.com/opencontainers/image-spec/specs-go
github.com/opencontainers/image-spec/specs-go/v1
github.com/google/go-containerregistry/internal/redact
golang.org/x/oauth2/jws
github.com/prep/wasmexec
github.com/regclient/regclient/internal/conffile
github.com/docker/cli/cli/config/credentials
github.com/klauspost/compress/huff0
github.com/regclient/regclient/internal/timejson
github.com/docker/cli/cli/config/memorystore
github.com/google/go-containerregistry/pkg/v1/match
github.com/google/go-containerregistry/pkg/legacy
github.com/google/go-containerregistry/pkg/v1/stream
github.com/google/go-containerregistry/internal/verify
github.com/regclient/regclient/config
github.com/regclient/regclient/internal/pqueue
golang.org/x/text/internal/language/compact
github.com/docker/cli/cli/config/configfile
github.com/regclient/regclient/internal/units
github.com/regclient/regclient/internal/strparse
text/tabwriter
github.com/ulikunitz/xz/internal/xlog
github.com/regclient/regclient/types/platform
github.com/regclient/regclient/internal/limitread
sigs.k8s.io/structured-merge-diff/v6/fieldpath
github.com/regclient/regclient/internal/cache
golang.org/x/text/language
github.com/regclient/regclient/internal/version
github.com/regclient/regclient/internal/httplink
github.com/regclient/regclient/internal/regnet
github.com/regclient/regclient/types/warning
github.com/kptdev/krm-functions-sdk/go/fn/internal/docs
github.com/otiai10/copy
github.com/ulikunitz/xz/lzma
github.com/docker/cli/cli/config
github.com/pkg/errors
gopkg.in/yaml.v2
github.com/evanphx/json-patch/v5/internal/json
sigs.k8s.io/controller-runtime/pkg/log
github.com/pmezard/go-difflib/difflib
github.com/google/go-containerregistry/pkg/authn
k8s.io/utils/trace
github.com/klauspost/compress/zstd
gopkg.in/yaml.v3
runtime/trace
k8s.io/apimachinery/pkg/util/diff
github.com/regclient/regclient/types/descriptor
golang.org/x/text/internal/catmsg
golang.org/x/text/internal/number
golang.org/x/text/internal
golang.org/x/text/internal/format
sigs.k8s.io/cli-utils/pkg/multierror
github.com/regclient/regclient/types
github.com/regclient/regclient/types/oci/v1
golang.org/x/text/message/catalog
github.com/regclient/regclient/types/docker/schema2
testing
github.com/spyzhov/ajson
github.com/regclient/regclient/internal/sloghandle
github.com/jonboulle/clockwork
github.com/ulikunitz/xz
k8s.io/apimachinery/pkg/util/jsonmergepatch
k8s.io/kubectl/pkg/apps
golang.org/x/text/cases
k8s.io/kubectl/pkg/util/certificate
sigs.k8s.io/structured-merge-diff/v6/typed
github.com/cpuguy83/go-md2man/v2/md2man
golang.org/x/text/feature/plural
html/template
google.golang.org/protobuf/encoding/protodelim
github.com/prometheus/procfs/internal/fs
golang.org/x/text/message
github.com/evanphx/json-patch/v5
github.com/prometheus/procfs
go.opentelemetry.io/otel/attribute
go.opentelemetry.io/otel/codes
go.opentelemetry.io/otel/trace/internal/telemetry
k8s.io/component-base/metrics/api/v1
database/sql
k8s.io/component-base/logs/klogflags
google.golang.org/protobuf/internal/filetype
sigs.k8s.io/structured-merge-diff/v6/merge
k8s.io/client-go/applyconfigurations/internal
go.opentelemetry.io/otel/semconv/v1.40.0
github.com/stretchr/testify/assert/yaml
sigs.k8s.io/cli-utils/pkg/jsonpath
google.golang.org/protobuf/runtime/protoimpl
google.golang.org/protobuf/types/known/anypb
google.golang.org/protobuf/types/descriptorpb
google.golang.org/protobuf/types/known/durationpb
google.golang.org/protobuf/types/known/emptypb
google.golang.org/protobuf/types/known/structpb
google.golang.org/protobuf/types/dynamicpb
google.golang.org/protobuf/types/known/timestamppb
google.golang.org/protobuf/types/known/wrapperspb
google.golang.org/genproto/googleapis/rpc/status
github.com/google/gnostic-models/extensions
github.com/prometheus/client_model/go
github.com/google/cel-go/parser/gen
net/http/httptrace
k8s.io/client-go/util/cert
github.com/docker/libtrust
cel.dev/expr
k8s.io/component-base/cli/flag
google.golang.org/genproto/googleapis/api/expr/v1alpha1
net/http/internal/httpcommon
golang.org/x/net/internal/httpcommon
github.com/prometheus/common/model
github.com/regclient/regclient/pkg/archive
github.com/google/go-containerregistry/internal/zstd
net/http
github.com/google/go-containerregistry/internal/compression
google.golang.org/protobuf/internal/editionssupport
google.golang.org/protobuf/types/gofeaturespb
github.com/google/go-containerregistry/pkg/v1/partial
go.opentelemetry.io/otel/trace
github.com/regclient/regclient/types/docker/schema1
google.golang.org/protobuf/reflect/protodesc
github.com/google/go-containerregistry/pkg/v1/tarball
github.com/google/go-containerregistry/pkg/v1/empty
github.com/google/cel-go/checker/decls
github.com/google/cel-go/common
github.com/google/cel-go/common/types/pb
github.com/google/cel-go/common/types/ref
github.com/prometheus/client_golang/prometheus/internal
github.com/google/cel-go/common/types/traits
github.com/google/cel-go/common/functions
github.com/google/go-containerregistry/internal/windows
github.com/google/go-containerregistry/pkg/legacy/tarball
github.com/google/go-containerregistry/pkg/v1/mutate
github.com/google/go-containerregistry/pkg/v1/cache
github.com/google/cel-go/common/types
github.com/google/go-containerregistry/pkg/v1/layout
github.com/google/cel-go/common/decls
github.com/google/cel-go/common/ast
github.com/google/cel-go/common/env
github.com/google/cel-go/common/stdlib
github.com/google/cel-go/common/containers
github.com/google/cel-go/common/debug
github.com/google/cel-go/parser
github.com/google/cel-go/interpreter
github.com/google/cel-go/checker
k8s.io/apimachinery/pkg/util/runtime
github.com/go-openapi/swag/loading
github.com/regclient/regclient/types/ping
github.com/google/gnostic-models/compiler
golang.org/x/oauth2/internal
github.com/regclient/regclient/types/tag
github.com/regclient/regclient/types/manifest
cloud.google.com/go/compute/metadata
github.com/regclient/regclient/types/blob
github.com/google/go-containerregistry/pkg/v1/remote/internal/authchallenge
net/http/httputil
golang.org/x/net/http2
github.com/emicklei/go-restful/v3
github.com/regclient/regclient/internal/auth
github.com/regclient/regclient/types/repo
net/http/httptest
k8s.io/apimachinery/pkg/runtime
github.com/go-openapi/swag
k8s.io/client-go/features
golang.org/x/oauth2
k8s.io/apimachinery/pkg/util/wait
k8s.io/client-go/util/workqueue
github.com/google/gnostic-models/openapiv2
github.com/google/gnostic-models/openapiv3
github.com/regclient/regclient/internal/reghttp
github.com/stretchr/testify/assert
expvar
golang.org/x/oauth2/authhandler
k8s.io/client-go/third_party/forked/httpcache
github.com/google/go-containerregistry/pkg/v1/remote/transport
golang.org/x/oauth2/google/internal/impersonate
golang.org/x/oauth2/google/internal/stsexchange
golang.org/x/oauth2/jwt
github.com/regclient/regclient/types/referrer
github.com/prometheus/common/expfmt
golang.org/x/oauth2/google/externalaccount
github.com/google/cel-go/cel
golang.org/x/oauth2/google/internal/externalaccountauthorizeduser
github.com/prometheus/client_golang/internal/github.com/golang/gddo/httputil/header
github.com/regclient/regclient/scheme
github.com/google/go-containerregistry/pkg/v1/remote
github.com/prometheus/client_golang/internal/github.com/golang/gddo/httputil
github.com/regclient/regclient/scheme/ocidir
github.com/regclient/regclient/scheme/reg
golang.org/x/oauth2/google
github.com/prometheus/client_golang/prometheus
github.com/stretchr/testify/require
k8s.io/apimachinery/pkg/runtime/serializer/streaming
k8s.io/client-go/tools/clientcmd/api
k8s.io/apimachinery/pkg/runtime/serializer/recognizer
github.com/google/go-containerregistry/pkg/v1/google
k8s.io/client-go/tools/clientcmd/api/v1
github.com/regclient/regclient
github.com/google/go-containerregistry/pkg/crane
github.com/prep/wasmexec/wasmtimexec
k8s.io/apimachinery/pkg/util/net
github.com/google/go-containerregistry/pkg/gcrane
github.com/google/cel-go/ext
k8s.io/apimachinery/pkg/watch
k8s.io/client-go/transport
github.com/kptdev/kpt/pkg/oci
k8s.io/apimachinery/pkg/apis/meta/v1
github.com/prometheus/client_golang/prometheus/promhttp
github.com/prometheus/client_golang/prometheus/collectors
k8s.io/component-base/metrics/prometheusextension
k8s.io/kube-openapi/pkg/validation/spec
github.com/kptdev/kpt/pkg/wasm
k8s.io/kube-openapi/pkg/util/proto/testing
k8s.io/kube-openapi/pkg/util/proto
k8s.io/kube-openapi/pkg/util/proto/validation
k8s.io/component-base/metrics
k8s.io/kube-openapi/pkg/schemaconv
k8s.io/kube-openapi/pkg/validation/validate
sigs.k8s.io/kustomize/kyaml/yaml
k8s.io/kube-openapi/pkg/spec3
k8s.io/kube-openapi/pkg/common
k8s.io/kube-openapi/pkg/handler3
sigs.k8s.io/kustomize/kyaml/kio/kioutil
sigs.k8s.io/kustomize/kyaml/order
sigs.k8s.io/kustomize/kyaml/openapi
github.com/kptdev/kpt/api/resourcegroup/v1alpha1
sigs.k8s.io/kustomize/api/hasher
github.com/kptdev/kpt/pkg/lib/runneroptions
sigs.k8s.io/kustomize/api/filters/filtersutil
github.com/kptdev/krm-functions-sdk/go/fn/internal
sigs.k8s.io/kustomize/kyaml/kio
sigs.k8s.io/kustomize/kyaml/fieldmeta
sigs.k8s.io/kustomize/kyaml/yaml/schema
sigs.k8s.io/kustomize/kyaml/resid
sigs.k8s.io/kustomize/api/types
k8s.io/component-base/metrics/legacyregistry
sigs.k8s.io/kustomize/kyaml/yaml/walk
k8s.io/apimachinery/pkg/api/errors
k8s.io/api/apidiscovery/v2beta1
k8s.io/api/apidiscovery/v2
k8s.io/api/apiserverinternal/v1alpha1
k8s.io/api/authorization/v1
k8s.io/api/certificates/v1alpha1
k8s.io/api/authentication/v1
k8s.io/apimachinery/pkg/apis/meta/v1/unstructured
k8s.io/api/admissionregistration/v1
k8s.io/api/coordination/v1
k8s.io/apimachinery/pkg/api/meta
k8s.io/api/core/v1
k8s.io/apimachinery/pkg/api/equality
k8s.io/api/flowcontrol/v1
k8s.io/api/flowcontrol/v1beta1
github.com/kptdev/kpt/pkg/lib/util/attribution
sigs.k8s.io/kustomize/kyaml/comments
sigs.k8s.io/kustomize/kyaml/yaml/merge2
sigs.k8s.io/kustomize/kyaml/yaml/merge3
k8s.io/api/coordination/v1alpha2
k8s.io/api/coordination/v1beta1
k8s.io/apimachinery/pkg/runtime/serializer/versioning
k8s.io/apimachinery/pkg/api/validate
k8s.io/api/flowcontrol/v1beta2
k8s.io/api/flowcontrol/v1beta3
sigs.k8s.io/kustomize/kyaml/fn/runtime/runtimeutil
k8s.io/api/policy/v1
sigs.k8s.io/kustomize/kyaml/kio/filters
k8s.io/api/policy/v1beta1
k8s.io/api/authentication/v1alpha1
k8s.io/cli-runtime/pkg/printers
k8s.io/apimachinery/pkg/runtime/serializer/json
k8s.io/apimachinery/pkg/runtime/serializer/protobuf
k8s.io/api/authentication/v1beta1
k8s.io/api/authorization/v1beta1
sigs.k8s.io/kustomize/kyaml/fn/framework
k8s.io/api/rbac/v1
k8s.io/api/rbac/v1alpha1
k8s.io/api/rbac/v1beta1
k8s.io/apimachinery/pkg/apis/meta/v1/unstructured/unstructuredscheme
k8s.io/apimachinery/pkg/runtime/serializer
k8s.io/api/resource/v1alpha3
k8s.io/api/scheduling/v1alpha2
k8s.io/api/storagemigration/v1beta1
k8s.io/apimachinery/pkg/apis/meta/v1/validation
k8s.io/apimachinery/pkg/runtime/serializer/cbor
k8s.io/client-go/pkg/apis/clientauthentication
k8s.io/client-go/rest/watch
github.com/kptdev/kpt/api/fnresult/v1
k8s.io/client-go/pkg/apis/clientauthentication/v1
sigs.k8s.io/kustomize/api/filters/fieldspec
k8s.io/client-go/pkg/apis/clientauthentication/v1beta1
k8s.io/apimachinery/pkg/api/validation
sigs.k8s.io/kustomize/api/filters/fsslice
github.com/kptdev/kpt/api/kptfile/v1
sigs.k8s.io/kustomize/api/filters/iampolicygenerator
sigs.k8s.io/kustomize/api/konfig
sigs.k8s.io/kustomize/api/filters/annotations
sigs.k8s.io/kustomize/api/filters/labels
sigs.k8s.io/kustomize/api/filters/namespace
sigs.k8s.io/kustomize/api/internal/utils
k8s.io/client-go/pkg/apis/clientauthentication/install
sigs.k8s.io/kustomize/api/filters/patchjson6902
sigs.k8s.io/kustomize/api/filters/prefix
k8s.io/apimachinery/pkg/util/managedfields/internal
sigs.k8s.io/kustomize/api/filters/imagetag
sigs.k8s.io/kustomize/api/filters/patchstrategicmerge
sigs.k8s.io/kustomize/api/ifc
sigs.k8s.io/kustomize/api/internal/git
k8s.io/client-go/plugin/pkg/client/auth/exec
sigs.k8s.io/kustomize/api/filters/replicacount
sigs.k8s.io/kustomize/api/filters/suffix
sigs.k8s.io/kustomize/api/filters/valueadd
sigs.k8s.io/kustomize/api/internal/generators
sigs.k8s.io/kustomize/kyaml/fn/runtime/exec
sigs.k8s.io/kustomize/api/filters/refvar
github.com/kptdev/kpt/pkg/lib/errors
sigs.k8s.io/kustomize/api/internal/plugins/builtinconfig
sigs.k8s.io/kustomize/api/internal/validate
k8s.io/client-go/tools/clientcmd/api/latest
sigs.k8s.io/kustomize/api/internal/loader
k8s.io/apimachinery/pkg/util/strategicpatch
k8s.io/apimachinery/pkg/api/meta/testrestmapper
k8s.io/api/admissionregistration/v1alpha1
k8s.io/api/admissionregistration/v1beta1
k8s.io/api/admission/v1
sigs.k8s.io/kustomize/api/resource
sigs.k8s.io/kustomize/api/kv
sigs.k8s.io/kustomize/kyaml/fn/runtime/container
github.com/kptdev/kpt/pkg/lib/util/git
k8s.io/api/admission/v1beta1
k8s.io/api/imagepolicy/v1alpha1
k8s.io/apimachinery/pkg/apis/meta/v1beta1
k8s.io/kubectl/pkg/util/term
github.com/kptdev/kpt/pkg/fn
github.com/kptdev/kpt/pkg/kptfile/kptfileutil
sigs.k8s.io/kustomize/kyaml/runfn
github.com/kptdev/kpt/pkg/lib/builtins/builtintypes
github.com/kptdev/kpt/pkg/lib/builtins
github.com/kptdev/kpt/pkg/lib/util/addmergecomment
k8s.io/client-go/rest
sigs.k8s.io/kustomize/api/filters/replacement
sigs.k8s.io/kustomize/api/resmap
sigs.k8s.io/kustomize/api/provider
github.com/kptdev/kpt/pkg/lib/pkg
k8s.io/kubectl/pkg/util/templates
github.com/kptdev/krm-functions-sdk/go/fn
k8s.io/apimachinery/pkg/apis/meta/internalversion
k8s.io/client-go/util/consistencydetector
sigs.k8s.io/cli-utils/pkg/apis/actuation
k8s.io/client-go/util/csaupgrade
k8s.io/kubectl/pkg/util/fieldpath
k8s.io/kubectl/pkg/util/rbac
k8s.io/kubectl/pkg/util/prune
github.com/kptdev/kpt/commands/alpha/wasm/pull
github.com/kptdev/kpt/commands/alpha/wasm/push
k8s.io/client-go/tools/pager
sigs.k8s.io/kustomize/api/internal/builtins
sigs.k8s.io/kustomize/api/internal/plugins/utils
sigs.k8s.io/kustomize/api/filters/nameref
k8s.io/apimachinery/pkg/apis/meta/internalversion/scheme
k8s.io/apimachinery/pkg/util/managedfields
github.com/kptdev/kpt/pkg/lib/util/stack
github.com/kptdev/kpt/pkg/printer
k8s.io/apimachinery/pkg/apis/meta/internalversion/validation
github.com/kptdev/kpt/commands/alpha/wasm
github.com/kptdev/kpt/pkg/lib/util/man
k8s.io/component-base/metrics/prometheus/feature
sigs.k8s.io/kustomize/api/internal/plugins/execplugin
sigs.k8s.io/kustomize/api/internal/plugins/fnplugin
github.com/kptdev/kpt/internal/gitutil
github.com/kptdev/kpt/pkg/fn/runtime
sigs.k8s.io/kustomize/api/internal/accumulator
k8s.io/client-go/util/watchlist
github.com/kptdev/kpt/pkg/lib/util/args
github.com/kptdev/kpt/thirdparty/cmdconfig/commands/runner
github.com/kptdev/kpt/pkg/kptpkg
k8s.io/component-base/featuregate
github.com/kptdev/kpt/thirdparty/cmdconfig/commands/cmdcat
github.com/kptdev/kpt/thirdparty/cmdconfig/commands/cmdtree
github.com/kptdev/kpt/pkg/lib/util/fetch
github.com/kptdev/kpt/pkg/lib/util/parse
sigs.k8s.io/kustomize/api/internal/plugins/builtinhelpers
sigs.k8s.io/kustomize/api/internal/plugins/loader
github.com/kptdev/kpt/pkg/lib/update/merge3
k8s.io/client-go/openapi
k8s.io/client-go/util/apply
k8s.io/client-go/tools/auth
k8s.io/client-go/testing
github.com/kptdev/kpt/pkg/lib/pkg/diff
k8s.io/client-go/metadata
k8s.io/client-go/rest/fake
k8s.io/kubectl/pkg/rawhttp
sigs.k8s.io/cli-utils/pkg/flowcontrol
k8s.io/client-go/tools/cache
k8s.io/client-go/dynamic
k8s.io/client-go/plugin/pkg/client/auth/azure
k8s.io/client-go/plugin/pkg/client/auth/gcp
k8s.io/client-go/plugin/pkg/client/auth/oidc
k8s.io/client-go/tools/clientcmd
sigs.k8s.io/kustomize/api/internal/target
k8s.io/component-base/logs/api/v1
github.com/kptdev/kpt/pkg/lib/update
k8s.io/client-go/plugin/pkg/client/auth
github.com/kptdev/kpt/thirdparty/kyaml/runfn
sigs.k8s.io/kustomize/api/krusty
k8s.io/client-go/openapi3
k8s.io/client-go/openapi/cached
k8s.io/client-go/openapi/openapitest
github.com/kptdev/kpt/pkg/lib/kptops
k8s.io/component-base/logs
k8s.io/component-base/cli
k8s.io/client-go/dynamic/fake
k8s.io/client-go/gentype
github.com/kptdev/kpt/pkg/lib/util/get
k8s.io/client-go/tools/watch
k8s.io/api/apps/v1
k8s.io/api/autoscaling/v1
k8s.io/api/apps/v1beta1
k8s.io/api/autoscaling/v2
k8s.io/api/discovery/v1
k8s.io/api/events/v1beta1
k8s.io/api/certificates/v1
k8s.io/api/batch/v1
k8s.io/api/events/v1
k8s.io/api/discovery/v1beta1
k8s.io/api/apps/v1beta2
k8s.io/api/certificates/v1beta1
k8s.io/api/networking/v1
k8s.io/api/networking/v1beta1
k8s.io/api/node/v1
k8s.io/api/node/v1alpha1
k8s.io/api/node/v1beta1
k8s.io/api/resource/v1
k8s.io/api/resource/v1beta1
k8s.io/api/resource/v1beta2
k8s.io/api/scheduling/v1
k8s.io/api/scheduling/v1beta1
k8s.io/api/storage/v1
k8s.io/api/storage/v1alpha1
k8s.io/api/storage/v1beta1
k8s.io/client-go/tools/reference
sigs.k8s.io/cli-utils/pkg/kstatus/status
k8s.io/kubectl/pkg/util
k8s.io/client-go/scale/scheme
k8s.io/kubectl/pkg/cmd/util/podcmd
k8s.io/component-helpers/resource
k8s.io/api/batch/v1beta1
k8s.io/client-go/scale/scheme/autoscalingv1
k8s.io/api/extensions/v1beta1
k8s.io/client-go/scale/scheme/appsv1beta1
k8s.io/kubectl/pkg/util/event
k8s.io/kubectl/pkg/util/qos
k8s.io/kubectl/pkg/util/resource
k8s.io/kubectl/pkg/util/storage
k8s.io/kubectl/pkg/util/podutils
k8s.io/client-go/scale/scheme/appsint
k8s.io/client-go/scale/scheme/appsv1beta2
k8s.io/client-go/scale/scheme/extensionsint
k8s.io/client-go/scale/scheme/extensionsv1beta1
k8s.io/client-go/kubernetes/scheme
k8s.io/client-go/discovery
k8s.io/client-go/kubernetes/typed/authentication/v1
k8s.io/client-go/kubernetes/typed/authorization/v1beta1
k8s.io/client-go/kubernetes/typed/authentication/v1beta1
k8s.io/kubectl/pkg/scheme
k8s.io/client-go/kubernetes/typed/authentication/v1alpha1
k8s.io/client-go/kubernetes/typed/authorization/v1
k8s.io/client-go/discovery/cached/memory
k8s.io/client-go/restmapper
k8s.io/kubectl/pkg/util/openapi
k8s.io/client-go/scale
k8s.io/client-go/applyconfigurations/meta/v1
k8s.io/kubectl/pkg/util/openapi/testing
k8s.io/client-go/discovery/cached/disk
sigs.k8s.io/controller-runtime/pkg/client/apiutil
k8s.io/cli-runtime/pkg/resource
k8s.io/client-go/applyconfigurations/certificates/v1alpha1
k8s.io/client-go/applyconfigurations/coordination/v1alpha2
k8s.io/client-go/applyconfigurations/autoscaling/v1
k8s.io/client-go/applyconfigurations/certificates/v1
k8s.io/client-go/applyconfigurations/coordination/v1
k8s.io/client-go/applyconfigurations/coordination/v1beta1
k8s.io/client-go/applyconfigurations/certificates/v1beta1
k8s.io/client-go/applyconfigurations/apiserverinternal/v1alpha1
k8s.io/client-go/applyconfigurations/flowcontrol/v1
k8s.io/client-go/applyconfigurations/autoscaling/v2
k8s.io/client-go/applyconfigurations/flowcontrol/v1beta1
k8s.io/client-go/applyconfigurations/admissionregistration/v1
k8s.io/client-go/applyconfigurations/flowcontrol/v1beta2
k8s.io/client-go/applyconfigurations/core/v1
k8s.io/client-go/applyconfigurations/flowcontrol/v1beta3
k8s.io/client-go/kubernetes/typed/coordination/v1alpha2
k8s.io/client-go/kubernetes/typed/certificates/v1alpha1
k8s.io/client-go/kubernetes/typed/apiserverinternal/v1alpha1
k8s.io/client-go/kubernetes/typed/coordination/v1
k8s.io/client-go/kubernetes/typed/coordination/v1beta1
k8s.io/client-go/kubernetes/typed/autoscaling/v2
k8s.io/client-go/kubernetes/typed/flowcontrol/v1beta1
k8s.io/client-go/kubernetes/typed/certificates/v1
k8s.io/client-go/kubernetes/typed/flowcontrol/v1beta2
k8s.io/client-go/kubernetes/typed/autoscaling/v1
k8s.io/client-go/kubernetes/typed/certificates/v1beta1
k8s.io/client-go/kubernetes/typed/flowcontrol/v1
k8s.io/client-go/applyconfigurations/policy/v1
k8s.io/client-go/applyconfigurations/policy/v1beta1
k8s.io/client-go/applyconfigurations/rbac/v1
k8s.io/client-go/kubernetes/typed/flowcontrol/v1beta3
k8s.io/client-go/kubernetes/typed/admissionregistration/v1
k8s.io/client-go/applyconfigurations/admissionregistration/v1alpha1
k8s.io/client-go/applyconfigurations/admissionregistration/v1beta1
k8s.io/client-go/applyconfigurations/rbac/v1alpha1
k8s.io/client-go/applyconfigurations/rbac/v1beta1
k8s.io/client-go/applyconfigurations/resource/v1alpha3
k8s.io/client-go/applyconfigurations/scheduling/v1
k8s.io/client-go/applyconfigurations/scheduling/v1alpha2
k8s.io/cli-runtime/pkg/genericclioptions
k8s.io/client-go/kubernetes/typed/policy/v1beta1
k8s.io/client-go/applyconfigurations/scheduling/v1beta1
k8s.io/client-go/applyconfigurations/storagemigration/v1beta1
k8s.io/client-go/kubernetes/typed/policy/v1
k8s.io/kubectl/pkg/validation
k8s.io/client-go/kubernetes/typed/resource/v1alpha3
k8s.io/client-go/kubernetes/typed/rbac/v1
k8s.io/client-go/kubernetes/typed/rbac/v1alpha1
k8s.io/client-go/kubernetes/typed/scheduling/v1
k8s.io/client-go/kubernetes/typed/rbac/v1beta1
sigs.k8s.io/cli-utils/pkg/object
sigs.k8s.io/controller-runtime/pkg/client
k8s.io/client-go/kubernetes/typed/admissionregistration/v1alpha1
k8s.io/client-go/kubernetes/typed/scheduling/v1alpha2
k8s.io/client-go/kubernetes/typed/scheduling/v1beta1
k8s.io/client-go/kubernetes/typed/storagemigration/v1beta1
k8s.io/client-go/kubernetes/typed/admissionregistration/v1beta1
github.com/kptdev/kpt/pkg/lib/util/cfgflags
sigs.k8s.io/cli-utils/pkg/kstatus/polling/event
sigs.k8s.io/cli-utils/pkg/apply/cache
sigs.k8s.io/cli-utils/pkg/object/dependson
sigs.k8s.io/cli-utils/pkg/object/mutation
sigs.k8s.io/cli-utils/pkg/object/validation
sigs.k8s.io/cli-utils/pkg/ordering
sigs.k8s.io/cli-utils/pkg/apply/info
sigs.k8s.io/cli-utils/pkg/apply/event
sigs.k8s.io/cli-utils/pkg/kstatus/polling/collector
sigs.k8s.io/cli-utils/pkg/kstatus/polling/aggregator
sigs.k8s.io/cli-utils/pkg/apply/mutator
sigs.k8s.io/cli-utils/pkg/object/graph
sigs.k8s.io/cli-utils/pkg/print/stats
sigs.k8s.io/cli-utils/cmd/status/printers/printer
sigs.k8s.io/cli-utils/pkg/print/common
sigs.k8s.io/cli-utils/pkg/print/table
k8s.io/client-go/kubernetes/typed/core/v1
k8s.io/client-go/applyconfigurations/batch/v1
k8s.io/client-go/applyconfigurations/apps/v1
k8s.io/client-go/applyconfigurations/discovery/v1
k8s.io/client-go/applyconfigurations/discovery/v1beta1
k8s.io/client-go/applyconfigurations/events/v1
k8s.io/client-go/applyconfigurations/events/v1beta1
k8s.io/client-go/applyconfigurations/apps/v1beta2
k8s.io/client-go/applyconfigurations/apps/v1beta1
k8s.io/client-go/applyconfigurations/networking/v1
k8s.io/client-go/applyconfigurations/node/v1
k8s.io/client-go/applyconfigurations/extensions/v1beta1
k8s.io/client-go/applyconfigurations/networking/v1beta1
k8s.io/client-go/applyconfigurations/node/v1alpha1
k8s.io/client-go/applyconfigurations/node/v1beta1
k8s.io/client-go/kubernetes/typed/discovery/v1
k8s.io/client-go/kubernetes/typed/events/v1beta1
k8s.io/client-go/kubernetes/typed/node/v1
k8s.io/client-go/kubernetes/typed/node/v1alpha1
k8s.io/client-go/kubernetes/typed/events/v1
k8s.io/client-go/applyconfigurations/resource/v1
k8s.io/client-go/kubernetes/typed/discovery/v1beta1
k8s.io/client-go/kubernetes/typed/networking/v1beta1
k8s.io/client-go/kubernetes/typed/batch/v1
k8s.io/client-go/applyconfigurations/batch/v1beta1
k8s.io/client-go/kubernetes/typed/networking/v1
k8s.io/client-go/kubernetes/typed/node/v1beta1
k8s.io/client-go/applyconfigurations/resource/v1beta1
k8s.io/client-go/applyconfigurations/storage/v1
k8s.io/client-go/applyconfigurations/resource/v1beta2
k8s.io/client-go/kubernetes/typed/apps/v1beta2
k8s.io/client-go/kubernetes/typed/apps/v1
k8s.io/client-go/applyconfigurations/storage/v1alpha1
k8s.io/client-go/applyconfigurations/storage/v1beta1
k8s.io/client-go/kubernetes/typed/apps/v1beta1
k8s.io/client-go/kubernetes/typed/extensions/v1beta1
sigs.k8s.io/cli-utils/pkg/kstatus/polling/engine
sigs.k8s.io/cli-utils/pkg/kstatus/polling/clusterreader/fake
k8s.io/client-go/kubernetes/typed/batch/v1beta1
sigs.k8s.io/cli-utils/pkg/kstatus/polling/clusterreader
sigs.k8s.io/cli-utils/pkg/kstatus/polling/statusreaders
sigs.k8s.io/cli-utils/cmd/status/printers/table
k8s.io/client-go/kubernetes/typed/resource/v1
k8s.io/client-go/kubernetes/typed/storage/v1alpha1
sigs.k8s.io/cli-utils/pkg/kstatus/watcher
k8s.io/client-go/kubernetes/typed/storage/v1
k8s.io/client-go/kubernetes/typed/resource/v1beta2
k8s.io/client-go/kubernetes/typed/resource/v1beta1
k8s.io/kubectl/pkg/util/deployment
k8s.io/client-go/kubernetes/typed/storage/v1beta1
k8s.io/client-go/kubernetes
k8s.io/client-go/util/certificate/csr
k8s.io/kubectl/pkg/cmd/util
k8s.io/kubectl/pkg/describe
sigs.k8s.io/cli-utils/pkg/common
sigs.k8s.io/cli-utils/pkg/kstatus/polling
k8s.io/kubectl/pkg/cmd/testing
k8s.io/kubectl/pkg/cmd/util/editor
k8s.io/kubectl/pkg/cmd/apiresources
github.com/kptdev/kpt/commands/util
k8s.io/kubectl/pkg/cmd/get
sigs.k8s.io/cli-utils/pkg/print/list
sigs.k8s.io/cli-utils/pkg/printers/printer
sigs.k8s.io/cli-utils/pkg/config
github.com/kptdev/kpt/pkg/printer/table
sigs.k8s.io/cli-utils/pkg/printers/table
sigs.k8s.io/cli-utils/pkg/printers/events
sigs.k8s.io/cli-utils/pkg/printers/json
sigs.k8s.io/cli-utils/cmd/status/printers/event
sigs.k8s.io/cli-utils/cmd/status/printers/json
sigs.k8s.io/cli-utils/pkg/printers
sigs.k8s.io/cli-utils/cmd/status/printers
sigs.k8s.io/cli-utils/pkg/apply/poller
github.com/kptdev/kpt/pkg/status
github.com/kptdev/kpt/commands/live/init
sigs.k8s.io/cli-utils/pkg/inventory
k8s.io/kubectl/pkg/cmd/wait
sigs.k8s.io/cli-utils/cmd/flagutils
sigs.k8s.io/cli-utils/pkg/apply/taskrunner
sigs.k8s.io/cli-utils/pkg/manifestreader
sigs.k8s.io/cli-utils/pkg/apply/filter
k8s.io/kubectl/pkg/polymorphichelpers
sigs.k8s.io/cli-utils/pkg/apply/prune
sigs.k8s.io/cli-utils/cmd/status
github.com/kptdev/kpt/pkg/live
k8s.io/kubectl/pkg/util/completion
github.com/kptdev/kpt/pkg/lib/util/cmdutil
github.com/kptdev/kpt/commands/live/installrg
github.com/kptdev/kpt/commands/live/migrate
github.com/kptdev/kpt/commands/live/status
k8s.io/kubectl/pkg/cmd/delete
github.com/kptdev/kpt/commands/fn/doc
github.com/kptdev/kpt/thirdparty/cmdconfig/commands/cmdsink
github.com/kptdev/kpt/thirdparty/cmdconfig/commands/cmdsource
github.com/kptdev/kpt/pkg/lib/errors/resolver
github.com/kptdev/kpt/commands/pkg/diff
github.com/kptdev/kpt/commands/pkg/update
github.com/kptdev/kpt/commands/fn/render
github.com/kptdev/kpt/commands/pkg/init
github.com/kptdev/kpt/commands/pkg/get
github.com/kptdev/kpt/thirdparty/cmdconfig/commands/cmdeval
github.com/kptdev/kpt/commands/pkg
github.com/kptdev/kpt/commands/fn
k8s.io/kubectl/pkg/cmd/apply
sigs.k8s.io/cli-utils/pkg/apply/task
sigs.k8s.io/cli-utils/pkg/apply/solver
sigs.k8s.io/cli-utils/pkg/apply
github.com/kptdev/kpt/pkg/live/planner
github.com/kptdev/kpt/commands/live/destroy
github.com/kptdev/kpt/commands/live/apply
github.com/kptdev/kpt/commands/alpha/live/plan
github.com/kptdev/kpt/commands/live
github.com/kptdev/kpt/commands/alpha/live
github.com/kptdev/kpt/commands/alpha
github.com/kptdev/kpt/commands
github.com/kptdev/kpt/run
github.com/kptdev/kpt
