level=info msg="Starting prematerial attestors stage..."
level=info msg="Starting git attestor..."
level=info msg="Starting environment attestor..."
level=info msg="Finished environment attestor... (8.742e-05s)"
level=info msg="Finished git attestor... (0.044474336s)"
level=info msg="Completed prematerial attestors stage..."
level=info msg="Starting material attestors stage..."
level=info msg="Starting material attestor..."
level=info msg="Finished material attestor... (0.522808965s)"
level=info msg="Completed material attestors stage..."
level=info msg="Starting execute attestors stage..."
level=info msg="Starting command-run attestor..."
level=info msg="Using tracer: ebpf for command-run"
+ date +%Y
+ go env GOPATH
+ date +development-%Y-%m-%dT%H:%M:%S
+ uname -s
go build -ldflags "-X github.com/kptdev/kpt/run.version=development-2026-09-07T08:43:48 -extldflags '-z noexecstack' " -o /home/jake/go/bin/kpt -v .
+ go build -ldflags '-X github.com/kptdev/kpt/run.version=development-2026-09-07T08:43:48 -extldflags '\''-z noexecstack'\'' ' -o /home/jake/go/bin/kpt -v .
go: downloading github.com/kptdev/kpt/api v1.0.0
go: downloading github.com/go-errors/errors v1.5.1
go: downloading k8s.io/kubectl v0.36.1
go: downloading github.com/spf13/cobra v1.10.2
go: downloading k8s.io/klog/v2 v2.140.0
go: downloading k8s.io/component-base v0.36.1
go: downloading k8s.io/client-go v0.36.1
go: downloading k8s.io/cli-runtime v0.36.1
go: downloading sigs.k8s.io/kustomize/kyaml v0.21.1
go: downloading sigs.k8s.io/cli-utils v0.37.2
go: downloading k8s.io/apimachinery v0.36.1
go: downloading github.com/regclient/regclient v0.11.5
go: downloading github.com/Masterminds/semver/v3 v3.5.0
go: downloading github.com/bytecodealliance/wasmtime-go v1.0.0
go: downloading github.com/distribution/reference v0.6.0
go: downloading github.com/google/shlex v0.0.0-20191202100458-e7afc7fbc510
go: downloading github.com/prep/wasmexec v0.0.0-20220807105708-6554945c1dec
go: downloading github.com/spf13/pflag v1.0.10
go: downloading github.com/kptdev/krm-functions-sdk/go/fn v1.1.1
go: downloading gopkg.in/yaml.v2 v2.4.0
go: downloading github.com/go-logr/logr v1.4.3
go: downloading k8s.io/api v0.36.1
go: downloading sigs.k8s.io/controller-runtime v0.24.1
go: downloading github.com/google/uuid v1.6.0
go: downloading gopkg.in/evanphx/json-patch.v4 v4.13.0
go: downloading k8s.io/utils v0.0.0-20260507154919-ff6756f316d2
go: downloading github.com/google/gnostic-models v0.7.1
go: downloading go.yaml.in/yaml/v2 v2.4.4
go: downloading golang.org/x/sync v0.20.0
go: downloading golang.org/x/text v0.37.0
go: downloading k8s.io/kube-openapi v0.0.0-20260520065146-aa012df4f4af
go: downloading sigs.k8s.io/kustomize/api v0.21.1
go: downloading sigs.k8s.io/yaml v1.6.0
go: downloading github.com/xlab/treeprint v1.2.0
go: downloading github.com/monochromegane/go-gitignore v0.0.0-20200626010858-205db1a8cc00
go: downloading go.yaml.in/yaml/v3 v3.0.4
go: downloading github.com/davecgh/go-spew v1.1.2-0.20180830191138-d8f796af33cc
go: downloading github.com/sergi/go-diff v1.4.0
go: downloading github.com/google/cel-go v0.28.1
go: downloading github.com/google/go-containerregistry v0.21.6
go: downloading github.com/opencontainers/go-digest v1.0.0
go: downloading github.com/otiai10/copy v1.14.1
go: downloading github.com/pkg/errors v0.9.1
go: downloading sigs.k8s.io/randfill v1.0.0
go: downloading sigs.k8s.io/json v0.0.0-20250730193827-2d320260d730
go: downloading github.com/liggitt/tabwriter v0.0.0-20181228230101-89fcab3d43de
go: downloading github.com/moby/term v0.5.2
go: downloading sigs.k8s.io/structured-merge-diff/v6 v6.4.0
go: downloading github.com/sirupsen/logrus v1.9.4
go: downloading google.golang.org/protobuf v1.36.12-0.20260120151049-f2248ac996af
go: downloading golang.org/x/sys v0.45.0
go: downloading github.com/evanphx/json-patch/v5 v5.9.11
go: downloading github.com/peterbourgon/diskv v2.0.1+incompatible
go: downloading github.com/munnerz/goautoneg v0.0.0-20191010083416-a7dc8b61c822
go: downloading golang.org/x/net v0.54.0
go: downloading golang.org/x/term v0.43.0
go: downloading github.com/stretchr/testify v1.11.1
go: downloading cel.dev/expr v0.25.1
go: downloading google.golang.org/genproto/googleapis/api v0.0.0-20260128011058-8636f8732409
go: downloading gopkg.in/inf.v0 v0.9.1
go: downloading github.com/klauspost/compress v1.18.6
go: downloading github.com/ulikunitz/xz v0.5.15
go: downloading github.com/opencontainers/image-spec v1.1.1
go: downloading github.com/chai2010/gettext-go v1.0.3
go: downloading github.com/MakeNowJust/heredoc v1.0.0
go: downloading github.com/mitchellh/go-wordwrap v1.0.1
go: downloading github.com/exponent-io/jsonpath v0.0.0-20210407135951-1de76d718b3f
go: downloading github.com/russross/blackfriday/v2 v2.1.0
go: downloading golang.org/x/oauth2 v0.36.0
go: downloading github.com/fxamacker/cbor/v2 v2.9.2
go: downloading golang.org/x/time v0.15.0
go: downloading github.com/google/btree v1.1.3
go: downloading github.com/json-iterator/go v1.1.12
go: downloading github.com/blang/semver/v4 v4.0.0
go: downloading github.com/antlr4-go/antlr/v4 v4.13.1
go: downloading github.com/go-openapi/swag v0.26.0
go: downloading github.com/go-openapi/jsonreference v0.21.5
go: downloading google.golang.org/genproto/googleapis/rpc v0.0.0-20260128011058-8636f8732409
go: downloading github.com/pmezard/go-difflib v1.0.1-0.20181226105442-5d4384ee4fb2
go: downloading github.com/docker/libtrust v0.0.0-20160708172513-aabc10ec26b7
go: downloading github.com/docker/cli v29.5.2+incompatible
go: downloading github.com/cpuguy83/go-md2man/v2 v2.0.7
go: downloading github.com/emicklei/go-restful/v3 v3.13.0
go: downloading github.com/go-openapi/swag/cmdutils v0.26.0
go: downloading github.com/go-openapi/swag/conv v0.26.0
go: downloading github.com/go-openapi/swag/fileutils v0.26.0
go: downloading github.com/go-openapi/swag/jsonname v0.26.0
go: downloading github.com/go-openapi/swag/jsonutils v0.26.0
go: downloading github.com/go-openapi/swag/loading v0.26.0
go: downloading github.com/go-openapi/swag/mangling v0.26.0
go: downloading github.com/go-openapi/swag/netutils v0.26.0
go: downloading github.com/go-openapi/swag/stringutils v0.26.0
go: downloading github.com/go-openapi/swag/typeutils v0.26.0
go: downloading github.com/go-openapi/swag/yamlutils v0.26.0
go: downloading github.com/go-openapi/jsonpointer v0.23.1
go: downloading github.com/x448/float16 v0.8.4
go: downloading golang.org/x/exp v0.0.0-20251219203646-944ab1f22d93
go: downloading github.com/spyzhov/ajson v0.9.6
go: downloading gopkg.in/yaml.v3 v3.0.1
go: downloading cloud.google.com/go/compute/metadata v0.9.0
go: downloading github.com/modern-go/concurrent v0.0.0-20180306012644-bacd9c7ef1dd
go: downloading github.com/modern-go/reflect2 v1.0.3-0.20250322232337-35a7c28c31ee
go: downloading github.com/prometheus/client_golang v1.23.2
go: downloading github.com/prometheus/client_model v0.6.2
go: downloading github.com/prometheus/procfs v0.20.1
go: downloading go.opentelemetry.io/otel/trace v1.43.0
go: downloading github.com/jonboulle/clockwork v0.5.0
go: downloading k8s.io/component-helpers v0.36.1
go: downloading github.com/fatih/camelcase v1.0.0
go: downloading go.opentelemetry.io/otel v1.43.0
go: downloading github.com/prometheus/common v0.67.5
go: downloading github.com/beorn7/perks v1.0.1
go: downloading github.com/cespare/xxhash/v2 v2.3.0
go: downloading github.com/docker/docker-credential-helpers v0.9.7
internal/goarch
internal/unsafeheader
internal/byteorder
internal/coverage/rtcov
internal/godebugs
internal/goos
math/bits
internal/profilerecord
internal/msan
internal/runtime/pprof/label
cmp
internal/trace/tracev2
internal/goexperiment
internal/asan
internal/cpu
sync/atomic
unicode/utf8
encoding
unicode
internal/abi
internal/runtime/syscall/linux
internal/runtime/atomic
internal/runtime/gc
internal/runtime/sys
internal/runtime/math
unicode/utf16
github.com/go-openapi/swag/cmdutils
crypto/internal/fips140/alias
crypto/internal/fips140deps/byteorder
crypto/internal/constanttime
crypto/internal/boring/sig
log/internal
internal/nettrace
container/list
internal/strconv
vendor/golang.org/x/crypto/cryptobyte/asn1
vendor/golang.org/x/crypto/internal/alias
google.golang.org/protobuf/internal/flags
google.golang.org/protobuf/internal/set
sigs.k8s.io/kustomize/kyaml/sets
sigs.k8s.io/kustomize/kyaml/sliceutil
sigs.k8s.io/kustomize/kyaml/yaml/internal/k8sgen/pkg/selection
crypto/internal/fips140/subtle
sigs.k8s.io/kustomize/kyaml/ext
github.com/kptdev/kpt/internal/docs/generated/livedocs
k8s.io/apimachinery/pkg/selection
k8s.io/apimachinery/pkg/api/validate/constraints
log/slog/internal
k8s.io/apimachinery/pkg/types
golang.org/x/text/encoding/internal/identifier
golang.org/x/text/internal/utf8internal
k8s.io/apimachinery/pkg/api/safe
sigs.k8s.io/cli-utils/pkg/inventory/configmap
github.com/google/cel-go/common/overloads
github.com/google/cel-go/common/operators
github.com/docker/cli/cli/config/types
github.com/klauspost/compress/internal/cpuinfo
github.com/klauspost/compress/internal/le
internal/runtime/exithook
github.com/google/go-containerregistry/pkg/compression
github.com/google/go-containerregistry/pkg/v1/types
github.com/regclient/regclient/internal/reqmeta
github.com/ulikunitz/xz/internal/hash
github.com/regclient/regclient/types/oci
github.com/regclient/regclient/types/docker
github.com/kptdev/kpt/pkg/lib/update/updatetypes
github.com/spyzhov/ajson/internal
sigs.k8s.io/cli-utils/pkg/apply/error
github.com/kptdev/kpt/internal/docs/generated/wasmdocs
github.com/kptdev/kpt/internal/docs/generated/alphadocs
github.com/kptdev/kpt/internal/docs/generated/fndocs
github.com/kptdev/kpt/internal/docs/generated/pkgdocs
github.com/kptdev/kpt/internal/docs/generated/overview
go.opentelemetry.io/otel/trace/embedded
k8s.io/component-base/metrics/internal
internal/chacha8rand
internal/runtime/gc/scan
crypto/internal/fips140deps/cpu
internal/bytealg
math
crypto/subtle
github.com/fatih/camelcase
internal/race
internal/synctest
internal/sync
internal/runtime/maps
internal/runtime/cgroup
internal/stringslite
runtime
github.com/klauspost/compress
k8s.io/utils/integer
iter
weak
internal/reflectlite
k8s.io/klog/v2/internal/dbg
runtime/metrics
sync
maps
slices
k8s.io/kubectl/pkg/util/slice
golang.org/x/exp/slices
k8s.io/apimachinery/pkg/util/sets
internal/bisect
internal/singleflight
internal/testlog
unique
crypto/internal/fips140cache
google.golang.org/protobuf/internal/pragma
k8s.io/component-base/logs/internal/setverbositylevel
log/slog/internal/buffer
errors
sort
internal/oserror
path
io
vendor/golang.org/x/net/dns/dnsmessage
k8s.io/kube-openapi/pkg/internal/third_party/go-json-experiment/json/internal
strconv
math/rand/v2
internal/godebug
k8s.io/kube-openapi/pkg/internal/third_party/go-json-experiment/json/internal/jsonflags
syscall
k8s.io/kube-openapi/pkg/internal/third_party/go-json-experiment/json/internal/jsonopts
bytes
strings
reflect
hash
encoding/base64
crypto/internal/randutil
crypto/internal/fips140deps/godebug
net/netip
math/rand
crypto
hash/crc32
internal/saferio
hash/fnv
encoding/base32
github.com/x448/float16
github.com/liggitt/tabwriter
container/heap
hash/adler32
vendor/golang.org/x/text/transform
golang.org/x/text/transform
k8s.io/cli-runtime/pkg/genericiooptions
sigs.k8s.io/kustomize/api/internal/konfig/builtinpluginconsts
bufio
regexp/syntax
github.com/go-openapi/swag/conv
crypto/internal/fips140
crypto/internal/impl
encoding/pem
net/http/internal/ascii
github.com/go-openapi/swag/stringutils
runtime/cgo
crypto/internal/fips140/sha3
sigs.k8s.io/kustomize/kyaml/utils
k8s.io/kube-openapi/pkg/internal/third_party/go-json-experiment/json/internal/jsonwire
github.com/kptdev/kpt/pkg/lib/util/strings
html
k8s.io/klog/v2/internal/severity
go/build/constraint
k8s.io/apimachinery/pkg/api/operation
golang.org/x/text/encoding
crypto/internal/fips140/sha256
crypto/internal/fips140/sha512
golang.org/x/text/runes
github.com/munnerz/goautoneg
github.com/chai2010/gettext-go/plural
github.com/mitchellh/go-wordwrap
github.com/google/cel-go/common/runes
golang.org/x/text/internal/tag
golang.org/x/text/internal/stringset
github.com/google/go-containerregistry/internal/and
compress/bzip2
time
internal/syscall/execenv
internal/syscall/unix
golang.org/x/text/encoding/internal
hash/crc64
k8s.io/utils/buffer
net/http/internal/testcert
k8s.io/kube-openapi/pkg/internal/third_party/go-json-experiment/json/jsontext
k8s.io/kubectl/pkg/cmd/util/editor/crlf
github.com/beorn7/perks/quantile
github.com/prometheus/client_golang/prometheus/promhttp/internal
golang.org/x/text/encoding/unicode
crypto/internal/fips140/hmac
crypto/sha3
regexp
crypto/internal/fips140/check
crypto/internal/fips140hash
crypto/internal/fips140/aes
crypto/fips140
crypto/internal/fips140/hkdf
crypto/internal/fips140/bigmod
crypto/internal/fips140/edwards25519/field
crypto/internal/fips140/tls12
crypto/internal/fips140/nistec/fiat
crypto/tls/internal/fips140tls
crypto/internal/fips140/tls13
sigs.k8s.io/kustomize/api/internal/image
k8s.io/apimachinery/pkg/version
github.com/regclient/regclient/types/mediatype
crypto/internal/fips140/edwards25519
context
io/fs
crypto/internal/fips140deps/time
k8s.io/klog/v2/internal/clock
internal/poll
golang.org/x/net/internal/httpsfv
k8s.io/utils/clock
github.com/google/go-containerregistry/internal/retry/wait
k8s.io/apimachinery/pkg/util/rand
crypto/internal/entropy/v1.0.0
k8s.io/apimachinery/pkg/util/cache
golang.org/x/sync/semaphore
k8s.io/client-go/tools/cache/synctrack
internal/filepathlite
embed
plugin
google.golang.org/protobuf/internal/editiondefaults
crypto/internal/fips140/nistec
os
internal/fmtsort
github.com/go-openapi/swag/typeutils
encoding/binary
k8s.io/kube-openapi/pkg/util
sigs.k8s.io/kustomize/kyaml/yaml/internal/k8sgen/pkg/util/sets
sigs.k8s.io/structured-merge-diff/v6/schema
go.opentelemetry.io/otel/attribute/internal
github.com/go-openapi/swag/jsonname
github.com/modern-go/reflect2
sigs.k8s.io/randfill/bytesource
vendor/golang.org/x/crypto/internal/poly1305
github.com/klauspost/compress/zstd/internal/xxhash
github.com/cespare/xxhash/v2
github.com/klauspost/compress/internal/snapref
golang.org/x/sys/unix
fmt
crypto/internal/sysrand
k8s.io/klog/v2/internal/buffer
google.golang.org/protobuf/internal/detrand
internal/lazyregexp
io/ioutil
path/filepath
os/signal
vendor/golang.org/x/sys/cpu
github.com/regclient/regclient/internal/reproducible
internal/sysinfo
sigs.k8s.io/kustomize/kyaml/commandutil
github.com/prometheus/procfs/internal/util
crypto/internal/fips140/drbg
go.opentelemetry.io/otel/attribute/internal/xxhash
crypto/internal/fips140/aes/gcm
crypto/internal/fips140only
crypto/internal/fips140/ed25519
crypto/internal/fips140/mlkem
crypto/internal/fips140/rsa
k8s.io/kubectl/pkg/util/interrupt
crypto/hkdf
crypto/md5
crypto/rc4
os/exec
github.com/monochromegane/go-gitignore
crypto/internal/fips140/ecdh
crypto/internal/fips140/ecdsa
github.com/kptdev/kpt/pkg/lib/util/path
k8s.io/client-go/util/homedir
sigs.k8s.io/kustomize/kyaml/pathutil
crypto/cipher
crypto/mlkem
k8s.io/utils/exec
crypto/des
vendor/golang.org/x/crypto/chacha20
crypto/internal/boring
github.com/go-errors/errors
encoding/json
github.com/kptdev/kpt/api/schema/v1
k8s.io/kube-openapi/pkg/validation/errors
mime/quotedprintable
mime
github.com/opencontainers/go-digest
math/big
net/url
crypto/internal/rand
go.yaml.in/yaml/v3
log
github.com/distribution/reference
compress/flate
crypto/aes
crypto/sha512
crypto/hmac
crypto/sha256
vendor/golang.org/x/crypto/chacha20poly1305
crypto/sha1
crypto/ecdh
vendor/golang.org/x/text/unicode/norm
encoding/hex
vendor/golang.org/x/text/unicode/bidi
vendor/golang.org/x/net/http2/hpack
net/http/internal
github.com/go-openapi/swag/mangling
github.com/go-openapi/jsonreference/internal
google.golang.org/protobuf/internal/errors
go/token
google.golang.org/protobuf/internal/version
crypto/hpke
google.golang.org/protobuf/encoding/protowire
compress/gzip
vendor/golang.org/x/text/secure/bidirule
k8s.io/kube-openapi/pkg/internal/third_party/go-json-experiment/json
sigs.k8s.io/kustomize/kyaml/errors
github.com/davecgh/go-spew/spew
go.yaml.in/yaml/v2
google.golang.org/protobuf/reflect/protoreflect
sigs.k8s.io/kustomize/kyaml/yaml/internal/k8sgen/pkg/util/errors
github.com/xlab/treeprint
sigs.k8s.io/kustomize/kyaml/filesys
net
sigs.k8s.io/kustomize/kyaml/openapi/kubernetesapi/v1_21_2
sigs.k8s.io/kustomize/kyaml/openapi/kustomizationapi
sigs.k8s.io/kustomize/kyaml/yaml/internal/k8sgen/pkg/util/validation/field
text/template/parse
github.com/regclient/regclient/types/errs
github.com/sergi/go-diff/diffmatchpatch
vendor/golang.org/x/net/idna
encoding/csv
flag
github.com/regclient/regclient/types/ref
database/sql/driver
github.com/go-openapi/jsonpointer
github.com/go-openapi/swag/jsonutils/adapters/ifaces
github.com/go-openapi/swag/jsonutils/adapters/stdlib/json
k8s.io/kube-openapi/pkg/validation/strfmt/bson
sigs.k8s.io/kustomize/kyaml/openapi/kubernetesapi
gopkg.in/evanphx/json-patch.v4
crypto/rand
crypto/elliptic
crypto/internal/boring/bbig
encoding/asn1
crypto/dsa
crypto/ed25519
sigs.k8s.io/kustomize/kyaml/copyutil
crypto/rsa
github.com/google/gnostic-models/jsonschema
gopkg.in/inf.v0
google.golang.org/protobuf/internal/encoding/messageset
github.com/go-openapi/jsonreference
google.golang.org/protobuf/internal/genid
google.golang.org/protobuf/internal/order
google.golang.org/protobuf/internal/strs
github.com/go-openapi/swag/jsonutils/adapters
google.golang.org/protobuf/runtime/protoiface
google.golang.org/protobuf/reflect/protoregistry
google.golang.org/protobuf/internal/descfmt
google.golang.org/protobuf/internal/descopts
google.golang.org/protobuf/internal/encoding/text
text/template
github.com/fxamacker/cbor/v2
google.golang.org/protobuf/internal/protolazy
sigs.k8s.io/json/internal/golang/encoding/json
k8s.io/apimachinery/third_party/forked/golang/reflect
k8s.io/apimachinery/pkg/fields
k8s.io/apimachinery/pkg/api/validate/content
k8s.io/apimachinery/pkg/util/errors
github.com/go-openapi/swag/jsonutils
log/slog
vendor/golang.org/x/crypto/cryptobyte
github.com/go-openapi/swag/yamlutils
crypto/x509/pkix
k8s.io/apimachinery/pkg/conversion
k8s.io/apimachinery/pkg/util/validation/field
google.golang.org/protobuf/proto
go/internal/scannerhooks
sigs.k8s.io/yaml
google.golang.org/protobuf/internal/encoding/defval
go/scanner
go/doc/comment
k8s.io/apimachinery/pkg/conversion/queryparams
k8s.io/apimachinery/pkg/runtime/schema
runtime/debug
k8s.io/klog/v2/internal/verbosity
sigs.k8s.io/randfill
golang.org/x/text/unicode/bidi
golang.org/x/text/unicode/norm
go/ast
crypto/ecdsa
golang.org/x/net/http2/hpack
google.golang.org/protobuf/internal/filedesc
google.golang.org/protobuf/encoding/prototext
github.com/go-logr/logr
k8s.io/klog/v2/internal/sloghandler
k8s.io/utils/ptr
k8s.io/apimachinery/pkg/util/naming
github.com/modern-go/concurrent
golang.org/x/text/secure/bidirule
github.com/moby/term
k8s.io/apimachinery/pkg/util/duration
k8s.io/kube-openapi/pkg/internal
k8s.io/klog/v2/internal/serialize
k8s.io/client-go/third_party/forked/golang/template
sigs.k8s.io/yaml/kyaml
golang.org/x/sync/errgroup
k8s.io/apimachinery/pkg/util/framer
k8s.io/apimachinery/pkg/util/version
k8s.io/client-go/pkg/version
k8s.io/klog/v2/textlogger
k8s.io/client-go/util/jsonpath
golang.org/x/term
k8s.io/client-go/tools/metrics
golang.org/x/time/rate
k8s.io/utils/dump
github.com/json-iterator/go
k8s.io/kube-openapi/pkg/cached
compress/zlib
encoding/xml
github.com/emicklei/go-restful/v3/log
sigs.k8s.io/json
sigs.k8s.io/kustomize/api/internal/kusterr
os/user
k8s.io/client-go/util/flowcontrol
github.com/blang/semver/v4
github.com/google/btree
k8s.io/apimachinery/pkg/util/mergepatch
k8s.io/apimachinery/pkg/util/json
go/doc
go/parser
golang.org/x/net/idna
k8s.io/apimachinery/third_party/forked/golang/json
k8s.io/apimachinery/pkg/util/yaml
k8s.io/component-base/version
archive/zip
sigs.k8s.io/kustomize/api/provenance
github.com/chai2010/gettext-go/mo
net/textproto
crypto/x509
vendor/golang.org/x/net/http/httpproxy
github.com/go-openapi/swag/netutils
google.golang.org/protobuf/internal/encoding/tag
k8s.io/kube-openapi/pkg/internal/third_party/govalidator
k8s.io/utils/internal/third_party/forked/golang/net
sigs.k8s.io/kustomize/kyaml/yaml/internal/k8sgen/pkg/util/validation
github.com/spf13/pflag
k8s.io/utils/net
github.com/google/uuid
k8s.io/apimachinery/pkg/runtime/serializer/cbor/internal/modes
mime/multipart
vendor/golang.org/x/net/http/httpguts
google.golang.org/protobuf/internal/impl
net/mail
k8s.io/klog/v2
sigs.k8s.io/kustomize/kyaml/yaml/internal/k8sgen/pkg/labels
golang.org/x/net/http/httpguts
k8s.io/client-go/util/connrotation
k8s.io/apimachinery/pkg/runtime/serializer/cbor/direct
github.com/peterbourgon/diskv
github.com/chai2010/gettext-go/po
github.com/go-openapi/swag/fileutils
github.com/MakeNowJust/heredoc
k8s.io/kube-openapi/pkg/validation/strfmt
github.com/russross/blackfriday/v2
github.com/exponent-io/jsonpath
k8s.io/apimachinery/pkg/api/resource
github.com/Masterminds/semver/v3
github.com/chai2010/gettext-go
k8s.io/apimachinery/pkg/util/validation
k8s.io/apimachinery/pkg/util/intstr
k8s.io/kubectl/pkg/util/i18n
github.com/google/shlex
google.golang.org/protobuf/internal/encoding/json
k8s.io/apimachinery/pkg/labels
github.com/antlr4-go/antlr/v4
golang.org/x/text/internal/language
archive/tar
github.com/google/go-containerregistry/internal/retry
github.com/docker/docker-credential-helpers/credentials
github.com/sirupsen/logrus
github.com/google/go-containerregistry/pkg/name
github.com/google/go-containerregistry/internal/gzip
github.com/klauspost/compress/fse
github.com/google/go-containerregistry/pkg/v1
github.com/bytecodealliance/wasmtime-go
github.com/docker/docker-credential-helpers/client
google.golang.org/protobuf/encoding/protojson
github.com/google/go-containerregistry/pkg/logs
sigs.k8s.io/structured-merge-diff/v6/value
github.com/opencontainers/image-spec/specs-go
github.com/opencontainers/image-spec/specs-go/v1
github.com/google/go-containerregistry/internal/redact
golang.org/x/oauth2/jws
github.com/spf13/cobra
crypto/tls
k8s.io/client-go/util/keyutil
github.com/klauspost/compress/huff0
github.com/prep/wasmexec
github.com/docker/cli/cli/config/credentials
github.com/google/go-containerregistry/pkg/v1/match
github.com/google/go-containerregistry/pkg/legacy
github.com/docker/cli/cli/config/memorystore
github.com/google/go-containerregistry/pkg/v1/stream
github.com/google/go-containerregistry/internal/verify
github.com/regclient/regclient/internal/conffile
golang.org/x/text/internal/language/compact
github.com/regclient/regclient/internal/timejson
github.com/regclient/regclient/internal/pqueue
github.com/regclient/regclient/internal/units
github.com/regclient/regclient/internal/strparse
github.com/regclient/regclient/config
text/tabwriter
github.com/docker/cli/cli/config/configfile
github.com/ulikunitz/xz/internal/xlog
golang.org/x/text/language
github.com/regclient/regclient/internal/limitread
github.com/regclient/regclient/types/platform
github.com/regclient/regclient/internal/cache
github.com/regclient/regclient/internal/version
github.com/regclient/regclient/internal/httplink
github.com/regclient/regclient/internal/regnet
github.com/regclient/regclient/types/warning
github.com/otiai10/copy
github.com/klauspost/compress/zstd
github.com/kptdev/krm-functions-sdk/go/fn/internal/docs
github.com/ulikunitz/xz/lzma
github.com/docker/cli/cli/config
github.com/pkg/errors
gopkg.in/yaml.v2
github.com/evanphx/json-patch/v5/internal/json
sigs.k8s.io/controller-runtime/pkg/log
github.com/google/go-containerregistry/pkg/authn
github.com/pmezard/go-difflib/difflib
github.com/regclient/regclient/types/descriptor
k8s.io/utils/trace
gopkg.in/yaml.v3
runtime/trace
golang.org/x/text/internal/catmsg
golang.org/x/text/internal/number
golang.org/x/text/internal
golang.org/x/text/internal/format
sigs.k8s.io/structured-merge-diff/v6/fieldpath
github.com/regclient/regclient/types
github.com/regclient/regclient/types/oci/v1
github.com/regclient/regclient/internal/sloghandle
github.com/regclient/regclient/types/docker/schema2
k8s.io/apimachinery/pkg/util/diff
testing
golang.org/x/text/message/catalog
sigs.k8s.io/cli-utils/pkg/multierror
github.com/spyzhov/ajson
github.com/jonboulle/clockwork
k8s.io/apimachinery/pkg/util/jsonmergepatch
github.com/ulikunitz/xz
k8s.io/kubectl/pkg/apps
golang.org/x/text/cases
golang.org/x/text/feature/plural
k8s.io/kubectl/pkg/util/certificate
github.com/cpuguy83/go-md2man/v2/md2man
html/template
golang.org/x/text/message
github.com/prometheus/procfs/internal/fs
google.golang.org/protobuf/encoding/protodelim
github.com/evanphx/json-patch/v5
github.com/prometheus/procfs
sigs.k8s.io/structured-merge-diff/v6/typed
go.opentelemetry.io/otel/attribute
go.opentelemetry.io/otel/codes
go.opentelemetry.io/otel/trace/internal/telemetry
k8s.io/component-base/metrics/api/v1
database/sql
k8s.io/component-base/logs/klogflags
go.opentelemetry.io/otel/semconv/v1.40.0
google.golang.org/protobuf/internal/filetype
github.com/stretchr/testify/assert/yaml
sigs.k8s.io/cli-utils/pkg/jsonpath
github.com/google/cel-go/parser/gen
sigs.k8s.io/structured-merge-diff/v6/merge
k8s.io/client-go/applyconfigurations/internal
github.com/google/go-containerregistry/internal/zstd
github.com/regclient/regclient/pkg/archive
google.golang.org/protobuf/runtime/protoimpl
github.com/google/go-containerregistry/internal/compression
github.com/google/go-containerregistry/pkg/v1/partial
google.golang.org/protobuf/types/known/anypb
google.golang.org/protobuf/types/known/emptypb
google.golang.org/protobuf/types/known/structpb
google.golang.org/protobuf/types/known/durationpb
google.golang.org/protobuf/types/descriptorpb
google.golang.org/protobuf/types/known/timestamppb
google.golang.org/protobuf/types/dynamicpb
google.golang.org/protobuf/types/known/wrapperspb
net/http/httptrace
k8s.io/client-go/util/cert
github.com/docker/libtrust
k8s.io/component-base/cli/flag
go.opentelemetry.io/otel/trace
github.com/google/gnostic-models/extensions
google.golang.org/genproto/googleapis/rpc/status
github.com/prometheus/client_model/go
net/http/internal/httpcommon
golang.org/x/net/internal/httpcommon
github.com/google/go-containerregistry/pkg/v1/tarball
github.com/google/go-containerregistry/pkg/v1/empty
google.golang.org/genproto/googleapis/api/expr/v1alpha1
cel.dev/expr
github.com/prometheus/common/model
net/http
github.com/google/go-containerregistry/internal/windows
github.com/google/go-containerregistry/pkg/legacy/tarball
github.com/google/go-containerregistry/pkg/v1/cache
github.com/google/go-containerregistry/pkg/v1/mutate
google.golang.org/protobuf/internal/editionssupport
google.golang.org/protobuf/types/gofeaturespb
github.com/google/go-containerregistry/pkg/v1/layout
github.com/regclient/regclient/types/docker/schema1
google.golang.org/protobuf/reflect/protodesc
github.com/prometheus/client_golang/prometheus/internal
github.com/google/cel-go/checker/decls
github.com/google/cel-go/common/types/ref
github.com/google/cel-go/common/types/pb
github.com/google/cel-go/common
github.com/google/cel-go/common/functions
github.com/google/cel-go/common/types/traits
github.com/google/cel-go/common/types
github.com/google/cel-go/common/decls
github.com/google/cel-go/common/ast
github.com/google/cel-go/common/env
github.com/google/cel-go/common/stdlib
github.com/google/cel-go/common/containers
github.com/google/cel-go/common/debug
github.com/google/cel-go/parser
github.com/google/cel-go/interpreter
k8s.io/apimachinery/pkg/util/runtime
github.com/go-openapi/swag/loading
github.com/google/gnostic-models/compiler
golang.org/x/oauth2/internal
net/http/httputil
github.com/google/go-containerregistry/pkg/v1/remote/internal/authchallenge
golang.org/x/net/http2
cloud.google.com/go/compute/metadata
github.com/regclient/regclient/types/blob
github.com/regclient/regclient/types/manifest
github.com/regclient/regclient/types/ping
github.com/emicklei/go-restful/v3
github.com/regclient/regclient/types/tag
github.com/regclient/regclient/internal/auth
k8s.io/apimachinery/pkg/runtime
k8s.io/client-go/features
golang.org/x/oauth2
github.com/go-openapi/swag
k8s.io/apimachinery/pkg/util/wait
k8s.io/client-go/util/workqueue
github.com/google/gnostic-models/openapiv2
github.com/google/gnostic-models/openapiv3
k8s.io/client-go/third_party/forked/httpcache
github.com/google/go-containerregistry/pkg/v1/remote/transport
golang.org/x/oauth2/authhandler
golang.org/x/oauth2/google/internal/impersonate
golang.org/x/oauth2/google/internal/stsexchange
golang.org/x/oauth2/jwt
github.com/regclient/regclient/types/referrer
github.com/regclient/regclient/internal/reghttp
github.com/regclient/regclient/types/repo
golang.org/x/oauth2/google/externalaccount
golang.org/x/oauth2/google/internal/externalaccountauthorizeduser
github.com/google/cel-go/checker
net/http/httptest
expvar
github.com/prometheus/common/expfmt
github.com/prometheus/client_golang/internal/github.com/golang/gddo/httputil/header
github.com/regclient/regclient/scheme
github.com/google/go-containerregistry/pkg/v1/remote
github.com/prometheus/client_golang/internal/github.com/golang/gddo/httputil
golang.org/x/oauth2/google
github.com/regclient/regclient/scheme/ocidir
github.com/regclient/regclient/scheme/reg
github.com/stretchr/testify/assert
github.com/prometheus/client_golang/prometheus
k8s.io/apimachinery/pkg/runtime/serializer/recognizer
k8s.io/apimachinery/pkg/runtime/serializer/streaming
k8s.io/client-go/tools/clientcmd/api
github.com/google/go-containerregistry/pkg/v1/google
github.com/google/cel-go/cel
k8s.io/client-go/tools/clientcmd/api/v1
github.com/regclient/regclient
github.com/google/go-containerregistry/pkg/crane
github.com/stretchr/testify/require
k8s.io/apimachinery/pkg/util/net
github.com/google/go-containerregistry/pkg/gcrane
k8s.io/apimachinery/pkg/watch
k8s.io/client-go/transport
github.com/prep/wasmexec/wasmtimexec
k8s.io/component-base/metrics/prometheusextension
github.com/prometheus/client_golang/prometheus/collectors
github.com/prometheus/client_golang/prometheus/promhttp
k8s.io/apimachinery/pkg/apis/meta/v1
github.com/kptdev/kpt/pkg/oci
k8s.io/kube-openapi/pkg/validation/spec
github.com/kptdev/kpt/pkg/wasm
github.com/google/cel-go/ext
k8s.io/kube-openapi/pkg/util/proto/testing
k8s.io/kube-openapi/pkg/util/proto
k8s.io/component-base/metrics
k8s.io/kube-openapi/pkg/validation/validate
k8s.io/kube-openapi/pkg/spec3
sigs.k8s.io/kustomize/kyaml/yaml
k8s.io/kube-openapi/pkg/schemaconv
k8s.io/kube-openapi/pkg/util/proto/validation
k8s.io/kube-openapi/pkg/common
k8s.io/kube-openapi/pkg/handler3
sigs.k8s.io/kustomize/kyaml/openapi
sigs.k8s.io/kustomize/kyaml/order
github.com/kptdev/kpt/api/resourcegroup/v1alpha1
sigs.k8s.io/kustomize/kyaml/kio/kioutil
sigs.k8s.io/kustomize/api/filters/filtersutil
sigs.k8s.io/kustomize/api/hasher
github.com/kptdev/krm-functions-sdk/go/fn/internal
sigs.k8s.io/kustomize/kyaml/kio
sigs.k8s.io/kustomize/kyaml/fieldmeta
sigs.k8s.io/kustomize/kyaml/yaml/schema
sigs.k8s.io/kustomize/kyaml/resid
k8s.io/component-base/metrics/legacyregistry
sigs.k8s.io/kustomize/api/types
sigs.k8s.io/kustomize/kyaml/yaml/walk
k8s.io/component-base/metrics/prometheus/feature
k8s.io/apimachinery/pkg/apis/meta/v1/unstructured
k8s.io/apimachinery/pkg/api/meta
k8s.io/api/apidiscovery/v2
k8s.io/api/apidiscovery/v2beta1
k8s.io/api/apiserverinternal/v1alpha1
k8s.io/api/admissionregistration/v1
k8s.io/api/authentication/v1
k8s.io/api/authorization/v1
k8s.io/api/core/v1
k8s.io/apimachinery/pkg/api/errors
k8s.io/api/certificates/v1alpha1
k8s.io/api/coordination/v1
github.com/kptdev/kpt/pkg/lib/util/attribution
sigs.k8s.io/kustomize/kyaml/comments
sigs.k8s.io/kustomize/kyaml/yaml/merge2
sigs.k8s.io/kustomize/kyaml/yaml/merge3
sigs.k8s.io/kustomize/kyaml/fn/runtime/runtimeutil
k8s.io/apimachinery/pkg/api/equality
k8s.io/api/flowcontrol/v1
k8s.io/api/flowcontrol/v1beta1
k8s.io/apimachinery/pkg/runtime/serializer/versioning
k8s.io/apimachinery/pkg/api/validate
k8s.io/api/flowcontrol/v1beta2
k8s.io/api/flowcontrol/v1beta3
k8s.io/api/policy/v1
sigs.k8s.io/kustomize/kyaml/kio/filters
k8s.io/api/coordination/v1alpha2
k8s.io/api/coordination/v1beta1
k8s.io/api/policy/v1beta1
k8s.io/api/rbac/v1
k8s.io/api/authentication/v1alpha1
k8s.io/cli-runtime/pkg/printers
k8s.io/apimachinery/pkg/runtime/serializer/json
k8s.io/apimachinery/pkg/runtime/serializer/protobuf
k8s.io/api/authentication/v1beta1
sigs.k8s.io/kustomize/kyaml/fn/framework
k8s.io/api/rbac/v1alpha1
k8s.io/api/rbac/v1beta1
k8s.io/apimachinery/pkg/apis/meta/v1/unstructured/unstructuredscheme
k8s.io/api/authorization/v1beta1
k8s.io/apimachinery/pkg/runtime/serializer
k8s.io/api/resource/v1alpha3
k8s.io/api/scheduling/v1alpha2
k8s.io/apimachinery/pkg/apis/meta/v1/validation
k8s.io/api/storagemigration/v1beta1
k8s.io/apimachinery/pkg/runtime/serializer/cbor
k8s.io/client-go/pkg/apis/clientauthentication
github.com/kptdev/kpt/api/fnresult/v1
k8s.io/client-go/pkg/apis/clientauthentication/v1
k8s.io/apimachinery/pkg/api/validation
k8s.io/client-go/pkg/apis/clientauthentication/v1beta1
github.com/kptdev/kpt/api/kptfile/v1
k8s.io/client-go/rest/watch
sigs.k8s.io/kustomize/api/filters/fieldspec
sigs.k8s.io/kustomize/api/filters/iampolicygenerator
sigs.k8s.io/kustomize/api/konfig
sigs.k8s.io/kustomize/api/filters/patchjson6902
sigs.k8s.io/kustomize/api/filters/fsslice
sigs.k8s.io/kustomize/api/filters/prefix
sigs.k8s.io/kustomize/api/filters/patchstrategicmerge
sigs.k8s.io/kustomize/api/ifc
sigs.k8s.io/kustomize/api/filters/annotations
sigs.k8s.io/kustomize/api/filters/labels
sigs.k8s.io/kustomize/api/filters/namespace
k8s.io/client-go/pkg/apis/clientauthentication/install
sigs.k8s.io/kustomize/api/filters/replicacount
sigs.k8s.io/kustomize/api/internal/utils
sigs.k8s.io/kustomize/api/filters/suffix
github.com/kptdev/kpt/pkg/lib/errors
sigs.k8s.io/kustomize/api/internal/generators
sigs.k8s.io/kustomize/api/filters/valueadd
sigs.k8s.io/kustomize/kyaml/fn/runtime/exec
sigs.k8s.io/kustomize/api/filters/refvar
k8s.io/apimachinery/pkg/util/managedfields/internal
sigs.k8s.io/kustomize/api/internal/validate
sigs.k8s.io/kustomize/api/internal/plugins/builtinconfig
k8s.io/api/admissionregistration/v1alpha1
k8s.io/api/admissionregistration/v1beta1
sigs.k8s.io/kustomize/api/filters/imagetag
k8s.io/client-go/plugin/pkg/client/auth/exec
sigs.k8s.io/kustomize/api/internal/git
sigs.k8s.io/kustomize/api/kv
k8s.io/client-go/tools/clientcmd/api/latest
sigs.k8s.io/kustomize/kyaml/fn/runtime/container
k8s.io/apimachinery/pkg/util/strategicpatch
k8s.io/apimachinery/pkg/api/meta/testrestmapper
github.com/kptdev/kpt/pkg/lib/util/git
k8s.io/api/admission/v1
k8s.io/api/admission/v1beta1
sigs.k8s.io/kustomize/kyaml/runfn
sigs.k8s.io/kustomize/api/resource
sigs.k8s.io/kustomize/api/internal/loader
github.com/kptdev/kpt/pkg/kptfile/kptfileutil
k8s.io/api/imagepolicy/v1alpha1
k8s.io/apimachinery/pkg/apis/meta/v1beta1
k8s.io/kubectl/pkg/util/term
github.com/kptdev/kpt/pkg/fn
github.com/kptdev/kpt/pkg/lib/pkg
github.com/kptdev/kpt/pkg/lib/builtins/builtintypes
github.com/kptdev/kpt/pkg/lib/runneroptions
k8s.io/kubectl/pkg/util/templates
github.com/kptdev/kpt/pkg/lib/builtins
github.com/kptdev/kpt/pkg/lib/util/addmergecomment
k8s.io/client-go/rest
github.com/kptdev/krm-functions-sdk/go/fn
k8s.io/apimachinery/pkg/apis/meta/internalversion
k8s.io/client-go/util/consistencydetector
sigs.k8s.io/cli-utils/pkg/apis/actuation
k8s.io/client-go/util/csaupgrade
k8s.io/kubectl/pkg/util/fieldpath
sigs.k8s.io/kustomize/api/filters/replacement
sigs.k8s.io/kustomize/api/resmap
sigs.k8s.io/kustomize/api/provider
k8s.io/kubectl/pkg/util/rbac
k8s.io/kubectl/pkg/util/prune
github.com/kptdev/kpt/commands/alpha/wasm/pull
github.com/kptdev/kpt/commands/alpha/wasm/push
github.com/kptdev/kpt/pkg/printer
github.com/kptdev/kpt/pkg/lib/util/stack
k8s.io/client-go/tools/pager
k8s.io/apimachinery/pkg/apis/meta/internalversion/scheme
k8s.io/apimachinery/pkg/apis/meta/internalversion/validation
k8s.io/apimachinery/pkg/util/managedfields
github.com/kptdev/kpt/pkg/lib/util/man
k8s.io/component-base/featuregate
github.com/kptdev/kpt/commands/alpha/wasm
github.com/kptdev/kpt/internal/gitutil
github.com/kptdev/kpt/pkg/fn/runtime
github.com/kptdev/kpt/pkg/lib/util/args
sigs.k8s.io/kustomize/api/internal/builtins
sigs.k8s.io/kustomize/api/internal/plugins/utils
sigs.k8s.io/kustomize/api/filters/nameref
github.com/kptdev/kpt/thirdparty/cmdconfig/commands/runner
k8s.io/client-go/util/watchlist
github.com/kptdev/kpt/pkg/kptpkg
sigs.k8s.io/kustomize/api/internal/plugins/execplugin
sigs.k8s.io/kustomize/api/internal/plugins/fnplugin
github.com/kptdev/kpt/thirdparty/cmdconfig/commands/cmdcat
github.com/kptdev/kpt/thirdparty/cmdconfig/commands/cmdtree
sigs.k8s.io/kustomize/api/internal/accumulator
github.com/kptdev/kpt/pkg/lib/update/merge3
github.com/kptdev/kpt/pkg/lib/util/parse
github.com/kptdev/kpt/pkg/lib/util/fetch
sigs.k8s.io/kustomize/api/internal/plugins/builtinhelpers
sigs.k8s.io/kustomize/api/internal/plugins/loader
k8s.io/client-go/tools/auth
k8s.io/client-go/openapi
k8s.io/client-go/metadata
k8s.io/client-go/testing
k8s.io/client-go/tools/cache
k8s.io/client-go/util/apply
k8s.io/client-go/rest/fake
k8s.io/kubectl/pkg/rawhttp
github.com/kptdev/kpt/pkg/lib/pkg/diff
sigs.k8s.io/cli-utils/pkg/flowcontrol
k8s.io/client-go/plugin/pkg/client/auth/azure
k8s.io/client-go/dynamic
k8s.io/client-go/plugin/pkg/client/auth/gcp
k8s.io/client-go/tools/clientcmd
k8s.io/client-go/plugin/pkg/client/auth/oidc
k8s.io/component-base/logs/api/v1
sigs.k8s.io/kustomize/api/internal/target
github.com/kptdev/kpt/pkg/lib/update
k8s.io/client-go/plugin/pkg/client/auth
k8s.io/client-go/openapi3
k8s.io/client-go/openapi/cached
k8s.io/client-go/openapi/openapitest
sigs.k8s.io/kustomize/api/krusty
github.com/kptdev/kpt/thirdparty/kyaml/runfn
k8s.io/component-base/logs
github.com/kptdev/kpt/pkg/lib/kptops
k8s.io/component-base/cli
k8s.io/client-go/dynamic/fake
k8s.io/client-go/gentype
github.com/kptdev/kpt/pkg/lib/util/get
k8s.io/client-go/tools/watch
k8s.io/api/apps/v1
k8s.io/api/autoscaling/v1
k8s.io/api/apps/v1beta2
k8s.io/api/autoscaling/v2
k8s.io/api/discovery/v1
k8s.io/api/events/v1
k8s.io/api/certificates/v1beta1
k8s.io/api/events/v1beta1
k8s.io/api/networking/v1beta1
k8s.io/api/networking/v1
k8s.io/api/node/v1alpha1
k8s.io/api/apps/v1beta1
k8s.io/api/certificates/v1
k8s.io/api/node/v1
k8s.io/api/discovery/v1beta1
k8s.io/api/batch/v1
k8s.io/api/node/v1beta1
k8s.io/api/resource/v1
k8s.io/api/resource/v1beta1
k8s.io/api/resource/v1beta2
k8s.io/api/scheduling/v1
k8s.io/api/scheduling/v1beta1
k8s.io/api/storage/v1
k8s.io/api/storage/v1alpha1
k8s.io/api/storage/v1beta1
k8s.io/client-go/tools/reference
k8s.io/client-go/scale/scheme
sigs.k8s.io/cli-utils/pkg/kstatus/status
k8s.io/kubectl/pkg/util
k8s.io/kubectl/pkg/cmd/util/podcmd
k8s.io/client-go/scale/scheme/autoscalingv1
k8s.io/component-helpers/resource
k8s.io/kubectl/pkg/util/event
k8s.io/kubectl/pkg/util/qos
k8s.io/kubectl/pkg/util/resource
k8s.io/kubectl/pkg/util/storage
k8s.io/kubectl/pkg/util/podutils
k8s.io/api/extensions/v1beta1
k8s.io/api/batch/v1beta1
k8s.io/client-go/scale/scheme/appsv1beta1
k8s.io/client-go/scale/scheme/appsint
k8s.io/client-go/scale/scheme/appsv1beta2
k8s.io/client-go/scale/scheme/extensionsint
k8s.io/client-go/kubernetes/scheme
k8s.io/client-go/scale/scheme/extensionsv1beta1
k8s.io/client-go/discovery
k8s.io/kubectl/pkg/scheme
k8s.io/client-go/kubernetes/typed/authentication/v1
k8s.io/client-go/kubernetes/typed/authentication/v1beta1
k8s.io/client-go/kubernetes/typed/authentication/v1alpha1
k8s.io/client-go/kubernetes/typed/authorization/v1
k8s.io/client-go/kubernetes/typed/authorization/v1beta1
k8s.io/client-go/restmapper
k8s.io/client-go/discovery/cached/memory
k8s.io/client-go/scale
k8s.io/kubectl/pkg/util/openapi
k8s.io/client-go/applyconfigurations/meta/v1
k8s.io/kubectl/pkg/util/openapi/testing
k8s.io/client-go/discovery/cached/disk
sigs.k8s.io/controller-runtime/pkg/client/apiutil
k8s.io/cli-runtime/pkg/resource
k8s.io/client-go/applyconfigurations/certificates/v1alpha1
k8s.io/client-go/applyconfigurations/certificates/v1
k8s.io/client-go/applyconfigurations/autoscaling/v1
k8s.io/client-go/applyconfigurations/coordination/v1
k8s.io/client-go/applyconfigurations/coordination/v1alpha2
k8s.io/client-go/applyconfigurations/coordination/v1beta1
k8s.io/client-go/applyconfigurations/apiserverinternal/v1alpha1
k8s.io/client-go/applyconfigurations/certificates/v1beta1
k8s.io/client-go/applyconfigurations/admissionregistration/v1
k8s.io/client-go/applyconfigurations/autoscaling/v2
k8s.io/client-go/applyconfigurations/flowcontrol/v1
k8s.io/client-go/applyconfigurations/flowcontrol/v1beta1
k8s.io/client-go/applyconfigurations/flowcontrol/v1beta2
k8s.io/client-go/applyconfigurations/core/v1
k8s.io/client-go/applyconfigurations/flowcontrol/v1beta3
k8s.io/client-go/kubernetes/typed/certificates/v1alpha1
k8s.io/client-go/kubernetes/typed/coordination/v1beta1
k8s.io/client-go/kubernetes/typed/apiserverinternal/v1alpha1
k8s.io/client-go/kubernetes/typed/coordination/v1
k8s.io/client-go/kubernetes/typed/coordination/v1alpha2
k8s.io/client-go/kubernetes/typed/autoscaling/v2
k8s.io/client-go/kubernetes/typed/flowcontrol/v1
k8s.io/client-go/kubernetes/typed/certificates/v1
k8s.io/client-go/kubernetes/typed/certificates/v1beta1
k8s.io/client-go/kubernetes/typed/autoscaling/v1
k8s.io/client-go/kubernetes/typed/flowcontrol/v1beta1
k8s.io/client-go/applyconfigurations/policy/v1
k8s.io/client-go/kubernetes/typed/flowcontrol/v1beta2
k8s.io/client-go/kubernetes/typed/flowcontrol/v1beta3
k8s.io/client-go/applyconfigurations/policy/v1beta1
k8s.io/client-go/applyconfigurations/rbac/v1
k8s.io/client-go/applyconfigurations/rbac/v1alpha1
k8s.io/client-go/applyconfigurations/rbac/v1beta1
k8s.io/client-go/applyconfigurations/resource/v1alpha3
k8s.io/client-go/applyconfigurations/scheduling/v1
k8s.io/client-go/applyconfigurations/scheduling/v1alpha2
k8s.io/client-go/kubernetes/typed/admissionregistration/v1
k8s.io/client-go/applyconfigurations/admissionregistration/v1alpha1
k8s.io/cli-runtime/pkg/genericclioptions
k8s.io/client-go/applyconfigurations/admissionregistration/v1beta1
k8s.io/client-go/kubernetes/typed/policy/v1
k8s.io/client-go/applyconfigurations/scheduling/v1beta1
k8s.io/client-go/applyconfigurations/storagemigration/v1beta1
k8s.io/kubectl/pkg/validation
k8s.io/client-go/kubernetes/typed/scheduling/v1
k8s.io/client-go/kubernetes/typed/scheduling/v1alpha2
k8s.io/client-go/kubernetes/typed/policy/v1beta1
k8s.io/client-go/kubernetes/typed/rbac/v1alpha1
k8s.io/client-go/kubernetes/typed/resource/v1alpha3
k8s.io/client-go/kubernetes/typed/rbac/v1beta1
k8s.io/client-go/kubernetes/typed/rbac/v1
sigs.k8s.io/cli-utils/pkg/object
sigs.k8s.io/controller-runtime/pkg/client
k8s.io/client-go/kubernetes/typed/admissionregistration/v1alpha1
k8s.io/client-go/kubernetes/typed/scheduling/v1beta1
k8s.io/client-go/kubernetes/typed/storagemigration/v1beta1
github.com/kptdev/kpt/pkg/lib/util/cfgflags
sigs.k8s.io/cli-utils/pkg/apply/cache
sigs.k8s.io/cli-utils/pkg/kstatus/polling/event
sigs.k8s.io/cli-utils/pkg/object/validation
sigs.k8s.io/cli-utils/pkg/object/dependson
sigs.k8s.io/cli-utils/pkg/object/mutation
sigs.k8s.io/cli-utils/pkg/ordering
sigs.k8s.io/cli-utils/pkg/apply/info
k8s.io/client-go/kubernetes/typed/admissionregistration/v1beta1
sigs.k8s.io/cli-utils/pkg/apply/event
sigs.k8s.io/cli-utils/pkg/kstatus/polling/collector
sigs.k8s.io/cli-utils/pkg/kstatus/polling/aggregator
sigs.k8s.io/cli-utils/pkg/apply/mutator
sigs.k8s.io/cli-utils/pkg/object/graph
sigs.k8s.io/cli-utils/cmd/status/printers/printer
sigs.k8s.io/cli-utils/pkg/print/stats
sigs.k8s.io/cli-utils/pkg/print/common
sigs.k8s.io/cli-utils/pkg/print/table
k8s.io/client-go/applyconfigurations/apps/v1beta1
k8s.io/client-go/applyconfigurations/events/v1beta1
k8s.io/client-go/applyconfigurations/events/v1
k8s.io/client-go/applyconfigurations/discovery/v1
k8s.io/client-go/applyconfigurations/apps/v1
k8s.io/client-go/applyconfigurations/discovery/v1beta1
k8s.io/client-go/applyconfigurations/apps/v1beta2
k8s.io/client-go/applyconfigurations/node/v1
k8s.io/client-go/kubernetes/typed/core/v1
k8s.io/client-go/applyconfigurations/batch/v1
k8s.io/client-go/applyconfigurations/networking/v1
k8s.io/client-go/applyconfigurations/extensions/v1beta1
k8s.io/client-go/applyconfigurations/networking/v1beta1
k8s.io/client-go/applyconfigurations/node/v1alpha1
k8s.io/client-go/applyconfigurations/node/v1beta1
k8s.io/client-go/applyconfigurations/resource/v1
k8s.io/client-go/kubernetes/typed/events/v1
k8s.io/client-go/kubernetes/typed/events/v1beta1
k8s.io/client-go/kubernetes/typed/node/v1beta1
k8s.io/client-go/kubernetes/typed/node/v1
k8s.io/client-go/kubernetes/typed/discovery/v1
k8s.io/client-go/kubernetes/typed/node/v1alpha1
k8s.io/client-go/kubernetes/typed/discovery/v1beta1
k8s.io/client-go/kubernetes/typed/networking/v1beta1
k8s.io/client-go/kubernetes/typed/apps/v1beta1
k8s.io/client-go/applyconfigurations/resource/v1beta1
k8s.io/client-go/kubernetes/typed/batch/v1
k8s.io/client-go/applyconfigurations/batch/v1beta1
k8s.io/client-go/applyconfigurations/resource/v1beta2
k8s.io/client-go/kubernetes/typed/networking/v1
k8s.io/client-go/applyconfigurations/storage/v1
k8s.io/client-go/kubernetes/typed/apps/v1
k8s.io/client-go/applyconfigurations/storage/v1alpha1
k8s.io/client-go/applyconfigurations/storage/v1beta1
sigs.k8s.io/cli-utils/pkg/kstatus/polling/engine
k8s.io/client-go/kubernetes/typed/extensions/v1beta1
k8s.io/client-go/kubernetes/typed/apps/v1beta2
k8s.io/client-go/kubernetes/typed/resource/v1
sigs.k8s.io/cli-utils/pkg/kstatus/polling/clusterreader
sigs.k8s.io/cli-utils/pkg/kstatus/polling/statusreaders
sigs.k8s.io/cli-utils/pkg/kstatus/polling/clusterreader/fake
sigs.k8s.io/cli-utils/cmd/status/printers/table
k8s.io/client-go/kubernetes/typed/batch/v1beta1
k8s.io/client-go/kubernetes/typed/resource/v1beta1
k8s.io/client-go/kubernetes/typed/storage/v1alpha1
sigs.k8s.io/cli-utils/pkg/kstatus/watcher
k8s.io/client-go/kubernetes/typed/storage/v1
k8s.io/client-go/kubernetes/typed/resource/v1beta2
k8s.io/client-go/kubernetes/typed/storage/v1beta1
k8s.io/kubectl/pkg/util/deployment
k8s.io/client-go/kubernetes
k8s.io/client-go/util/certificate/csr
k8s.io/kubectl/pkg/cmd/util
k8s.io/kubectl/pkg/describe
sigs.k8s.io/cli-utils/pkg/kstatus/polling
sigs.k8s.io/cli-utils/pkg/common
k8s.io/kubectl/pkg/cmd/testing
k8s.io/kubectl/pkg/cmd/apiresources
k8s.io/kubectl/pkg/cmd/util/editor
github.com/kptdev/kpt/commands/util
k8s.io/kubectl/pkg/cmd/get
sigs.k8s.io/cli-utils/pkg/print/list
github.com/kptdev/kpt/pkg/printer/table
sigs.k8s.io/cli-utils/pkg/config
sigs.k8s.io/cli-utils/pkg/printers/printer
sigs.k8s.io/cli-utils/pkg/printers/table
sigs.k8s.io/cli-utils/pkg/printers/events
sigs.k8s.io/cli-utils/pkg/printers/json
sigs.k8s.io/cli-utils/cmd/status/printers/json
sigs.k8s.io/cli-utils/pkg/printers
sigs.k8s.io/cli-utils/cmd/status/printers/event
sigs.k8s.io/cli-utils/cmd/status/printers
github.com/kptdev/kpt/pkg/status
sigs.k8s.io/cli-utils/pkg/apply/poller
github.com/kptdev/kpt/commands/live/init
sigs.k8s.io/cli-utils/pkg/inventory
k8s.io/kubectl/pkg/cmd/wait
sigs.k8s.io/cli-utils/cmd/flagutils
sigs.k8s.io/cli-utils/pkg/apply/taskrunner
sigs.k8s.io/cli-utils/pkg/manifestreader
k8s.io/kubectl/pkg/polymorphichelpers
sigs.k8s.io/cli-utils/pkg/apply/filter
sigs.k8s.io/cli-utils/pkg/apply/prune
sigs.k8s.io/cli-utils/cmd/status
github.com/kptdev/kpt/pkg/live
k8s.io/kubectl/pkg/util/completion
github.com/kptdev/kpt/commands/live/installrg
github.com/kptdev/kpt/pkg/lib/util/cmdutil
github.com/kptdev/kpt/commands/live/migrate
github.com/kptdev/kpt/commands/live/status
k8s.io/kubectl/pkg/cmd/delete
github.com/kptdev/kpt/commands/fn/doc
github.com/kptdev/kpt/commands/fn/render
github.com/kptdev/kpt/pkg/lib/errors/resolver
github.com/kptdev/kpt/thirdparty/cmdconfig/commands/cmdeval
github.com/kptdev/kpt/thirdparty/cmdconfig/commands/cmdsink
github.com/kptdev/kpt/thirdparty/cmdconfig/commands/cmdsource
github.com/kptdev/kpt/commands/pkg/diff
github.com/kptdev/kpt/commands/pkg/get
github.com/kptdev/kpt/commands/pkg/update
github.com/kptdev/kpt/commands/pkg/init
github.com/kptdev/kpt/commands/pkg
github.com/kptdev/kpt/commands/fn
k8s.io/kubectl/pkg/cmd/apply
sigs.k8s.io/cli-utils/pkg/apply/task
sigs.k8s.io/cli-utils/pkg/apply/solver
sigs.k8s.io/cli-utils/pkg/apply
github.com/kptdev/kpt/pkg/live/planner
github.com/kptdev/kpt/commands/live/apply
github.com/kptdev/kpt/commands/live/destroy
github.com/kptdev/kpt/commands/alpha/live/plan
github.com/kptdev/kpt/commands/live
github.com/kptdev/kpt/commands/alpha/live
github.com/kptdev/kpt/commands/alpha
github.com/kptdev/kpt/commands
github.com/kptdev/kpt/run
github.com/kptdev/kpt
level=info msg="Finished command-run attestor... (48.223930918s)"
level=info msg="Completed execute attestors stage..."
level=info msg="Starting product attestors stage..."
level=info msg="Starting product attestor..."
level=info msg="Finished product attestor... (0.144056637s)"
level=info msg="Completed product attestors stage..."
level=info msg="Starting postproduct attestors stage..."
level=info msg="Completed postproduct attestors stage..."
