level=info msg="Starting prematerial attestors stage..."
level=info msg="Starting git attestor..."
level=info msg="Starting environment attestor..."
level=info msg="Finished environment attestor... (9.002e-05s)"
level=info msg="Finished git attestor... (0.050388846s)"
level=info msg="Completed prematerial attestors stage..."
level=info msg="Starting material attestors stage..."
level=info msg="Starting material attestor..."
level=info msg="Finished material attestor... (0.556398837s)"
level=info msg="Completed material attestors stage..."
level=info msg="Starting execute attestors stage..."
level=info msg="Starting command-run attestor..."
level=info msg="Using tracer: ebpf for command-run"
rm -rf /home/jake/sbomit-overhead-experiment/repos/kruise/bin/controller-gen
go: creating new go.mod: module tmp
Downloading sigs.k8s.io/controller-tools/cmd/controller-gen@v0.17.3 to /home/jake/sbomit-overhead-experiment/repos/kruise/bin
go: downloading sigs.k8s.io/controller-tools v0.17.3
go: downloading golang.org/x/tools v0.30.0
go: downloading k8s.io/api v0.32.2
go: downloading k8s.io/apimachinery v0.32.2
go: downloading github.com/spf13/cobra v1.9.1
go: downloading github.com/fatih/color v1.18.0
go: downloading gopkg.in/yaml.v2 v2.4.0
go: downloading gopkg.in/yaml.v3 v3.0.1
go: downloading k8s.io/apiextensions-apiserver v0.32.2
go: downloading sigs.k8s.io/yaml v1.4.0
go: downloading github.com/gobuffalo/flect v1.0.3
go: downloading k8s.io/utils v0.0.0-20241104100929-3ea5e8cea738
go: downloading github.com/mattn/go-colorable v0.1.13
go: downloading github.com/mattn/go-isatty v0.0.20
go: downloading github.com/spf13/pflag v1.0.6
go: downloading golang.org/x/sys v0.30.0
go: downloading github.com/gogo/protobuf v1.3.2
go: downloading gopkg.in/inf.v0 v0.9.1
go: downloading github.com/google/gofuzz v1.2.0
go: downloading k8s.io/klog/v2 v2.130.1
go: downloading golang.org/x/net v0.35.0
go: downloading sigs.k8s.io/structured-merge-diff/v4 v4.4.2
go: downloading sigs.k8s.io/json v0.0.0-20241010143419-9aa6b5e7a4b3
go: downloading github.com/fxamacker/cbor/v2 v2.7.0
go: downloading github.com/x448/float16 v0.8.4
go: downloading github.com/go-logr/logr v1.4.2
go: downloading github.com/json-iterator/go v1.1.12
go: downloading github.com/modern-go/reflect2 v1.0.2
go: downloading github.com/modern-go/concurrent v0.0.0-20180306012644-bacd9c7ef1dd
go: downloading golang.org/x/text v0.22.0
go: downloading golang.org/x/mod v0.23.0
go: downloading golang.org/x/sync v0.11.0
go: downloading k8s.io/apimachinery v0.32.10
go: downloading github.com/spf13/pflag v1.0.5
go: downloading k8s.io/client-go v0.32.10
go: downloading k8s.io/component-base v0.32.10
go: downloading sigs.k8s.io/controller-runtime v0.20.2
go: downloading k8s.io/api v0.32.10
go: downloading github.com/go-bindata/go-bindata v3.1.2+incompatible
go: downloading k8s.io/kubernetes v1.32.10
go: downloading k8s.io/kube-openapi v0.0.0-20241105132330-32ad38e42d3f
go: downloading github.com/coreos/go-semver v0.3.1
go: downloading k8s.io/code-generator v0.32.10
go: downloading github.com/AdaLogics/go-fuzz-headers v0.0.0-20240806141605-e8a1dd7889d6
go: downloading github.com/stretchr/testify v1.11.1
go: downloading github.com/robfig/cron/v3 v3.0.1
go: downloading github.com/prometheus/client_golang v1.19.1
go: downloading github.com/appscode/jsonpatch v1.0.1
go: downloading github.com/evanphx/json-patch v5.6.0+incompatible
go: downloading k8s.io/component-helpers v0.32.10
go: downloading github.com/onsi/gomega v1.38.2
go: downloading golang.org/x/text v0.28.0
go: downloading k8s.io/apiserver v0.32.10
go: downloading k8s.io/cri-api v0.32.10
go: downloading go.opentelemetry.io/otel/trace v1.28.0
go: downloading google.golang.org/grpc v1.65.0
go: downloading github.com/spf13/cobra v1.8.1
go: downloading golang.org/x/time v0.7.0
go: downloading k8s.io/apiextensions-apiserver v0.32.10
go: downloading k8s.io/kubelet v0.32.10
go: downloading k8s.io/cri-client v0.32.10
go: downloading github.com/docker/distribution v2.8.2+incompatible
go: downloading k8s.io/gengo v0.0.0-20230829151522-9cce18d56c01
go: downloading go.opentelemetry.io/otel v1.28.0
go: downloading github.com/google/go-cmp v0.7.0
go: downloading gomodules.xyz/jsonpatch/v2 v2.4.0
go: downloading github.com/evanphx/json-patch/v5 v5.9.11
go: downloading github.com/fsnotify/fsnotify v1.7.0
go: downloading github.com/go-logr/logr v1.4.3
go: downloading github.com/emicklei/go-restful/v3 v3.11.0
go: downloading github.com/go-openapi/jsonreference v0.20.2
go: downloading github.com/go-openapi/swag v0.23.0
go: downloading github.com/google/gnostic-models v0.6.8
go: downloading k8s.io/gengo/v2 v2.0.0-20240911193312-2b36238f13e9
go: downloading github.com/onsi/ginkgo v1.16.5
go: downloading github.com/onsi/ginkgo/v2 v2.27.5
go: downloading github.com/davecgh/go-spew v1.1.2-0.20180830191138-d8f796af33cc
go: downloading github.com/pmezard/go-difflib v1.0.1-0.20181226105442-5d4384ee4fb2
go: downloading github.com/beorn7/perks v1.0.1
go: downloading github.com/cespare/xxhash/v2 v2.3.0
go: downloading github.com/prometheus/client_model v0.6.1
go: downloading github.com/prometheus/common v0.55.0
go: downloading github.com/prometheus/procfs v0.15.1
go: downloading golang.org/x/sys v0.19.0
go: downloading google.golang.org/protobuf v1.36.7
go: downloading github.com/pkg/errors v0.9.1
go: downloading github.com/munnerz/goautoneg v0.0.0-20191010083416-a7dc8b61c822
go: downloading golang.org/x/net v0.43.0
go: downloading github.com/golang/protobuf v1.5.4
go: downloading gopkg.in/evanphx/json-patch.v4 v4.12.0
go: downloading golang.org/x/sync v0.16.0
go: downloading github.com/google/uuid v1.6.0
go: downloading k8s.io/dynamic-resource-allocation v0.32.10
go: downloading k8s.io/kube-scheduler v0.32.0
go: downloading go.opentelemetry.io/contrib/instrumentation/google.golang.org/grpc/otelgrpc v0.53.0
go: downloading github.com/distribution/reference v0.6.0
go: downloading github.com/Microsoft/go-winio v0.6.2
go: downloading github.com/inconshreveable/mousetrap v1.1.0
go: downloading github.com/go-logr/zapr v1.3.0
go: downloading go.uber.org/zap v1.27.0
go: downloading github.com/go-openapi/jsonpointer v0.21.0
go: downloading github.com/mailru/easyjson v0.7.7
go: downloading golang.org/x/tools v0.36.0
go: downloading github.com/opencontainers/go-digest v1.0.0
go: downloading golang.org/x/term v0.34.0
go: downloading golang.org/x/oauth2 v0.30.0
go: downloading github.com/google/btree v1.1.3
go: downloading github.com/blang/semver/v4 v4.0.0
go: downloading k8s.io/controller-manager v0.32.10
go: downloading github.com/gorilla/websocket v1.5.0
go: downloading k8s.io/mount-utils v0.32.10
go: downloading go.opentelemetry.io/otel/metric v1.28.0
go: downloading go.opentelemetry.io/contrib/instrumentation/net/http/otelhttp v0.53.0
go: downloading go.opentelemetry.io/otel/exporters/otlp/otlptrace/otlptracegrpc v1.27.0
go: downloading go.opentelemetry.io/otel/exporters/otlp/otlptrace v1.28.0
go: downloading go.opentelemetry.io/otel/sdk v1.28.0
go: downloading k8s.io/cloud-provider v0.32.10
go: downloading google.golang.org/genproto/googleapis/rpc v0.0.0-20240826202546-f6391c0de4c7
go: downloading go.yaml.in/yaml/v3 v3.0.4
go: downloading github.com/josharian/intern v1.0.0
go: downloading go.uber.org/multierr v1.11.0
go: downloading github.com/opencontainers/selinux v1.13.0
go: downloading github.com/google/cel-go v0.22.0
go: downloading google.golang.org/genproto v0.0.0-20240227224415-6ceb2ff114de
go: downloading github.com/moby/sys/mountinfo v0.7.2
go: downloading github.com/moby/sys/userns v0.1.0
go: downloading github.com/felixge/httpsnoop v1.0.4
go: downloading github.com/Masterminds/semver/v3 v3.4.0
go: downloading go.opentelemetry.io/proto/otlp v1.3.1
go: downloading github.com/moby/spdystream v0.5.0
go: downloading google.golang.org/genproto/googleapis/api v0.0.0-20240826202546-f6391c0de4c7
go: downloading github.com/asaskevich/govalidator v0.0.0-20200907205600-7a23bdc65eef
go: downloading github.com/go-logr/stdr v1.2.2
go: downloading github.com/cyphar/filepath-securejoin v0.6.0
go: downloading github.com/go-task/slim-sprig/v3 v3.0.0
go: downloading k8s.io/csi-translation-lib v0.32.10
go: downloading github.com/cenkalti/backoff/v4 v4.3.0
go: downloading github.com/grpc-ecosystem/grpc-gateway/v2 v2.20.0
go: downloading cel.dev/expr v0.18.0
go: downloading github.com/mxk/go-flowrate v0.0.0-20140419014527-cca7078d478f
go: downloading github.com/stoewer/go-strcase v1.3.0
go: downloading cyphar.com/go-pathrs v0.2.1
go: downloading github.com/google/pprof v0.0.0-20250403155104-27863c87afa6
go: downloading github.com/coreos/go-systemd/v22 v22.5.0
go: downloading golang.org/x/crypto v0.41.0
go: downloading gopkg.in/natefinch/lumberjack.v2 v2.2.1
go: downloading github.com/antlr4-go/antlr/v4 v4.13.0
go: downloading sigs.k8s.io/apiserver-network-proxy/konnectivity-client v0.31.0
go: downloading k8s.io/kms v0.32.10
go: downloading github.com/grpc-ecosystem/go-grpc-prometheus v1.2.0
go: downloading go.etcd.io/etcd/client/pkg/v3 v3.5.16
go: downloading go.etcd.io/etcd/client/v3 v3.5.16
go: downloading github.com/NYTimes/gziphandler v1.1.1
go: downloading go.etcd.io/etcd/api/v3 v3.5.16
go: downloading golang.org/x/exp v0.0.0-20240719175910-8a7402abbf56
go: downloading golang.org/x/mod v0.27.0
tmp_dir: /tmp/tmp.i8UoFeY8qs
source /tmp/tmp.i8UoFeY8qs/src/github.com/openkruise/kruise/vendor/k8s.io/code-generator/kube_codegen.sh
gen_helpers
gen_client
Generating client code for 4 targets
grep: /tmp/tmp.i8UoFeY8qs/src/github.com/openkruise/kruise/pkg/client/clientset: No such file or directory
Generating lister code for 4 targets
grep: /tmp/tmp.i8UoFeY8qs/src/github.com/openkruise/kruise/pkg/client/listers: No such file or directory
Generating informer code for 4 targets
grep: /tmp/tmp.i8UoFeY8qs/src/github.com/openkruise/kruise/pkg/client/informers: No such file or directory
tmp_dir: /tmp/tmp.tFYRkMHE0i
gen_openapi
Generating openapi code for 1 targets
Generating openapi code for 1 targets
Generating openapi code for 1 targets
/home/jake/sbomit-overhead-experiment/repos/kruise/bin/controller-gen object:headerFile="hack/boilerplate.go.txt" paths="./apis/..."
go fmt github.com/openkruise/kruise github.com/openkruise/kruise/apis github.com/openkruise/kruise/apis/apps/defaults github.com/openkruise/kruise/apis/apps/pub github.com/openkruise/kruise/apis/apps/v1alpha1 github.com/openkruise/kruise/apis/apps/v1beta1 github.com/openkruise/kruise/apis/policy/v1alpha1 github.com/openkruise/kruise/apis/policy/v1beta1 github.com/openkruise/kruise/cmd/daemon github.com/openkruise/kruise/cmd/helm_hook github.com/openkruise/kruise/hack/gen-openapi-spec github.com/openkruise/kruise/pkg/client github.com/openkruise/kruise/pkg/client/clientset/versioned github.com/openkruise/kruise/pkg/client/clientset/versioned/fake github.com/openkruise/kruise/pkg/client/clientset/versioned/scheme github.com/openkruise/kruise/pkg/client/clientset/versioned/typed/apps/v1alpha1 github.com/openkruise/kruise/pkg/client/clientset/versioned/typed/apps/v1alpha1/fake github.com/openkruise/kruise/pkg/client/clientset/versioned/typed/apps/v1beta1 github.com/openkruise/kruise/pkg/client/clientset/versioned/typed/apps/v1beta1/fake github.com/openkruise/kruise/pkg/client/clientset/versioned/typed/policy/v1alpha1 github.com/openkruise/kruise/pkg/client/clientset/versioned/typed/policy/v1alpha1/fake github.com/openkruise/kruise/pkg/client/clientset/versioned/typed/policy/v1beta1 github.com/openkruise/kruise/pkg/client/clientset/versioned/typed/policy/v1beta1/fake github.com/openkruise/kruise/pkg/client/informers/externalversions github.com/openkruise/kruise/pkg/client/informers/externalversions/apps github.com/openkruise/kruise/pkg/client/informers/externalversions/apps/v1alpha1 github.com/openkruise/kruise/pkg/client/informers/externalversions/apps/v1beta1 github.com/openkruise/kruise/pkg/client/informers/externalversions/internalinterfaces github.com/openkruise/kruise/pkg/client/informers/externalversions/policy github.com/openkruise/kruise/pkg/client/informers/externalversions/policy/v1alpha1 github.com/openkruise/kruise/pkg/client/informers/externalversions/policy/v1beta1 github.com/openkruise/kruise/pkg/client/listers/apps/v1alpha1 github.com/openkruise/kruise/pkg/client/listers/apps/v1beta1 github.com/openkruise/kruise/pkg/client/listers/policy/v1alpha1 github.com/openkruise/kruise/pkg/client/listers/policy/v1beta1 github.com/openkruise/kruise/pkg/control/pubcontrol github.com/openkruise/kruise/pkg/control/sidecarcontrol github.com/openkruise/kruise/pkg/control/sorting github.com/openkruise/kruise/pkg/controller github.com/openkruise/kruise/pkg/controller/advancedcronjob github.com/openkruise/kruise/pkg/controller/broadcastjob github.com/openkruise/kruise/pkg/controller/cloneset github.com/openkruise/kruise/pkg/controller/cloneset/core github.com/openkruise/kruise/pkg/controller/cloneset/revision github.com/openkruise/kruise/pkg/controller/cloneset/sync github.com/openkruise/kruise/pkg/controller/cloneset/test github.com/openkruise/kruise/pkg/controller/cloneset/utils github.com/openkruise/kruise/pkg/controller/containerlaunchpriority github.com/openkruise/kruise/pkg/controller/containerrecreaterequest github.com/openkruise/kruise/pkg/controller/daemonset github.com/openkruise/kruise/pkg/controller/ephemeraljob github.com/openkruise/kruise/pkg/controller/ephemeraljob/econtainer github.com/openkruise/kruise/pkg/controller/imagelistpulljob github.com/openkruise/kruise/pkg/controller/imagepulljob github.com/openkruise/kruise/pkg/controller/nodeimage github.com/openkruise/kruise/pkg/controller/nodepodprobe github.com/openkruise/kruise/pkg/controller/persistentpodstate github.com/openkruise/kruise/pkg/controller/podprobemarker github.com/openkruise/kruise/pkg/controller/podreadiness github.com/openkruise/kruise/pkg/controller/podunavailablebudget github.com/openkruise/kruise/pkg/controller/resourcedistribution github.com/openkruise/kruise/pkg/controller/sidecarset github.com/openkruise/kruise/pkg/controller/sidecarterminator github.com/openkruise/kruise/pkg/controller/statefulset github.com/openkruise/kruise/pkg/controller/uniteddeployment github.com/openkruise/kruise/pkg/controller/uniteddeployment/adapter github.com/openkruise/kruise/pkg/controller/util github.com/openkruise/kruise/pkg/controller/workloadspread github.com/openkruise/kruise/pkg/daemon github.com/openkruise/kruise/pkg/daemon/containermeta github.com/openkruise/kruise/pkg/daemon/containerrecreate github.com/openkruise/kruise/pkg/daemon/criruntime github.com/openkruise/kruise/pkg/daemon/criruntime/imageruntime github.com/openkruise/kruise/pkg/daemon/criruntime/imageruntime/fake_plugin github.com/openkruise/kruise/pkg/daemon/imagepuller github.com/openkruise/kruise/pkg/daemon/kuberuntime github.com/openkruise/kruise/pkg/daemon/options github.com/openkruise/kruise/pkg/daemon/podprobe github.com/openkruise/kruise/pkg/daemon/util github.com/openkruise/kruise/pkg/features github.com/openkruise/kruise/pkg/util github.com/openkruise/kruise/pkg/util/api github.com/openkruise/kruise/pkg/util/calculator github.com/openkruise/kruise/pkg/util/client github.com/openkruise/kruise/pkg/util/configuration github.com/openkruise/kruise/pkg/util/containerlaunchpriority github.com/openkruise/kruise/pkg/util/containermeta github.com/openkruise/kruise/pkg/util/controllerfinder github.com/openkruise/kruise/pkg/util/discovery github.com/openkruise/kruise/pkg/util/expectations github.com/openkruise/kruise/pkg/util/feature github.com/openkruise/kruise/pkg/util/fieldindex github.com/openkruise/kruise/pkg/util/history github.com/openkruise/kruise/pkg/util/imagejob github.com/openkruise/kruise/pkg/util/imagejob/utilfunction github.com/openkruise/kruise/pkg/util/inplaceupdate github.com/openkruise/kruise/pkg/util/lifecycle github.com/openkruise/kruise/pkg/util/metrics/leadership github.com/openkruise/kruise/pkg/util/podadapter github.com/openkruise/kruise/pkg/util/podprobemarker github.com/openkruise/kruise/pkg/util/podreadiness github.com/openkruise/kruise/pkg/util/pvc github.com/openkruise/kruise/pkg/util/ratelimiter github.com/openkruise/kruise/pkg/util/refmanager github.com/openkruise/kruise/pkg/util/requeueduration github.com/openkruise/kruise/pkg/util/revision github.com/openkruise/kruise/pkg/util/revisionadapter github.com/openkruise/kruise/pkg/util/secret github.com/openkruise/kruise/pkg/util/specifieddelete github.com/openkruise/kruise/pkg/util/updatesort github.com/openkruise/kruise/pkg/util/volumeclaimtemplate github.com/openkruise/kruise/pkg/util/workloadspread github.com/openkruise/kruise/pkg/webhook github.com/openkruise/kruise/pkg/webhook/advancedcronjob/mutating github.com/openkruise/kruise/pkg/webhook/advancedcronjob/validating github.com/openkruise/kruise/pkg/webhook/broadcastjob/mutating github.com/openkruise/kruise/pkg/webhook/broadcastjob/validating github.com/openkruise/kruise/pkg/webhook/builtinworkloads/validating github.com/openkruise/kruise/pkg/webhook/cloneset/mutating github.com/openkruise/kruise/pkg/webhook/cloneset/validating github.com/openkruise/kruise/pkg/webhook/containerrecreaterequest/mutating github.com/openkruise/kruise/pkg/webhook/customresourcedefinition/validating github.com/openkruise/kruise/pkg/webhook/daemonset/mutating github.com/openkruise/kruise/pkg/webhook/daemonset/validating github.com/openkruise/kruise/pkg/webhook/ephemeraljob/validating github.com/openkruise/kruise/pkg/webhook/imagelistpulljob/mutating github.com/openkruise/kruise/pkg/webhook/imagelistpulljob/validating github.com/openkruise/kruise/pkg/webhook/imagepulljob/mutating github.com/openkruise/kruise/pkg/webhook/imagepulljob/validating github.com/openkruise/kruise/pkg/webhook/ingress/validating github.com/openkruise/kruise/pkg/webhook/namespace/validating github.com/openkruise/kruise/pkg/webhook/nodeimage/mutating github.com/openkruise/kruise/pkg/webhook/nodeimage/validating github.com/openkruise/kruise/pkg/webhook/persistentpodstate/validating github.com/openkruise/kruise/pkg/webhook/pod/mutating github.com/openkruise/kruise/pkg/webhook/pod/validating github.com/openkruise/kruise/pkg/webhook/podprobemarker/validating github.com/openkruise/kruise/pkg/webhook/podunavailablebudget/validating github.com/openkruise/kruise/pkg/webhook/resourcedistribution/validating github.com/openkruise/kruise/pkg/webhook/service/validating github.com/openkruise/kruise/pkg/webhook/sidecarset/mutating github.com/openkruise/kruise/pkg/webhook/sidecarset/validating github.com/openkruise/kruise/pkg/webhook/statefulset/mutating github.com/openkruise/kruise/pkg/webhook/statefulset/validating github.com/openkruise/kruise/pkg/webhook/types github.com/openkruise/kruise/pkg/webhook/uniteddeployment/mutating github.com/openkruise/kruise/pkg/webhook/uniteddeployment/validating github.com/openkruise/kruise/pkg/webhook/util github.com/openkruise/kruise/pkg/webhook/util/configuration github.com/openkruise/kruise/pkg/webhook/util/controller github.com/openkruise/kruise/pkg/webhook/util/convertor github.com/openkruise/kruise/pkg/webhook/util/crd github.com/openkruise/kruise/pkg/webhook/util/deletionprotection github.com/openkruise/kruise/pkg/webhook/util/generator github.com/openkruise/kruise/pkg/webhook/util/generator/fake github.com/openkruise/kruise/pkg/webhook/util/health github.com/openkruise/kruise/pkg/webhook/util/writer github.com/openkruise/kruise/pkg/webhook/util/writer/atomic github.com/openkruise/kruise/pkg/webhook/workloadspread/validating github.com/openkruise/kruise/test/e2e github.com/openkruise/kruise/test/e2e/apps/v1alpha1 github.com/openkruise/kruise/test/e2e/apps/v1beta1 github.com/openkruise/kruise/test/e2e/framework/common github.com/openkruise/kruise/test/e2e/framework/v1alpha1 github.com/openkruise/kruise/test/e2e/framework/v1beta1 github.com/openkruise/kruise/test/e2e/policy/v1alpha1 github.com/openkruise/kruise/test/e2e/policy/v1beta1 github.com/openkruise/kruise/test/fuzz
apis/policy/v1alpha1/podunavailablebudget_conversion_test.go
pkg/controller/imagepulljob/imagepulljob_controller_test.go
pkg/controller/sidecarterminator/sidecar_terminator_controller_test.go
pkg/webhook/imagepulljob/validating/imagepulljob_create_update_handler_test.go
pkg/webhook/uniteddeployment/mutating/uniteddeployment_create_update_handler_test.go
go vet github.com/openkruise/kruise github.com/openkruise/kruise/apis github.com/openkruise/kruise/apis/apps/defaults github.com/openkruise/kruise/apis/apps/pub github.com/openkruise/kruise/apis/apps/v1alpha1 github.com/openkruise/kruise/apis/apps/v1beta1 github.com/openkruise/kruise/apis/policy/v1alpha1 github.com/openkruise/kruise/apis/policy/v1beta1 github.com/openkruise/kruise/cmd/daemon github.com/openkruise/kruise/cmd/helm_hook github.com/openkruise/kruise/hack/gen-openapi-spec github.com/openkruise/kruise/pkg/client github.com/openkruise/kruise/pkg/client/clientset/versioned github.com/openkruise/kruise/pkg/client/clientset/versioned/fake github.com/openkruise/kruise/pkg/client/clientset/versioned/scheme github.com/openkruise/kruise/pkg/client/clientset/versioned/typed/apps/v1alpha1 github.com/openkruise/kruise/pkg/client/clientset/versioned/typed/apps/v1alpha1/fake github.com/openkruise/kruise/pkg/client/clientset/versioned/typed/apps/v1beta1 github.com/openkruise/kruise/pkg/client/clientset/versioned/typed/apps/v1beta1/fake github.com/openkruise/kruise/pkg/client/clientset/versioned/typed/policy/v1alpha1 github.com/openkruise/kruise/pkg/client/clientset/versioned/typed/policy/v1alpha1/fake github.com/openkruise/kruise/pkg/client/clientset/versioned/typed/policy/v1beta1 github.com/openkruise/kruise/pkg/client/clientset/versioned/typed/policy/v1beta1/fake github.com/openkruise/kruise/pkg/client/informers/externalversions github.com/openkruise/kruise/pkg/client/informers/externalversions/apps github.com/openkruise/kruise/pkg/client/informers/externalversions/apps/v1alpha1 github.com/openkruise/kruise/pkg/client/informers/externalversions/apps/v1beta1 github.com/openkruise/kruise/pkg/client/informers/externalversions/internalinterfaces github.com/openkruise/kruise/pkg/client/informers/externalversions/policy github.com/openkruise/kruise/pkg/client/informers/externalversions/policy/v1alpha1 github.com/openkruise/kruise/pkg/client/informers/externalversions/policy/v1beta1 github.com/openkruise/kruise/pkg/client/listers/apps/v1alpha1 github.com/openkruise/kruise/pkg/client/listers/apps/v1beta1 github.com/openkruise/kruise/pkg/client/listers/policy/v1alpha1 github.com/openkruise/kruise/pkg/client/listers/policy/v1beta1 github.com/openkruise/kruise/pkg/control/pubcontrol github.com/openkruise/kruise/pkg/control/sidecarcontrol github.com/openkruise/kruise/pkg/control/sorting github.com/openkruise/kruise/pkg/controller github.com/openkruise/kruise/pkg/controller/advancedcronjob github.com/openkruise/kruise/pkg/controller/broadcastjob github.com/openkruise/kruise/pkg/controller/cloneset github.com/openkruise/kruise/pkg/controller/cloneset/core github.com/openkruise/kruise/pkg/controller/cloneset/revision github.com/openkruise/kruise/pkg/controller/cloneset/sync github.com/openkruise/kruise/pkg/controller/cloneset/test github.com/openkruise/kruise/pkg/controller/cloneset/utils github.com/openkruise/kruise/pkg/controller/containerlaunchpriority github.com/openkruise/kruise/pkg/controller/containerrecreaterequest github.com/openkruise/kruise/pkg/controller/daemonset github.com/openkruise/kruise/pkg/controller/ephemeraljob github.com/openkruise/kruise/pkg/controller/ephemeraljob/econtainer github.com/openkruise/kruise/pkg/controller/imagelistpulljob github.com/openkruise/kruise/pkg/controller/imagepulljob github.com/openkruise/kruise/pkg/controller/nodeimage github.com/openkruise/kruise/pkg/controller/nodepodprobe github.com/openkruise/kruise/pkg/controller/persistentpodstate github.com/openkruise/kruise/pkg/controller/podprobemarker github.com/openkruise/kruise/pkg/controller/podreadiness github.com/openkruise/kruise/pkg/controller/podunavailablebudget github.com/openkruise/kruise/pkg/controller/resourcedistribution github.com/openkruise/kruise/pkg/controller/sidecarset github.com/openkruise/kruise/pkg/controller/sidecarterminator github.com/openkruise/kruise/pkg/controller/statefulset github.com/openkruise/kruise/pkg/controller/uniteddeployment github.com/openkruise/kruise/pkg/controller/uniteddeployment/adapter github.com/openkruise/kruise/pkg/controller/util github.com/openkruise/kruise/pkg/controller/workloadspread github.com/openkruise/kruise/pkg/daemon github.com/openkruise/kruise/pkg/daemon/containermeta github.com/openkruise/kruise/pkg/daemon/containerrecreate github.com/openkruise/kruise/pkg/daemon/criruntime github.com/openkruise/kruise/pkg/daemon/criruntime/imageruntime github.com/openkruise/kruise/pkg/daemon/criruntime/imageruntime/fake_plugin github.com/openkruise/kruise/pkg/daemon/imagepuller github.com/openkruise/kruise/pkg/daemon/kuberuntime github.com/openkruise/kruise/pkg/daemon/options github.com/openkruise/kruise/pkg/daemon/podprobe github.com/openkruise/kruise/pkg/daemon/util github.com/openkruise/kruise/pkg/features github.com/openkruise/kruise/pkg/util github.com/openkruise/kruise/pkg/util/api github.com/openkruise/kruise/pkg/util/calculator github.com/openkruise/kruise/pkg/util/client github.com/openkruise/kruise/pkg/util/configuration github.com/openkruise/kruise/pkg/util/containerlaunchpriority github.com/openkruise/kruise/pkg/util/containermeta github.com/openkruise/kruise/pkg/util/controllerfinder github.com/openkruise/kruise/pkg/util/discovery github.com/openkruise/kruise/pkg/util/expectations github.com/openkruise/kruise/pkg/util/feature github.com/openkruise/kruise/pkg/util/fieldindex github.com/openkruise/kruise/pkg/util/history github.com/openkruise/kruise/pkg/util/imagejob github.com/openkruise/kruise/pkg/util/imagejob/utilfunction github.com/openkruise/kruise/pkg/util/inplaceupdate github.com/openkruise/kruise/pkg/util/lifecycle github.com/openkruise/kruise/pkg/util/metrics/leadership github.com/openkruise/kruise/pkg/util/podadapter github.com/openkruise/kruise/pkg/util/podprobemarker github.com/openkruise/kruise/pkg/util/podreadiness github.com/openkruise/kruise/pkg/util/pvc github.com/openkruise/kruise/pkg/util/ratelimiter github.com/openkruise/kruise/pkg/util/refmanager github.com/openkruise/kruise/pkg/util/requeueduration github.com/openkruise/kruise/pkg/util/revision github.com/openkruise/kruise/pkg/util/revisionadapter github.com/openkruise/kruise/pkg/util/secret github.com/openkruise/kruise/pkg/util/specifieddelete github.com/openkruise/kruise/pkg/util/updatesort github.com/openkruise/kruise/pkg/util/volumeclaimtemplate github.com/openkruise/kruise/pkg/util/workloadspread github.com/openkruise/kruise/pkg/webhook github.com/openkruise/kruise/pkg/webhook/advancedcronjob/mutating github.com/openkruise/kruise/pkg/webhook/advancedcronjob/validating github.com/openkruise/kruise/pkg/webhook/broadcastjob/mutating github.com/openkruise/kruise/pkg/webhook/broadcastjob/validating github.com/openkruise/kruise/pkg/webhook/builtinworkloads/validating github.com/openkruise/kruise/pkg/webhook/cloneset/mutating github.com/openkruise/kruise/pkg/webhook/cloneset/validating github.com/openkruise/kruise/pkg/webhook/containerrecreaterequest/mutating github.com/openkruise/kruise/pkg/webhook/customresourcedefinition/validating github.com/openkruise/kruise/pkg/webhook/daemonset/mutating github.com/openkruise/kruise/pkg/webhook/daemonset/validating github.com/openkruise/kruise/pkg/webhook/ephemeraljob/validating github.com/openkruise/kruise/pkg/webhook/imagelistpulljob/mutating github.com/openkruise/kruise/pkg/webhook/imagelistpulljob/validating github.com/openkruise/kruise/pkg/webhook/imagepulljob/mutating github.com/openkruise/kruise/pkg/webhook/imagepulljob/validating github.com/openkruise/kruise/pkg/webhook/ingress/validating github.com/openkruise/kruise/pkg/webhook/namespace/validating github.com/openkruise/kruise/pkg/webhook/nodeimage/mutating github.com/openkruise/kruise/pkg/webhook/nodeimage/validating github.com/openkruise/kruise/pkg/webhook/persistentpodstate/validating github.com/openkruise/kruise/pkg/webhook/pod/mutating github.com/openkruise/kruise/pkg/webhook/pod/validating github.com/openkruise/kruise/pkg/webhook/podprobemarker/validating github.com/openkruise/kruise/pkg/webhook/podunavailablebudget/validating github.com/openkruise/kruise/pkg/webhook/resourcedistribution/validating github.com/openkruise/kruise/pkg/webhook/service/validating github.com/openkruise/kruise/pkg/webhook/sidecarset/mutating github.com/openkruise/kruise/pkg/webhook/sidecarset/validating github.com/openkruise/kruise/pkg/webhook/statefulset/mutating github.com/openkruise/kruise/pkg/webhook/statefulset/validating github.com/openkruise/kruise/pkg/webhook/types github.com/openkruise/kruise/pkg/webhook/uniteddeployment/mutating github.com/openkruise/kruise/pkg/webhook/uniteddeployment/validating github.com/openkruise/kruise/pkg/webhook/util github.com/openkruise/kruise/pkg/webhook/util/configuration github.com/openkruise/kruise/pkg/webhook/util/controller github.com/openkruise/kruise/pkg/webhook/util/convertor github.com/openkruise/kruise/pkg/webhook/util/crd github.com/openkruise/kruise/pkg/webhook/util/deletionprotection github.com/openkruise/kruise/pkg/webhook/util/generator github.com/openkruise/kruise/pkg/webhook/util/generator/fake github.com/openkruise/kruise/pkg/webhook/util/health github.com/openkruise/kruise/pkg/webhook/util/writer github.com/openkruise/kruise/pkg/webhook/util/writer/atomic github.com/openkruise/kruise/pkg/webhook/workloadspread/validating github.com/openkruise/kruise/test/e2e github.com/openkruise/kruise/test/e2e/apps/v1alpha1 github.com/openkruise/kruise/test/e2e/apps/v1beta1 github.com/openkruise/kruise/test/e2e/framework/common github.com/openkruise/kruise/test/e2e/framework/v1alpha1 github.com/openkruise/kruise/test/e2e/framework/v1beta1 github.com/openkruise/kruise/test/e2e/policy/v1alpha1 github.com/openkruise/kruise/test/e2e/policy/v1beta1 github.com/openkruise/kruise/test/fuzz
/home/jake/sbomit-overhead-experiment/repos/kruise/bin/controller-gen "crd:crdVersions=v1" rbac:roleName=manager-role webhook paths="./apis/..." paths="./pkg/..." output:crd:artifacts:config=config/crd/bases
go build -o bin/manager main.go
level=info msg="Finished command-run attestor... (128.36552279s)"
level=info msg="Completed execute attestors stage..."
level=info msg="Starting product attestors stage..."
level=info msg="Starting product attestor..."
level=info msg="Finished product attestor... (0.287310107s)"
level=info msg="Completed product attestors stage..."
level=info msg="Starting postproduct attestors stage..."
level=info msg="Completed postproduct attestors stage..."
