level=info msg="Starting prematerial attestors stage..."
level=info msg="Starting git attestor..."
level=info msg="Starting environment attestor..."
level=info msg="Finished environment attestor... (0.00012656s)"
level=info msg="Finished git attestor... (0.037424257s)"
level=info msg="Completed prematerial attestors stage..."
level=info msg="Starting material attestors stage..."
level=info msg="Starting material attestor..."
level=info msg="Finished material attestor... (0.305995546s)"
level=info msg="Completed material attestors stage..."
level=info msg="Starting execute attestors stage..."
level=info msg="Starting command-run attestor..."
level=info msg="Using tracer: ebpf for command-run"
go: downloading go1.26.7 (linux/amd64)
mkdir -p /home/jake/sbomit-overhead-experiment/repos/kuadrant-operator/bin
Downloading sigs.k8s.io/controller-tools/cmd/controller-gen@v0.19.0
go: downloading sigs.k8s.io/controller-tools v0.19.0
go: downloading github.com/spf13/cobra v1.9.1
go: downloading golang.org/x/tools v0.36.0
go: downloading k8s.io/apimachinery v0.34.0
go: downloading k8s.io/code-generator v0.34.0
go: downloading k8s.io/gengo/v2 v2.0.0-20250604051438-85fd79dbfd9f
go: downloading k8s.io/api v0.34.0
go: downloading gopkg.in/yaml.v3 v3.0.1
go: downloading k8s.io/apiextensions-apiserver v0.34.0
go: downloading sigs.k8s.io/yaml v1.6.0
go: downloading gopkg.in/yaml.v2 v2.4.0
go: downloading github.com/fatih/color v1.18.0
go: downloading github.com/gobuffalo/flect v1.0.3
go: downloading k8s.io/utils v0.0.0-20250604170112-4c0f3b243397
go: downloading go.yaml.in/yaml/v2 v2.4.2
go: downloading github.com/spf13/pflag v1.0.7
go: downloading k8s.io/klog/v2 v2.130.1
go: downloading github.com/mattn/go-colorable v0.1.13
go: downloading github.com/mattn/go-isatty v0.0.20
go: downloading github.com/gogo/protobuf v1.3.2
go: downloading golang.org/x/sys v0.35.0
go: downloading sigs.k8s.io/randfill v1.0.0
go: downloading sigs.k8s.io/structured-merge-diff/v6 v6.3.0
go: downloading sigs.k8s.io/json v0.0.0-20241014173422-cfa47c3a1cc8
go: downloading gopkg.in/inf.v0 v0.9.1
go: downloading github.com/fxamacker/cbor/v2 v2.9.0
go: downloading github.com/google/gnostic-models v0.7.0
go: downloading k8s.io/kube-openapi v0.0.0-20250710124328-f3f2b991d03b
go: downloading golang.org/x/net v0.43.0
go: downloading github.com/go-logr/logr v1.4.3
go: downloading github.com/x448/float16 v0.8.4
go: downloading go.yaml.in/yaml/v3 v3.0.4
go: downloading google.golang.org/protobuf v1.36.7
go: downloading github.com/json-iterator/go v1.1.12
go: downloading github.com/modern-go/concurrent v0.0.0-20180306012644-bacd9c7ef1dd
go: downloading github.com/modern-go/reflect2 v1.0.3-0.20250322232337-35a7c28c31ee
go: downloading github.com/go-openapi/jsonreference v0.20.2
go: downloading github.com/go-openapi/swag v0.23.0
go: downloading github.com/go-openapi/jsonpointer v0.21.0
go: downloading github.com/mailru/easyjson v0.7.7
go: downloading github.com/josharian/intern v1.0.0
go: downloading golang.org/x/text v0.28.0
go: downloading golang.org/x/mod v0.27.0
go: downloading golang.org/x/sync v0.16.0
/home/jake/sbomit-overhead-experiment/repos/kuadrant-operator/bin/controller-gen object:headerFile="hack/boilerplate.go.txt" paths="./..."
go fmt ./...
go vet ./...
go: downloading gotest.tools v2.2.0+incompatible
go build -ldflags "-X main.version=v0.0.0 -X main.gitSHA=bf586c6b2400c2fede98bb878aabe09f771846c3 -X main.dirty=false" -o bin/manager cmd/main.go
level=info msg="Finished command-run attestor... (77.136718779s)"
level=info msg="Completed execute attestors stage..."
level=info msg="Starting product attestors stage..."
level=info msg="Starting product attestor..."
level=info msg="Finished product attestor... (0.358889783s)"
level=info msg="Completed product attestors stage..."
level=info msg="Starting postproduct attestors stage..."
level=info msg="Completed postproduct attestors stage..."
