level=info msg="Starting prematerial attestors stage..."
level=info msg="Starting environment attestor..."
level=info msg="Starting git attestor..."
level=info msg="Finished environment attestor... (0.00013284s)"
level=info msg="Finished git attestor... (0.039282897s)"
level=info msg="Completed prematerial attestors stage..."
level=info msg="Starting material attestors stage..."
level=info msg="Starting material attestor..."
level=info msg="Finished material attestor... (0.188315705s)"
level=info msg="Completed material attestors stage..."
level=info msg="Starting execute attestors stage..."
level=info msg="Starting command-run attestor..."
level=info msg="Using tracer: ebpf for command-run"
GOBIN=/home/jake/sbomit-overhead-experiment/repos/kubefleet/hack/tools/bin ./hack/go-install.sh sigs.k8s.io/controller-tools/cmd/controller-gen controller-gen v0.20.0
rm: cannot remove '/home/jake/sbomit-overhead-experiment/repos/kubefleet/hack/tools/bin/controller-gen*': No such file or directory
go: creating new go.mod: module fake/mod
go: downloading sigs.k8s.io/controller-tools v0.20.0
go: downloading gopkg.in/yaml.v3 v3.0.1
go: downloading k8s.io/apiextensions-apiserver v0.35.0
go: downloading k8s.io/apimachinery v0.35.0
go: downloading golang.org/x/tools v0.40.0
go: downloading github.com/spf13/cobra v1.10.2
go: downloading sigs.k8s.io/yaml v1.6.0
go: downloading k8s.io/api v0.35.0
go: downloading k8s.io/code-generator v0.35.0
go: downloading k8s.io/gengo/v2 v2.0.0-20250922181213-ec3ebc5fd46b
go: downloading github.com/fatih/color v1.18.0
go: downloading gopkg.in/yaml.v2 v2.4.0
go: downloading github.com/gobuffalo/flect v1.0.3
go: downloading k8s.io/utils v0.0.0-20251002143259-bc988d571ff4
go: downloading go.yaml.in/yaml/v2 v2.4.3
go: downloading github.com/mattn/go-colorable v0.1.13
go: downloading github.com/mattn/go-isatty v0.0.20
go: downloading github.com/spf13/pflag v1.0.10
go: downloading k8s.io/klog/v2 v2.130.1
go: downloading golang.org/x/sys v0.39.0
go: downloading sigs.k8s.io/json v0.0.0-20250730193827-2d320260d730
go: downloading sigs.k8s.io/randfill v1.0.0
go: downloading k8s.io/kube-openapi v0.0.0-20250910181357-589584f1c912
go: downloading sigs.k8s.io/structured-merge-diff/v6 v6.3.0
go: downloading gopkg.in/inf.v0 v0.9.1
go: downloading github.com/fxamacker/cbor/v2 v2.9.0
go: downloading golang.org/x/net v0.48.0
go: downloading github.com/google/gnostic-models v0.7.0
go: downloading golang.org/x/text v0.32.0
go: downloading github.com/go-logr/logr v1.4.3
go: downloading github.com/x448/float16 v0.8.4
go: downloading go.yaml.in/yaml/v3 v3.0.4
go: downloading google.golang.org/protobuf v1.36.8
go: downloading github.com/json-iterator/go v1.1.12
go: downloading github.com/modern-go/concurrent v0.0.0-20180306012644-bacd9c7ef1dd
go: downloading github.com/modern-go/reflect2 v1.0.3-0.20250322232337-35a7c28c31ee
go: downloading github.com/go-openapi/jsonreference v0.20.2
go: downloading github.com/go-openapi/swag v0.23.0
go: downloading github.com/go-openapi/jsonpointer v0.21.0
go: downloading github.com/mailru/easyjson v0.7.7
go: downloading github.com/josharian/intern v1.0.0
go: downloading golang.org/x/mod v0.31.0
go: downloading golang.org/x/sync v0.19.0
/home/jake/sbomit-overhead-experiment/repos/kubefleet/hack/tools/bin/controller-gen-v0.20.0 \
	object:headerFile="hack/boilerplate.go.txt" paths="./..."
GOBIN=/home/jake/sbomit-overhead-experiment/repos/kubefleet/hack/tools/bin ./hack/go-install.sh golang.org/x/tools/cmd/goimports goimports v0.42.0
rm: cannot remove '/home/jake/sbomit-overhead-experiment/repos/kubefleet/hack/tools/bin/goimports*': No such file or directory
go: creating new go.mod: module fake/mod
go: downloading golang.org/x/tools v0.42.0
go: downloading golang.org/x/telemetry v0.0.0-20260209163413-e7419c687ee4
go: downloading golang.org/x/mod v0.33.0
go fmt ./...
/home/jake/sbomit-overhead-experiment/repos/kubefleet/hack/tools/bin/goimports-v0.42.0 -local go.goms.io/fleet -w $(go list -f {{.Dir}} ./...)
go vet ./...
go: downloading github.com/stretchr/testify v1.10.0
go: downloading github.com/onsi/ginkgo/v2 v2.23.4
go: downloading github.com/crossplane/crossplane-runtime/v2 v2.1.0
go: downloading dario.cat/mergo v1.0.2
go build -o bin/hubagent cmd/hubagent/main.go
go build -o bin/memberagent cmd/memberagent/main.go
go build -o bin/kubectl-fleet ./tools/fleet/
level=info msg="Finished command-run attestor... (107.953858397s)"
level=info msg="Completed execute attestors stage..."
level=info msg="Starting product attestors stage..."
level=info msg="Starting product attestor..."
level=info msg="Finished product attestor... (0.462655544s)"
level=info msg="Completed product attestors stage..."
level=info msg="Starting postproduct attestors stage..."
level=info msg="Completed postproduct attestors stage..."
