Error: unknown flag: --format
Usage:
  golangci-lint version [flags]

Flags:
      --debug   Add build information
      --json    Display as JSON
      --short   Display only the version number

Global Flags:
      --color string   Use color when printing; can be 'always', 'auto', or 'never' (default "auto")
  -h, --help           Help for a command
  -v, --verbose        Verbose output

The command is terminated due to an error: unknown flag: --format
Error: unknown flag: --format
Usage:
  golangci-lint version [flags]

Flags:
      --debug   Add build information
      --json    Display as JSON
      --short   Display only the version number

Global Flags:
      --color string   Use color when printing; can be 'always', 'auto', or 'never' (default "auto")
  -h, --help           Help for a command
  -v, --verbose        Verbose output

The command is terminated due to an error: unknown flag: --format
/bin/bash: line 1: /home/jake/sbomit-overhead-experiment/repos/kubevela/bin/kustomize: No such file or directory
GO111MODULE=on CGO_ENABLED=0 go build -o bin/vela -a -ldflags "-s -w -X github.com/oam-dev/kubevela/version.VelaVersion=master -X github.com/oam-dev/kubevela/version.GitRevision=git-e6bbce3" ./references/cmd/cli/main.go
go: downloading k8s.io/apiserver v0.31.10
go: downloading k8s.io/client-go v0.31.10
go: downloading k8s.io/klog/v2 v2.130.1
go: downloading github.com/sirupsen/logrus v1.9.3
go: downloading github.com/containerd/log v0.1.0
go: downloading github.com/pkg/errors v0.9.1
go: downloading k8s.io/apimachinery v0.31.10
go: downloading github.com/crossplane/crossplane-runtime v1.16.0
go: downloading k8s.io/api v0.31.10
go: downloading sigs.k8s.io/controller-runtime v0.19.7
go: downloading cuelang.org/go v0.14.1
go: downloading github.com/oam-dev/cluster-gateway v1.9.2-0.20250629203450-2b04dd452b7a
go: downloading k8s.io/klog v1.0.0
go: downloading github.com/AlecAivazis/survey/v2 v2.1.1
go: downloading github.com/FogDong/uitable v0.0.5
go: downloading github.com/aryann/difflib v0.0.0-20210328193216-ff5ff6dc229b
go: downloading github.com/briandowns/spinner v1.23.0
go: downloading github.com/fatih/color v1.18.0
go: downloading github.com/getkin/kin-openapi v0.131.0
go: downloading github.com/go-logr/logr v1.4.2
go: downloading github.com/google/go-github/v32 v32.1.0
go: downloading github.com/gosuri/uitable v0.0.4
go: downloading github.com/hashicorp/go-version v1.6.0
go: downloading github.com/kubevela/pkg v1.11.1-0.20260722232534-455842713731
go: downloading github.com/kubevela/workflow v0.7.3-0.20260724135823-5e2a5c1ecb21
go: downloading github.com/kyokomi/emoji v2.2.4+incompatible
go: downloading github.com/mattn/go-runewidth v0.0.15
go: downloading github.com/oam-dev/terraform-controller v0.8.1-0.20250707044258-c0557127de25
go: downloading github.com/olekukonko/tablewriter v0.0.5
go: downloading github.com/spf13/cobra v1.9.1
go: downloading github.com/spf13/pflag v1.0.7
go: downloading go.yaml.in/yaml/v3 v3.0.4
go: downloading golang.org/x/oauth2 v0.30.0
go: downloading golang.org/x/term v0.33.0
go: downloading helm.sh/helm/v3 v3.14.4
go: downloading k8s.io/cli-runtime v0.31.10
go: downloading k8s.io/kube-aggregator v0.31.10
go: downloading k8s.io/kubectl v0.31.10
go: downloading k8s.io/metrics v0.31.10
go: downloading k8s.io/utils v0.0.0-20250604170112-4c0f3b243397
go: downloading sigs.k8s.io/yaml v1.4.0
go: downloading golang.org/x/sys v0.34.0
go: downloading github.com/kballard/go-shellquote v0.0.0-20180428030007-95032a82bc51
go: downloading golang.org/x/crypto v0.40.0
go: downloading google.golang.org/grpc v1.67.1
go: downloading open-cluster-management.io/api v0.11.0
go: downloading sigs.k8s.io/apiserver-network-proxy/konnectivity-client v0.0.36
go: downloading sigs.k8s.io/apiserver-network-proxy v0.31.4
go: downloading github.com/kmodules/apiserver-runtime v1.1.2-0.20250422194347-c5ac4abaf2ae
go: downloading github.com/mattn/go-colorable v0.1.13
go: downloading github.com/mattn/go-isatty v0.0.20
go: downloading github.com/evanphx/json-patch/v5 v5.9.0
go: downloading github.com/google/go-querystring v1.1.0
go: downloading github.com/gogo/protobuf v1.3.2
go: downloading github.com/evanphx/json-patch v5.7.0+incompatible
go: downloading github.com/google/gofuzz v1.2.0
go: downloading sigs.k8s.io/structured-merge-diff/v4 v4.6.0
go: downloading github.com/go-openapi/jsonpointer v0.21.0
go: downloading github.com/mohae/deepcopy v0.0.0-20170929034955-c48cc78d4826
go: downloading github.com/oasdiff/yaml v0.0.0-20250309154309-f31be36b4037
go: downloading github.com/perimeterx/marshmallow v1.1.5
go: downloading github.com/go-stack/stack v1.8.1
go: downloading github.com/jellydator/ttlcache/v3 v3.0.1
go: downloading github.com/klauspost/compress v1.17.10
go: downloading go.uber.org/automaxprocs v1.5.3
go: downloading github.com/Masterminds/semver/v3 v3.2.1
go: downloading github.com/Masterminds/semver v1.5.0
go: downloading github.com/chartmuseum/helm-push v0.10.4
go: downloading github.com/go-resty/resty/v2 v2.8.0
go: downloading github.com/imdario/mergo v0.3.16
go: downloading gitlab.com/gitlab-org/api/client-go v0.127.0
go: downloading go.uber.org/multierr v1.11.0
go: downloading github.com/rivo/uniseg v0.4.3
go: downloading github.com/jeremywohl/flatten/v2 v2.0.0-20211013061545-07e4a09fb8e4
go: downloading github.com/xlab/treeprint v1.2.0
go: downloading k8s.io/apiextensions-apiserver v0.31.10
go: downloading github.com/prometheus/client_golang v1.20.5
go: downloading github.com/dave/jennifer v1.6.1
go: downloading github.com/ettle/strcase v0.2.0
go: downloading gomodules.xyz/jsonpatch/v2 v2.4.0
go: downloading gopkg.in/yaml.v3 v3.0.1
go: downloading github.com/davecgh/go-spew v1.1.2-0.20180830191138-d8f796af33cc
go: downloading github.com/onsi/gomega v1.36.2
go: downloading github.com/oam-dev/cluster-register v1.0.4-0.20250624042630-618dfa13eb5b
go: downloading github.com/form3tech-oss/jwt-go v3.2.5+incompatible
go: downloading github.com/tidwall/gjson v1.14.4
go: downloading github.com/oam-dev/stern v1.13.3-0.20250828063553-e1dd6271d131
go: downloading github.com/hashicorp/hcl/v2 v2.18.0
go: downloading github.com/oam-dev/terraform-config-inspect v0.0.0-20250902214508-15aa973b0d00
go: downloading github.com/openkruise/kruise-api v1.4.0
go: downloading github.com/openkruise/rollouts v0.3.0
go: downloading sigs.k8s.io/gateway-api v0.7.1
go: downloading github.com/mitchellh/hashstructure/v2 v2.0.2
go: downloading golang.org/x/tools v0.35.0
go: downloading github.com/bluele/gcache v0.0.2
go: downloading github.com/gdamore/tcell/v2 v2.6.0
go: downloading github.com/rivo/tview v0.0.0-20221128165837-db36428c92d9
go: downloading github.com/hashicorp/hcl v1.0.0
go: downloading github.com/go-git/go-git/v5 v5.16.0
go: downloading golang.org/x/mod v0.26.0
go: downloading golang.org/x/sync v0.16.0
go: downloading golang.org/x/text v0.27.0
go: downloading github.com/robfig/cron/v3 v3.0.1
go: downloading k8s.io/component-base v0.31.10
go: downloading sigs.k8s.io/json v0.0.0-20221116044647-bc3834ca7abd
go: downloading github.com/google/uuid v1.6.0
go: downloading gopkg.in/evanphx/json-patch.v4 v4.12.0
go: downloading github.com/Masterminds/sprig/v3 v3.2.3
go: downloading github.com/cockroachdb/apd/v3 v3.2.1
go: downloading golang.org/x/net v0.42.0
go: downloading github.com/golang/protobuf v1.5.4
go: downloading github.com/Masterminds/sprig v2.22.0+incompatible
go: downloading github.com/google/gnostic-models v0.6.9
go: downloading github.com/gorilla/websocket v1.5.0
go: downloading dario.cat/mergo v1.0.0
go: downloading github.com/mgutz/ansi v0.0.0-20170206155736-9520e82c474b
go: downloading github.com/coreos/go-systemd/v22 v22.5.0
go: downloading github.com/emicklei/go-restful/v3 v3.12.0
go: downloading golang.org/x/time v0.10.0
go: downloading k8s.io/kube-openapi v0.0.0-20250610211856-8b98d1ed966a
go: downloading github.com/mxk/go-flowrate v0.0.0-20140419014527-cca7078d478f
go: downloading go.opentelemetry.io/otel v1.28.0
go: downloading gopkg.in/inf.v0 v0.9.1
go: downloading github.com/go-openapi/swag v0.23.0
go: downloading github.com/oasdiff/yaml3 v0.0.0-20250309153720-d2182401db90
go: downloading github.com/mailru/easyjson v0.7.7
go: downloading golang.org/x/exp v0.0.0-20240719175910-8a7402abbf56
go: downloading go.opentelemetry.io/otel/sdk v1.28.0
go: downloading go.opentelemetry.io/otel/trace v1.28.0
go: downloading github.com/json-iterator/go v1.1.12
go: downloading github.com/moby/term v0.5.0
go: downloading github.com/liggitt/tabwriter v0.0.0-20181228230101-89fcab3d43de
go: downloading github.com/chai2010/gettext-go v1.0.2
go: downloading github.com/MakeNowJust/heredoc v1.0.0
go: downloading github.com/mitchellh/go-wordwrap v1.0.1
go: downloading github.com/russross/blackfriday/v2 v2.1.0
go: downloading github.com/cyphar/filepath-securejoin v0.4.1
go: downloading github.com/mitchellh/copystructure v1.2.0
go: downloading github.com/xeipuuv/gojsonschema v1.2.0
go: downloading github.com/prometheus/client_model v0.6.1
go: downloading github.com/exponent-io/jsonpath v0.0.0-20151013193312-d6023ce2651d
go: downloading k8s.io/helm v2.17.0+incompatible
go: downloading github.com/ghodss/yaml v1.0.0
go: downloading github.com/magiconair/properties v1.8.7
go: downloading github.com/nacos-group/nacos-sdk-go/v2 v2.2.2
go: downloading github.com/pelletier/go-toml v1.9.5
go: downloading google.golang.org/protobuf v1.36.5
go: downloading github.com/tidwall/match v1.1.1
go: downloading github.com/tidwall/pretty v1.2.0
go: downloading github.com/beorn7/perks v1.0.1
go: downloading github.com/cespare/xxhash/v2 v2.3.0
go: downloading github.com/prometheus/common v0.55.0
go: downloading github.com/prometheus/procfs v0.15.1
go: downloading github.com/zclconf/go-cty v1.13.0
go: downloading github.com/hashicorp/go-multierror v1.1.1
go: downloading github.com/Masterminds/squirrel v1.5.4
go: downloading github.com/jmoiron/sqlx v1.3.5
go: downloading github.com/lib/pq v1.10.9
go: downloading github.com/rubenv/sql-migrate v1.5.2
go: downloading github.com/gregjones/httpcache v0.0.0-20190611155906-901d90724c79
go: downloading github.com/peterbourgon/diskv v2.0.1+incompatible
go: downloading github.com/fluxcd/helm-controller/api v0.32.2
go: downloading github.com/fluxcd/source-controller/api v0.30.0
go: downloading github.com/hashicorp/go-cleanhttp v0.5.2
go: downloading github.com/hashicorp/go-retryablehttp v0.7.7
go: downloading github.com/gdamore/encoding v1.0.0
go: downloading github.com/lucasb-eyer/go-colorful v1.2.0
go: downloading gopkg.in/yaml.v2 v2.4.0
go: downloading sigs.k8s.io/kustomize/api v0.17.2
go: downloading sigs.k8s.io/kustomize/kyaml v0.17.1
go: downloading github.com/BurntSushi/toml v1.3.2
go: downloading github.com/gobwas/glob v0.2.3
go: downloading github.com/containerd/containerd v1.7.27
go: downloading github.com/opencontainers/image-spec v1.1.1
go: downloading oras.land/oras-go v1.2.5
go: downloading github.com/Masterminds/goutils v1.1.1
go: downloading github.com/huandu/xstrings v1.4.0
go: downloading github.com/shopspring/decimal v1.3.1
go: downloading github.com/spf13/cast v1.5.0
go: downloading github.com/moby/spdystream v0.4.0
go: downloading github.com/google/cel-go v0.20.1
go: downloading github.com/google/go-cmp v0.7.0
go: downloading go.opentelemetry.io/contrib/instrumentation/net/http/otelhttp v0.53.0
go: downloading github.com/fsnotify/fsnotify v1.7.0
go: downloading go.opentelemetry.io/otel/exporters/otlp/otlptrace/otlptracegrpc v1.28.0
go: downloading github.com/kevinburke/ssh_config v1.2.0
go: downloading github.com/skeema/knownhosts v1.3.1
go: downloading go.opentelemetry.io/otel/exporters/otlp/otlptrace v1.28.0
go: downloading github.com/xanzy/ssh-agent v0.3.3
go: downloading github.com/blang/semver/v4 v4.0.0
go: downloading github.com/openshift/library-go v0.0.0-20230327085348-8477ec72b725
go: downloading github.com/NYTimes/gziphandler v1.1.1
go: downloading github.com/munnerz/goautoneg v0.0.0-20191010083416-a7dc8b61c822
go: downloading sigs.k8s.io/randfill v1.0.0
go: downloading github.com/go-openapi/jsonreference v0.21.0
go: downloading github.com/fxamacker/cbor/v2 v2.7.0
go: downloading github.com/josharian/intern v1.0.0
go: downloading github.com/modern-go/concurrent v0.0.0-20180306012644-bacd9c7ef1dd
go: downloading github.com/modern-go/reflect2 v1.0.2
go: downloading go.opentelemetry.io/otel/metric v1.28.0
go: downloading github.com/mitchellh/reflectwalk v1.0.2
go: downloading github.com/xeipuuv/gojsonreference v0.0.0-20180127040603-bd5ef7bd5415
go: downloading github.com/aliyun/alibaba-cloud-sdk-go v1.61.1704
go: downloading gopkg.in/gomail.v2 v2.0.0-20160411212932-81ebce5c23df
go: downloading github.com/golang/groupcache v0.0.0-20241129210726-2c02b8208cf8
go: downloading github.com/ProtonMail/go-crypto v1.1.6
go: downloading github.com/go-git/go-billy/v5 v5.6.2
go: downloading github.com/sergi/go-diff v1.3.2-0.20230802210424-5b0b94c5c0d3
go: downloading google.golang.org/genproto/googleapis/rpc v0.0.0-20240814211410-ddb44dafa142
go: downloading github.com/agext/levenshtein v1.2.3
go: downloading github.com/apparentlymart/go-textseg/v15 v15.0.0
go: downloading github.com/hashicorp/errwrap v1.1.0
go: downloading github.com/lann/builder v0.0.0-20180802200727-47ae307949d0
go: downloading github.com/go-gorp/gorp/v3 v3.1.0
go: downloading github.com/google/btree v1.1.2
go: downloading github.com/fluxcd/pkg/apis/kustomize v1.0.0
go: downloading github.com/fluxcd/pkg/apis/meta v1.0.0
go: downloading github.com/fluxcd/pkg/apis/acl v0.1.0
go: downloading github.com/asaskevich/govalidator v0.0.0-20230301143203-a9d515a09cc2
go: downloading github.com/opencontainers/go-digest v1.0.0
go: downloading github.com/docker/cli v24.0.9+incompatible
go: downloading github.com/docker/distribution v2.8.3+incompatible
go: downloading github.com/docker/docker v28.3.3+incompatible
go: downloading github.com/docker/go-connections v0.5.0
go: downloading google.golang.org/genproto/googleapis/api v0.0.0-20240814211410-ddb44dafa142
go: downloading github.com/felixge/httpsnoop v1.0.4
go: downloading github.com/grpc-ecosystem/go-grpc-prometheus v1.2.0
go: downloading go.etcd.io/etcd/client/pkg/v3 v3.5.16
go: downloading go.etcd.io/etcd/client/v3 v3.5.16
go: downloading go.opentelemetry.io/contrib/instrumentation/google.golang.org/grpc/otelgrpc v0.53.0
go: downloading go.uber.org/zap v1.26.0
go: downloading go.opentelemetry.io/proto/otlp v1.3.1
go: downloading gopkg.in/natefinch/lumberjack.v2 v2.2.1
go: downloading github.com/stoewer/go-strcase v1.2.0
go: downloading github.com/fatih/camelcase v1.0.0
go: downloading github.com/go-logr/stdr v1.2.2
go: downloading github.com/google/go-containerregistry v0.18.0
go: downloading github.com/x448/float16 v0.8.4
go: downloading github.com/xeipuuv/gojsonpointer v0.0.0-20190905194746-02993c407bfb
go: downloading github.com/go-git/gcfg v1.5.1-0.20230307220236-3a3c6141e376
go: downloading github.com/pjbgf/sha1cd v0.3.2
go: downloading github.com/emirpasic/gods v1.18.1
go: downloading github.com/jbenet/go-context v0.0.0-20150711004518-d14ea06fba99
go: downloading github.com/apparentlymart/go-textseg/v13 v13.0.0
go: downloading sigs.k8s.io/kind v0.20.0
go: downloading github.com/lann/ps v0.0.0-20150810152359-62de8c46ede0
go: downloading github.com/emicklei/proto v1.14.2
go: downloading github.com/protocolbuffers/txtpbfmt v0.0.0-20250627152318-f293424e46b5
go: downloading github.com/pelletier/go-toml/v2 v2.2.4
go: downloading github.com/go-errors/errors v1.5.1
go: downloading go.etcd.io/etcd/api/v3 v3.5.16
go: downloading github.com/containerd/platforms v0.2.1
go: downloading github.com/moby/locker v1.0.1
go: downloading github.com/containerd/errdefs v0.3.0
go: downloading github.com/cenkalti/backoff/v4 v4.3.0
go: downloading k8s.io/kms v0.31.10
go: downloading github.com/antlr4-go/antlr/v4 v4.13.0
go: downloading github.com/docker/docker-credential-helpers v0.7.0
go: downloading github.com/buger/jsonparser v1.1.1
go: downloading github.com/golang/mock v1.6.0
go: downloading github.com/grpc-ecosystem/grpc-gateway/v2 v2.20.0
go: downloading gopkg.in/warnings.v0 v0.1.2
go: downloading github.com/cloudflare/circl v1.6.1
go: downloading github.com/alessio/shellescape v1.4.1
go: downloading github.com/distribution/reference v0.6.0
go: downloading github.com/monochromegane/go-gitignore v0.0.0-20200626010858-205db1a8cc00
go: downloading github.com/google/shlex v0.0.0-20191202100458-e7afc7fbc510
go: downloading github.com/kylelemons/godebug v1.1.0
go: downloading github.com/coreos/go-semver v0.3.1
go: downloading github.com/mitchellh/go-homedir v1.1.0
go: downloading github.com/gorilla/mux v1.8.1
go: downloading github.com/google/safetext v0.0.0-20220905092116-b49f7bc46da2
go: downloading github.com/docker/go-metrics v0.0.1
go: downloading go.starlark.net v0.0.0-20240329153429-e6e8e7ce1b7a
go: downloading github.com/containerd/stargz-snapshotter/estargz v0.15.1
go: downloading github.com/vbatts/tar-split v0.11.5
go: downloading github.com/jmespath/go-jmespath v0.4.0
go: downloading gopkg.in/ini.v1 v1.67.0
GO111MODULE=on CGO_ENABLED=0 go build -o bin/kubectl-vela -a -ldflags "-s -w -X github.com/oam-dev/kubevela/version.VelaVersion=master -X github.com/oam-dev/kubevela/version.GitRevision=git-e6bbce3" ./cmd/plugin/main.go
11:00:16 [32m[ OK ][0m build succeed
