KUBE_VERBOSE=2 bash hack/make-rules/build.sh cmd/kubeclipper-server
Env for linux/amd64: GOOS=linux GOARCH=amd64 GOROOT= CGO_ENABLED= CC= TAGS=
build with disable cgo...
Building github.com/kubeclipper/kubeclipper/cmd/kubeclipper-server ...
go: downloading k8s.io/apimachinery v0.26.4
go: downloading github.com/coreos/go-oidc/v3 v3.6.0
go: downloading github.com/nicksnyder/go-i18n/v2 v2.6.0
go: downloading golang.org/x/text v0.23.0
go: downloading golang.org/x/oauth2 v0.24.0
go: downloading github.com/golang-jwt/jwt/v4 v4.1.0
go: downloading github.com/mitchellh/mapstructure v1.4.1
go: downloading github.com/pkg/errors v0.9.1
go: downloading k8s.io/api v0.26.4
go: downloading k8s.io/client-go v0.26.4
go: downloading sigs.k8s.io/yaml v1.3.0
go: downloading github.com/go-logr/zapr v1.2.3
go: downloading github.com/spf13/cobra v1.2.1
go: downloading github.com/spf13/viper v1.8.1
go: downloading k8s.io/apiserver v0.26.4
go: downloading k8s.io/component-base v0.26.4
go: downloading k8s.io/klog/v2 v2.100.1
go: downloading go.uber.org/zap v1.17.0
go: downloading github.com/pelletier/go-toml v1.9.5
go: downloading github.com/Masterminds/sprig/v3 v3.2.2
go: downloading github.com/vishvananda/netlink v1.1.0
go: downloading github.com/google/uuid v1.1.2
go: downloading github.com/containerd/containerd v1.6.19
go: downloading github.com/txn2/txeh v1.5.5
go: downloading github.com/spf13/pflag v1.0.5
go: downloading github.com/subosito/gotenv v1.2.0
go: downloading gopkg.in/yaml.v2 v2.4.0
go: downloading github.com/emicklei/go-restful v2.14.3+incompatible
go: downloading gopkg.in/natefinch/lumberjack.v2 v2.0.0
go: downloading github.com/gorilla/websocket v1.5.3
go: downloading github.com/olekukonko/tablewriter v0.0.5
go: downloading github.com/pkg/sftp v1.11.0
go: downloading github.com/vbauerster/mpb/v8 v8.0.2
go: downloading golang.org/x/crypto v0.36.0
go: downloading github.com/go-jose/go-jose/v3 v3.0.0
go: downloading github.com/go-logr/logr v1.2.4
go: downloading github.com/fsnotify/fsnotify v1.6.0
go: downloading github.com/hashicorp/hcl v1.0.0
go: downloading github.com/magiconair/properties v1.8.5
go: downloading github.com/spf13/afero v1.6.0
go: downloading github.com/spf13/cast v1.3.1
go: downloading github.com/spf13/jwalterweatherman v1.1.0
go: downloading gopkg.in/ini.v1 v1.62.0
go: downloading go.uber.org/atomic v1.7.0
go: downloading go.uber.org/multierr v1.6.0
go: downloading github.com/Masterminds/goutils v1.1.1
go: downloading github.com/Masterminds/semver/v3 v3.1.1
go: downloading github.com/huandu/xstrings v1.3.1
go: downloading github.com/imdario/mergo v0.3.12
go: downloading github.com/mitchellh/copystructure v1.0.0
go: downloading github.com/shopspring/decimal v1.2.0
go: downloading github.com/coreos/go-systemd/v22 v22.3.2
go: downloading github.com/vishvananda/netns v0.0.0-20200728191858-db3c7e526aae
go: downloading golang.org/x/sys v0.38.0
go: downloading github.com/gogo/protobuf v1.3.2
go: downloading github.com/google/gofuzz v1.2.0
go: downloading k8s.io/utils v0.0.0-20221128185143-99ec85e7a448
go: downloading sigs.k8s.io/structured-merge-diff/v4 v4.2.3
go: downloading gopkg.in/inf.v0 v0.9.1
go: downloading github.com/minio/minio-go/v7 v7.0.94
go: downloading github.com/moby/ipvs v1.1.0
go: downloading github.com/shirou/gopsutil/v3 v3.21.10
go: downloading github.com/dlclark/regexp2 v1.11.5
go: downloading golang.org/x/term v0.30.0
go: downloading github.com/fatih/color v1.13.0
go: downloading github.com/mattn/go-runewidth v0.0.19
go: downloading github.com/acarl005/stripansi v0.0.0-20180116102854-5a71ef0e047d
go: downloading github.com/kr/fs v0.1.0
go: downloading github.com/evanphx/json-patch v4.11.0+incompatible
go: downloading github.com/emicklei/go-restful/v3 v3.9.0
go: downloading golang.org/x/net v0.38.0
go: downloading k8s.io/kube-openapi v0.0.0-20221012153701-172d655c2280
go: downloading go.opentelemetry.io/otel/trace v1.14.0
go: downloading go.opentelemetry.io/otel/exporters/otlp/otlptrace/otlptracegrpc v1.14.0
go: downloading go.opentelemetry.io/otel v1.14.0
go: downloading go.opentelemetry.io/otel/exporters/otlp/otlptrace v1.14.0
go: downloading go.opentelemetry.io/otel/sdk v1.14.0
go: downloading google.golang.org/grpc v1.38.0
go: downloading github.com/go-redis/redis/v8 v8.11.5
go: downloading github.com/mitchellh/reflectwalk v1.0.0
go: downloading sigs.k8s.io/json v0.0.0-20220713155537-f223a00ba0e2
go: downloading github.com/godbus/dbus/v5 v5.0.6
go: downloading github.com/json-iterator/go v1.1.12
go: downloading github.com/sirupsen/logrus v1.9.3
go: downloading github.com/containerd/ttrpc v1.1.0
go: downloading github.com/containerd/fifo v1.0.0
go: downloading github.com/containerd/typeurl v1.0.2
go: downloading github.com/moby/sys/signal v0.6.0
go: downloading github.com/opencontainers/go-digest v1.0.0
go: downloading github.com/opencontainers/image-spec v1.1.0-rc3
go: downloading github.com/opencontainers/runtime-spec v1.0.3-0.20210326190908-1c3f411f0417
go: downloading github.com/opencontainers/selinux v1.10.1
go: downloading golang.org/x/sync v0.12.0
go: downloading github.com/dustin/go-humanize v1.0.1
go: downloading github.com/klauspost/compress v1.18.0
go: downloading github.com/minio/crc64nvme v1.0.1
go: downloading github.com/minio/md5-simd v1.1.2
go: downloading github.com/go-ini/ini v1.67.0
go: downloading github.com/VividCortex/ewma v1.2.0
go: downloading github.com/tklauser/go-sysconf v0.3.9
go: downloading golang.org/x/time v0.3.0
go: downloading github.com/emicklei/go-restful-openapi v1.4.1
go: downloading github.com/robfig/cron/v3 v3.0.1
go: downloading github.com/open-policy-agent/opa v0.54.0
go: downloading github.com/blang/semver/v4 v4.0.0
go: downloading github.com/prometheus/client_golang v1.16.0
go: downloading github.com/prometheus/client_model v0.3.0
go: downloading github.com/prometheus/procfs v0.10.1
go: downloading github.com/google/cel-go v0.12.6
go: downloading github.com/google/go-cmp v0.6.0
go: downloading sigs.k8s.io/apiserver-network-proxy/konnectivity-client v0.0.36
go: downloading go.opentelemetry.io/contrib/instrumentation/net/http/otelhttp v0.37.0
go: downloading github.com/google/gnostic v0.5.7-v3refs
go: downloading github.com/mattn/go-colorable v0.1.12
go: downloading github.com/mattn/go-isatty v0.0.20
go: downloading github.com/clipperhouse/uax29/v2 v2.5.0
go: downloading go.etcd.io/etcd/api/v3 v3.5.5
go: downloading go.etcd.io/etcd/client/v3 v3.5.5
go: downloading github.com/grpc-ecosystem/go-grpc-prometheus v1.2.0
go: downloading go.etcd.io/etcd/client/pkg/v3 v3.5.5
go: downloading go.opentelemetry.io/contrib/instrumentation/google.golang.org/grpc/otelgrpc v0.35.0
go: downloading go.opentelemetry.io/otel/exporters/otlp/internal/retry v1.14.0
go: downloading go.opentelemetry.io/proto/otlp v0.19.0
go: downloading google.golang.org/genproto v0.0.0-20230410155749-daa745c078e1
go: downloading github.com/cespare/xxhash/v2 v2.2.0
go: downloading github.com/dgryski/go-rendezvous v0.0.0-20200823014737-9f7001d12a5f
go: downloading github.com/gogo/googleapis v1.4.0
go: downloading github.com/containerd/continuity v0.3.0
go: downloading github.com/moby/sys/mountinfo v0.6.2
go: downloading github.com/opencontainers/runc v1.1.4
go: downloading github.com/modern-go/concurrent v0.0.0-20180306012644-bacd9c7ef1dd
go: downloading github.com/modern-go/reflect2 v1.0.2
go: downloading github.com/moby/locker v1.0.1
go: downloading github.com/NYTimes/gziphandler v1.1.1
go: downloading github.com/golang/protobuf v1.5.3
go: downloading github.com/munnerz/goautoneg v0.0.0-20191010083416-a7dc8b61c822
go: downloading gopkg.in/yaml.v3 v3.0.1
go: downloading github.com/go-openapi/jsonreference v0.19.3
go: downloading github.com/go-openapi/swag v0.19.9
go: downloading github.com/goccy/go-json v0.10.5
go: downloading github.com/rs/xid v1.6.0
go: downloading github.com/klauspost/cpuid/v2 v2.2.10
go: downloading github.com/davecgh/go-spew v1.1.1
go: downloading github.com/mxk/go-flowrate v0.0.0-20140419014527-cca7078d478f
go: downloading github.com/go-openapi/spec v0.19.7
go: downloading github.com/tklauser/numcpus v0.3.0
go: downloading github.com/beorn7/perks v1.0.1
go: downloading github.com/prometheus/common v0.42.0
go: downloading google.golang.org/protobuf v1.26.0
go: downloading k8s.io/kms v0.26.4
go: downloading github.com/felixge/httpsnoop v1.0.3
go: downloading go.opentelemetry.io/otel/metric v0.34.0
go: downloading github.com/cenkalti/backoff/v4 v4.2.0
go: downloading github.com/stoewer/go-strcase v1.2.0
go: downloading github.com/grpc-ecosystem/grpc-gateway/v2 v2.7.0
go: downloading github.com/docker/go-events v0.0.0-20190806004212-e31b211e4f1c
go: downloading github.com/clipperhouse/stringish v0.1.1
go: downloading github.com/PuerkitoBio/purell v1.1.1
go: downloading github.com/go-openapi/jsonpointer v0.19.3
go: downloading github.com/tinylib/msgp v1.3.0
go: downloading github.com/moby/spdystream v0.2.0
go: downloading github.com/mailru/easyjson v0.7.6
go: downloading github.com/golang/groupcache v0.0.0-20210331224755-41bb18bfe9da
go: downloading github.com/go-logr/stdr v1.2.2
go: downloading github.com/matttproud/golang_protobuf_extensions v1.0.4
go: downloading github.com/antlr/antlr4/runtime/Go/antlr v1.4.10
go: downloading github.com/coreos/go-semver v0.3.0
go: downloading github.com/PuerkitoBio/urlesc v0.0.0-20170810143723-de5bf2ad4578
go: downloading github.com/josharian/intern v1.0.0
go: downloading github.com/philhofer/fwd v1.1.3-0.20240916144458-20a13a1f6b7c
go: downloading github.com/ghodss/yaml v1.0.0
go: downloading github.com/gobwas/glob v0.2.3
go: downloading github.com/rcrowley/go-metrics v0.0.0-20200313005456-10cdbea86bc0
go: downloading github.com/tchap/go-patricia/v2 v2.3.1
go: downloading github.com/yashtewari/glob-intersection v0.2.0
go: downloading github.com/OneOfOne/xxhash v1.2.8
go: downloading github.com/xeipuuv/gojsonreference v0.0.0-20180127040603-bd5ef7bd5415
go: downloading github.com/agnivade/levenshtein v1.1.1
go: downloading github.com/gorilla/mux v1.8.0
go: downloading github.com/xeipuuv/gojsonpointer v0.0.0-20190905194746-02993c407bfb
KUBE_VERBOSE=2 bash hack/make-rules/build.sh cmd/kubeclipper-agent
Env for linux/amd64: GOOS=linux GOARCH=amd64 GOROOT= CGO_ENABLED= CC= TAGS=
build with disable cgo...
Building github.com/kubeclipper/kubeclipper/cmd/kubeclipper-agent ...
KUBE_VERBOSE=2 bash hack/make-rules/build.sh cmd/kcctl
Env for linux/amd64: GOOS=linux GOARCH=amd64 GOROOT= CGO_ENABLED= CC= TAGS=
build with disable cgo...
Building github.com/kubeclipper/kubeclipper/cmd/kcctl ...
go: downloading github.com/sethvargo/go-password v0.3.1
go: downloading github.com/google/go-containerregistry v0.20.2
go: downloading github.com/charmbracelet/bubbles v1.0.0
go: downloading github.com/charmbracelet/bubbletea v1.3.10
go: downloading github.com/charmbracelet/lipgloss v1.1.0
go: downloading github.com/charmbracelet/x/ansi v0.11.6
go: downloading github.com/charmbracelet/x/cellbuf v0.0.15
go: downloading github.com/rivo/uniseg v0.4.7
go: downloading github.com/muesli/termenv v0.16.0
go: downloading github.com/muesli/cancelreader v0.2.2
go: downloading github.com/muesli/ansi v0.0.0-20230316100256-276c6243b2f6
go: downloading github.com/charmbracelet/x/term v0.2.2
go: downloading github.com/charmbracelet/colorprofile v0.4.1
go: downloading github.com/lucasb-eyer/go-colorful v1.3.0
go: downloading github.com/clipperhouse/displaywidth v0.9.0
go: downloading github.com/xo/terminfo v0.0.0-20220910002029-abceb7e1c41e
go: downloading github.com/aymanbagabas/go-osc52/v2 v2.0.1
go: downloading github.com/docker/cli v27.1.1+incompatible
go: downloading github.com/mitchellh/go-homedir v1.1.0
go: downloading github.com/containerd/stargz-snapshotter/estargz v0.14.3
go: downloading github.com/docker/distribution v2.8.2+incompatible
go: downloading github.com/vbatts/tar-split v0.11.3
go: downloading github.com/docker/docker-credential-helpers v0.7.0
