level=info msg="Starting prematerial attestors stage..."
level=info msg="Starting environment attestor..."
level=info msg="Starting git attestor..."
level=info msg="Finished environment attestor... (7.718e-05s)"
level=info msg="Finished git attestor... (0.032714137s)"
level=info msg="Completed prematerial attestors stage..."
level=info msg="Starting material attestors stage..."
level=info msg="Starting material attestor..."
level=info msg="Finished material attestor... (0.191654125s)"
level=info msg="Completed material attestors stage..."
level=info msg="Starting execute attestors stage..."
level=info msg="Starting command-run attestor..."
level=info msg="Using tracer: ebpf for command-run"
# developer convenience for platform they are running
go build -ldflags "-X github.com/kudobuilder/kudo/pkg/version.gitVersion=not-built-on-release -X github.com/kudobuilder/kudo/pkg/version.gitCommit=50ef7232 -X github.com/kudobuilder/kudo/pkg/version.buildDate=2026-09-07T08:23:37Z" -o bin/manager github.com/kudobuilder/kudo/cmd/manager
go: downloading k8s.io/apiextensions-apiserver v0.19.2
go: downloading k8s.io/apimachinery v0.19.2
go: downloading k8s.io/client-go v0.19.2
go: downloading sigs.k8s.io/controller-runtime v0.6.3
go: downloading github.com/Masterminds/semver/v3 v3.1.0
go: downloading github.com/Masterminds/semver v1.5.0
go: downloading github.com/thoas/go-funk v0.7.0
go: downloading k8s.io/api v0.19.2
go: downloading sigs.k8s.io/yaml v1.2.0
go: downloading github.com/spf13/pflag v1.0.5
go: downloading github.com/gogo/protobuf v1.3.1
go: downloading k8s.io/utils v0.0.0-20200729134348-d5654de09c73
go: downloading golang.org/x/time v0.0.0-20191024005414-555d28b269f0
go: downloading github.com/go-logr/logr v0.2.1
go: downloading gomodules.xyz/jsonpatch/v2 v2.0.1
go: downloading github.com/prometheus/client_golang v1.7.1
go: downloading github.com/evanphx/json-patch v4.9.0+incompatible
go: downloading k8s.io/kubectl v0.19.2
go: downloading github.com/Masterminds/sprig v2.22.0+incompatible
go: downloading gopkg.in/yaml.v2 v2.3.0
go: downloading github.com/yourbasic/graph v0.0.0-20170921192928-40eb135c0b26
go: downloading github.com/spf13/afero v1.4.0
go: downloading golang.org/x/sync v0.0.0-20200930132711-30421366ff76
go: downloading k8s.io/klog/v2 v2.2.0
go: downloading k8s.io/klog v1.0.0
go: downloading sigs.k8s.io/structured-merge-diff/v4 v4.0.1
go: downloading github.com/google/uuid v1.1.1
go: downloading github.com/google/gofuzz v1.1.0
go: downloading github.com/prometheus/client_model v0.2.0
go: downloading github.com/prometheus/common v0.10.0
go: downloading github.com/beorn7/perks v1.0.1
go: downloading github.com/cespare/xxhash/v2 v2.1.1
go: downloading github.com/golang/protobuf v1.4.2
go: downloading github.com/cespare/xxhash v1.1.0
go: downloading github.com/prometheus/procfs v0.1.3
go: downloading github.com/fsnotify/fsnotify v1.4.9
go: downloading github.com/pkg/errors v0.9.1
go: downloading github.com/googleapis/gnostic v0.4.1
go: downloading golang.org/x/oauth2 v0.0.0-20191202225959-858c2ad4c8b6
go: downloading golang.org/x/net v0.0.0-20200904194848-62affa334b73
go: downloading github.com/golang/groupcache v0.0.0-20191227052852-215e87163ea7
go: downloading github.com/gosuri/uitable v0.0.4
go: downloading github.com/davecgh/go-spew v1.1.1
go: downloading k8s.io/kube-openapi v0.0.0-20200805222855-6aeccd4b50c6
go: downloading github.com/Masterminds/goutils v1.1.0
go: downloading github.com/huandu/xstrings v1.3.2
go: downloading github.com/imdario/mergo v0.3.9
go: downloading github.com/mitchellh/copystructure v1.0.0
go: downloading golang.org/x/crypto v0.0.0-20200622213623-75b288015ac9
go: downloading gopkg.in/inf.v0 v0.9.1
go: downloading github.com/json-iterator/go v1.1.10
go: downloading github.com/modern-go/reflect2 v1.0.1
go: downloading golang.org/x/sys v0.0.0-20200916030750-2334cc1a136f
go: downloading github.com/fatih/color v1.7.0
go: downloading golang.org/x/text v0.3.3
go: downloading github.com/matttproud/golang_protobuf_extensions v1.0.2-0.20181231171920-c182affec369
go: downloading google.golang.org/protobuf v1.24.0
go: downloading github.com/mitchellh/reflectwalk v1.0.0
go: downloading github.com/hashicorp/golang-lru v0.5.4
go: downloading github.com/google/go-cmp v0.5.2
go: downloading github.com/mattn/go-runewidth v0.0.2
go: downloading cloud.google.com/go v0.51.0
go: downloading github.com/mattn/go-colorable v0.1.4
go: downloading github.com/mattn/go-isatty v0.0.12
go: downloading github.com/modern-go/concurrent v0.0.0-20180306012644-bacd9c7ef1dd
go: downloading github.com/docker/spdystream v0.0.0-20160310174837-449fdfce4d96
go: downloading k8s.io/cli-runtime v0.19.2
go: downloading k8s.io/component-base v0.19.2
go: downloading github.com/russross/blackfriday v1.5.2
go: downloading github.com/spf13/cobra v1.0.0
go: downloading github.com/go-openapi/spec v0.19.3
go: downloading github.com/exponent-io/jsonpath v0.0.0-20151013193312-d6023ce2651d
go: downloading github.com/fatih/camelcase v1.0.0
go: downloading github.com/MakeNowJust/heredoc v0.0.0-20170808103936-bb23615498cd
go: downloading github.com/mitchellh/go-wordwrap v1.0.0
go: downloading github.com/moby/term v0.0.0-20200915141129-7f0af18e79f2
go: downloading github.com/go-openapi/swag v0.19.5
go: downloading github.com/go-openapi/jsonpointer v0.19.3
go: downloading github.com/go-openapi/jsonreference v0.19.3
go: downloading github.com/mailru/easyjson v0.7.0
go: downloading github.com/peterbourgon/diskv v2.0.1+incompatible
go: downloading github.com/gregjones/httpcache v0.0.0-20180305231024-9cad4c3443a7
go: downloading sigs.k8s.io/kustomize v2.0.3+incompatible
go: downloading github.com/liggitt/tabwriter v0.0.0-20181228230101-89fcab3d43de
go: downloading github.com/PuerkitoBio/purell v1.1.1
go: downloading github.com/google/btree v1.0.0
go: downloading github.com/PuerkitoBio/urlesc v0.0.0-20170810143723-de5bf2ad4578
go: downloading github.com/ghodss/yaml v1.0.0
go: downloading github.com/emicklei/go-restful v2.9.5+incompatible
level=info msg="Finished command-run attestor... (25.927987992s)"
level=info msg="Completed execute attestors stage..."
level=info msg="Starting product attestors stage..."
level=info msg="Starting product attestor..."
level=info msg="Finished product attestor... (0.088435733s)"
level=info msg="Completed product attestors stage..."
level=info msg="Starting postproduct attestors stage..."
level=info msg="Completed postproduct attestors stage..."
