🚀 Building the portal as SKIP_BUILD_PORTAL is not set.

cd ui && npm install && npm run build && touch build/.gitkeep
npm warn deprecated inflight@1.0.6: This module is not supported, and leaks memory. Do not use it. Check out lru-cache if you want a good and tested way to coalesce async requests by a key value, which is much more comprehensive and powerful.
npm warn deprecated stable@0.1.8: Modern JS already guarantees Array#sort() is a stable sort, so this library is deprecated. See the compatibility table on MDN: https://developer.mozilla.org/en-US/docs/Web/JavaScript/Reference/Global_Objects/Array/sort#browser_compatibility
npm warn deprecated stringify-package@1.0.1: This module is not used anymore, and has been replaced by @npmcli/package-json
npm warn deprecated @babel/plugin-proposal-numeric-separator@7.18.6: This proposal has been merged to the ECMAScript standard and thus this plugin is no longer maintained. Please use @babel/plugin-transform-numeric-separator instead.
npm warn deprecated @babel/plugin-proposal-nullish-coalescing-operator@7.18.6: This proposal has been merged to the ECMAScript standard and thus this plugin is no longer maintained. Please use @babel/plugin-transform-nullish-coalescing-operator instead.
npm warn deprecated @babel/plugin-proposal-private-methods@7.18.6: This proposal has been merged to the ECMAScript standard and thus this plugin is no longer maintained. Please use @babel/plugin-transform-private-methods instead.
npm warn deprecated @babel/plugin-proposal-class-properties@7.18.6: This proposal has been merged to the ECMAScript standard and thus this plugin is no longer maintained. Please use @babel/plugin-transform-class-properties instead.
npm warn deprecated git-raw-commits@2.0.11: Deprecated and no longer maintained. Use @conventional-changelog/git-client instead.
npm warn deprecated git-semver-tags@4.1.1: Deprecated and no longer maintained. Use @conventional-changelog/git-client instead.
npm warn deprecated @humanwhocodes/config-array@0.13.0: Use @eslint/config-array instead
npm warn deprecated rollup-plugin-terser@7.0.2: This package has been deprecated and is no longer maintained. Please use @rollup/plugin-terser
npm warn deprecated whatwg-encoding@1.0.5: Use @exodus/bytes instead for a more spec-conformant and faster implementation
npm warn deprecated abab@2.0.6: Use your platform's native atob() and btoa() methods instead
npm warn deprecated @babel/plugin-proposal-optional-chaining@7.21.0: This proposal has been merged to the ECMAScript standard and thus this plugin is no longer maintained. Please use @babel/plugin-transform-optional-chaining instead.
npm warn deprecated rimraf@3.0.2: Rimraf versions prior to v4 are no longer supported
npm warn deprecated @babel/plugin-proposal-private-property-in-object@7.21.11: This proposal has been merged to the ECMAScript standard and thus this plugin is no longer maintained. Please use @babel/plugin-transform-private-property-in-object instead.
npm warn deprecated glob@7.2.3: Old versions of glob are not supported, and contain widely publicized security vulnerabilities, which have been fixed in the current version. Please update. Support for old versions may be purchased (at exorbitant rates) by contacting i@izs.me
npm warn deprecated @humanwhocodes/object-schema@2.0.3: Use @eslint/object-schema instead
npm warn deprecated domexception@2.0.1: Use your platform's native DOMException instead
npm warn deprecated w3c-hr-time@1.0.2: Use your platform's native performance.now() and performance.timeOrigin.
npm warn deprecated q@1.5.1: You or someone you depend on is using Q, the JavaScript Promise library that gave JavaScript developers strong feelings about promises. They can almost certainly migrate to the native JavaScript promise now. Thank you literally everyone for joining me in this bet against the odds. Be excellent to each other.
npm warn deprecated
npm warn deprecated (For a CapTP with native promises, see @endo/eventual-send and @endo/captp)
npm warn deprecated conventional-changelog-core@4.2.4: Deprecated and no longer maintained. Please use conventional-changelog instead.
npm warn deprecated sourcemap-codec@1.4.8: Please use @jridgewell/sourcemap-codec instead
npm warn deprecated conventional-changelog-express@2.0.6: This preset is deprecated. Please use conventional-changelog-conventionalcommits or conventional-changelog-angular instead.
npm warn deprecated conventional-changelog-jquery@3.0.11: This preset is deprecated. Please use conventional-changelog-conventionalcommits or conventional-changelog-angular instead.
npm warn deprecated conventional-changelog-eslint@3.0.9: This preset is deprecated. Please use conventional-changelog-conventionalcommits or conventional-changelog-angular instead.
npm warn deprecated conventional-changelog-ember@2.0.9: This preset is deprecated. Please use conventional-changelog-conventionalcommits or conventional-changelog-angular instead.
npm warn deprecated conventional-changelog-codemirror@2.0.8: This preset is deprecated. Please use conventional-changelog-conventionalcommits or conventional-changelog-angular instead.
npm warn deprecated conventional-changelog-atom@2.0.8: This preset is deprecated. Please use conventional-changelog-conventionalcommits or conventional-changelog-angular instead.
npm warn deprecated conventional-changelog-jshint@2.0.9: This preset is deprecated. Please use conventional-changelog-conventionalcommits or conventional-changelog-angular instead.
npm warn deprecated deep-diff@0.3.8: Package no longer supported. Contact Support at https://www.npmjs.com/support for more info.
npm warn deprecated workbox-cacheable-response@6.6.0: workbox-background-sync@6.6.0
npm warn deprecated @hey-api/client-fetch@0.5.7: Starting with v0.73.0, this package is bundled directly inside @hey-api/openapi-ts.
npm warn deprecated workbox-google-analytics@6.6.0: It is not compatible with newer versions of GA starting with v4, as long as you are using GAv3 it should be ok, but the package is not longer being maintained
npm warn deprecated uuid@8.3.2: uuid@10 and below is no longer supported.  For ESM codebases, update to uuid@latest.  For CommonJS codebases, use uuid@11 (but be aware this version will likely be deprecated in 2028).
npm warn deprecated svgo@1.3.2: This SVGO version is no longer supported. Upgrade to v2.x.x.
npm warn deprecated eslint@8.57.1: This version is no longer supported. Please see https://eslint.org/version-support for other options.

added 2149 packages, and audited 2150 packages in 35s

466 packages are looking for funding
  run `npm fund` for details

49 vulnerabilities (9 low, 19 moderate, 20 high, 1 critical)

To address issues that do not require attention, run:
  npm audit fix

To address all issues possible (including breaking changes), run:
  npm audit fix --force

Some issues need review, and may require choosing
a different dependency.

Run `npm audit` for details.

> @kusionstack/kusion-dev-portal@1.0.0 build
> GENERATE_SOURCEMAP=false PUBLIC_URL=/public/ craco build

Creating an optimized production build...
Happy[babel]: Version: 5.0.1. Threads: 16 (shared pool)
Happy[babel]: All set; signaling webpack to proceed.
Compiled with warnings.

[eslint] 
src/components/yamlEditor/index.tsx
  Line 6:37:  'openSearchPanel' is defined but never used  @typescript-eslint/no-unused-vars

src/pages/projects/components/projectForm/index.tsx
  Line 118:48:  Unnecessary escape character: \/  no-useless-escape

src/pages/projects/components/runs/previewDetail/index.tsx
  Line 2:10:  'Badge' is defined but never used  @typescript-eslint/no-unused-vars

src/pages/projects/components/stackForm/index.tsx
  Line 88:47:  Unexpected control character(s) in regular expression: \x00  no-control-regex
  Line 89:47:  Unexpected control character(s) in regular expression: \x00  no-control-regex
  Line 89:50:  Unnecessary escape character: \/                             no-useless-escape

src/store/modules/index.ts
  Line 3:1:  Assign object to a variable before exporting as module default  import/no-anonymous-default-export

Search for the keywords to learn more about each warning.
To ignore, add // eslint-disable-next-line to the line before.

File sizes after gzip:

  529.03 kB  build/static/js/598.655795a9.chunk.js
  239.22 kB  build/static/js/831.e25294c3.chunk.js
  185.14 kB  build/static/js/803.a333688f.chunk.js
  117.2 kB   build/static/js/main.221a91e0.js
  61.1 kB    build/static/js/605.26957abc.chunk.js
  57.38 kB   build/static/js/251.26a3f684.chunk.js
  47.2 kB    build/static/js/814.550f4663.chunk.js
  35.83 kB   build/static/js/112.31038134.chunk.js
  28.32 kB   build/static/js/459.dd095b27.chunk.js
  16.67 kB   build/static/js/79.07a9b913.chunk.js
  14.26 kB   build/static/js/56.e2afb9ce.chunk.js
  13.52 kB   build/static/js/750.85a1de76.chunk.js
  10.02 kB   build/static/js/280.3aa2fb18.chunk.js
  5.98 kB    build/static/js/140.3ccc8c6e.chunk.js
  5.91 kB    build/static/js/682.91b5a9c3.chunk.js
  5.37 kB    build/static/js/137.009e69d5.chunk.js
  5.22 kB    build/static/js/660.2a6e9b26.chunk.js
  4.97 kB    build/static/js/31.cf17e945.chunk.js
  3.46 kB    build/static/js/826.aab24692.chunk.js
  3.08 kB    build/static/js/349.1395aa6b.chunk.js
  1.32 kB    build/static/css/831.dc547f30.chunk.css
  948 B      build/static/css/main.6c90b6ba.css
  938 B      build/static/js/765.dcd522e6.chunk.js
  705 B      build/static/css/140.8ebc95ff.chunk.css
  454 B      build/static/css/349.b1cf5db0.chunk.css
  422 B      build/static/css/137.2c90ba16.chunk.css
  419 B      build/static/css/31.010a50f9.chunk.css
  419 B      build/static/css/660.48414bae.chunk.css
  403 B      build/static/css/682.bc55452c.chunk.css
  356 B      build/static/js/159.9dd0798d.chunk.js
  116 B      build/static/css/765.072bb011.chunk.css
  116 B      build/static/css/159.f0bbd66e.chunk.css

The project was built assuming it is hosted at /public/.
You can control this with the homepage field in your package.json.

The build folder is ready to be deployed.

Find out more about deployment here:

  https://cra.link/deployment

# Delete old artifacts
rm -f ./pkg/version/z_update_version.go
rm -rf ./_build/bundles/kusion-linux
mkdir -p ./_build/bundles/kusion-linux/bin
# Update version
go generate ./pkg/version
go: downloading github.com/google/go-github/v50 v50.0.0
go: downloading kcl-lang.io/kcl-plugin v0.5.0
go: downloading github.com/blang/semver/v4 v4.0.0
go: downloading github.com/hashicorp/go-version v1.7.0
go: downloading gopkg.in/yaml.v3 v3.0.1
go: downloading golang.org/x/oauth2 v0.23.0
go: downloading github.com/google/go-querystring v1.1.0
go: downloading golang.org/x/crypto v0.31.0
go: downloading kcl-lang.io/kcl-go v0.10.0-alpha.3
go: downloading go.uber.org/zap v1.27.0
go: downloading gopkg.in/natefinch/lumberjack.v2 v2.2.1
go: downloading go.uber.org/multierr v1.11.0
go: downloading google.golang.org/grpc v1.69.0
go: downloading github.com/golang/protobuf v1.5.4
go: downloading github.com/chai2010/protorpc v1.1.4
go: downloading github.com/mitchellh/mapstructure v1.5.0
go: downloading github.com/chai2010/jsonv v1.1.3
go: downloading google.golang.org/protobuf v1.35.2
go: downloading github.com/powerman/rpc-codec v1.2.2
go: downloading github.com/gofrs/flock v0.12.1
go: downloading kcl-lang.io/lib v0.10.0-alpha.3
go: downloading github.com/julienschmidt/httprouter v1.3.0
go: downloading github.com/goccy/go-yaml v1.15.10
go: downloading golang.org/x/sys v0.28.0
go: downloading github.com/golang/snappy v0.0.4
go: downloading google.golang.org/genproto/googleapis/rpc v0.0.0-20241015192408-796eee8c2d53
go: downloading golang.org/x/net v0.33.0
go: downloading google.golang.org/genproto v0.0.0-20241015192408-796eee8c2d53
go: downloading golang.org/x/text v0.21.0
releaseVersion: 0.15.0+7524b142
gitInfo:
    latestTag: v0.15.0
    commit: 7524b1429539685fd3a9499c80db06549184dd64
    treeState: clean
buildInfo:
    goVersion: go1.26.5
    GOOS: linux
    GOARCH: amd64
    numCPU: 16
    compiler: gc
    buildTime: "2026-09-05 22:29:25"

z_update_version.go
# Build kusion
GOOS=linux GOARCH=amd64 CGO_ENABLED=0 \
	go build -o ./_build/bundles/kusion-linux/bin/kusion \
	-ldflags="-s -w" -tags rpc .
go: downloading k8s.io/cli-runtime v0.31.3
go: downloading k8s.io/component-base v0.31.3
go: downloading github.com/spf13/pflag v1.0.5
go: downloading k8s.io/kubectl v0.31.3
go: downloading github.com/spf13/cobra v1.8.1
go: downloading github.com/liu-hm19/pterm v0.12.79-fix.2
go: downloading k8s.io/apimachinery v0.31.3
go: downloading github.com/jinzhu/copier v0.3.2
go: downloading github.com/go-sql-driver/mysql v1.7.0
go: downloading github.com/pkg/errors v0.9.1
go: downloading github.com/sirupsen/logrus v1.9.3
go: downloading gorm.io/driver/mysql v1.5.4
go: downloading gorm.io/gorm v1.25.7
go: downloading github.com/chai2010/gettext-go v1.0.2
go: downloading github.com/djherbis/times v1.5.0
go: downloading github.com/Masterminds/semver/v3 v3.1.1
go: downloading github.com/elliotchance/orderedmap/v2 v2.6.0
go: downloading github.com/go-git/go-git/v5 v5.13.0
go: downloading github.com/google/go-containerregistry v0.20.1
go: downloading github.com/pulumi/pulumi/sdk/v3 v3.68.0
go: downloading kcl-lang.io/kpm v0.9.9
go: downloading kusionstack.io/kusion-module-framework v0.2.3-beta.9
go: downloading gopkg.in/yaml.v2 v2.4.0
go: downloading cloud.google.com/go/secretmanager v1.14.2
go: downloading cloud.google.com/go v0.116.0
go: downloading github.com/json-iterator/go v1.1.12
go: downloading k8s.io/api v0.31.3
go: downloading github.com/howieyuen/uilive v0.0.6
go: downloading k8s.io/client-go v0.31.3
go: downloading github.com/hashicorp/hc-install v0.6.2
go: downloading github.com/patrickmn/go-cache v2.1.0+incompatible
go: downloading github.com/gonvenience/wrap v1.1.0
go: downloading github.com/gonvenience/ytbx v1.3.0
go: downloading github.com/go-chi/chi/v5 v5.0.12
go: downloading github.com/go-chi/cors v1.2.1
go: downloading github.com/swaggo/http-swagger v1.3.4
go: downloading github.com/jinzhu/now v1.1.5
go: downloading k8s.io/klog/v2 v2.130.1
go: downloading github.com/fluxcd/pkg/sourceignore v0.5.0
go: downloading atomicgo.dev/cursor v0.2.0
go: downloading atomicgo.dev/schedule v0.1.0
go: downloading atomicgo.dev/keyboard v0.2.9
go: downloading github.com/gookit/color v1.5.4
go: downloading github.com/lithammer/fuzzysearch v1.1.8
go: downloading github.com/mattn/go-runewidth v0.0.15
go: downloading golang.org/x/term v0.27.0
go: downloading cloud.google.com/go/compute/metadata v0.5.2
go: downloading github.com/gogo/protobuf v1.3.2
go: downloading sigs.k8s.io/structured-merge-diff/v4 v4.4.1
go: downloading kusionstack.io/kube-api v0.3.1
go: downloading golang.org/x/sync v0.10.0
go: downloading github.com/evanphx/json-patch v4.12.0+incompatible
go: downloading sigs.k8s.io/controller-runtime v0.15.1
go: downloading golang.org/x/exp v0.0.0-20241009180824-f66d83c29e7c
go: downloading github.com/google/uuid v1.6.0
go: downloading github.com/google/gofuzz v1.2.0
go: downloading k8s.io/utils v0.0.0-20240821151609-f90d01438635
go: downloading sigs.k8s.io/yaml v1.4.0
go: downloading cloud.google.com/go/iam v1.2.1
go: downloading github.com/googleapis/gax-go/v2 v2.13.0
go: downloading google.golang.org/api v0.203.0
go: downloading github.com/modern-go/concurrent v0.0.0-20180306012644-bacd9c7ef1dd
go: downloading github.com/modern-go/reflect2 v1.0.2
go: downloading github.com/hashicorp/go-multierror v1.1.1
go: downloading github.com/MakeNowJust/heredoc v1.0.0
go: downloading github.com/mitchellh/go-wordwrap v1.0.1
go: downloading github.com/russross/blackfriday/v2 v2.1.0
go: downloading github.com/hashicorp/errwrap v1.1.0
go: downloading github.com/hashicorp/hcl/v2 v2.16.1
go: downloading github.com/zclconf/go-cty v1.12.1
go: downloading github.com/gonvenience/bunt v1.1.1
go: downloading github.com/gonvenience/neat v1.3.0
go: downloading github.com/gonvenience/term v1.0.0
go: downloading github.com/gonvenience/text v1.0.5
go: downloading github.com/lucasb-eyer/go-colorful v1.0.3
go: downloading github.com/mitchellh/hashstructure v1.0.0
go: downloading github.com/sergi/go-diff v1.3.2-0.20230802210424-5b0b94c5c0d3
go: downloading github.com/texttheater/golang-levenshtein v1.0.1
go: downloading github.com/jinzhu/inflection v1.0.0
go: downloading github.com/BurntSushi/toml v1.4.0
go: downloading github.com/virtuald/go-ordered-json v0.0.0-20170621173500-b18e6e673d74
go: downloading github.com/hashicorp/hcl v1.0.0
go: downloading github.com/swaggo/swag v1.16.3
go: downloading github.com/swaggo/files v1.0.1
go: downloading github.com/DATA-DOG/go-sqlmock v1.5.2
go: downloading github.com/stretchr/testify v1.10.0
go: downloading github.com/go-chi/httplog/v2 v2.1.1
go: downloading github.com/go-chi/render v1.0.3
go: downloading github.com/go-chi/jwtauth/v5 v5.3.1
go: downloading github.com/golang-jwt/jwt/v5 v5.2.1
go: downloading github.com/lestrrat-go/jwx v1.2.30
go: downloading github.com/rogpeppe/go-internal v1.12.0
go: downloading cloud.google.com/go/storage v1.43.0
go: downloading github.com/aliyun/aliyun-oss-go-sdk v2.1.8+incompatible
go: downloading github.com/aws/aws-sdk-go v1.48.6
go: downloading github.com/opencontainers/go-digest v1.0.0
go: downloading github.com/docker/cli v27.3.1+incompatible
go: downloading github.com/mitchellh/go-homedir v1.1.0
go: downloading github.com/opencontainers/image-spec v1.1.0
go: downloading github.com/docker/distribution v2.8.3+incompatible
go: downloading github.com/containerd/stargz-snapshotter/estargz v0.15.1
go: downloading github.com/dominikbraun/graph v0.23.0
go: downloading github.com/otiai10/copy v1.14.0
go: downloading golang.org/x/mod v0.22.0
go: downloading oras.land/oras-go v1.2.5
go: downloading oras.land/oras-go/v2 v2.5.0
go: downloading github.com/evanphx/json-patch/v5 v5.9.0
go: downloading github.com/pjbgf/sha1cd v0.3.0
go: downloading github.com/rivo/uniseg v0.4.7
go: downloading sigs.k8s.io/json v0.0.0-20221116044647-bc3834ca7abd
go: downloading github.com/containerd/console v1.0.4
go: downloading github.com/go-logr/logr v1.4.2
go: downloading github.com/xo/terminfo v0.0.0-20220910002029-abceb7e1c41e
go: downloading gopkg.in/evanphx/json-patch.v4 v4.12.0
go: downloading gopkg.in/inf.v0 v0.9.1
go: downloading google.golang.org/genproto/googleapis/api v0.0.0-20241015192408-796eee8c2d53
go: downloading dario.cat/mergo v1.0.1
go: downloading github.com/ProtonMail/go-crypto v1.1.3
go: downloading github.com/go-git/go-billy/v5 v5.6.0
go: downloading github.com/golang/glog v1.2.2
go: downloading github.com/moby/term v0.5.0
go: downloading github.com/golang/groupcache v0.0.0-20210331224755-41bb18bfe9da
go: downloading github.com/imdario/mergo v0.3.16
go: downloading github.com/gorilla/websocket v1.5.0
go: downloading github.com/mattn/go-isatty v0.0.20
go: downloading github.com/mitchellh/go-ps v1.0.0
go: downloading github.com/mattn/go-ciede2000 v0.0.0-20170301095244-782e8c62fec3
go: downloading github.com/ajg/form v1.5.1
go: downloading github.com/lestrrat-go/jwx/v2 v2.0.20
go: downloading github.com/agext/levenshtein v1.2.1
go: downloading github.com/apparentlymart/go-textseg/v13 v13.0.0
go: downloading github.com/KyleBanks/depth v1.2.1
go: downloading github.com/go-openapi/spec v0.21.0
go: downloading golang.org/x/tools v0.26.0
go: downloading github.com/lestrrat-go/backoff/v2 v2.0.8
go: downloading github.com/lestrrat-go/blackmagic v1.0.2
go: downloading github.com/lestrrat-go/httpcc v1.0.1
go: downloading github.com/lestrrat-go/iter v1.0.2
go: downloading github.com/lestrrat-go/option v1.0.1
go: downloading golang.org/x/time v0.7.0
go: downloading github.com/klauspost/compress v1.17.11
go: downloading github.com/vbatts/tar-split v0.11.6
go: downloading github.com/containers/image/v5 v5.31.1
go: downloading github.com/thoas/go-funk v0.9.3
go: downloading github.com/golang-collections/collections v0.0.0-20130729185459-604e922904d3
go: downloading github.com/distribution/reference v0.6.0
go: downloading github.com/hashicorp/go-getter v1.7.6
go: downloading github.com/kubescape/go-git-url v0.0.30
go: downloading github.com/containerd/containerd v1.7.23
go: downloading github.com/docker/docker v27.3.1+incompatible
go: downloading github.com/docker/go-connections v0.5.0
go: downloading github.com/hashicorp/go-hclog v1.6.3
go: downloading github.com/hashicorp/go-plugin v1.6.1
go: downloading kusionstack.io/kusion-api-go v0.13.0
go: downloading github.com/fxamacker/cbor/v2 v2.7.0
go: downloading github.com/google/gnostic-models v0.6.8
go: downloading github.com/go-git/gcfg v1.5.1-0.20230307220236-3a3c6141e376
go: downloading github.com/cyphar/filepath-securejoin v0.3.4
go: downloading github.com/emirpasic/gods v1.18.1
go: downloading github.com/jbenet/go-context v0.0.0-20150711004518-d14ea06fba99
go: downloading github.com/liggitt/tabwriter v0.0.0-20181228230101-89fcab3d43de
go: downloading github.com/moby/spdystream v0.4.0
go: downloading github.com/google/go-cmp v0.6.0
go: downloading github.com/davecgh/go-spew v1.1.2-0.20180830191138-d8f796af33cc
go: downloading github.com/pmezard/go-difflib v1.0.1-0.20181226105442-5d4384ee4fb2
go: downloading github.com/go-openapi/jsonpointer v0.21.0
go: downloading github.com/go-openapi/jsonreference v0.21.0
go: downloading github.com/go-openapi/swag v0.23.0
go: downloading go.opencensus.io v0.24.0
go: downloading go.opentelemetry.io/otel v1.31.0
go: downloading go.opentelemetry.io/otel/trace v1.31.0
go: downloading github.com/containers/storage v1.56.0
go: downloading github.com/bgentry/go-netrc v0.0.0-20140422174119-9fd32a8b3d3d
go: downloading github.com/hashicorp/go-cleanhttp v0.5.2
go: downloading github.com/hashicorp/go-safetemp v1.0.0
go: downloading github.com/mitchellh/go-testing-interface v1.14.1
go: downloading github.com/ulikunitz/xz v0.5.12
go: downloading github.com/chainguard-dev/git-urls v1.0.2
go: downloading github.com/containerd/log v0.1.0
go: downloading github.com/docker/docker-credential-helpers v0.8.2
go: downloading github.com/containerd/platforms v0.2.1
go: downloading github.com/moby/locker v1.0.1
go: downloading github.com/fatih/color v1.16.0
go: downloading github.com/aliyun/aliyun-secretsmanager-client-go v1.1.4
go: downloading github.com/tidwall/gjson v1.17.0
go: downloading github.com/aws/aws-sdk-go-v2/service/secretsmanager v1.24.2
go: downloading github.com/Azure/azure-sdk-for-go v68.0.0+incompatible
go: downloading github.com/Azure/go-autorest/autorest v0.11.29
go: downloading github.com/Azure/go-autorest/autorest/azure/auth v0.5.12
go: downloading github.com/hashicorp/vault/api v1.10.0
go: downloading github.com/hashicorp/yamux v0.1.1
go: downloading github.com/oklog/run v1.0.0
go: downloading github.com/aws/aws-sdk-go-v2 v1.23.2
go: downloading github.com/Azure/go-autorest v14.2.0+incompatible
go: downloading github.com/x448/float16 v0.8.4
go: downloading k8s.io/kube-openapi v0.0.0-20240228011516-70dd3763d340
go: downloading gopkg.in/warnings.v0 v0.1.2
go: downloading github.com/kevinburke/ssh_config v1.2.0
go: downloading github.com/skeema/knownhosts v1.3.0
go: downloading github.com/xanzy/ssh-agent v0.3.3
go: downloading github.com/mxk/go-flowrate v0.0.0-20140419014527-cca7078d478f
go: downloading github.com/cloudflare/circl v1.3.7
go: downloading github.com/lestrrat-go/httprc v1.0.4
go: downloading github.com/mailru/easyjson v0.7.7
go: downloading go.opentelemetry.io/otel/metric v1.31.0
go: downloading github.com/containers/ocicrypt v1.2.0
go: downloading github.com/containers/libtrust v0.0.0-20230121012942-c1716e8a8d01
go: downloading github.com/gorilla/mux v1.8.1
go: downloading cloud.google.com/go/auth v0.9.9
go: downloading cloud.google.com/go/auth/oauth2adapt v0.2.4
go: downloading go.opentelemetry.io/contrib/instrumentation/google.golang.org/grpc/otelgrpc v0.54.0
go: downloading go.opentelemetry.io/contrib/instrumentation/net/http/otelhttp v0.54.0
go: downloading github.com/containerd/errdefs v0.3.0
go: downloading github.com/aws/aws-sdk-go-v2/config v1.25.8
go: downloading github.com/mattn/go-colorable v0.1.13
go: downloading github.com/tidwall/match v1.1.1
go: downloading github.com/tidwall/pretty v1.2.0
go: downloading github.com/aliyun/alibaba-cloud-sdk-go v1.61.1800
go: downloading github.com/orcaman/concurrent-map v0.0.0-20210501183033-44dafcb38ecc
go: downloading github.com/aliyun/alibabacloud-dkms-gcs-go-sdk v0.5.1
go: downloading github.com/alibabacloud-go/tea v1.2.1
go: downloading github.com/aliyun/alibabacloud-dkms-transfer-go-sdk v0.1.8
go: downloading github.com/oapi-codegen/runtime v1.1.1
go: downloading github.com/cenkalti/backoff/v3 v3.0.0
go: downloading github.com/go-jose/go-jose/v3 v3.0.3
go: downloading github.com/hashicorp/go-retryablehttp v0.7.7
go: downloading github.com/hashicorp/go-rootcerts v1.0.2
go: downloading github.com/hashicorp/go-secure-stdlib/parseutil v0.1.6
go: downloading github.com/hashicorp/go-secure-stdlib/strutil v0.1.2
go: downloading github.com/Azure/go-autorest/autorest/adal v0.9.22
go: downloading github.com/Azure/go-autorest/logger v0.2.1
go: downloading github.com/Azure/go-autorest/tracing v0.6.0
go: downloading github.com/Azure/go-autorest/autorest/azure/cli v0.4.5
go: downloading github.com/dimchansky/utfbom v1.1.1
go: downloading github.com/aws/smithy-go v1.17.0
go: downloading github.com/aws/aws-sdk-go-v2/internal/configsources v1.2.5
go: downloading github.com/munnerz/goautoneg v0.0.0-20191010083416-a7dc8b61c822
go: downloading github.com/go-logr/stdr v1.2.2
go: downloading github.com/josharian/intern v1.0.0
go: downloading github.com/moby/sys/capability v0.3.0
go: downloading github.com/opencontainers/runtime-spec v1.2.0
go: downloading github.com/google/s2a-go v0.1.8
go: downloading github.com/googleapis/enterprise-certificate-proxy v0.3.4
go: downloading github.com/felixge/httpsnoop v1.0.4
go: downloading github.com/deckarep/golang-set v1.7.1
go: downloading github.com/aws/aws-sdk-go-v2/credentials v1.16.6
go: downloading github.com/aws/aws-sdk-go-v2/feature/ec2/imds v1.14.6
go: downloading github.com/aws/aws-sdk-go-v2/internal/ini v1.7.1
go: downloading github.com/aws/aws-sdk-go-v2/service/sso v1.17.5
go: downloading github.com/aws/aws-sdk-go-v2/service/ssooidc v1.20.3
go: downloading github.com/aws/aws-sdk-go-v2/service/sts v1.25.6
go: downloading github.com/alibabacloud-go/debug v0.0.0-20190504072949-9472017b5c68
go: downloading github.com/alibabacloud-go/darabonba-array v0.1.0
go: downloading github.com/alibabacloud-go/darabonba-map v0.0.2
go: downloading github.com/alibabacloud-go/darabonba-string v1.0.2
go: downloading github.com/alibabacloud-go/openapi-util v0.1.0
go: downloading github.com/alibabacloud-go/tea-utils/v2 v2.0.3
go: downloading github.com/alibabacloud-go/tea-utils v1.3.1
go: downloading github.com/apapsch/go-jsonmerge/v2 v2.0.0
go: downloading github.com/hashicorp/go-sockaddr v1.0.2
go: downloading github.com/ryanuber/go-glob v1.0.0
go: downloading github.com/Azure/go-autorest/autorest/date v0.3.0
go: downloading github.com/golang-jwt/jwt/v4 v4.5.1
go: downloading github.com/aws/aws-sdk-go-v2/internal/endpoints/v2 v2.5.5
go: downloading github.com/emicklei/go-restful/v3 v3.11.0
go: downloading github.com/docker/go-units v0.5.0
go: downloading github.com/moby/sys/user v0.3.0
go: downloading github.com/docker/go-metrics v0.0.1
go: downloading github.com/aws/aws-sdk-go-v2/service/internal/accept-encoding v1.10.1
go: downloading github.com/aws/aws-sdk-go-v2/service/internal/presigned-url v1.10.5
go: downloading github.com/tjfoc/gmsm v1.4.1
go: downloading github.com/alibabacloud-go/darabonba-encode-util v0.0.2
go: downloading github.com/moby/sys/mountinfo v0.7.2
go: downloading github.com/prometheus/client_golang v1.20.5
go: downloading github.com/jmespath/go-jmespath v0.4.0
go: downloading github.com/prometheus/client_model v0.6.1
go: downloading github.com/prometheus/common v0.57.0
go: downloading github.com/beorn7/perks v1.0.1
go: downloading github.com/cespare/xxhash/v2 v2.3.0
go: downloading github.com/prometheus/procfs v0.15.1
go: downloading gopkg.in/ini.v1 v1.67.0
go: downloading github.com/Azure/go-autorest/autorest/validation v0.3.1
go: downloading github.com/Azure/go-autorest/autorest/to v0.4.0
