level=info msg="Starting prematerial attestors stage..."
level=info msg="Starting git attestor..."
level=info msg="Starting environment attestor..."
level=info msg="Finished environment attestor... (7.5069e-05s)"
level=info msg="Finished git attestor... (0.044717617s)"
level=info msg="Completed prematerial attestors stage..."
level=info msg="Starting material attestors stage..."
level=info msg="Starting material attestor..."
level=info msg="Finished material attestor... (0.061404005s)"
level=info msg="Completed material attestors stage..."
level=info msg="Starting execute attestors stage..."
level=info msg="Starting command-run attestor..."
level=info msg="Using tracer: ebpf for command-run"
mkdir -p bin
find /home/jake/sbomit-overhead-experiment/repos/logging-operator/bin -name 'controller-gen_*' -exec rm {} +
GOBIN=/home/jake/sbomit-overhead-experiment/repos/logging-operator/bin go install sigs.k8s.io/controller-tools/cmd/controller-gen@v0.21.0
go: downloading sigs.k8s.io/controller-tools v0.21.0
go: downloading gopkg.in/yaml.v3 v3.0.1
go: downloading k8s.io/apiextensions-apiserver v0.36.0
go: downloading sigs.k8s.io/yaml v1.6.0
go: downloading k8s.io/apimachinery v0.36.0
go: downloading golang.org/x/tools v0.44.0
go: downloading k8s.io/api v0.36.0
go: downloading github.com/spf13/cobra v1.10.2
go: downloading k8s.io/code-generator v0.36.0
go: downloading k8s.io/gengo/v2 v2.0.0-20250922181213-ec3ebc5fd46b
go: downloading k8s.io/kube-openapi v0.0.0-20260427204847-8949caaa1199
go: downloading gopkg.in/yaml.v2 v2.4.0
go: downloading github.com/gobuffalo/flect v1.0.3
go: downloading github.com/fatih/color v1.19.0
go: downloading go.yaml.in/yaml/v2 v2.4.4
go: downloading github.com/spf13/pflag v1.0.10
go: downloading k8s.io/klog/v2 v2.140.0
go: downloading github.com/mattn/go-colorable v0.1.14
go: downloading github.com/mattn/go-isatty v0.0.20
go: downloading k8s.io/utils v0.0.0-20260319190234-28399d86e0b5
go: downloading sigs.k8s.io/randfill v1.0.0
go: downloading sigs.k8s.io/structured-merge-diff/v6 v6.4.0
go: downloading sigs.k8s.io/json v0.0.0-20250730193827-2d320260d730
go: downloading gopkg.in/inf.v0 v0.9.1
go: downloading github.com/fxamacker/cbor/v2 v2.9.1
go: downloading golang.org/x/sys v0.43.0
go: downloading golang.org/x/net v0.53.0
go: downloading github.com/go-logr/logr v1.4.3
go: downloading github.com/google/gnostic-models v0.7.1
go: downloading golang.org/x/text v0.36.0
go: downloading github.com/x448/float16 v0.8.4
go: downloading github.com/go-openapi/jsonreference v0.21.5
go: downloading github.com/go-openapi/swag v0.26.0
go: downloading go.yaml.in/yaml/v3 v3.0.4
go: downloading github.com/json-iterator/go v1.1.12
go: downloading github.com/go-openapi/jsonpointer v0.23.1
go: downloading github.com/go-openapi/swag/fileutils v0.26.0
go: downloading github.com/go-openapi/swag/cmdutils v0.26.0
go: downloading github.com/go-openapi/swag/conv v0.26.0
go: downloading github.com/go-openapi/swag/jsonname v0.26.0
go: downloading github.com/go-openapi/swag/jsonutils v0.26.0
go: downloading github.com/go-openapi/swag/loading v0.26.0
go: downloading github.com/go-openapi/swag/mangling v0.26.0
go: downloading github.com/go-openapi/swag/netutils v0.26.0
go: downloading github.com/go-openapi/swag/stringutils v0.26.0
go: downloading github.com/go-openapi/swag/typeutils v0.26.0
go: downloading github.com/go-openapi/swag/yamlutils v0.26.0
go: downloading google.golang.org/protobuf v1.36.12-0.20260120151049-f2248ac996af
go: downloading github.com/modern-go/reflect2 v1.0.3-0.20250322232337-35a7c28c31ee
go: downloading github.com/modern-go/concurrent v0.0.0-20180306012644-bacd9c7ef1dd
go: downloading golang.org/x/sync v0.20.0
go: downloading golang.org/x/mod v0.35.0
mv /home/jake/sbomit-overhead-experiment/repos/logging-operator/bin/controller-gen /home/jake/sbomit-overhead-experiment/repos/logging-operator/bin/controller-gen_0.21.0_go1.26.5
ln -sf controller-gen_0.21.0_go1.26.5 /home/jake/sbomit-overhead-experiment/repos/logging-operator/bin/controller-gen
find . -iname "go.mod" -not -path "./.devcontainer/*" | xargs -L1 sh -c 'cd $(dirname $0); go mod tidy'
go: downloading github.com/kube-logging/logging-operator v0.0.0-20260525191431-270b64e8120f
go: downloading github.com/prometheus-operator/prometheus-operator/pkg/apis/monitoring v0.93.1
go: downloading k8s.io/api v0.36.3
go: downloading github.com/stretchr/testify v1.11.1
go: downloading k8s.io/apimachinery v0.36.3
go: downloading sigs.k8s.io/e2e-framework v0.7.0
go: downloading github.com/cisco-open/operator-tools v0.38.0
go: downloading sigs.k8s.io/controller-runtime v0.24.1
go: downloading k8s.io/apiextensions-apiserver v0.36.3
go: downloading k8s.io/utils v0.0.0-20260707023825-cf1189d6abe3
go: downloading github.com/MakeNowJust/heredoc v1.0.0
go: downloading helm.sh/helm/v3 v3.21.0
go: downloading k8s.io/client-go v0.36.3
go: downloading emperror.dev/errors v0.8.1
go: downloading github.com/spf13/cast v1.10.0
go: downloading github.com/go-logr/zapr v1.3.0
go: downloading github.com/onsi/ginkgo v1.16.5
go: downloading github.com/onsi/gomega v1.42.1
go: downloading go.uber.org/zap v1.28.0
go: downloading github.com/davecgh/go-spew v1.1.2-0.20180830191138-d8f796af33cc
go: downloading github.com/pmezard/go-difflib v1.0.1-0.20181226105442-5d4384ee4fb2
go: downloading github.com/vladimirvivien/gexe v0.5.0
go: downloading github.com/iancoleman/orderedmap v0.3.0
go: downloading github.com/onsi/ginkgo/v2 v2.29.0
go: downloading gopkg.in/evanphx/json-patch.v4 v4.13.0
go: downloading go.uber.org/goleak v1.3.0
go: downloading github.com/google/go-cmp v0.7.0
go: downloading github.com/evanphx/json-patch/v5 v5.9.11
go: downloading github.com/evanphx/json-patch v5.9.11+incompatible
go: downloading github.com/fxamacker/cbor/v2 v2.9.2
go: downloading k8s.io/kube-openapi v0.0.0-20260603220949-865597e52e25
go: downloading github.com/frankban/quicktest v1.14.6
go: downloading github.com/pkg/errors v0.9.1
go: downloading go.uber.org/multierr v1.11.0
go: downloading github.com/Masterminds/semver/v3 v3.5.0
go: downloading github.com/Masterminds/sprig/v3 v3.3.0
go: downloading k8s.io/cli-runtime v0.36.1
go: downloading github.com/gosuri/uitable v0.0.4
go: downloading golang.org/x/term v0.45.0
go: downloading github.com/cisco-open/k8s-objectmatcher v1.10.0
go: downloading github.com/pborman/uuid v1.2.1
go: downloading golang.org/x/exp v0.0.0-20260611194520-c48552f49976
go: downloading github.com/andreyvit/diff v0.0.0-20170406064948-c7f18ee00883
go: downloading github.com/google/gofuzz v1.2.0
go: downloading golang.org/x/net v0.57.0
go: downloading github.com/munnerz/goautoneg v0.0.0-20191010083416-a7dc8b61c822
go: downloading github.com/prometheus/client_golang v1.23.2
go: downloading github.com/AdaLogics/go-fuzz-headers v0.0.0-20240806141605-e8a1dd7889d6
go: downloading github.com/hashicorp/go-multierror v1.1.1
go: downloading k8s.io/kubectl v0.36.1
go: downloading github.com/BurntSushi/toml v1.6.0
go: downloading github.com/gobwas/glob v0.2.3
go: downloading golang.org/x/crypto v0.56.0
go: downloading github.com/cyphar/filepath-securejoin v0.6.1
go: downloading github.com/mitchellh/copystructure v1.2.0
go: downloading github.com/santhosh-tekuri/jsonschema/v6 v6.0.2
go: downloading gopkg.in/check.v1 v1.0.0-20201130134442-10cb98267c6c
go: downloading github.com/containerd/containerd v1.7.33
go: downloading github.com/Masterminds/squirrel v1.5.4
go: downloading github.com/jmoiron/sqlx v1.4.0
go: downloading github.com/lib/pq v1.12.3
go: downloading github.com/rubenv/sql-migrate v1.8.1
go: downloading github.com/opencontainers/image-spec v1.1.1
go: downloading github.com/DATA-DOG/go-sqlmock v1.5.2
go: downloading oras.land/oras-go/v2 v2.6.2
go: downloading github.com/distribution/distribution/v3 v3.0.0
go: downloading github.com/foxcpp/go-mockdns v1.2.0
go: downloading github.com/phayes/freeport v0.0.0-20220201140144-74d24b5ae9f5
go: downloading golang.org/x/sys v0.47.0
go: downloading github.com/cppforlife/go-patch v0.2.0
go: downloading github.com/go-test/deep v1.1.1
go: downloading gomodules.xyz/jsonpatch/v2 v2.5.0
go: downloading golang.org/x/time v0.15.0
go: downloading github.com/nxadm/tail v1.4.11
go: downloading github.com/sergi/go-diff v1.4.0
go: downloading github.com/google/uuid v1.6.0
go: downloading github.com/kr/pretty v0.3.1
go: downloading golang.org/x/oauth2 v0.36.0
go: downloading github.com/stretchr/objx v0.5.2
go: downloading dario.cat/mergo v1.0.2
go: downloading github.com/Masterminds/goutils v1.1.1
go: downloading github.com/huandu/xstrings v1.5.0
go: downloading github.com/shopspring/decimal v1.4.0
go: downloading github.com/hashicorp/errwrap v1.1.0
go: downloading github.com/asaskevich/govalidator v0.0.0-20230301143203-a9d515a09cc2
go: downloading k8s.io/apiserver v0.36.3
go: downloading github.com/liggitt/tabwriter v0.0.0-20181228230101-89fcab3d43de
go: downloading github.com/moby/term v0.5.2
go: downloading golang.org/x/sync v0.22.0
go: downloading golang.org/x/text v0.41.0
go: downloading sigs.k8s.io/kustomize/api v0.21.1
go: downloading sigs.k8s.io/kustomize/kyaml v0.21.1
go: downloading github.com/beorn7/perks v1.0.1
go: downloading github.com/cespare/xxhash/v2 v2.3.0
go: downloading github.com/prometheus/client_model v0.6.2
go: downloading github.com/prometheus/common v0.69.0
go: downloading github.com/prometheus/procfs v0.20.1
go: downloading github.com/mitchellh/reflectwalk v1.0.2
go: downloading github.com/dlclark/regexp2 v1.11.0
go: downloading github.com/lann/builder v0.0.0-20180802200727-47ae307949d0
go: downloading github.com/go-sql-driver/mysql v1.8.1
go: downloading github.com/mattn/go-sqlite3 v1.14.22
go: downloading github.com/go-gorp/gorp/v3 v3.1.0
go: downloading github.com/go-openapi/jsonreference v0.21.6
go: downloading github.com/go-openapi/swag v0.26.1
go: downloading github.com/opencontainers/go-digest v1.0.0
go: downloading github.com/briandowns/spinner v1.23.2
go: downloading github.com/wayneashleyberry/terminal-dimensions v1.1.0
go: downloading github.com/klauspost/compress v1.18.7
go: downloading github.com/fsnotify/fsnotify v1.10.1
go: downloading github.com/mattn/go-isatty v0.0.22
go: downloading github.com/mattn/go-runewidth v0.0.23
go: downloading github.com/miekg/dns v1.1.72
go: downloading github.com/go-task/slim-sprig/v3 v3.0.0
go: downloading golang.org/x/tools v0.48.0
go: downloading gopkg.in/tomb.v1 v1.0.0-20141024135613-dd632973f1e7
go: downloading github.com/kr/text v0.2.0
go: downloading github.com/rogpeppe/go-internal v1.14.1
go: downloading k8s.io/component-base v0.36.3
go: downloading github.com/exponent-io/jsonpath v0.0.0-20210407135951-1de76d718b3f
go: downloading github.com/peterbourgon/diskv v2.0.1+incompatible
go: downloading github.com/inconshreveable/mousetrap v1.1.0
go: downloading github.com/creack/pty v1.1.18
go: downloading github.com/lann/ps v0.0.0-20150810152359-62de8c46ede0
go: downloading github.com/redis/go-redis/v9 v9.7.3
go: downloading github.com/sirupsen/logrus v1.9.4
go: downloading github.com/bshuster-repo/logrus-logstash-hook v1.0.0
go: downloading github.com/docker/go-metrics v0.0.1
go: downloading github.com/gorilla/handlers v1.5.2
go: downloading go.opentelemetry.io/contrib/instrumentation/net/http/otelhttp v0.69.0
go: downloading filippo.io/edwards25519 v1.1.0
go: downloading github.com/go-openapi/testify/v2 v2.5.1
go: downloading github.com/go-openapi/swag/cmdutils v0.26.1
go: downloading github.com/go-openapi/swag/conv v0.26.1
go: downloading github.com/go-openapi/swag/fileutils v0.26.1
go: downloading github.com/go-openapi/swag/jsonname v0.26.1
go: downloading github.com/go-openapi/swag/jsonutils v0.26.1
go: downloading github.com/go-openapi/swag/loading v0.26.1
go: downloading github.com/go-openapi/swag/mangling v0.26.1
go: downloading github.com/go-openapi/swag/netutils v0.26.1
go: downloading github.com/go-openapi/swag/stringutils v0.26.1
go: downloading github.com/go-openapi/swag/typeutils v0.26.1
go: downloading github.com/go-openapi/swag/yamlutils v0.26.1
go: downloading github.com/kylelemons/godebug v1.1.0
go: downloading github.com/poy/onpar v1.1.2
go: downloading github.com/clipperhouse/uax29/v2 v2.7.0
go: downloading github.com/google/pprof v0.0.0-20260402051712-545e8a4df936
go: downloading github.com/emicklei/go-restful/v3 v3.13.0
go: downloading github.com/containerd/log v0.1.0
go: downloading github.com/containerd/platforms v0.2.1
go: downloading github.com/chai2010/gettext-go v1.0.3
go: downloading github.com/mitchellh/go-wordwrap v1.0.1
go: downloading github.com/russross/blackfriday/v2 v2.1.0
go: downloading github.com/google/btree v1.1.3
go: downloading github.com/Azure/go-ansiterm v0.0.0-20250102033503-faa5f7b0171c
go: downloading github.com/blang/semver/v4 v4.0.0
go: downloading github.com/go-errors/errors v1.5.1
go: downloading github.com/gorilla/mux v1.8.1
go: downloading github.com/distribution/reference v0.6.0
go: downloading github.com/docker/go-events v0.0.0-20190806004212-e31b211e4f1c
go: downloading github.com/redis/go-redis/extra/redisotel/v9 v9.0.5
go: downloading github.com/coreos/go-systemd/v22 v22.7.0
go: downloading go.opentelemetry.io/contrib/exporters/autoexport v0.57.0
go: downloading go.opentelemetry.io/otel v1.44.0
go: downloading go.opentelemetry.io/otel/exporters/stdout/stdouttrace v1.44.0
go: downloading go.opentelemetry.io/otel/sdk v1.44.0
go: downloading github.com/dgryski/go-rendezvous v0.0.0-20200823014737-9f7001d12a5f
go: downloading go.opentelemetry.io/otel/trace v1.44.0
go: downloading github.com/felixge/httpsnoop v1.1.0
go: downloading go.opentelemetry.io/otel/metric v1.44.0
go: downloading github.com/go-openapi/testify/enable/yaml/v2 v2.5.1
go: downloading github.com/go-openapi/swag/jsonutils/fixtures_test v0.26.1
go: downloading github.com/containerd/errdefs v1.0.0
go: downloading google.golang.org/grpc v1.83.1
go: downloading github.com/monochromegane/go-gitignore v0.0.0-20200626010858-205db1a8cc00
go: downloading github.com/xlab/treeprint v1.2.0
go: downloading github.com/docker/docker-credential-helpers v0.9.7
go: downloading github.com/hashicorp/golang-lru/arc/v2 v2.0.5
go: downloading github.com/redis/go-redis/extra/rediscmd/v9 v9.0.5
go: downloading go.opentelemetry.io/contrib/bridges/prometheus v0.57.0
go: downloading go.opentelemetry.io/otel/exporters/otlp/otlplog/otlploggrpc v0.20.0
go: downloading go.opentelemetry.io/otel/exporters/otlp/otlplog/otlploghttp v0.20.0
go: downloading go.opentelemetry.io/otel/exporters/otlp/otlpmetric/otlpmetricgrpc v1.44.0
go: downloading go.opentelemetry.io/otel/exporters/otlp/otlpmetric/otlpmetrichttp v1.44.0
go: downloading go.opentelemetry.io/otel/exporters/otlp/otlptrace/otlptracegrpc v1.44.0
go: downloading go.opentelemetry.io/otel/exporters/otlp/otlptrace/otlptracehttp v1.44.0
go: downloading go.opentelemetry.io/otel/exporters/prometheus v0.66.0
go: downloading go.opentelemetry.io/otel/exporters/stdout/stdoutlog v0.20.0
go: downloading go.opentelemetry.io/otel/exporters/stdout/stdoutmetric v1.44.0
go: downloading go.opentelemetry.io/otel/sdk/log v0.20.0
go: downloading go.opentelemetry.io/otel/sdk/metric v1.44.0
go: downloading github.com/hashicorp/golang-lru/v2 v2.0.5
go: downloading golang.org/x/mod v0.38.0
go: downloading go.opentelemetry.io/proto/otlp v1.10.0
go: downloading google.golang.org/genproto/googleapis/rpc v0.0.0-20260610212136-7ab31c22f7ad
go: downloading github.com/go-logr/stdr v1.2.2
go: downloading go.opentelemetry.io/auto/sdk v1.2.1
go: downloading go.opentelemetry.io/otel/log v0.20.0
go: downloading github.com/cenkalti/backoff/v5 v5.0.3
go: downloading go.opentelemetry.io/otel/exporters/otlp/otlptrace v1.44.0
go: downloading github.com/prometheus/otlptranslator v1.0.0
go: downloading github.com/grpc-ecosystem/grpc-gateway/v2 v2.29.0
go: downloading github.com/golang/protobuf v1.5.4
go: downloading google.golang.org/genproto/googleapis/api v0.0.0-20260610212136-7ab31c22f7ad
go: downloading github.com/go-logr/logr v1.4.4
go: downloading github.com/kube-logging/telemetry-controller v0.0.0-20260807183658-5c4122361d32
go: downloading github.com/siliconbrain/go-seqs v1.0.0
go: downloading github.com/prometheus/client_golang v1.24.1
go: downloading k8s.io/utils v0.0.0-20260626114624-be93311217bd
go: downloading golang.org/x/net v0.58.0
go: downloading go.yaml.in/yaml/v3 v3.0.5
go: downloading github.com/onsi/ginkgo/v2 v2.32.0
go: downloading github.com/prometheus/common v0.70.1
go: downloading github.com/prometheus/procfs v0.21.1
go: downloading github.com/klauspost/compress v1.19.1
go: downloading go.opentelemetry.io/collector/config/configopaque v1.64.0
go: downloading go.opentelemetry.io/collector/component v1.64.0
go: downloading go.opentelemetry.io/collector/config/configcompression v1.64.0
go: downloading github.com/open-telemetry/opentelemetry-operator/apis v0.156.0
go: downloading go.opentelemetry.io/collector/confmap v1.64.0
go: downloading go.opentelemetry.io/collector/pdata v1.64.0
go: downloading github.com/goccy/go-yaml v1.19.2
go: downloading go.opentelemetry.io/collector/featuregate v1.64.0
go: downloading github.com/go-viper/mapstructure/v2 v2.5.0
go: downloading github.com/knadh/koanf/providers/confmap v1.0.0
go: downloading github.com/knadh/koanf/maps v0.1.2
go: downloading github.com/knadh/koanf/v2 v2.3.5
go: downloading github.com/hashicorp/go-version v1.9.0
go: downloading golang.org/x/tools v0.49.0
go: downloading github.com/go-task/slim-sprig v0.0.0-20210107165309-348f09dbbbc0
go: downloading go.opentelemetry.io/collector/internal/testutil v0.158.0
go: downloading go.opentelemetry.io/proto/slim/otlp v1.11.0
go: downloading go.opentelemetry.io/proto/slim/otlp/collector/profiles/v1development v0.4.0
go: downloading go.opentelemetry.io/proto/slim/otlp/profiles/v1development v0.4.0
go: downloading golang.org/x/mod v0.40.0
go: downloading golang.org/x/net v0.56.0
go: downloading golang.org/x/term v0.44.0
go: downloading github.com/klauspost/compress v1.18.6
go: downloading golang.org/x/tools v0.47.0
go: downloading golang.org/x/text v0.39.0
go: downloading golang.org/x/mod v0.37.0
go: downloading golang.org/x/text v0.40.0
cd pkg/sdk && /home/jake/sbomit-overhead-experiment/repos/logging-operator/bin/controller-gen crd:maxDescLen=0 output:crd:artifacts:config=../../config/crd/bases object:headerFile=./../../hack/boilerplate.go.txt paths=./logging/api/...
cd pkg/sdk && /home/jake/sbomit-overhead-experiment/repos/logging-operator/bin/controller-gen crd:maxDescLen=0 output:crd:artifacts:config=../../config/crd/bases object:headerFile=./../../hack/boilerplate.go.txt paths=./logging/model/...
cd pkg/sdk && /home/jake/sbomit-overhead-experiment/repos/logging-operator/bin/controller-gen crd:maxDescLen=0 output:crd:artifacts:config=../../config/crd/bases object:headerFile=./../../hack/boilerplate.go.txt paths=./extensions/api/...
go fmt ./...
cd pkg/sdk && go fmt ./...
go vet ./...
cd pkg/sdk && go vet ./...
go build -o bin/manager main.go
level=info msg="Finished command-run attestor... (63.798723415s)"
level=info msg="Completed execute attestors stage..."
level=info msg="Starting product attestors stage..."
level=info msg="Starting product attestor..."
level=info msg="Finished product attestor... (0.216107932s)"
level=info msg="Completed product attestors stage..."
level=info msg="Starting postproduct attestors stage..."
level=info msg="Completed postproduct attestors stage..."
