go build  --ldflags="-w -X github.com/notaryproject/notation/v2/internal/version.GitCommit=2c82269853b35a9743f6a36c1da6de7e5d367149 -X github.com/notaryproject/notation/v2/internal/version.BuildMetadata=unreleased" -o bin/notation ./cmd/notation
go: downloading github.com/notaryproject/notation-core-go v1.3.0
go: downloading github.com/notaryproject/notation-go v1.2.0-beta.1.0.20250512015818-2bc67e7695ef
go: downloading github.com/opencontainers/go-digest v1.0.0
go: downloading github.com/notaryproject/tspclient-go v1.0.1-0.20250306063739-4f55b14d9f01
go: downloading github.com/opencontainers/image-spec v1.1.1
go: downloading github.com/spf13/cobra v1.9.1
go: downloading github.com/spf13/pflag v1.0.7
go: downloading golang.org/x/term v0.37.0
go: downloading oras.land/oras-go/v2 v2.6.0
go: downloading github.com/sirupsen/logrus v1.9.3
go: downloading github.com/notaryproject/notation-plugin-framework-go v1.0.0
go: downloading golang.org/x/sys v0.38.0
go: downloading golang.org/x/crypto v0.45.0
go: downloading github.com/fxamacker/cbor/v2 v2.8.0
go: downloading github.com/veraison/go-cose v1.3.0
go: downloading github.com/golang-jwt/jwt/v4 v4.5.2
go: downloading golang.org/x/mod v0.24.0
go: downloading golang.org/x/sync v0.14.0
go: downloading github.com/go-ldap/ldap/v3 v3.4.11
go: downloading github.com/go-asn1-ber/asn1-ber v1.5.8-0.20250403174932-29230038a667
go: downloading github.com/Azure/go-ntlmssp v0.0.0-20221128193559-754e69321358
go: downloading github.com/google/uuid v1.6.0
go: downloading github.com/x448/float16 v0.8.4
