level=info msg="Starting prematerial attestors stage..."
level=info msg="Starting git attestor..."
level=info msg="Starting environment attestor..."
level=info msg="Finished environment attestor... (0.000108031s)"
level=info msg="Finished git attestor... (0.039599237s)"
level=info msg="Completed prematerial attestors stage..."
level=info msg="Starting material attestors stage..."
level=info msg="Starting material attestor..."
level=info msg="Finished material attestor... (0.13252354s)"
level=info msg="Completed material attestors stage..."
level=info msg="Starting execute attestors stage..."
level=info msg="Starting command-run attestor..."
level=info msg="Using tracer: ebpf for command-run"
CGO_ENABLED=0 go build -ldflags "-extldflags \"-static\" -s -w -X github.com/opencost/opencost/core/pkg/version.Version=develop-c467650 -X github.com/opencost/opencost/core/pkg/version.GitCommit=c467650" ./cmd/costmodel
go: downloading github.com/rs/zerolog v1.34.0
go: downloading github.com/spf13/viper v1.21.0
go: downloading github.com/spf13/cobra v1.10.2
go: downloading github.com/prometheus/client_golang v1.23.2
go: downloading k8s.io/client-go v0.36.0
go: downloading github.com/rs/cors v1.11.1
go: downloading github.com/julienschmidt/httprouter v1.3.0
go: downloading github.com/modelcontextprotocol/go-sdk v1.6.0
go: downloading cloud.google.com/go/compute/metadata v0.9.0
go: downloading github.com/aws/aws-sdk-go v1.55.8
go: downloading github.com/jszwec/csvutil v1.10.0
go: downloading cloud.google.com/go v0.123.0
go: downloading k8s.io/api v0.36.0
go: downloading k8s.io/apimachinery v0.36.3
go: downloading k8s.io/utils v0.0.0-20260210185600-b8788abfbbc2
go: downloading github.com/google/uuid v1.6.0
go: downloading github.com/Masterminds/semver/v3 v3.4.0
go: downloading gopkg.in/yaml.v2 v2.4.0
go: downloading cloud.google.com/go/storage v1.60.0
go: downloading github.com/Azure/azure-sdk-for-go/sdk/azcore v1.21.0
go: downloading github.com/Azure/azure-sdk-for-go v68.0.0+incompatible
go: downloading github.com/Azure/azure-sdk-for-go/sdk/azidentity v1.13.1
go: downloading github.com/Azure/azure-sdk-for-go/sdk/storage/azblob v1.6.4
go: downloading github.com/aws/aws-sdk-go-v2 v1.41.7
go: downloading github.com/aws/aws-sdk-go-v2/config v1.32.17
go: downloading github.com/aws/aws-sdk-go-v2/feature/s3/manager v1.22.6
go: downloading github.com/aws/aws-sdk-go-v2/service/s3 v1.97.3
go: downloading github.com/go-playground/validator/v10 v10.30.1
go: downloading github.com/hashicorp/go-hclog v1.6.3
go: downloading github.com/hashicorp/go-plugin v1.7.0
go: downloading go.opentelemetry.io/otel v1.41.0
go: downloading golang.org/x/exp v0.0.0-20260218203240-3dfff04db8fa
go: downloading google.golang.org/protobuf v1.36.12-0.20260120151049-f2248ac996af
go: downloading github.com/kubecost/events v0.0.8
go: downloading github.com/prometheus/client_model v0.6.2
go: downloading golang.org/x/sync v0.22.0
go: downloading github.com/patrickmn/go-cache v2.1.0+incompatible
go: downloading github.com/opencost/bingen v0.2.0
go: downloading github.com/goccy/go-json v0.10.5
go: downloading github.com/json-iterator/go v1.1.12
go: downloading github.com/aliyun/alibaba-cloud-sdk-go v1.63.107
go: downloading github.com/digitalocean/godo v1.192.0
go: downloading github.com/aws/aws-sdk-go-v2/credentials v1.19.16
go: downloading github.com/aws/aws-sdk-go-v2/service/athena v1.57.6
go: downloading github.com/aws/aws-sdk-go-v2/service/ec2 v1.296.0
go: downloading github.com/aws/aws-sdk-go-v2/service/sts v1.42.1
go: downloading github.com/aws/smithy-go v1.25.1
go: downloading golang.org/x/oauth2 v0.35.0
go: downloading google.golang.org/api v0.269.0
go: downloading cloud.google.com/go/bigquery v1.74.0
go: downloading github.com/microcosm-cc/bluemonday v1.0.27
go: downloading github.com/Azure/go-autorest/autorest v0.11.30
go: downloading github.com/Azure/go-autorest/autorest/azure/auth v0.5.13
go: downloading github.com/oracle/oci-go-sdk/v65 v65.117.1
go: downloading github.com/scaleway/scaleway-sdk-go v1.0.0-beta.36
go: downloading golang.org/x/text v0.40.0
go: downloading github.com/stackitcloud/stackit-sdk-go/core v0.24.0
go: downloading github.com/Azure/go-autorest v14.2.0+incompatible
go: downloading github.com/stackitcloud/stackit-sdk-go/services/cost v0.2.1
go: downloading github.com/fsnotify/fsnotify v1.9.0
go: downloading github.com/go-viper/mapstructure/v2 v2.5.0
go: downloading github.com/sagikazarmark/locafero v0.12.0
go: downloading github.com/spf13/afero v1.15.0
go: downloading github.com/spf13/cast v1.10.0
go: downloading github.com/spf13/pflag v1.0.10
go: downloading github.com/mattn/go-colorable v0.1.14
go: downloading github.com/prometheus/common v0.67.5
go: downloading github.com/google/jsonschema-go v0.4.3
go: downloading github.com/yosida95/uritemplate/v3 v3.0.2
go: downloading k8s.io/klog/v2 v2.140.0
go: downloading k8s.io/kube-openapi v0.0.0-20260317180543-43fb72c5454a
go: downloading sigs.k8s.io/structured-merge-diff/v6 v6.3.3
go: downloading sigs.k8s.io/randfill v1.0.0
go: downloading github.com/minio/minio-go/v7 v7.0.98
go: downloading github.com/pkg/errors v0.9.1
go: downloading cloud.google.com/go/auth v0.18.2
go: downloading cloud.google.com/go/iam v1.5.3
go: downloading github.com/googleapis/gax-go/v2 v2.17.0
go: downloading github.com/GoogleCloudPlatform/opentelemetry-operations-go/exporter/metric v0.55.0
go: downloading go.opentelemetry.io/contrib/detectors/gcp v1.40.0
go: downloading go.opentelemetry.io/otel/sdk/metric v1.41.0
go: downloading go.opentelemetry.io/otel/sdk v1.41.0
go: downloading go.opentelemetry.io/otel/trace v1.41.0
go: downloading google.golang.org/genproto v0.0.0-20260226221140-a57be14db171
go: downloading google.golang.org/grpc v1.79.3
go: downloading github.com/aws/aws-sdk-go-v2/feature/ec2/imds v1.18.23
go: downloading github.com/aws/aws-sdk-go-v2/service/signin v1.0.11
go: downloading github.com/aws/aws-sdk-go-v2/service/sso v1.30.17
go: downloading github.com/aws/aws-sdk-go-v2/service/ssooidc v1.35.21
go: downloading github.com/munnerz/goautoneg v0.0.0-20191010083416-a7dc8b61c822
go: downloading golang.org/x/net v0.56.0
go: downloading golang.org/x/time v0.14.0
go: downloading golang.org/x/term v0.44.0
go: downloading github.com/hashicorp/go-multierror v1.1.1
go: downloading github.com/fatih/color v1.18.0
go: downloading github.com/mattn/go-isatty v0.0.20
go: downloading github.com/beorn7/perks v1.0.1
go: downloading github.com/cespare/xxhash/v2 v2.3.0
go: downloading github.com/prometheus/procfs v0.19.2
go: downloading github.com/gabriel-vasile/mimetype v1.4.13
go: downloading github.com/go-playground/universal-translator v0.18.1
go: downloading gopkg.in/inf.v0 v0.9.1
go: downloading github.com/leodido/go-urn v1.4.0
go: downloading golang.org/x/crypto v0.53.0
go: downloading github.com/golang/protobuf v1.5.4
go: downloading github.com/hashicorp/yamux v0.1.2
go: downloading github.com/oklog/run v1.2.0
go: downloading gopkg.in/yaml.v3 v3.0.1
go: downloading k8s.io/kubelet v0.36.0
go: downloading github.com/aws/aws-sdk-go-v2/aws/protocol/eventstream v1.7.8
go: downloading github.com/aws/aws-sdk-go-v2/internal/configsources v1.4.23
go: downloading github.com/aws/aws-sdk-go-v2/internal/v4a v1.4.24
go: downloading github.com/aws/aws-sdk-go-v2/service/internal/accept-encoding v1.13.9
go: downloading github.com/aws/aws-sdk-go-v2/service/internal/checksum v1.9.13
go: downloading github.com/aws/aws-sdk-go-v2/service/internal/presigned-url v1.13.23
go: downloading github.com/aws/aws-sdk-go-v2/service/internal/s3shared v1.19.21
go: downloading github.com/modern-go/concurrent v0.0.0-20180306012644-bacd9c7ef1dd
go: downloading github.com/modern-go/reflect2 v1.0.3-0.20250322232337-35a7c28c31ee
go: downloading github.com/go-logr/logr v1.4.3
go: downloading go.opentelemetry.io/otel/metric v1.41.0
go: downloading github.com/google/go-querystring v1.1.0
go: downloading github.com/hashicorp/go-retryablehttp v0.7.7
go: downloading github.com/apache/arrow/go/v15 v15.0.2
go: downloading github.com/aymerick/douceur v0.2.0
go: downloading cloud.google.com/go/auth/oauth2adapt v0.2.8
go: downloading github.com/Azure/azure-sdk-for-go/sdk/internal v1.11.2
go: downloading github.com/AzureAD/microsoft-authentication-library-for-go v1.6.0
go: downloading github.com/Azure/go-autorest/autorest/date v0.3.0
go: downloading github.com/Azure/go-autorest/autorest/to v0.4.1
go: downloading github.com/Azure/go-autorest/autorest/validation v0.3.2
go: downloading github.com/Azure/go-autorest/tracing v0.6.0
go: downloading github.com/gofrs/uuid v4.4.0+incompatible
go: downloading github.com/shopspring/decimal v1.4.0
go: downloading github.com/Azure/go-autorest/autorest/adal v0.9.22
go: downloading github.com/Azure/go-autorest/logger v0.2.1
go: downloading github.com/Azure/go-autorest/autorest/azure/cli v0.4.6
go: downloading github.com/dimchansky/utfbom v1.1.1
go: downloading github.com/subosito/gotenv v1.6.0
go: downloading github.com/pelletier/go-toml/v2 v2.2.4
go: downloading go.yaml.in/yaml/v3 v3.0.4
go: downloading golang.org/x/sys v0.46.0
go: downloading github.com/segmentio/encoding v0.5.4
go: downloading sigs.k8s.io/json v0.0.0-20250730193827-2d320260d730
go: downloading go.yaml.in/yaml/v2 v2.4.3
go: downloading github.com/dustin/go-humanize v1.0.1
go: downloading github.com/klauspost/compress v1.18.4
go: downloading github.com/klauspost/crc32 v1.3.0
go: downloading github.com/minio/crc64nvme v1.1.1
go: downloading github.com/minio/md5-simd v1.1.2
go: downloading github.com/go-ini/ini v1.67.0
go: downloading google.golang.org/genproto/googleapis/api v0.0.0-20260226221140-a57be14db171
go: downloading google.golang.org/genproto/googleapis/rpc v0.0.0-20260316180232-0b37fe3546d5
go: downloading cloud.google.com/go/monitoring v1.24.3
go: downloading github.com/GoogleCloudPlatform/opentelemetry-operations-go/internal/resourcemapping v0.55.0
go: downloading github.com/GoogleCloudPlatform/opentelemetry-operations-go/detectors/gcp v1.31.0
go: downloading go.opentelemetry.io/contrib/instrumentation/net/http/otelhttp v0.65.0
go: downloading github.com/opentracing/opentracing-go v1.2.1-0.20220228012449-10b1cf09e00b
go: downloading github.com/jmespath/go-jmespath v0.4.0
go: downloading gopkg.in/ini.v1 v1.67.0
go: downloading github.com/google/gnostic-models v0.7.1
go: downloading github.com/fxamacker/cbor/v2 v2.9.0
go: downloading github.com/pmezard/go-difflib v1.0.1-0.20181226105442-5d4384ee4fb2
go: downloading github.com/hashicorp/errwrap v1.1.0
go: downloading github.com/go-playground/locales v0.14.1
go: downloading github.com/aws/aws-sdk-go-v2/internal/endpoints/v2 v2.7.23
go: downloading github.com/go-logr/stdr v1.2.2
go: downloading go.opentelemetry.io/auto/sdk v1.2.1
go: downloading github.com/hashicorp/go-cleanhttp v0.5.2
go: downloading github.com/google/s2a-go v0.1.9
go: downloading github.com/gorilla/css v1.0.1
go: downloading github.com/kylelemons/godebug v1.1.0
go: downloading github.com/pkg/browser v0.0.0-20240102092130-5ac0b6a4141c
go: downloading github.com/golang-jwt/jwt/v5 v5.3.1
go: downloading github.com/mitchellh/go-homedir v1.1.0
go: downloading github.com/golang-jwt/jwt/v4 v4.5.0
go: downloading github.com/rs/xid v1.6.0
go: downloading github.com/tinylib/msgp v1.6.3
go: downloading github.com/klauspost/cpuid/v2 v2.3.0
go: downloading go.opentelemetry.io/contrib/instrumentation/google.golang.org/grpc/otelgrpc v0.65.0
go: downloading github.com/googleapis/enterprise-certificate-proxy v0.3.12
go: downloading github.com/segmentio/asm v1.2.1
go: downloading sigs.k8s.io/yaml v1.6.0
go: downloading github.com/felixge/httpsnoop v1.0.4
go: downloading github.com/davecgh/go-spew v1.1.2-0.20180830191138-d8f796af33cc
go: downloading github.com/envoyproxy/go-control-plane/envoy v1.37.0
go: downloading github.com/x448/float16 v0.8.4
go: downloading github.com/go-openapi/swag v0.25.5
go: downloading github.com/go-openapi/jsonreference v0.21.4
go: downloading gopkg.in/evanphx/json-patch.v4 v4.13.0
go: downloading github.com/spiffe/go-spiffe/v2 v2.6.0
go: downloading github.com/philhofer/fwd v1.2.0
go: downloading github.com/cncf/xds/go v0.0.0-20260202195803-dba9d589def2
go: downloading github.com/emicklei/go-restful/v3 v3.13.0
go: downloading github.com/go-openapi/jsonpointer v0.22.4
go: downloading github.com/go-openapi/swag/cmdutils v0.25.5
go: downloading github.com/go-openapi/swag/conv v0.25.5
go: downloading github.com/go-openapi/swag/fileutils v0.25.5
go: downloading github.com/go-openapi/swag/jsonutils v0.25.5
go: downloading github.com/go-openapi/swag/jsonname v0.25.5
go: downloading github.com/go-openapi/swag/netutils v0.25.5
go: downloading github.com/go-openapi/swag/loading v0.25.5
go: downloading github.com/go-openapi/swag/mangling v0.25.5
go: downloading cel.dev/expr v0.25.1
go: downloading github.com/go-openapi/swag/typeutils v0.25.5
go: downloading github.com/go-openapi/swag/yamlutils v0.25.5
go: downloading github.com/go-openapi/swag/stringutils v0.25.5
go: downloading github.com/envoyproxy/protoc-gen-validate v1.3.3
go: downloading github.com/go-jose/go-jose/v4 v4.1.4
go: downloading golang.org/x/xerrors v0.0.0-20240903120638-7835f813f4da
go: downloading github.com/pierrec/lz4/v4 v4.1.18
go: downloading github.com/google/flatbuffers v23.5.26+incompatible
go: downloading github.com/zeebo/xxh3 v1.0.2
go: downloading github.com/youmark/pkcs8 v0.0.0-20240726163527-a2c0da244d78
go: downloading github.com/gofrs/flock v0.13.0
go: downloading github.com/sony/gobreaker/v2 v2.4.0
level=info msg="Finished command-run attestor... (86.204550326s)"
level=info msg="Completed execute attestors stage..."
level=info msg="Starting product attestors stage..."
level=info msg="Starting product attestor..."
level=info msg="Finished product attestor... (0.317326144s)"
level=info msg="Completed product attestors stage..."
level=info msg="Starting postproduct attestors stage..."
level=info msg="Completed postproduct attestors stage..."
