go: downloading github.com/spf13/pflag v1.0.10
go: downloading github.com/stretchr/testify v1.12.1
go: downloading github.com/jackc/pgx/v5 v5.10.0
go: downloading github.com/openfga/api/proto v0.0.0-20260319214821-f153694bfc20
go: downloading go.opentelemetry.io/otel v1.45.0
go: downloading github.com/google/cel-go v0.31.0
go: downloading github.com/spf13/cobra v1.10.2
go: downloading github.com/prometheus/client_golang v1.24.1
go: downloading github.com/sourcegraph/conc v0.3.0
go: downloading google.golang.org/protobuf v1.36.12
go: downloading github.com/spf13/viper v1.20.1
go: downloading go.opentelemetry.io/otel/trace v1.45.0
go: downloading github.com/grpc-ecosystem/go-grpc-middleware v1.4.0
go: downloading github.com/MicahParks/keyfunc/v2 v2.1.0
go: downloading github.com/natefinch/wrap v0.2.0
go: downloading go.uber.org/zap v1.28.0
go: downloading github.com/openfga/language/pkg/go v0.3.2-0.20260730144454-83fedf8a4e70
go: downloading google.golang.org/grpc v1.83.1
go: downloading github.com/grpc-ecosystem/go-grpc-middleware/v2 v2.3.3
go: downloading github.com/golang-jwt/jwt/v5 v5.3.1
go: downloading github.com/emirpasic/gods v1.18.1
go: downloading github.com/hashicorp/go-retryablehttp v0.7.8
go: downloading github.com/cenkalti/backoff/v4 v4.3.0
go: downloading github.com/oklog/ulid/v2 v2.1.2
go: downloading gonum.org/v1/gonum v0.17.0
go: downloading golang.org/x/sync v0.22.0
go: downloading go.uber.org/mock v0.6.0
go: downloading github.com/go-logr/logr v1.4.4
go: downloading go.opentelemetry.io/otel/exporters/otlp/otlptrace/otlptracegrpc v1.45.0
go: downloading github.com/grpc-ecosystem/go-grpc-middleware/providers/prometheus v1.1.0
go: downloading github.com/google/uuid v1.6.0
go: downloading go.opentelemetry.io/otel/sdk v1.45.0
go: downloading go.opentelemetry.io/proto/otlp v1.11.0
go: downloading go.opentelemetry.io/otel/exporters/otlp/otlptrace v1.45.0
go: downloading github.com/grpc-ecosystem/grpc-gateway/v2 v2.30.0
go: downloading github.com/Yiling-J/theine-go v0.6.2
go: downloading github.com/go-sql-driver/mysql v1.10.0
go: downloading github.com/cespare/xxhash/v2 v2.3.0
go: downloading github.com/rs/cors v1.11.1
go: downloading github.com/pressly/goose/v3 v3.27.3
go: downloading github.com/google/go-cmp v0.7.0
go: downloading github.com/containerd/errdefs v1.0.0
go: downloading github.com/Masterminds/squirrel v1.5.4
go: downloading github.com/IBM/pgxpoolprometheus v1.1.3
go: downloading go.opentelemetry.io/contrib/instrumentation/google.golang.org/grpc/otelgrpc v0.70.0
go: downloading github.com/moby/moby/api v1.55.0
go: downloading github.com/jackc/pgpassfile v1.0.0
go: downloading sigs.k8s.io/yaml v1.6.0
go: downloading go.opentelemetry.io/contrib/instrumentation/net/http/otelhttp v0.70.0
go: downloading modernc.org/sqlite v1.57.0
go: downloading github.com/moby/moby/client v0.5.1
go: downloading sigs.k8s.io/controller-runtime v0.23.3
go: downloading github.com/fsnotify/fsnotify v1.9.0
go: downloading github.com/go-viper/mapstructure/v2 v2.5.0
go: downloading github.com/sagikazarmark/locafero v0.9.0
go: downloading github.com/spf13/afero v1.15.0
go: downloading github.com/spf13/cast v1.10.0
go: downloading github.com/envoyproxy/protoc-gen-validate v1.3.3
go: downloading google.golang.org/genproto/googleapis/api v0.0.0-20260803160001-6ac0973c030d
go: downloading github.com/beorn7/perks v1.0.1
go: downloading github.com/prometheus/client_model v0.6.2
go: downloading github.com/prometheus/common v0.70.1
go: downloading github.com/prometheus/procfs v0.21.1
go: downloading go.uber.org/multierr v1.11.0
go: downloading github.com/hashicorp/go-cleanhttp v0.5.2
go: downloading cel.dev/expr v0.25.2
go: downloading github.com/jackc/pgservicefile v0.0.0-20240606120523-5a60cdf6a761
go: downloading golang.org/x/text v0.40.0
go: downloading github.com/antlr4-go/antlr/v4 v4.13.1
go: downloading gopkg.in/yaml.v3 v3.0.1
go: downloading go.opentelemetry.io/otel/metric v1.45.0
go: downloading google.golang.org/genproto/googleapis/rpc v0.0.0-20260803160001-6ac0973c030d
go: downloading golang.org/x/sys v0.47.0
go: downloading golang.org/x/net v0.57.0
go: downloading github.com/jackc/puddle/v2 v2.2.2
go: downloading github.com/lann/builder v0.0.0-20180802200727-47ae307949d0
go: downloading go.yaml.in/yaml/v2 v2.4.4
go: downloading github.com/felixge/httpsnoop v1.1.0
go: downloading filippo.io/edwards25519 v1.2.0
go: downloading github.com/subosito/gotenv v1.6.0
go: downloading github.com/pelletier/go-toml/v2 v2.2.4
go: downloading github.com/sethvargo/go-retry v0.4.0
go: downloading github.com/containerd/errdefs/pkg v0.3.0
go: downloading github.com/distribution/reference v0.6.0
go: downloading github.com/docker/go-connections v0.7.0
go: downloading github.com/opencontainers/image-spec v1.1.1
go: downloading github.com/opencontainers/go-digest v1.0.0
go: downloading github.com/munnerz/goautoneg v0.0.0-20191010083416-a7dc8b61c822
go: downloading go.yaml.in/yaml/v3 v3.0.5
go: downloading k8s.io/apimachinery v0.35.0
go: downloading github.com/go-logr/stdr v1.2.2
go: downloading go.opentelemetry.io/auto/sdk v1.2.1
go: downloading github.com/cenkalti/backoff/v5 v5.0.3
go: downloading golang.org/x/exp v0.0.0-20260718201538-764159d718ef
go: downloading github.com/zeebo/xxh3 v1.0.2
go: downloading github.com/lann/ps v0.0.0-20150810152359-62de8c46ede0
go: downloading github.com/mfridman/interpolate v0.0.2
go: downloading github.com/moby/docker-image-spec v1.3.1
go: downloading github.com/docker/go-units v0.5.0
go: downloading github.com/klauspost/cpuid/v2 v2.0.9
go: downloading k8s.io/client-go v0.35.0
go: downloading k8s.io/utils v0.0.0-20251002143259-bc988d571ff4
go: downloading k8s.io/klog/v2 v2.130.1
go: downloading golang.org/x/time v0.11.0
go: downloading k8s.io/api v0.35.0
go: downloading sigs.k8s.io/randfill v1.0.0
go: downloading sigs.k8s.io/json v0.0.0-20250730193827-2d320260d730
go: downloading gopkg.in/inf.v0 v0.9.1
go: downloading k8s.io/kube-openapi v0.0.0-20250910181357-589584f1c912
go: downloading sigs.k8s.io/structured-merge-diff/v6 v6.3.2-0.20260122202528-d9cc6641c482
go: downloading github.com/fxamacker/cbor/v2 v2.9.0
go: downloading github.com/google/gnostic-models v0.7.0
go: downloading gopkg.in/evanphx/json-patch.v4 v4.13.0
go: downloading github.com/pmezard/go-difflib v1.0.1-0.20181226105442-5d4384ee4fb2
go: downloading golang.org/x/term v0.45.0
go: downloading golang.org/x/oauth2 v0.36.0
go: downloading github.com/davecgh/go-spew v1.1.2-0.20180830191138-d8f796af33cc
go: downloading github.com/x448/float16 v0.8.4
go: downloading github.com/json-iterator/go v1.1.12
go: downloading github.com/modern-go/reflect2 v1.0.3-0.20250322232337-35a7c28c31ee
go: downloading github.com/modern-go/concurrent v0.0.0-20180306012644-bacd9c7ef1dd
go: downloading github.com/go-openapi/jsonreference v1.0.0
go: downloading github.com/go-openapi/swag v0.28.0
go: downloading github.com/emicklei/go-restful/v3 v3.12.2
go: downloading github.com/go-openapi/jsonpointer v1.0.0
go: downloading github.com/go-openapi/swag/loading v0.28.0
go: downloading github.com/go-openapi/swag/netutils v0.28.0
go: downloading github.com/go-openapi/swag/yamlutils v0.28.0
go: downloading github.com/go-openapi/swag/cmdutils v0.28.0
go: downloading github.com/go-openapi/swag/jsonutils v0.28.0
go: downloading github.com/go-openapi/swag/fileutils v0.28.0
go: downloading github.com/go-openapi/swag/stringutils v0.28.0
go: downloading github.com/go-openapi/swag/conv v0.28.0
go: downloading github.com/go-openapi/swag/mangling v0.28.0
go: downloading github.com/go-openapi/swag/typeutils v0.28.0
go: downloading github.com/go-openapi/swag/pools v0.28.0
go: downloading modernc.org/libc v1.74.4
go: downloading modernc.org/memory v1.11.0
go: downloading github.com/dustin/go-humanize v1.0.1
go: downloading modernc.org/mathutil v1.7.1
go: downloading github.com/remyoudompheng/bigfft v0.0.0-20230129092748-24d4a6f8daec
[3m[37m 🚀 [34m Building the OpenFGA binary within /home/jake/sbomit-overhead-experiment/repos/openfga/dist/openfga [37m [23m
github.com/openfga/openfga/internal/build
internal/goarch
internal/byteorder
internal/godebugs
internal/unsafeheader
internal/coverage/rtcov
internal/profilerecord
math/bits
internal/goos
internal/runtime/pprof/label
internal/asan
internal/goexperiment
internal/trace/tracev2
internal/msan
sync/atomic
internal/cpu
internal/runtime/atomic
internal/abi
internal/runtime/syscall/linux
internal/runtime/gc
internal/runtime/sys
internal/runtime/math
unicode
unicode/utf8
cmp
encoding
internal/nettrace
unicode/utf16
log/internal
container/list
internal/strconv
crypto/internal/fips140/alias
crypto/internal/fips140deps/byteorder
crypto/internal/constanttime
crypto/internal/boring/sig
vendor/golang.org/x/crypto/cryptobyte/asn1
vendor/golang.org/x/crypto/internal/alias
internal/bytealg
internal/chacha8rand
math
crypto/internal/fips140deps/cpu
golang.org/x/text/internal/utf8internal
golang.org/x/text/encoding/internal/identifier
github.com/pelletier/go-toml/v2/internal/characters
github.com/spf13/viper/internal/features
crypto/internal/fips140/subtle
log/slog/internal
github.com/jackc/pgx/v5/internal/pgio
github.com/jackc/puddle/v2/internal/genstack
google.golang.org/protobuf/internal/flags
google.golang.org/protobuf/internal/set
google.golang.org/grpc/serviceconfig
internal/runtime/gc/scan
google.golang.org/grpc/encoding/internal
internal/runtime/exithook
google.golang.org/grpc/internal/transport/internal
go.opentelemetry.io/otel/trace/embedded
go.opentelemetry.io/otel/metric/embedded
go.opentelemetry.io/otel/sdk
go.opentelemetry.io/otel/exporters/otlp/otlptrace/otlptracegrpc/internal/counter
github.com/pressly/goose/v3/database/dialect
github.com/moby/moby/api/types/common
github.com/moby/moby/api/types/storage
github.com/moby/moby/api/types
github.com/moby/moby/api/types/checkpoint
github.com/moby/moby/api/types/events
github.com/google/go-cmp/cmp/internal/flags
gonum.org/v1/gonum/blas
github.com/openfga/openfga/internal/utils/apimethod
gonum.org/v1/gonum/graph
gonum.org/v1/gonum/internal/asm/f64
github.com/google/cel-go/common/operators
crypto/subtle
github.com/google/cel-go/common/overloads
github.com/openfga/openfga/pkg/featureflags
k8s.io/apimachinery/pkg/selection
k8s.io/apimachinery/pkg/api/validate/constraints
k8s.io/apimachinery/pkg/types
k8s.io/apimachinery/pkg/api/safe
k8s.io/utils/buffer
github.com/go-openapi/swag/cmdutils
gonum.org/v1/gonum/lapack
internal/stringslite
internal/runtime/cgroup
internal/synctest
internal/race
gonum.org/v1/gonum/graph/internal/set
gonum.org/v1/gonum/graph/internal/linear
gonum.org/v1/gonum/graph/iterator
gonum.org/v1/gonum/graph/encoding
internal/sync
internal/runtime/maps
gonum.org/v1/gonum/graph/traverse
runtime
github.com/Yiling-J/theine-go/internal/bf
gonum.org/v1/gonum/mathext/internal/gonum
gonum.org/v1/gonum/graph/set/uid
gonum.org/v1/gonum/internal/math32
math/cmplx
gonum.org/v1/gonum/mathext/internal/cephes
gonum.org/v1/gonum/internal/cmplx64
gonum.org/v1/gonum/internal/asm/f32
gonum.org/v1/gonum/mathext/internal/amos
gonum.org/v1/gonum/internal/asm/c128
gonum.org/v1/gonum/internal/asm/c64
gonum.org/v1/gonum/mathext
iter
weak
internal/reflectlite
runtime/metrics
k8s.io/klog/v2/internal/dbg
sync
maps
slices
golang.org/x/exp/slices
k8s.io/apimachinery/pkg/util/sets
internal/bisect
internal/testlog
internal/singleflight
log/slog/internal/buffer
google.golang.org/protobuf/internal/pragma
github.com/jackc/pgx/v5/internal/iobufpool
github.com/go-openapi/swag/pools
crypto/internal/fips140cache
unique
go.uber.org/zap/internal/pool
github.com/openfga/openfga/internal/containers
gonum.org/v1/gonum/blas/gonum
errors
sort
path
io
google.golang.org/grpc/internal/buffer
github.com/openfga/openfga/internal/errors
vendor/golang.org/x/net/dns/dnsmessage
github.com/sourcegraph/conc/internal/multierror
github.com/go-viper/mapstructure/v2/internal/errors
strconv
math/rand/v2
internal/oserror
internal/godebug
syscall
reflect
net/netip
encoding/base64
bytes
strings
hash
crypto/internal/fips140deps/godebug
crypto/internal/randutil
math/rand
internal/saferio
github.com/jackc/pgx/v5/pgconn/internal/bgreader
golang.org/x/text/internal/tag
github.com/beorn7/perks/quantile
gonum.org/v1/gonum/floats/scalar
hash/crc32
crypto
hash/maphash
hash/fnv
runtime/cgo
hash/adler32
golang.org/x/text/transform
vendor/golang.org/x/text/transform
gonum.org/v1/gonum/floats
gonum.org/v1/gonum/stat/combin
github.com/Yiling-J/theine-go/internal/hasher
gonum.org/v1/gonum/internal/order
github.com/prometheus/client_golang/prometheus/promhttp/internal
encoding/base32
github.com/x448/float16
container/heap
k8s.io/client-go/tools/cache/synctrack
bufio
regexp/syntax
crypto/internal/fips140
golang.org/x/text/runes
crypto/internal/impl
encoding/pem
net/http/internal/ascii
html
golang.org/x/text/encoding
golang.org/x/text/width
net/http/internal/testcert
crypto/internal/fips140/sha3
github.com/munnerz/goautoneg
github.com/moby/moby/client/pkg/versions
crypto/internal/fips140/sha256
crypto/internal/fips140/sha512
golang.org/x/text/encoding/internal
time
internal/syscall/unix
internal/syscall/execenv
github.com/openfga/openfga/internal/utils
github.com/rs/cors/internal
k8s.io/klog/v2/internal/severity
go/build/constraint
k8s.io/apimachinery/pkg/api/operation
github.com/go-openapi/swag/conv
golang.org/x/text/encoding/unicode
github.com/go-openapi/swag/stringutils
crypto/internal/fips140/hmac
crypto/sha3
regexp
crypto/internal/fips140/check
crypto/internal/fips140hash
crypto/fips140
crypto/internal/fips140/edwards25519/field
crypto/internal/fips140/bigmod
crypto/internal/fips140/nistec/fiat
crypto/internal/fips140/hkdf
crypto/internal/fips140/tls12
crypto/internal/fips140/aes
crypto/internal/fips140/pbkdf2
crypto/internal/fips140/tls13
crypto/tls/internal/fips140tls
gonum.org/v1/gonum/blas/cblas128
gonum.org/v1/gonum/blas/blas64
k8s.io/apimachinery/pkg/version
crypto/internal/fips140/edwards25519
go.opentelemetry.io/otel/attribute/internal
internal/fmtsort
github.com/google/go-cmp/cmp/internal/function
github.com/natefinch/wrap
encoding/binary
modernc.org/libc/sys/types
modernc.org/libc/uuid/uuid
k8s.io/kube-openapi/pkg/util
github.com/modern-go/reflect2
github.com/go-openapi/jsonpointer/jsonname
context
io/fs
internal/poll
crypto/internal/fips140deps/time
github.com/Yiling-J/theine-go/internal/clock
google.golang.org/grpc/balancer/pickfirst/internal
crypto/internal/entropy/v1.0.0
google.golang.org/grpc/backoff
google.golang.org/grpc/internal/idle
golang.org/x/net/internal/httpsfv
google.golang.org/grpc/keepalive
go.uber.org/zap/buffer
github.com/moby/moby/api/types/build
github.com/google/go-cmp/cmp/internal/diff
gonum.org/v1/gonum/lapack/gonum
k8s.io/klog/v2/internal/clock
k8s.io/utils/clock
github.com/jackc/pgx/v5/pgconn/ctxwatch
golang.org/x/sync/semaphore
google.golang.org/grpc/internal/backoff
google.golang.org/grpc/internal/grpcsync
go.opentelemetry.io/otel/internal/baggage
internal/filepathlite
github.com/spf13/afero/internal/common
embed
github.com/cenkalti/backoff/v4
go.uber.org/zap/internal/bufferpool
github.com/sethvargo/go-retry
github.com/containerd/errdefs
github.com/jackc/puddle/v2
github.com/openfga/openfga/pkg/authclaims
github.com/openfga/openfga/pkg/dispatch
github.com/openfga/openfga/internal/containers/mpsc
go.uber.org/zap/internal/stacktrace
github.com/openfga/openfga/internal/containers/mpmc
github.com/openfga/openfga/internal/listobjects/pipeline/internal/track
github.com/go-openapi/swag/typeutils
sigs.k8s.io/structured-merge-diff/v6/schema
k8s.io/apimachinery/pkg/util/cache
google.golang.org/protobuf/internal/editiondefaults
github.com/openfga/openfga/assets
vendor/golang.org/x/crypto/internal/poly1305
sigs.k8s.io/randfill/bytesource
filippo.io/edwards25519/field
github.com/cespare/xxhash/v2
golang.org/x/sys/unix
os
crypto/internal/fips140/nistec
go.opentelemetry.io/otel/attribute/internal/xxhash
filippo.io/edwards25519
crypto/internal/sysrand
github.com/jackc/pgpassfile
fmt
google.golang.org/protobuf/internal/detrand
google.golang.org/grpc/internal/envconfig
path/filepath
go.opentelemetry.io/otel/sdk/internal/x
github.com/prometheus/procfs/internal/util
go.opentelemetry.io/otel/exporters/otlp/otlptrace/otlptracegrpc/internal/x
vendor/golang.org/x/sys/cpu
internal/sysinfo
golang.org/x/sys/cpu
go.uber.org/zap/internal/exit
os/signal
github.com/moby/moby/api/types/mount
k8s.io/klog/v2/internal/buffer
internal/lazyregexp
crypto/internal/fips140/drbg
io/ioutil
crypto/internal/fips140/aes/gcm
crypto/internal/fips140only
crypto/internal/fips140/mlkem
crypto/internal/fips140/ed25519
crypto/internal/fips140/rsa
github.com/spf13/afero/mem
os/exec
github.com/Yiling-J/theine-go/internal/xruntime
crypto/hkdf
crypto/md5
crypto/internal/fips140/ecdh
crypto/internal/fips140/ecdsa
crypto/rc4
crypto/pbkdf2
crypto/mlkem
crypto/cipher
encoding/csv
encoding/hex
flag
text/template/parse
log
encoding/json
net/url
compress/flate
golang.org/x/text/unicode/norm
math/big
vendor/golang.org/x/text/unicode/norm
runtime/debug
vendor/golang.org/x/net/http2/hpack
github.com/fsnotify/fsnotify/internal
mime
crypto/internal/boring
crypto/des
github.com/fsnotify/fsnotify
github.com/sourcegraph/conc/panics
crypto/internal/rand
crypto/aes
crypto/sha512
crypto/hmac
compress/gzip
github.com/sourcegraph/conc
crypto/sha256
vendor/golang.org/x/crypto/chacha20
crypto/ecdh
crypto/sha1
net
vendor/golang.org/x/text/unicode/bidi
github.com/sourcegraph/conc/iter
mime/quotedprintable
net/http/internal
github.com/spf13/cast/internal
github.com/subosito/gotenv
text/template
github.com/pelletier/go-toml/v2/internal/danger
vendor/golang.org/x/crypto/chacha20poly1305
database/sql/driver
gopkg.in/yaml.v3
github.com/jackc/pgx/v5/internal/sanitize
github.com/jackc/pgservicefile
encoding/xml
github.com/pelletier/go-toml/v2/unstable
golang.org/x/text/internal/language
golang.org/x/text/unicode/bidi
database/sql
encoding/gob
go.yaml.in/yaml/v3
github.com/stretchr/testify/internal/difflib
vendor/golang.org/x/text/secure/bidirule
github.com/pelletier/go-toml/v2/internal/tracker
vendor/golang.org/x/net/idna
github.com/stretchr/testify/internal/spew
crypto/hpke
github.com/spf13/viper/internal/encoding/json
crypto/rand
crypto/elliptic
crypto/internal/boring/bbig
encoding/asn1
crypto/ed25519
crypto/rsa
crypto/dsa
log/slog
github.com/pelletier/go-toml/v2
github.com/jackc/pgx/v5/pgproto3
golang.org/x/text/internal/language/compact
golang.org/x/text/secure/bidirule
html/template
vendor/golang.org/x/crypto/cryptobyte
crypto/x509/pkix
github.com/klauspost/cpuid/v2
runtime/trace
golang.org/x/text/language
github.com/emirpasic/gods/utils
google.golang.org/protobuf/internal/errors
go/token
testing
google.golang.org/protobuf/encoding/protowire
github.com/emirpasic/gods/containers
os/user
github.com/emirpasic/gods/trees
google.golang.org/protobuf/reflect/protoreflect
crypto/ecdsa
github.com/emirpasic/gods/trees/redblacktree
github.com/spf13/viper/internal/encoding/yaml
golang.org/x/text/internal
google.golang.org/protobuf/internal/version
github.com/zeebo/xxh3
github.com/grpc-ecosystem/grpc-gateway/v2/utilities
golang.org/x/net/internal/timeseries
text/tabwriter
google.golang.org/grpc/grpclog/internal
golang.org/x/text/cases
google.golang.org/grpc/attributes
github.com/grpc-ecosystem/grpc-gateway/v2/internal/httprule
golang.org/x/net/idna
github.com/stretchr/testify/assert/yaml
github.com/spf13/viper/internal/encoding/toml
google.golang.org/grpc/grpclog
golang.org/x/net/http2/hpack
runtime/pprof
github.com/spf13/cast
github.com/prometheus/procfs/internal/fs
github.com/oklog/ulid/v2
github.com/go-logr/logr
go.opentelemetry.io/auto/sdk/internal/telemetry
google.golang.org/grpc/connectivity
google.golang.org/grpc/internal/grpclog
go.opentelemetry.io/otel/attribute
go.opentelemetry.io/otel/codes
go.opentelemetry.io/otel/trace/internal/telemetry
go.opentelemetry.io/otel/internal/errorhandler
go.opentelemetry.io/otel/baggage
go.opentelemetry.io/otel/exporters/otlp/otlptrace/otlptracegrpc/internal
golang.org/x/text/secure/precis
google.golang.org/protobuf/internal/descfmt
google.golang.org/protobuf/internal/descopts
google.golang.org/protobuf/internal/strs
google.golang.org/protobuf/internal/encoding/messageset
google.golang.org/protobuf/internal/genid
google.golang.org/protobuf/internal/encoding/text
google.golang.org/protobuf/internal/order
google.golang.org/protobuf/runtime/protoiface
google.golang.org/protobuf/reflect/protoregistry
google.golang.org/protobuf/internal/encoding/json
github.com/go-logr/logr/funcr
github.com/cenkalti/backoff/v5
github.com/lann/ps
google.golang.org/protobuf/internal/protolazy
go/internal/scannerhooks
compress/zlib
go.opentelemetry.io/otel/exporters/otlp/otlptrace/otlptracegrpc/internal/retry
go/scanner
go.uber.org/multierr
go.uber.org/zap/internal/color
github.com/openfga/openfga/pkg/encrypter
github.com/pressly/goose/v3/internal/dialects
github.com/pressly/goose/v3/internal/gooseutil
github.com/mfridman/interpolate
google.golang.org/protobuf/proto
golang.org/x/sync/errgroup
google.golang.org/protobuf/internal/encoding/defval
go.uber.org/zap/zapcore
github.com/pressly/goose/v3/lock/internal/store
github.com/spf13/viper/internal/encoding/dotenv
go/ast
go.opentelemetry.io/otel/semconv/v1.37.0
github.com/go-logr/stdr
go.opentelemetry.io/otel/semconv/v1.43.0
go.opentelemetry.io/otel/metric
go.opentelemetry.io/otel/sdk/instrumentation
go.opentelemetry.io/otel/sdk/internal/attrnorm
github.com/pressly/goose/v3/database
github.com/dustin/go-humanize
github.com/pressly/goose/v3/internal/sqlparser
github.com/remyoudompheng/bigfft
github.com/spf13/pflag
github.com/go-viper/mapstructure/v2
crypto/x509
net/textproto
vendor/golang.org/x/net/http/httpproxy
google.golang.org/grpc/internal
github.com/jackc/pgx/v5/pgtype
google.golang.org/grpc/internal/syscall
google.golang.org/grpc/internal/resolver/dns/internal
github.com/prometheus/procfs
github.com/google/uuid
github.com/pressly/goose/v3/internal/controller
google.golang.org/protobuf/internal/filedesc
vendor/golang.org/x/net/http/httpguts
mime/multipart
google.golang.org/protobuf/encoding/prototext
google.golang.org/grpc/metadata
google.golang.org/grpc/codes
google.golang.org/grpc/internal/mem
golang.org/x/net/http/httpguts
google.golang.org/grpc/stats
google.golang.org/grpc/internal/grpcutil
google.golang.org/grpc/mem
google.golang.org/grpc/internal/balancerload
google.golang.org/grpc/tap
google.golang.org/grpc/experimental/stats
net/mail
google.golang.org/protobuf/encoding/protodelim
go.opentelemetry.io/otel/metric/noop
go.opentelemetry.io/otel/semconv/internal/metricpool
go.uber.org/zap/internal
google.golang.org/grpc/encoding
google.golang.org/grpc/internal/stats
google.golang.org/grpc/internal/transport/readyreader
github.com/lann/builder
github.com/pressly/goose/v3/internal/legacystore
github.com/pressly/goose/v3/lock/internal/table
google.golang.org/grpc/encoding/gzip
modernc.org/memory
modernc.org/mathutil
go.opentelemetry.io/otel/trace
modernc.org/sqlite/vtab
github.com/docker/go-units
github.com/opencontainers/go-digest
github.com/opencontainers/image-spec/specs-go
github.com/moby/moby/api/types/blkiodev
go.opentelemetry.io/otel/semconv/v1.43.0/otelconv
github.com/moby/moby/api/types/network
github.com/containerd/errdefs/pkg/internal/cause
github.com/Masterminds/squirrel
github.com/opencontainers/image-spec/specs-go/v1
github.com/distribution/reference
github.com/moby/moby/api/types/jsonstream
github.com/moby/moby/api/types/plugin
github.com/pressly/goose/v3/lock
github.com/moby/docker-image-spec/specs-go/v1
github.com/moby/moby/api/types/registry
github.com/moby/moby/client/internal/mod
github.com/moby/moby/api/types/image
github.com/moby/moby/client/internal/timestamp
go.opentelemetry.io/otel/semconv/v1.43.0/httpconv
github.com/google/go-cmp/cmp/internal/value
github.com/moby/moby/api/pkg/stdcopy
github.com/pressly/goose/v3
github.com/antlr4-go/antlr/v4
github.com/openfga/language/pkg/go/errors
gonum.org/v1/gonum/lapack/lapack64
github.com/emirpasic/gods/sets
github.com/google/go-cmp/cmp
google.golang.org/protobuf/internal/encoding/tag
google.golang.org/protobuf/encoding/protojson
gonum.org/v1/gonum/mat
crypto/tls
go.opentelemetry.io/otel/trace/noop
github.com/spf13/cobra
google.golang.org/protobuf/internal/impl
go.opentelemetry.io/auto/sdk
github.com/golang-jwt/jwt/v5
github.com/moby/moby/api/types/container
modernc.org/libc
github.com/emirpasic/gods/sets/hashset
gonum.org/v1/gonum/graph/formats/dot/ast
github.com/moby/moby/api/types/swarm
gonum.org/v1/gonum/graph/formats/dot/internal/token
gonum.org/v1/gonum/graph/multi
gonum.org/v1/gonum/graph/topo
github.com/google/cel-go/common/runes
golang.org/x/sync/singleflight
gonum.org/v1/gonum/graph/formats/dot/internal/lexer
github.com/moby/moby/api/types/volume
gonum.org/v1/gonum/graph/formats/dot/internal/astx
gonum.org/v1/gonum/graph/formats/dot/internal/errors
github.com/sourcegraph/conc/pool
github.com/moby/moby/api/types/system
go.uber.org/mock/gomock
github.com/emirpasic/gods/lists
gonum.org/v1/gonum/graph/formats/dot/internal/parser
github.com/emirpasic/gods/queues
github.com/emirpasic/gods/lists/arraylist
github.com/openfga/openfga/internal/concurrency
github.com/openfga/openfga/internal/stack
go.opentelemetry.io/contrib/instrumentation/google.golang.org/grpc/otelgrpc/internal
go.opentelemetry.io/otel/semconv/v1.37.0/rpcconv
go.opentelemetry.io/otel/semconv/v1.43.0/rpcconv
internal/profile
k8s.io/apimachinery/pkg/util/errors
k8s.io/klog/v2/internal/serialize
k8s.io/klog/v2/internal/sloghandler
gopkg.in/inf.v0
github.com/emirpasic/gods/queues/arrayqueue
gonum.org/v1/gonum/graph/formats/dot
github.com/fxamacker/cbor/v2
k8s.io/klog/v2
k8s.io/apimachinery/third_party/forked/golang/reflect
sigs.k8s.io/json/internal/golang/encoding/json
k8s.io/apimachinery/pkg/fields
gonum.org/v1/gonum/graph/encoding/dot
k8s.io/apimachinery/pkg/api/validate/content
k8s.io/apimachinery/pkg/util/validation/field
k8s.io/utils/internal/third_party/forked/golang/net
go/doc/comment
go/parser
k8s.io/apimachinery/pkg/conversion
k8s.io/utils/net
k8s.io/apimachinery/pkg/conversion/queryparams
k8s.io/apimachinery/pkg/runtime/schema
k8s.io/apimachinery/pkg/util/naming
github.com/modern-go/concurrent
go.yaml.in/yaml/v2
sigs.k8s.io/randfill
k8s.io/utils/ptr
github.com/google/gnostic-models/jsonschema
k8s.io/apimachinery/pkg/util/validation
k8s.io/apimachinery/pkg/util/framer
go/doc
github.com/go-openapi/jsonpointer
github.com/json-iterator/go
github.com/go-openapi/jsonreference/internal
k8s.io/apimachinery/pkg/labels
github.com/go-openapi/swag/fileutils
github.com/go-openapi/swag/jsonutils/adapters/ifaces
github.com/go-openapi/swag/mangling
github.com/go-openapi/swag/netutils
github.com/go-openapi/jsonreference
gonum.org/v1/gonum/optimize/convex/lp
sigs.k8s.io/json
k8s.io/kube-openapi/pkg/internal/third_party/go-json-experiment/json
github.com/go-openapi/swag/jsonutils/adapters/stdlib/json
k8s.io/apimachinery/pkg/util/version
k8s.io/apimachinery/pkg/util/json
gonum.org/v1/gonum/stat
k8s.io/client-go/pkg/version
golang.org/x/term
github.com/davecgh/go-spew/spew
k8s.io/client-go/tools/metrics
k8s.io/client-go/util/connrotation
golang.org/x/time/rate
k8s.io/client-go/util/keyutil
k8s.io/kube-openapi/pkg/cached
k8s.io/client-go/util/flowcontrol
github.com/go-openapi/swag/jsonutils/adapters
github.com/emicklei/go-restful/v3/log
gopkg.in/evanphx/json-patch.v4
k8s.io/apimachinery/third_party/forked/golang/json
github.com/openfga/language/pkg/go/gen
gonum.org/v1/gonum/stat/distuv
github.com/google/cel-go/parser/gen
github.com/pmezard/go-difflib/difflib
github.com/go-openapi/swag/jsonutils
k8s.io/apimachinery/pkg/util/dump
net/http/httptrace
google.golang.org/grpc/internal/credentials
github.com/go-sql-driver/mysql
github.com/docker/go-connections/tlsconfig
github.com/go-openapi/swag/yamlutils
sigs.k8s.io/yaml
net/http/internal/httpcommon
golang.org/x/net/internal/httpcommon
k8s.io/apimachinery/pkg/runtime/serializer/cbor/internal/modes
google.golang.org/grpc/credentials
k8s.io/client-go/util/cert
k8s.io/apimachinery/pkg/util/diff
net/http
google.golang.org/grpc/internal/channelz
google.golang.org/grpc/resolver
google.golang.org/grpc/credentials/insecure
google.golang.org/grpc/peer
k8s.io/apimachinery/pkg/runtime/serializer/cbor/direct
k8s.io/apimachinery/pkg/util/yaml
k8s.io/apimachinery/pkg/util/mergepatch
k8s.io/utils/trace
k8s.io/apimachinery/pkg/api/resource
google.golang.org/grpc/experimental/balancer/weight
google.golang.org/grpc/internal/metadata
google.golang.org/grpc/internal/proxyattributes
google.golang.org/protobuf/internal/filetype
google.golang.org/grpc/internal/transport/networktype
google.golang.org/grpc/internal/resolver/passthrough
google.golang.org/grpc/internal/resolver/unix
google.golang.org/grpc/balancer/grpclb/state
sigs.k8s.io/controller-runtime/pkg/log
k8s.io/apimachinery/pkg/util/intstr
google.golang.org/grpc/internal/resolver/dns
google.golang.org/grpc/channelz
google.golang.org/protobuf/runtime/protoimpl
google.golang.org/grpc/balancer
google.golang.org/grpc/resolver/dns
google.golang.org/protobuf/types/known/durationpb
google.golang.org/protobuf/types/known/timestamppb
google.golang.org/protobuf/types/known/structpb
google.golang.org/protobuf/types/known/anypb
google.golang.org/protobuf/types/descriptorpb
google.golang.org/grpc/balancer/base
google.golang.org/protobuf/protoadapt
google.golang.org/grpc/internal/serviceconfig
google.golang.org/protobuf/types/known/fieldmaskpb
google.golang.org/genproto/googleapis/api/httpbody
google.golang.org/grpc/internal/pretty
google.golang.org/grpc/encoding/proto
google.golang.org/genproto/googleapis/rpc/status
google.golang.org/grpc/internal/resolver
google.golang.org/protobuf/types/known/wrapperspb
google.golang.org/grpc/balancer/endpointsharding
google.golang.org/grpc/internal/balancer/gracefulswitch
google.golang.org/genproto/googleapis/api
google.golang.org/grpc/binarylog/grpc_binarylog_v1
github.com/prometheus/client_model/go
google.golang.org/grpc/balancer/pickfirst
go.opentelemetry.io/proto/otlp/common/v1
google.golang.org/grpc/internal/status
google.golang.org/genproto/googleapis/rpc/errdetails
google.golang.org/protobuf/types/known/emptypb
google.golang.org/protobuf/types/dynamicpb
sigs.k8s.io/structured-merge-diff/v6/value
github.com/google/gnostic-models/extensions
google.golang.org/grpc/status
k8s.io/kube-openapi/pkg/internal
go.opentelemetry.io/proto/otlp/resource/v1
cel.dev/expr
google.golang.org/grpc/internal/binarylog
github.com/prometheus/common/model
google.golang.org/grpc/balancer/roundrobin
google.golang.org/genproto/googleapis/api/expr/v1alpha1
sigs.k8s.io/controller-runtime/pkg/internal/log
go.opentelemetry.io/proto/otlp/trace/v1
github.com/grpc-ecosystem/grpc-gateway/v2/protoc-gen-openapiv2/options
google.golang.org/genproto/googleapis/api/annotations
google.golang.org/genproto/googleapis/api/visibility
google.golang.org/protobuf/types/gofeaturespb
google.golang.org/protobuf/internal/editionssupport
github.com/envoyproxy/protoc-gen-validate/validate
google.golang.org/protobuf/reflect/protodesc
github.com/google/cel-go/checker/decls
github.com/google/cel-go/common/types/ref
github.com/google/cel-go/common
github.com/google/cel-go/common/types/pb
sigs.k8s.io/structured-merge-diff/v6/fieldpath
github.com/prometheus/client_golang/prometheus/internal
github.com/google/cel-go/common/functions
github.com/google/cel-go/common/types/traits
github.com/google/cel-go/common/types
sigs.k8s.io/structured-merge-diff/v6/typed
sigs.k8s.io/structured-merge-diff/v6/merge
k8s.io/client-go/applyconfigurations/internal
github.com/google/cel-go/common/decls
github.com/google/cel-go/common/ast
expvar
github.com/containerd/errdefs/pkg/errhttp
net/http/httptest
net/http/httputil
github.com/prometheus/common/expfmt
golang.org/x/net/trace
go.opentelemetry.io/otel/propagation
github.com/docker/go-connections/sockets
github.com/felixge/httpsnoop
go.uber.org/zap
github.com/spf13/afero
golang.org/x/net/http2
github.com/moby/moby/client/internal
go.opentelemetry.io/contrib/instrumentation/net/http/otelhttp/internal/request
github.com/hashicorp/go-cleanhttp
github.com/MicahParks/keyfunc/v2
github.com/google/cel-go/common/env
go.opentelemetry.io/otel/internal/global
github.com/stretchr/testify/assert
github.com/hashicorp/go-retryablehttp
github.com/jackc/pgx/v5/pgconn
github.com/google/cel-go/common/stdlib
github.com/prometheus/client_golang/internal/github.com/golang/gddo/httputil/header
github.com/rs/cors
github.com/prometheus/client_golang/internal/github.com/golang/gddo/httputil
go.opentelemetry.io/otel/semconv/internal
net/http/pprof
github.com/google/cel-go/common/containers
github.com/google/cel-go/common/debug
github.com/google/cel-go/parser
github.com/prometheus/client_golang/prometheus
go.opentelemetry.io/otel/semconv/v1.12.0
k8s.io/apimachinery/pkg/util/runtime
github.com/sagikazarmark/locafero
github.com/google/gnostic-models/compiler
github.com/google/cel-go/interpreter
github.com/go-openapi/swag/loading
go.opentelemetry.io/otel
go.opentelemetry.io/otel/sdk/trace/internal/env
go.opentelemetry.io/otel/exporters/otlp/otlptrace/otlptracegrpc/internal/envconfig
github.com/spf13/viper
k8s.io/apimachinery/pkg/util/wait
go.opentelemetry.io/otel/sdk/resource
go.opentelemetry.io/otel/sdk/trace/internal/observ
go.opentelemetry.io/otel/exporters/otlp/otlptrace/otlptracegrpc/internal/observ
go.opentelemetry.io/contrib/instrumentation/net/http/otelhttp/internal/semconv
k8s.io/apimachinery/pkg/runtime
github.com/google/gnostic-models/openapiv2
github.com/google/gnostic-models/openapiv3
github.com/go-openapi/swag
github.com/stretchr/testify/require
k8s.io/client-go/features
github.com/jackc/pgx/v5/internal/stmtcache
golang.org/x/oauth2/internal
go.opentelemetry.io/otel/sdk/trace
github.com/jackc/pgx/v5
github.com/openfga/openfga/cmd
github.com/openfga/openfga/pkg/server/config
github.com/google/cel-go/checker
golang.org/x/oauth2
k8s.io/client-go/util/workqueue
github.com/emicklei/go-restful/v3
github.com/Yiling-J/theine-go/internal
github.com/google/cel-go/cel/async
go.opentelemetry.io/otel/exporters/otlp/otlptrace/internal/tracetransform
github.com/prometheus/client_golang/prometheus/promauto
github.com/prometheus/client_golang/prometheus/collectors
github.com/prometheus/client_golang/prometheus/promhttp
google.golang.org/grpc/internal/transport
k8s.io/apimachinery/pkg/util/net
k8s.io/apimachinery/pkg/runtime/serializer/recognizer
k8s.io/apimachinery/pkg/runtime/serializer/streaming
k8s.io/client-go/tools/clientcmd/api
github.com/Yiling-J/theine-go
go.opentelemetry.io/otel/exporters/otlp/otlptrace
github.com/openfga/openfga/internal/condition/metrics
github.com/openfga/openfga/internal/check/metrics
github.com/jackc/pgx/v5/pgxpool
k8s.io/apimachinery/pkg/watch
k8s.io/client-go/transport
github.com/google/cel-go/cel
k8s.io/apimachinery/pkg/apis/meta/v1
github.com/IBM/pgxpoolprometheus
github.com/jackc/pgx/v5/stdlib
go.opentelemetry.io/contrib/instrumentation/net/http/otelhttp
google.golang.org/grpc/internal/resolver/delegatingresolver
k8s.io/kube-openapi/pkg/validation/spec
github.com/moby/moby/client
google.golang.org/grpc
k8s.io/kube-openapi/pkg/util/proto
k8s.io/kube-openapi/pkg/schemaconv
k8s.io/kube-openapi/pkg/spec3
k8s.io/api/coordination/v1
k8s.io/api/admissionregistration/v1
k8s.io/api/apiserverinternal/v1alpha1
k8s.io/api/core/v1
k8s.io/api/certificates/v1alpha1
k8s.io/apimachinery/pkg/api/errors
k8s.io/apimachinery/pkg/api/equality
k8s.io/api/flowcontrol/v1
k8s.io/api/flowcontrol/v1beta2
k8s.io/api/flowcontrol/v1beta3
k8s.io/api/flowcontrol/v1beta1
k8s.io/apimachinery/pkg/api/validate
k8s.io/api/coordination/v1beta1
k8s.io/api/coordination/v1alpha2
k8s.io/api/policy/v1
k8s.io/api/policy/v1beta1
k8s.io/api/rbac/v1
k8s.io/api/rbac/v1alpha1
k8s.io/api/rbac/v1beta1
google.golang.org/grpc/health/grpc_health_v1
go.opentelemetry.io/otel/exporters/otlp/otlptrace/otlptracegrpc/internal/otlpconfig
github.com/grpc-ecosystem/go-grpc-middleware
github.com/grpc-ecosystem/go-grpc-middleware/v2/interceptors
google.golang.org/grpc/reflection/grpc_reflection_v1
google.golang.org/grpc/reflection/grpc_reflection_v1alpha
github.com/grpc-ecosystem/grpc-gateway/v2/runtime
github.com/grpc-ecosystem/go-grpc-middleware/v2
github.com/grpc-ecosystem/go-grpc-middleware/tags
github.com/grpc-ecosystem/go-grpc-middleware/v2/interceptors/recovery
github.com/grpc-ecosystem/go-grpc-middleware/v2/interceptors/validator
go.opentelemetry.io/contrib/instrumentation/google.golang.org/grpc/otelgrpc
k8s.io/api/resource/v1alpha3
github.com/grpc-ecosystem/go-grpc-middleware/v2/interceptors/auth
k8s.io/api/storagemigration/v1beta1
k8s.io/api/apidiscovery/v2
github.com/grpc-ecosystem/go-grpc-middleware/logging/zap/ctxzap
github.com/openfga/openfga/pkg/middleware/requestid
github.com/openfga/openfga/pkg/middleware/storeid
google.golang.org/grpc/reflection/internal
k8s.io/api/apidiscovery/v2beta1
github.com/openfga/openfga/pkg/middleware/validator
github.com/openfga/openfga/pkg/logger
github.com/openfga/openfga/pkg/server/health
k8s.io/apimachinery/pkg/api/meta
k8s.io/apimachinery/pkg/apis/meta/v1/unstructured
k8s.io/api/authentication/v1
k8s.io/api/authorization/v1
k8s.io/apimachinery/pkg/apis/meta/v1/validation
github.com/openfga/openfga/pkg/gateway
github.com/openfga/openfga/pkg/middleware
google.golang.org/grpc/reflection
k8s.io/client-go/pkg/apis/clientauthentication
k8s.io/client-go/rest/watch
k8s.io/kube-openapi/pkg/common
k8s.io/apimachinery/pkg/apis/meta/v1beta1
k8s.io/api/admissionregistration/v1alpha1
k8s.io/api/admissionregistration/v1beta1
k8s.io/client-go/pkg/apis/clientauthentication/v1
k8s.io/client-go/pkg/apis/clientauthentication/v1beta1
k8s.io/apimachinery/pkg/apis/meta/internalversion
github.com/grpc-ecosystem/go-grpc-middleware/providers/prometheus
modernc.org/sqlite/lib
k8s.io/apimachinery/pkg/runtime/serializer/versioning
k8s.io/apimachinery/pkg/util/strategicpatch
k8s.io/apimachinery/pkg/runtime/serializer/cbor
k8s.io/client-go/pkg/apis/clientauthentication/install
k8s.io/apimachinery/pkg/apis/meta/internalversion/validation
k8s.io/api/authentication/v1alpha1
k8s.io/api/authentication/v1beta1
k8s.io/kube-openapi/pkg/handler3
go.opentelemetry.io/proto/otlp/collector/trace/v1
github.com/openfga/api/proto/openfga/v1
github.com/openfga/api/proto/authzen/v1
k8s.io/apimachinery/pkg/runtime/serializer/json
k8s.io/apimachinery/pkg/runtime/serializer/protobuf
k8s.io/apimachinery/pkg/api/validation
k8s.io/apimachinery/pkg/api/meta/testrestmapper
k8s.io/client-go/tools/pager
k8s.io/api/authorization/v1beta1
k8s.io/client-go/util/consistencydetector
k8s.io/client-go/util/watchlist
k8s.io/apimachinery/pkg/runtime/serializer
go.opentelemetry.io/otel/exporters/otlp/otlptrace/otlptracegrpc
k8s.io/apimachinery/pkg/util/managedfields/internal
k8s.io/client-go/plugin/pkg/client/auth/exec
github.com/openfga/openfga/internal/telemetry
k8s.io/client-go/rest
github.com/openfga/openfga/internal/throttler
k8s.io/apimachinery/pkg/util/managedfields
github.com/openfga/openfga/internal/throttler/threshold
k8s.io/client-go/openapi
k8s.io/client-go/testing
k8s.io/client-go/util/apply
k8s.io/client-go/tools/cache
k8s.io/client-go/gentype
k8s.io/client-go/listers
k8s.io/client-go/listers/admissionregistration/v1alpha1
k8s.io/client-go/listers/admissionregistration/v1
k8s.io/client-go/listers/coordination/v1alpha2
k8s.io/client-go/listers/flowcontrol/v1
k8s.io/client-go/listers/flowcontrol/v1beta2
k8s.io/client-go/listers/apiserverinternal/v1alpha1
k8s.io/client-go/listers/flowcontrol/v1beta1
k8s.io/client-go/listers/coordination/v1
k8s.io/client-go/listers/flowcontrol/v1beta3
k8s.io/client-go/listers/coordination/v1beta1
k8s.io/client-go/listers/admissionregistration/v1beta1
k8s.io/client-go/listers/certificates/v1alpha1
k8s.io/client-go/listers/rbac/v1
k8s.io/client-go/listers/rbac/v1alpha1
k8s.io/client-go/listers/rbac/v1beta1
k8s.io/client-go/listers/resource/v1alpha3
k8s.io/client-go/listers/storagemigration/v1beta1
github.com/openfga/openfga/internal/authn
github.com/openfga/language/pkg/go/utils
github.com/openfga/openfga/pkg/tuple
github.com/openfga/openfga/pkg/storage/cache/keys
github.com/openfga/language/pkg/go/graph
github.com/openfga/openfga/internal/condition/types
github.com/openfga/openfga/internal/authn/oidc
github.com/openfga/openfga/internal/authn/presharedkey
github.com/openfga/openfga/internal/middleware/authn
github.com/openfga/language/pkg/go/transformer
github.com/openfga/openfga/internal/planner
github.com/openfga/openfga/pkg/storage
github.com/openfga/openfga/internal/condition
github.com/openfga/openfga/internal/condition/eval
github.com/openfga/openfga/internal/listobjects/pipeline/internal/worker
github.com/openfga/openfga/pkg/testutils
github.com/openfga/openfga/pkg/server/errors
github.com/openfga/openfga/internal/modelgraph
github.com/openfga/openfga/pkg/encoder
github.com/openfga/openfga/pkg/storage/storagewrappers/sharediterator
github.com/openfga/openfga/internal/iterator
github.com/openfga/openfga/internal/cachecontroller
github.com/openfga/openfga/pkg/storage/memory
github.com/openfga/openfga/pkg/storage/sqlcommon
github.com/openfga/openfga/pkg/testfixtures/storage
github.com/openfga/openfga/pkg/middleware/http
github.com/openfga/openfga/pkg/middleware/recovery
github.com/openfga/openfga/pkg/middleware/logging
github.com/openfga/openfga/pkg/typesystem
github.com/openfga/openfga/internal/shared
github.com/openfga/openfga/internal/check
github.com/openfga/openfga/pkg/storage/mysql
github.com/openfga/openfga/pkg/storage/postgres
github.com/openfga/openfga/pkg/storage/storagewrappers
github.com/openfga/openfga/pkg/server/commands/v2breaking
github.com/openfga/openfga/internal/validation
github.com/openfga/openfga/internal/authz
github.com/openfga/openfga/internal/checkutil
github.com/openfga/openfga/internal/listobjects/pipeline
github.com/openfga/openfga/internal/graph
k8s.io/api/apps/v1
k8s.io/api/autoscaling/v2
k8s.io/api/autoscaling/v2beta1
k8s.io/api/certificates/v1beta1
k8s.io/api/apps/v1beta1
k8s.io/api/autoscaling/v1
k8s.io/api/discovery/v1
k8s.io/api/events/v1
k8s.io/api/discovery/v1beta1
k8s.io/api/autoscaling/v2beta2
k8s.io/api/batch/v1
k8s.io/api/certificates/v1
k8s.io/api/apps/v1beta2
k8s.io/api/events/v1beta1
k8s.io/api/networking/v1
k8s.io/api/networking/v1beta1
k8s.io/api/node/v1
k8s.io/api/node/v1alpha1
k8s.io/api/node/v1beta1
k8s.io/api/resource/v1
k8s.io/api/batch/v1beta1
k8s.io/api/resource/v1beta1
github.com/openfga/openfga/pkg/server/commands/reverseexpand
github.com/openfga/openfga/pkg/server/commands/listusers
k8s.io/api/resource/v1beta2
k8s.io/api/scheduling/v1
k8s.io/api/scheduling/v1alpha1
k8s.io/api/scheduling/v1beta1
k8s.io/api/storage/v1
k8s.io/api/extensions/v1beta1
k8s.io/api/storage/v1alpha1
k8s.io/api/storage/v1beta1
k8s.io/client-go/tools/reference
k8s.io/client-go/listers/apps/v1
k8s.io/client-go/listers/apps/v1beta1
k8s.io/client-go/listers/autoscaling/v1
k8s.io/client-go/listers/autoscaling/v2
k8s.io/client-go/listers/autoscaling/v2beta1
k8s.io/client-go/listers/autoscaling/v2beta2
k8s.io/client-go/listers/batch/v1
k8s.io/client-go/listers/batch/v1beta1
k8s.io/client-go/listers/certificates/v1
github.com/openfga/openfga/pkg/server/commands
k8s.io/client-go/listers/certificates/v1beta1
k8s.io/client-go/listers/core/v1
k8s.io/client-go/listers/discovery/v1
k8s.io/client-go/listers/apps/v1beta2
k8s.io/client-go/listers/discovery/v1beta1
k8s.io/client-go/listers/events/v1
k8s.io/client-go/listers/events/v1beta1
k8s.io/client-go/listers/networking/v1
k8s.io/client-go/listers/networking/v1beta1
k8s.io/client-go/listers/node/v1
k8s.io/client-go/listers/node/v1alpha1
k8s.io/client-go/listers/node/v1beta1
k8s.io/client-go/listers/policy/v1
k8s.io/client-go/listers/policy/v1beta1
k8s.io/client-go/listers/scheduling/v1
k8s.io/client-go/listers/scheduling/v1alpha1
k8s.io/client-go/listers/scheduling/v1beta1
k8s.io/client-go/listers/storage/v1alpha1
k8s.io/client-go/listers/storage/v1
k8s.io/client-go/listers/storage/v1beta1
k8s.io/client-go/listers/resource/v1beta1
k8s.io/client-go/listers/resource/v1
github.com/openfga/openfga/pkg/server
k8s.io/client-go/listers/resource/v1beta2
k8s.io/client-go/kubernetes/scheme
k8s.io/client-go/listers/extensions/v1beta1
k8s.io/client-go/discovery
k8s.io/client-go/kubernetes/typed/authentication/v1alpha1
k8s.io/client-go/kubernetes/typed/authentication/v1beta1
k8s.io/client-go/kubernetes/typed/authentication/v1
k8s.io/client-go/kubernetes/typed/authorization/v1
k8s.io/client-go/kubernetes/typed/authorization/v1beta1
k8s.io/client-go/applyconfigurations/meta/v1
k8s.io/client-go/applyconfigurations/certificates/v1alpha1
k8s.io/client-go/applyconfigurations/autoscaling/v1
k8s.io/client-go/applyconfigurations/certificates/v1
k8s.io/client-go/applyconfigurations/coordination/v1
k8s.io/client-go/applyconfigurations/coordination/v1alpha2
k8s.io/client-go/applyconfigurations/autoscaling/v2beta1
k8s.io/client-go/applyconfigurations/coordination/v1beta1
k8s.io/client-go/applyconfigurations/admissionregistration/v1
k8s.io/client-go/applyconfigurations/autoscaling/v2
k8s.io/client-go/applyconfigurations/apiserverinternal/v1alpha1
k8s.io/client-go/applyconfigurations/autoscaling/v2beta2
k8s.io/client-go/applyconfigurations/flowcontrol/v1
k8s.io/client-go/applyconfigurations/flowcontrol/v1beta1
k8s.io/client-go/applyconfigurations/certificates/v1beta1
k8s.io/client-go/applyconfigurations/core/v1
k8s.io/client-go/kubernetes/typed/certificates/v1
k8s.io/client-go/kubernetes/typed/coordination/v1
k8s.io/client-go/kubernetes/typed/coordination/v1alpha2
k8s.io/client-go/kubernetes/typed/apiserverinternal/v1alpha1
k8s.io/client-go/kubernetes/typed/certificates/v1alpha1
k8s.io/client-go/kubernetes/typed/autoscaling/v1
k8s.io/client-go/kubernetes/typed/coordination/v1beta1
k8s.io/client-go/kubernetes/typed/flowcontrol/v1
k8s.io/client-go/kubernetes/typed/autoscaling/v2beta2
k8s.io/client-go/kubernetes/typed/autoscaling/v2
k8s.io/client-go/kubernetes/typed/autoscaling/v2beta1
k8s.io/client-go/kubernetes/typed/flowcontrol/v1beta1
k8s.io/client-go/kubernetes/typed/admissionregistration/v1
k8s.io/client-go/applyconfigurations/admissionregistration/v1alpha1
k8s.io/client-go/applyconfigurations/admissionregistration/v1beta1
k8s.io/client-go/kubernetes/typed/certificates/v1beta1
k8s.io/client-go/applyconfigurations/flowcontrol/v1beta2
k8s.io/client-go/applyconfigurations/policy/v1
k8s.io/client-go/applyconfigurations/flowcontrol/v1beta3
k8s.io/client-go/applyconfigurations/policy/v1beta1
k8s.io/client-go/applyconfigurations/rbac/v1
k8s.io/client-go/applyconfigurations/rbac/v1alpha1
k8s.io/client-go/applyconfigurations/rbac/v1beta1
k8s.io/client-go/applyconfigurations/resource/v1alpha3
k8s.io/client-go/applyconfigurations/scheduling/v1
k8s.io/client-go/applyconfigurations/scheduling/v1alpha1
k8s.io/client-go/kubernetes/typed/policy/v1
k8s.io/client-go/applyconfigurations/scheduling/v1beta1
k8s.io/client-go/kubernetes/typed/flowcontrol/v1beta2
k8s.io/client-go/kubernetes/typed/flowcontrol/v1beta3
k8s.io/client-go/kubernetes/typed/admissionregistration/v1alpha1
k8s.io/client-go/kubernetes/typed/policy/v1beta1
k8s.io/client-go/applyconfigurations/storagemigration/v1beta1
k8s.io/client-go/kubernetes/typed/rbac/v1
k8s.io/client-go/kubernetes/typed/rbac/v1alpha1
k8s.io/client-go/kubernetes/typed/resource/v1alpha3
k8s.io/client-go/kubernetes/typed/scheduling/v1
k8s.io/client-go/kubernetes/typed/admissionregistration/v1beta1
k8s.io/client-go/kubernetes/typed/rbac/v1beta1
k8s.io/client-go/kubernetes/typed/scheduling/v1alpha1
k8s.io/client-go/kubernetes/typed/storagemigration/v1beta1
k8s.io/client-go/kubernetes/typed/scheduling/v1beta1
k8s.io/client-go/applyconfigurations/events/v1
k8s.io/client-go/applyconfigurations/discovery/v1beta1
k8s.io/client-go/applyconfigurations/events/v1beta1
k8s.io/client-go/applyconfigurations/discovery/v1
k8s.io/client-go/applyconfigurations/batch/v1
k8s.io/client-go/kubernetes/typed/core/v1
k8s.io/client-go/applyconfigurations/node/v1
k8s.io/client-go/applyconfigurations/apps/v1beta2
k8s.io/client-go/applyconfigurations/networking/v1
k8s.io/client-go/applyconfigurations/node/v1alpha1
k8s.io/client-go/applyconfigurations/networking/v1beta1
k8s.io/client-go/applyconfigurations/apps/v1beta1
k8s.io/client-go/applyconfigurations/apps/v1
k8s.io/client-go/applyconfigurations/extensions/v1beta1
k8s.io/client-go/applyconfigurations/node/v1beta1
k8s.io/client-go/kubernetes/typed/events/v1beta1
k8s.io/client-go/kubernetes/typed/node/v1
k8s.io/client-go/kubernetes/typed/discovery/v1
k8s.io/client-go/kubernetes/typed/discovery/v1beta1
k8s.io/client-go/kubernetes/typed/node/v1alpha1
k8s.io/client-go/kubernetes/typed/events/v1
k8s.io/client-go/kubernetes/typed/networking/v1beta1
k8s.io/client-go/kubernetes/typed/node/v1beta1
k8s.io/client-go/kubernetes/typed/batch/v1
k8s.io/client-go/applyconfigurations/batch/v1beta1
k8s.io/client-go/applyconfigurations/resource/v1
k8s.io/client-go/kubernetes/typed/extensions/v1beta1
k8s.io/client-go/applyconfigurations/resource/v1beta1
k8s.io/client-go/kubernetes/typed/apps/v1beta1
k8s.io/client-go/applyconfigurations/resource/v1beta2
k8s.io/client-go/kubernetes/typed/apps/v1beta2
k8s.io/client-go/applyconfigurations/storage/v1
k8s.io/client-go/applyconfigurations/storage/v1alpha1
k8s.io/client-go/kubernetes/typed/apps/v1
k8s.io/client-go/kubernetes/typed/networking/v1
k8s.io/client-go/applyconfigurations/storage/v1beta1
k8s.io/client-go/kubernetes/typed/batch/v1beta1
k8s.io/client-go/kubernetes/typed/storage/v1alpha1
k8s.io/client-go/kubernetes/typed/resource/v1
k8s.io/client-go/kubernetes/typed/resource/v1beta1
k8s.io/client-go/kubernetes/typed/resource/v1beta2
k8s.io/client-go/kubernetes/typed/storage/v1beta1
k8s.io/client-go/kubernetes/typed/storage/v1
k8s.io/client-go/kubernetes
k8s.io/client-go/informers/internalinterfaces
k8s.io/client-go/tools/leaderelection/resourcelock
k8s.io/client-go/informers/apiserverinternal/v1alpha1
k8s.io/client-go/informers/admissionregistration/v1alpha1
k8s.io/client-go/informers/admissionregistration/v1beta1
k8s.io/client-go/informers/autoscaling/v1
k8s.io/client-go/informers/apps/v1beta1
k8s.io/client-go/informers/autoscaling/v2beta1
k8s.io/client-go/informers/apps/v1
k8s.io/client-go/informers/autoscaling/v2
k8s.io/client-go/informers/certificates/v1
k8s.io/client-go/informers/apps/v1beta2
k8s.io/client-go/informers/batch/v1beta1
k8s.io/client-go/informers/certificates/v1alpha1
k8s.io/client-go/informers/admissionregistration/v1
k8s.io/client-go/informers/autoscaling/v2beta2
k8s.io/client-go/informers/batch/v1
modernc.org/sqlite
k8s.io/client-go/informers/apiserverinternal
k8s.io/client-go/informers/certificates/v1beta1
k8s.io/client-go/informers/coordination/v1
k8s.io/client-go/informers/coordination/v1alpha2
k8s.io/client-go/informers/coordination/v1beta1
k8s.io/client-go/informers/core/v1
k8s.io/client-go/informers/discovery/v1
k8s.io/client-go/informers/discovery/v1beta1
k8s.io/client-go/informers/events/v1
k8s.io/client-go/informers/events/v1beta1
k8s.io/client-go/informers/apps
k8s.io/client-go/informers/autoscaling
k8s.io/client-go/informers/extensions/v1beta1
k8s.io/client-go/informers/batch
k8s.io/client-go/informers/admissionregistration
github.com/openfga/openfga/pkg/storage/sqlite
github.com/openfga/openfga/cmd/util
github.com/openfga/openfga/pkg/storage/migrate
k8s.io/client-go/informers/flowcontrol/v1
k8s.io/client-go/informers/flowcontrol/v1beta1
k8s.io/client-go/informers/coordination
k8s.io/client-go/informers/flowcontrol/v1beta2
k8s.io/client-go/informers/flowcontrol/v1beta3
k8s.io/client-go/informers/discovery
k8s.io/client-go/informers/extensions
k8s.io/client-go/informers/networking/v1
k8s.io/client-go/informers/certificates
k8s.io/client-go/informers/networking/v1beta1
k8s.io/client-go/informers/events
k8s.io/client-go/informers/node/v1
k8s.io/client-go/informers/node/v1alpha1
k8s.io/client-go/informers/node/v1beta1
github.com/openfga/openfga/cmd/migrate
k8s.io/client-go/informers/core
k8s.io/client-go/informers/policy/v1
k8s.io/client-go/informers/policy/v1beta1
k8s.io/client-go/informers/rbac/v1
k8s.io/client-go/informers/rbac/v1alpha1
k8s.io/client-go/informers/rbac/v1beta1
k8s.io/client-go/informers/flowcontrol
k8s.io/client-go/informers/resource/v1
k8s.io/client-go/informers/resource/v1alpha3
k8s.io/client-go/informers/resource/v1beta1
k8s.io/client-go/informers/networking
k8s.io/client-go/informers/resource/v1beta2
k8s.io/client-go/informers/scheduling/v1
k8s.io/client-go/informers/scheduling/v1alpha1
k8s.io/client-go/informers/scheduling/v1beta1
k8s.io/client-go/informers/node
k8s.io/client-go/informers/storage/v1
k8s.io/client-go/informers/storage/v1alpha1
k8s.io/client-go/informers/storage/v1beta1
k8s.io/client-go/informers/policy
k8s.io/client-go/informers/storagemigration/v1beta1
github.com/openfga/openfga/cmd/validatemodels
k8s.io/client-go/informers/rbac
k8s.io/client-go/informers/resource
k8s.io/client-go/informers/scheduling
k8s.io/client-go/informers/storagemigration
k8s.io/client-go/informers/storage
k8s.io/client-go/informers
k8s.io/client-go/tools/leaderelection
sigs.k8s.io/controller-runtime/pkg/metrics
sigs.k8s.io/controller-runtime/pkg/certwatcher/metrics
sigs.k8s.io/controller-runtime/pkg/certwatcher
github.com/openfga/openfga/cmd/run
github.com/openfga/openfga/cmd/openfga
