level=info msg="Starting prematerial attestors stage..."
level=info msg="Starting git attestor..."
level=info msg="Starting environment attestor..."
level=info msg="Finished environment attestor... (8.3749e-05s)"
level=info msg="Finished git attestor... (0.033250298s)"
level=info msg="Completed prematerial attestors stage..."
level=info msg="Starting material attestors stage..."
level=info msg="Starting material attestor..."
level=info msg="Finished material attestor... (0.163338667s)"
level=info msg="Completed material attestors stage..."
level=info msg="Starting execute attestors stage..."
level=info msg="Starting command-run attestor..."
level=info msg="Using tracer: ebpf for command-run"
go build -o bin/openfunction main.go
go: downloading go.uber.org/zap v1.24.0
go: downloading github.com/kedacore/keda/v2 v2.10.1
go: downloading github.com/kedacore/http-add-on v0.5.0
go: downloading github.com/dapr/dapr v1.8.3
go: downloading github.com/shipwright-io/build v0.11.0
go: downloading k8s.io/apimachinery v0.26.2
go: downloading k8s.io/client-go v0.26.2
go: downloading knative.dev/serving v0.32.0
go: downloading sigs.k8s.io/controller-runtime v0.14.5
go: downloading sigs.k8s.io/gateway-api v0.4.0
go: downloading github.com/go-logr/logr v1.2.4
go: downloading k8s.io/api v0.26.2
go: downloading gopkg.in/yaml.v3 v3.0.1
go: downloading go.uber.org/atomic v1.11.0
go: downloading go.uber.org/multierr v1.10.0
go: downloading k8s.io/klog/v2 v2.100.1
go: downloading github.com/gogo/protobuf v1.3.2
go: downloading sigs.k8s.io/structured-merge-diff/v4 v4.2.3
go: downloading github.com/go-logr/zapr v1.2.4
go: downloading github.com/evanphx/json-patch/v5 v5.6.0
go: downloading github.com/evanphx/json-patch v5.6.0+incompatible
go: downloading golang.org/x/time v0.3.0
go: downloading github.com/google/gofuzz v1.2.0
go: downloading sigs.k8s.io/json v0.0.0-20221116044647-bc3834ca7abd
go: downloading gomodules.xyz/jsonpatch/v2 v2.3.0
go: downloading github.com/mitchellh/hashstructure v1.1.0
go: downloading k8s.io/utils v0.0.0-20230505201702-9f6742963106
go: downloading github.com/json-iterator/go v1.1.12
go: downloading golang.org/x/text v0.10.0
go: downloading github.com/prometheus/client_golang v1.16.0
go: downloading knative.dev/pkg v0.0.0-20230616134650-eb63a40adfb0
go: downloading gopkg.in/yaml.v2 v2.4.0
go: downloading k8s.io/kube-openapi v0.0.0-20230303024457-afdc3dddf62d
go: downloading github.com/pkg/errors v0.9.1
go: downloading k8s.io/apiextensions-apiserver v0.27.2
go: downloading knative.dev/networking v0.0.0-20220524205304-22d1b933cf73
go: downloading gopkg.in/inf.v0 v0.9.1
go: downloading github.com/fsnotify/fsnotify v1.6.0
go: downloading github.com/golang/protobuf v1.5.3
go: downloading github.com/google/gnostic v0.6.9
go: downloading github.com/golang/groupcache v0.0.0-20210331224755-41bb18bfe9da
go: downloading k8s.io/component-base v0.27.2
go: downloading golang.org/x/net v0.11.0
go: downloading github.com/imdario/mergo v0.3.15
go: downloading github.com/spf13/pflag v1.0.5
go: downloading golang.org/x/term v0.9.0
go: downloading sigs.k8s.io/yaml v1.3.0
go: downloading github.com/davecgh/go-spew v1.1.1
go: downloading github.com/modern-go/concurrent v0.0.0-20180306012644-bacd9c7ef1dd
go: downloading github.com/modern-go/reflect2 v1.0.2
go: downloading github.com/google/go-containerregistry v0.11.0
go: downloading github.com/prometheus/client_model v0.4.0
go: downloading github.com/prometheus/common v0.44.0
go: downloading github.com/beorn7/perks v1.0.1
go: downloading github.com/cespare/xxhash/v2 v2.2.0
go: downloading github.com/prometheus/procfs v0.10.1
go: downloading google.golang.org/protobuf v1.30.0
go: downloading golang.org/x/sys v0.9.0
go: downloading golang.org/x/oauth2 v0.9.0
go: downloading github.com/google/uuid v1.3.0
go: downloading github.com/matttproud/golang_protobuf_extensions v1.0.4
go: downloading github.com/google/go-cmp v0.5.9
go: downloading github.com/munnerz/goautoneg v0.0.0-20191010083416-a7dc8b61c822
go: downloading github.com/opencontainers/go-digest v1.0.0
go: downloading github.com/emicklei/go-restful/v3 v3.10.2
go: downloading github.com/go-openapi/jsonreference v0.20.2
go: downloading github.com/go-openapi/swag v0.22.3
go: downloading github.com/blendle/zapdriver v1.3.1
go: downloading github.com/go-openapi/jsonpointer v0.19.6
go: downloading github.com/mailru/easyjson v0.7.7
go: downloading github.com/josharian/intern v1.0.0
level=info msg="Finished command-run attestor... (28.94522787s)"
level=info msg="Completed execute attestors stage..."
level=info msg="Starting product attestors stage..."
level=info msg="Starting product attestor..."
level=info msg="Finished product attestor... (0.092546273s)"
level=info msg="Completed product attestors stage..."
level=info msg="Starting postproduct attestors stage..."
level=info msg="Completed postproduct attestors stage..."
