fatal: No names found, cannot describe anything.
fatal: No names found, cannot describe anything.
fatal: No names found, cannot describe anything.
fatal: No names found, cannot describe anything.
fatal: No names found, cannot describe anything.
fatal: No names found, cannot describe anything.
fatal: No names found, cannot describe anything.
fatal: No names found, cannot describe anything.
/usr/local/go/bin/go build -gcflags "all=-trimpath=/home/jake/sbomit-overhead-experiment/repos" -asmflags "all=-trimpath=/home/jake/sbomit-overhead-experiment/repos" -ldflags " -X 'github.com/operator-framework/operator-sdk/internal/version.Version=' -X 'github.com/operator-framework/operator-sdk/internal/version.GitVersion=299157a' -X 'github.com/operator-framework/operator-sdk/internal/version.GitCommit=299157a814e674f8f40d1b91ee77d64a90e850de' -X 'github.com/operator-framework/operator-sdk/internal/version.KubernetesVersion=v1.33.1' -X 'github.com/operator-framework/operator-sdk/internal/version.ImageVersion=v1.42.3' "  -tags=containers_image_openpgp -o build ./cmd/{operator-sdk,helm-operator}
go: downloading github.com/sirupsen/logrus v1.9.4
go: downloading github.com/operator-framework/ansible-operator-plugins v1.42.3
go: downloading k8s.io/client-go v0.33.9
go: downloading github.com/spf13/cobra v1.10.2
go: downloading github.com/spf13/viper v1.21.0
go: downloading sigs.k8s.io/kubebuilder/v4 v4.6.0
go: downloading github.com/go-logr/logr v1.4.3
go: downloading helm.sh/helm/v3 v3.18.6
go: downloading k8s.io/apimachinery v0.33.9
go: downloading sigs.k8s.io/controller-runtime v0.21.0
go: downloading github.com/operator-framework/api v0.34.0
go: downloading golang.org/x/mod v0.37.0
go: downloading sigs.k8s.io/yaml v1.6.0
go: downloading github.com/spf13/afero v1.15.0
go: downloading github.com/iancoleman/strcase v0.3.0
go: downloading github.com/spf13/pflag v1.0.10
go: downloading github.com/prometheus/client_golang v1.23.2
go: downloading github.com/operator-framework/operator-lib v0.19.0
go: downloading k8s.io/api v0.33.9
go: downloading k8s.io/cli-runtime v0.33.9
go: downloading github.com/go-task/slim-sprig v0.0.0-20230315185526-52ccab3ef572
go: downloading gomodules.xyz/jsonpatch/v3 v3.0.1
go: downloading k8s.io/apiextensions-apiserver v0.33.9
go: downloading github.com/operator-framework/operator-registry v1.59.0
go: downloading golang.org/x/text v0.38.0
go: downloading golang.org/x/sys v0.46.0
go: downloading github.com/fsnotify/fsnotify v1.10.1
go: downloading github.com/go-viper/mapstructure/v2 v2.4.0
go: downloading github.com/sagikazarmark/locafero v0.11.0
go: downloading github.com/spf13/cast v1.10.0
go: downloading github.com/gogo/protobuf v1.3.2
go: downloading k8s.io/utils v0.0.0-20251002143259-bc988d571ff4
go: downloading sigs.k8s.io/randfill v1.0.0
go: downloading k8s.io/klog/v2 v2.130.1
go: downloading sigs.k8s.io/structured-merge-diff/v4 v4.7.0
go: downloading golang.org/x/tools v0.47.0
go: downloading k8s.io/kubectl v0.33.9
go: downloading github.com/operator-framework/operator-manifest-tools v0.10.0
go: downloading github.com/blang/semver/v4 v4.0.0
go: downloading github.com/gobuffalo/flect v1.0.3
go: downloading go.yaml.in/yaml/v2 v2.4.4
go: downloading github.com/thoas/go-funk v0.9.3
go: downloading github.com/beorn7/perks v1.0.1
go: downloading github.com/cespare/xxhash/v2 v2.3.0
go: downloading github.com/prometheus/client_model v0.6.2
go: downloading github.com/prometheus/common v0.67.5
go: downloading github.com/prometheus/procfs v0.20.1
go: downloading google.golang.org/protobuf v1.36.11
go: downloading github.com/pkg/errors v0.9.1
go: downloading github.com/Masterminds/semver/v3 v3.4.0
go: downloading github.com/sergi/go-diff v1.4.0
go: downloading github.com/Masterminds/squirrel v1.5.4
go: downloading github.com/jmoiron/sqlx v1.4.0
go: downloading github.com/lib/pq v1.10.9
go: downloading github.com/rubenv/sql-migrate v1.8.0
go: downloading github.com/evanphx/json-patch/v5 v5.9.11
go: downloading github.com/evanphx/json-patch v5.9.11+incompatible
go: downloading github.com/hashicorp/go-multierror v1.1.1
go: downloading github.com/Masterminds/sprig/v3 v3.3.0
go: downloading github.com/gosuri/uitable v0.0.4
go: downloading golang.org/x/term v0.44.0
go: downloading gopkg.in/yaml.v3 v3.0.1
go: downloading github.com/go-logr/zapr v1.3.0
go: downloading go.uber.org/zap v1.28.0
go: downloading k8s.io/apiserver v0.33.9
go: downloading gomodules.xyz/jsonpatch/v2 v2.4.0
go: downloading github.com/google/uuid v1.6.0
go: downloading gopkg.in/evanphx/json-patch.v4 v4.12.0
go: downloading github.com/google/gnostic-models v0.6.9
go: downloading golang.org/x/sync v0.21.0
go: downloading k8s.io/kube-openapi v0.0.0-20250610211856-8b98d1ed966a
go: downloading sigs.k8s.io/kustomize/api v0.19.0
go: downloading sigs.k8s.io/kustomize/kyaml v0.19.0
go: downloading github.com/cyphar/filepath-securejoin v0.6.1
go: downloading github.com/mitchellh/copystructure v1.2.0
go: downloading github.com/santhosh-tekuri/jsonschema/v6 v6.0.2
go: downloading gomodules.xyz/orderedmap v0.1.0
go: downloading github.com/munnerz/goautoneg v0.0.0-20191010083416-a7dc8b61c822
go: downloading golang.org/x/net v0.56.0
go: downloading github.com/subosito/gotenv v1.6.0
go: downloading github.com/pelletier/go-toml/v2 v2.2.4
go: downloading go.yaml.in/yaml/v3 v3.0.4
go: downloading gopkg.in/inf.v0 v0.9.1
go: downloading sigs.k8s.io/json v0.0.0-20241014173422-cfa47c3a1cc8
go: downloading github.com/sourcegraph/conc v0.3.1-0.20240121214520-5f936abd7ae8
go: downloading github.com/json-iterator/go v1.1.12
go: downloading github.com/google/go-containerregistry v0.21.5
go: downloading github.com/gorilla/websocket v1.5.4-0.20250319132907-e064f32e3674
go: downloading github.com/containerd/containerd v1.7.33
go: downloading github.com/opencontainers/image-spec v1.1.1
go: downloading oras.land/oras-go/v2 v2.6.1
go: downloading github.com/kr/text v0.2.0
go: downloading github.com/onsi/gomega v1.42.1
go: downloading github.com/containerd/errdefs v1.0.0
go: downloading github.com/docker/cli v29.4.0+incompatible
go: downloading go.etcd.io/bbolt v1.4.3
go: downloading go.podman.io/common v0.65.0
go: downloading go.podman.io/image/v5 v5.37.0
go: downloading github.com/otiai10/copy v1.14.1
go: downloading gopkg.in/yaml.v2 v2.4.0
go: downloading github.com/lann/builder v0.0.0-20180802200727-47ae307949d0
go: downloading golang.org/x/time v0.15.0
go: downloading github.com/google/btree v1.1.3
go: downloading k8s.io/component-base v0.33.9
go: downloading github.com/exponent-io/jsonpath v0.0.0-20210407135951-1de76d718b3f
go: downloading github.com/go-gorp/gorp/v3 v3.1.0
go: downloading github.com/hashicorp/errwrap v1.1.0
go: downloading github.com/BurntSushi/toml v1.5.0
go: downloading github.com/gobwas/glob v0.2.3
go: downloading golang.org/x/crypto v0.53.0
go: downloading github.com/liggitt/tabwriter v0.0.0-20181228230101-89fcab3d43de
go: downloading github.com/moby/term v0.5.2
go: downloading github.com/fatih/color v1.18.0
go: downloading dario.cat/mergo v1.0.2
go: downloading github.com/Masterminds/goutils v1.1.1
go: downloading github.com/huandu/xstrings v1.5.0
go: downloading github.com/shopspring/decimal v1.4.0
go: downloading go.uber.org/multierr v1.11.0
go: downloading github.com/gregjones/httpcache v0.0.0-20190611155906-901d90724c79
go: downloading github.com/peterbourgon/diskv v2.0.1+incompatible
go: downloading github.com/mitchellh/reflectwalk v1.0.2
go: downloading golang.org/x/oauth2 v0.36.0
go: downloading github.com/fxamacker/cbor/v2 v2.8.0
go: downloading github.com/stretchr/testify v1.11.1
go: downloading github.com/fatih/structtag v1.2.0
go: downloading github.com/markbates/inflect v1.0.4
go: downloading sigs.k8s.io/controller-tools v0.18.0
go: downloading github.com/joelanford/ignore v0.1.1
go: downloading github.com/modern-go/concurrent v0.0.0-20180306012644-bacd9c7ef1dd
go: downloading github.com/modern-go/reflect2 v1.0.2
go: downloading github.com/opencontainers/go-digest v1.0.0
go: downloading github.com/google/cel-go v0.26.0
go: downloading google.golang.org/genproto/googleapis/api v0.0.0-20260414002931-afd174a4e478
go: downloading google.golang.org/grpc v1.81.1
go: downloading github.com/go-openapi/swag v0.23.1
go: downloading github.com/go-openapi/jsonreference v0.21.0
go: downloading github.com/mitchellh/go-homedir v1.1.0
go: downloading github.com/google/go-cmp v0.7.0
go: downloading github.com/lann/ps v0.0.0-20150810152359-62de8c46ede0
go: downloading google.golang.org/genproto v0.0.0-20260319201613-d00831a3d3e7
go: downloading github.com/davecgh/go-spew v1.1.2-0.20180830191138-d8f796af33cc
go: downloading go.podman.io/storage v1.60.0
go: downloading github.com/chai2010/gettext-go v1.0.2
go: downloading github.com/MakeNowJust/heredoc v1.0.0
go: downloading github.com/mitchellh/go-wordwrap v1.0.1
go: downloading github.com/russross/blackfriday/v2 v2.1.0
go: downloading github.com/docker/docker-credential-helpers v0.9.5
go: downloading github.com/asaskevich/govalidator v0.0.0-20230301143203-a9d515a09cc2
go: downloading github.com/mattn/go-colorable v0.1.14
go: downloading github.com/mattn/go-isatty v0.0.20
go: downloading github.com/mattn/go-runewidth v0.0.19
go: downloading github.com/containerd/log v0.1.0
go: downloading github.com/containerd/platforms v0.2.1
go: downloading github.com/containerd/continuity v0.4.5
go: downloading github.com/moby/sys/userns v0.1.0
go: downloading github.com/klauspost/compress v1.18.5
go: downloading github.com/containerd/containerd/api v1.9.0
go: downloading github.com/containerd/ttrpc v1.2.7
go: downloading github.com/containerd/typeurl/v2 v2.2.3
go: downloading github.com/moby/locker v1.0.1
go: downloading github.com/gobuffalo/envy v1.6.5
go: downloading github.com/go-git/go-git/v5 v5.19.1
go: downloading github.com/h2non/filetype v1.1.3
go: downloading github.com/h2non/go-is-svg v0.0.0-20160927212452-35e8c4b0612c
go: downloading golang.org/x/exp v0.0.0-20260410095643-746e56fc9e2f
go: downloading github.com/x448/float16 v0.8.4
go: downloading github.com/moby/spdystream v0.5.1
go: downloading github.com/go-errors/errors v1.4.2
go: downloading github.com/go-openapi/jsonpointer v0.21.1
go: downloading github.com/mailru/easyjson v0.9.0
go: downloading github.com/containerd/stargz-snapshotter/estargz v0.18.2
go: downloading go.opentelemetry.io/otel/trace v1.43.0
go: downloading github.com/docker/distribution v2.8.3+incompatible
go: downloading go.opentelemetry.io/otel v1.43.0
go: downloading github.com/docker/go-connections v0.6.0
go: downloading cel.dev/expr v0.25.1
go: downloading github.com/stoewer/go-strcase v1.3.1
go: downloading github.com/clipperhouse/uax29/v2 v2.6.0
go: downloading github.com/moby/sys/mountinfo v0.7.2
go: downloading go.opentelemetry.io/contrib/instrumentation/net/http/otelhttp v0.67.0
go: downloading github.com/emicklei/go-restful/v3 v3.12.2
go: downloading google.golang.org/genproto/googleapis/rpc v0.0.0-20260511170946-3700d4141b60
go: downloading github.com/joho/godotenv v1.3.0
go: downloading github.com/golang-migrate/migrate/v4 v4.19.0
go: downloading github.com/mattn/go-sqlite3 v1.14.32
go: downloading github.com/pmezard/go-difflib v1.0.1-0.20181226105442-5d4384ee4fb2
go: downloading github.com/mxk/go-flowrate v0.0.0-20140419014527-cca7078d478f
go: downloading github.com/monochromegane/go-gitignore v0.0.0-20200626010858-205db1a8cc00
go: downloading github.com/xlab/treeprint v1.2.0
go: downloading github.com/google/shlex v0.0.0-20191202100458-e7afc7fbc510
go: downloading github.com/moby/sys/capability v0.4.0
go: downloading github.com/vbatts/tar-split v0.12.2
go: downloading github.com/josharian/intern v1.0.0
go: downloading github.com/containers/ocicrypt v1.2.1
go: downloading github.com/containers/libtrust v0.0.0-20230121012942-c1716e8a8d01
go: downloading github.com/docker/docker v28.5.2+incompatible
go: downloading github.com/antlr4-go/antlr/v4 v4.13.1
go: downloading github.com/felixge/httpsnoop v1.0.4
go: downloading go.opentelemetry.io/otel/metric v1.43.0
go: downloading github.com/go-git/go-billy/v5 v5.9.0
go: downloading github.com/distribution/reference v0.6.0
go: downloading github.com/gorilla/mux v1.8.1
go: downloading sigs.k8s.io/apiserver-network-proxy/konnectivity-client v0.33.0
go: downloading go.opentelemetry.io/otel/exporters/otlp/otlptrace/otlptracegrpc v1.42.0
go: downloading go.opentelemetry.io/otel/sdk v1.43.0
go: downloading go.opentelemetry.io/otel/exporters/otlp/otlptrace v1.43.0
go: downloading github.com/vbauerster/mpb/v8 v8.10.2
go: downloading github.com/klauspost/pgzip v1.2.6
go: downloading github.com/ulikunitz/xz v0.5.15
go: downloading github.com/sigstore/fulcio v1.8.6
go: downloading github.com/sigstore/sigstore v1.10.6
go: downloading github.com/opencontainers/runtime-spec v1.2.1
go: downloading github.com/docker/go-units v0.5.0
go: downloading github.com/go-git/gcfg v1.5.1-0.20230307220236-3a3c6141e376
go: downloading github.com/jbenet/go-context v0.0.0-20150711004518-d14ea06fba99
go: downloading github.com/secure-systems-lab/go-securesystemslib v0.9.1
go: downloading github.com/cyberphone/json-canonicalization v0.0.0-20241213102144-19d51d7fe467
go: downloading github.com/moby/sys/user v0.4.0
go: downloading go.opentelemetry.io/proto/otlp v1.10.0
go: downloading github.com/go-logr/stdr v1.2.2
go: downloading go.opentelemetry.io/auto/sdk v1.2.1
go: downloading github.com/go-jose/go-jose/v4 v4.1.4
go: downloading github.com/smallstep/pkcs7 v0.2.1
go: downloading github.com/stefanberger/go-pkcs11uri v0.0.0-20230803200340-78284954bff6
go: downloading github.com/acarl005/stripansi v0.0.0-20180116102854-5a71ef0e047d
go: downloading github.com/VividCortex/ewma v1.2.0
go: downloading github.com/cenkalti/backoff/v5 v5.0.3
go: downloading gopkg.in/warnings.v0 v0.1.2
go: downloading github.com/golang/protobuf v1.5.4
go: downloading github.com/grpc-ecosystem/grpc-gateway/v2 v2.29.0
go: downloading github.com/sigstore/protobuf-specs v0.5.1
