mkdir out/tests || (exit 0)
=====> Building...
go build -ldflags "-s -w -X 'github.com/buildpacks/pack/pkg/client.Version=0.0.0+git-8210eb1' -extldflags ''" -trimpath -o ./out/pack -a
go: downloading github.com/pkg/errors v0.9.1
go: downloading github.com/moby/moby/client v0.4.1
go: downloading github.com/heroku/color v0.0.6
go: downloading github.com/spf13/cobra v1.10.2
go: downloading golang.org/x/crypto v0.54.0
go: downloading golang.org/x/term v0.45.0
go: downloading github.com/apex/log v1.9.0
go: downloading github.com/BurntSushi/toml v1.3.2
go: downloading github.com/docker/cli v29.4.3+incompatible
go: downloading github.com/pelletier/go-toml v1.9.5
go: downloading gopkg.in/yaml.v3 v3.0.1
go: downloading github.com/Masterminds/semver v1.5.0
go: downloading github.com/buildpacks/imgutil v0.0.0-20251202182233-51c1c8c186ea
go: downloading github.com/buildpacks/lifecycle v0.21.0
go: downloading github.com/chainguard-dev/kaniko v1.25.16
go: downloading github.com/docker/docker v28.5.2+incompatible
go: downloading github.com/google/go-containerregistry v0.21.5
go: downloading github.com/opencontainers/go-digest v1.0.0
go: downloading github.com/opencontainers/image-spec v1.1.1
go: downloading github.com/sabhiram/go-gitignore v0.0.0-20210923224102-525f6e181f06
go: downloading golang.org/x/text v0.40.0
go: downloading golang.org/x/sys v0.47.0
go: downloading github.com/mattn/go-colorable v0.1.14
go: downloading github.com/spf13/pflag v1.0.10
go: downloading github.com/containerd/errdefs v1.0.0
go: downloading github.com/moby/docker-image-spec v1.3.1
go: downloading golang.org/x/sync v0.22.0
go: downloading github.com/moby/moby/api v1.54.2
go: downloading github.com/moby/go-archive v0.2.0
go: downloading github.com/dustin/go-humanize v1.0.1
go: downloading github.com/gdamore/tcell/v2 v2.13.10
go: downloading github.com/rivo/tview v0.42.0
go: downloading github.com/go-git/go-git/v5 v5.19.2
go: downloading golang.org/x/mod v0.38.0
go: downloading github.com/mitchellh/ioprogress v0.0.0-20180201004757-6a23b12fa88e
go: downloading github.com/containerd/errdefs/pkg v0.3.0
go: downloading github.com/distribution/reference v0.6.0
go: downloading github.com/docker/go-connections v0.7.0
go: downloading go.opentelemetry.io/contrib/instrumentation/net/http/otelhttp v0.68.0
go: downloading go.opentelemetry.io/otel/trace v1.44.0
go: downloading github.com/moby/buildkit v0.30.0
go: downloading github.com/google/go-cmp v0.7.0
go: downloading github.com/google/uuid v1.6.0
go: downloading github.com/mattn/go-isatty v0.0.20
go: downloading github.com/mitchellh/go-homedir v1.1.0
go: downloading github.com/awslabs/amazon-ecr-credential-helper/ecr-login v0.12.0
go: downloading github.com/chrismellard/docker-credential-acr-env v0.0.0-20230304212654-82a0ddb27589
go: downloading go.opentelemetry.io/otel v1.44.0
go: downloading github.com/containerd/stargz-snapshotter/estargz v0.18.2
go: downloading github.com/containerd/log v0.1.0
go: downloading github.com/moby/patternmatcher v0.6.1
go: downloading github.com/moby/sys/sequential v0.6.0
go: downloading github.com/moby/sys/user v0.4.0
go: downloading github.com/moby/sys/userns v0.1.0
go: downloading github.com/docker/go-units v0.5.0
go: downloading github.com/moby/term v0.5.2
go: downloading github.com/gdamore/encoding v1.0.1
go: downloading github.com/lucasb-eyer/go-colorful v1.3.0
go: downloading github.com/rivo/uniseg v0.4.7
go: downloading dario.cat/mergo v1.0.2
go: downloading github.com/ProtonMail/go-crypto v1.3.0
go: downloading github.com/go-git/go-billy/v5 v5.9.0
go: downloading github.com/sergi/go-diff v1.3.2-0.20230802210424-5b0b94c5c0d3
go: downloading github.com/emirpasic/gods v1.18.1
go: downloading github.com/sirupsen/logrus v1.9.4
go: downloading github.com/klauspost/compress v1.18.7
go: downloading github.com/felixge/httpsnoop v1.0.4
go: downloading go.opentelemetry.io/otel/metric v1.44.0
go: downloading github.com/Azure/go-autorest/autorest/azure/auth v0.5.13
go: downloading github.com/docker/docker-credential-helpers v0.9.5
go: downloading github.com/Azure/go-autorest/autorest v0.11.30
go: downloading github.com/vbatts/tar-split v0.12.2
go: downloading github.com/Azure/go-autorest v14.2.0+incompatible
go: downloading github.com/go-git/gcfg v1.5.1-0.20230307220236-3a3c6141e376
go: downloading github.com/cyphar/filepath-securejoin v0.6.1
go: downloading github.com/pjbgf/sha1cd v0.6.0
go: downloading github.com/jbenet/go-context v0.0.0-20150711004518-d14ea06fba99
go: downloading github.com/Azure/azure-sdk-for-go v68.0.0+incompatible
go: downloading github.com/Azure/go-autorest/autorest/adal v0.9.24
go: downloading github.com/aws/aws-sdk-go-v2 v1.41.7
go: downloading github.com/aws/aws-sdk-go-v2/config v1.32.17
go: downloading github.com/aws/aws-sdk-go-v2/service/ecr v1.55.3
go: downloading github.com/aws/aws-sdk-go-v2/service/ecrpublic v1.38.10
go: downloading github.com/aws/smithy-go v1.25.1
go: downloading github.com/Azure/go-autorest/autorest/azure/cli v0.4.7
go: downloading github.com/Azure/go-autorest/logger v0.2.2
go: downloading github.com/dimchansky/utfbom v1.1.1
go: downloading gopkg.in/warnings.v0 v0.1.2
go: downloading github.com/golang/groupcache v0.0.0-20241129210726-2c02b8208cf8
go: downloading github.com/kevinburke/ssh_config v1.2.0
go: downloading github.com/skeema/knownhosts v1.3.1
go: downloading github.com/xanzy/ssh-agent v0.3.3
go: downloading golang.org/x/net v0.56.0
go: downloading github.com/cloudflare/circl v1.6.3
go: downloading github.com/klauspost/cpuid/v2 v2.3.0
go: downloading github.com/Azure/go-autorest/tracing v0.6.1
go: downloading github.com/go-logr/logr v1.4.3
go: downloading github.com/opencontainers/selinux v1.13.1
go: downloading github.com/docker/distribution v2.8.3+incompatible
go: downloading github.com/Azure/go-autorest/autorest/date v0.3.1
go: downloading github.com/golang-jwt/jwt/v4 v4.5.2
go: downloading github.com/tonistiigi/go-csvvalue v0.0.0-20240814133006-030d3b2625d0
go: downloading github.com/go-logr/stdr v1.2.2
go: downloading go.opentelemetry.io/auto/sdk v1.2.1
go: downloading github.com/cespare/xxhash/v2 v2.3.0
go: downloading github.com/aws/aws-sdk-go-v2/internal/configsources v1.4.23
go: downloading github.com/aws/aws-sdk-go-v2/credentials v1.19.16
go: downloading github.com/aws/aws-sdk-go-v2/feature/ec2/imds v1.18.23
go: downloading github.com/aws/aws-sdk-go-v2/service/signin v1.0.11
go: downloading github.com/aws/aws-sdk-go-v2/service/sso v1.30.17
go: downloading github.com/aws/aws-sdk-go-v2/service/ssooidc v1.35.21
go: downloading github.com/aws/aws-sdk-go-v2/service/sts v1.42.1
go: downloading github.com/agext/levenshtein v1.2.3
go: downloading github.com/containerd/typeurl/v2 v2.2.3
go: downloading github.com/planetscale/vtprotobuf v0.6.1-0.20240319094008-0393e58bdf10
go: downloading google.golang.org/protobuf v1.36.11
go: downloading github.com/aws/aws-sdk-go-v2/internal/endpoints/v2 v2.7.23
go: downloading github.com/gorilla/mux v1.8.1
go: downloading github.com/docker/go-metrics v0.0.1
go: downloading github.com/aws/aws-sdk-go-v2/internal/v4a v1.4.24
go: downloading github.com/aws/aws-sdk-go-v2/service/internal/accept-encoding v1.13.9
go: downloading github.com/aws/aws-sdk-go-v2/service/internal/presigned-url v1.13.23
go: downloading github.com/gogo/protobuf v1.3.2
go: downloading github.com/prometheus/client_golang v1.23.2
go: downloading github.com/prometheus/client_model v0.6.2
go: downloading github.com/prometheus/common v0.66.1
go: downloading github.com/beorn7/perks v1.0.1
go: downloading github.com/prometheus/procfs v0.17.0
go: downloading github.com/munnerz/goautoneg v0.0.0-20191010083416-a7dc8b61c822
go: downloading go.yaml.in/yaml/v2 v2.4.3
