cat: dist/artifacts.json: No such file or directory
[33;01m==> info [0m
GOOS:        linux
GOARCH:      amd64
EXT_DIR:     /home/jake/sbomit-overhead-experiment/repos/policy/.ext
EXT_BIN_DIR: /home/jake/sbomit-overhead-experiment/repos/policy/.ext/bin
EXT_TMP_DIR: /home/jake/sbomit-overhead-experiment/repos/policy/.ext/tmp
/usr/bin/bash: line 1: /home/jake/sbomit-overhead-experiment/repos/policy/.ext/bin/svu: No such file or directory
RELEASE_TAG: 
POLICY_DIST: /home/jake/sbomit-overhead-experiment/repos/policy/
REGISTRY:    ghcr.io
ORG:         opcr.io
REPO:        policy
[33;01m==> /home/jake/sbomit-overhead-experiment/repos/policy/.ext/bin [0m
[33;01m==> /home/jake/sbomit-overhead-experiment/repos/policy/.ext/tmp [0m
[33;01m==> install-svu [0m
go: downloading github.com/caarlos0/svu/v3 v3.3.0
go: downloading github.com/spf13/cobra v1.10.1
go: downloading github.com/caarlos0/go-version v0.2.2
go: downloading github.com/charmbracelet/fang v0.4.3
go: downloading github.com/spf13/viper v1.21.0
go: downloading github.com/spf13/pflag v1.0.10
go: downloading github.com/Masterminds/semver/v3 v3.4.0
go: downloading github.com/gobwas/glob v0.2.3
go: downloading golang.org/x/text v0.28.0
go: downloading github.com/charmbracelet/x/exp/charmtone v0.0.0-20250603201427-c31516f43444
go: downloading github.com/muesli/mango-cobra v1.2.0
go: downloading github.com/charmbracelet/colorprofile v0.3.2
go: downloading github.com/muesli/roff v0.1.0
go: downloading github.com/charmbracelet/x/ansi v0.10.1
go: downloading github.com/charmbracelet/x/term v0.2.1
go: downloading github.com/charmbracelet/lipgloss/v2 v2.0.0-beta.3.0.20250917201909-41ff0bf215ea
go: downloading github.com/muesli/mango-pflag v0.1.0
go: downloading github.com/muesli/mango v0.1.0
go: downloading github.com/sagikazarmark/locafero v0.11.0
go: downloading github.com/fsnotify/fsnotify v1.9.0
go: downloading github.com/go-viper/mapstructure/v2 v2.4.0
go: downloading github.com/spf13/afero v1.15.0
go: downloading github.com/spf13/cast v1.10.0
go: downloading github.com/lucasb-eyer/go-colorful v1.3.0
go: downloading github.com/subosito/gotenv v1.6.0
go: downloading github.com/pelletier/go-toml/v2 v2.2.4
go: downloading go.yaml.in/yaml/v3 v3.0.4
go: downloading golang.org/x/sys v0.36.0
go: downloading github.com/xo/terminfo v0.0.0-20220910002029-abceb7e1c41e
go: downloading github.com/sourcegraph/conc v0.3.1-0.20240121214520-5f936abd7ae8
go: downloading github.com/mattn/go-runewidth v0.0.16
go: downloading github.com/rivo/uniseg v0.4.7
go: downloading github.com/charmbracelet/x/cellbuf v0.0.13
go: downloading github.com/charmbracelet/ultraviolet v0.0.0-20250915111650-81d4262876ef
go: downloading github.com/charmbracelet/x/windows v0.2.2
go: downloading github.com/muesli/cancelreader v0.2.2
go: downloading golang.org/x/sync v0.17.0
go: downloading github.com/charmbracelet/x/termios v0.1.1
 _____   ___   _
/ __\ \ / / | | |
\__ \\ V /| |_| |
|___/ \_/  \__,_|
svu: Semantic Version Utility
https://github.com/caarlos0/svu

GitVersion:    v3.3.0
GitCommit:     unknown
GitTreeState:  unknown
BuildDate:     unknown
BuiltBy:       unknown
GoVersion:     go1.26.5
Compiler:      gc
ModuleSum:     h1:zjG8BQd5tWlr5kjqh5uJBnBEoNp0GfvFxGBIHgUcrjc=
Platform:      linux/amd64
[33;01m==> install-goreleaser [0m
  ____       ____      _
 / ___| ___ |  _ \ ___| | ___  __ _ ___  ___ _ __
| |  _ / _ \| |_) / _ \ |/ _ \/ _` / __|/ _ \ '__|
| |_| | (_) |  _ <  __/ |  __/ (_| \__ \  __/ |
 \____|\___/|_| \_\___|_|\___|\__,_|___/\___|_|
goreleaser: Release engineering, simplified.
https://goreleaser.com

GitVersion:    2.14.1
GitCommit:     6bce54f02c901c4e42e699d35e66b4d82f2ce162
GitTreeState:  false
BuildDate:     2026-02-25T11:15:22Z
BuiltBy:       goreleaser
GoVersion:     go1.26.0
Compiler:      gc
ModuleSum:     h1:SDDiJKXpBkZcpz4zV+ruaW8zH6OvQLPiB1dPfOhljWY=
Platform:      linux/amd64
[33;01m==> install-golangci-lint [0m
golangci-lint has version 2.12.2 built with go1.26.2 from c0d3ddc9 on 2026-05-06T11:07:58Z
[33;01m==> install-gotestsum [0m
go: downloading gotest.tools/gotestsum v1.13.0
go: downloading github.com/dnephin/pflag v1.0.7
go: downloading golang.org/x/tools v0.36.0
go: downloading github.com/bitfield/gotestdox v0.2.2
go: downloading github.com/fatih/color v1.18.0
go: downloading golang.org/x/term v0.35.0
go: downloading github.com/google/shlex v0.0.0-20191202100458-e7afc7fbc510
go: downloading github.com/mattn/go-isatty v0.0.20
go: downloading github.com/mattn/go-colorable v0.1.13
go: downloading golang.org/x/text v0.17.0
go: downloading golang.org/x/mod v0.27.0
gotestsum version v1.13.0
[33;01m==> install-syft [0m
syft 1.13.0
[33;01m==> deps [0m
cat: dist/artifacts.json: No such file or directory
[33;01m==> gover [0m
go1.26.5
[33;01m==> build [0m
  • skipping validate...
  • cleaning distribution directory
  • loading environment variables
  • getting and validating git state
    • ignoring errors because this is a snapshot     error=git doesn't contain any tags - either add a tag or use --snapshot
    • git state                                      commit=82a1abbda908f90cb23383ef5e0e1dc78850f81c branch=main current_tag=v0.0.0 previous_tag=<unknown> dirty=false
    • pipe skipped or partially skipped              reason=disabled during snapshot mode
  • parsing tag
  • setting defaults
  • snapshotting
    • building snapshot...                           version=0.0.1-82a1abb
  • ensuring distribution directory
  • setting up metadata
  • writing release metadata
  • loading go mod information
  • build prerequisites
  • building binaries
    • building                                       binary=dist/policy_windows_amd64_v1/policy.exe
    • building                                       binary=dist/policy_darwin_amd64_v1/policy
    • building                                       binary=dist/policy_linux_arm64_v8.0/policy
    • building                                       binary=dist/policy_linux_amd64_v1/policy
    • building                                       binary=dist/policy_darwin_arm64_v8.0/policy
    • go build                                      
      output=
      │ go: downloading github.com/alecthomas/kong v1.15.0
      │ go: downloading github.com/Masterminds/sprig v2.22.0+incompatible
      │ go: downloading github.com/docker/cli v29.6.1+incompatible
      │ go: downloading github.com/pkg/errors v0.9.1
      │ go: downloading golang.org/x/term v0.44.0
      │ go: downloading github.com/go-viper/mapstructure/v2 v2.5.0
      │ go: downloading github.com/rs/zerolog v1.35.1
      │ go: downloading github.com/open-policy-agent/opa v1.18.2
      │ go: downloading google.golang.org/grpc v1.82.0
      │ go: downloading github.com/containerd/containerd/v2 v2.3.2
      │ go: downloading github.com/containerd/errdefs v1.0.0
      │ go: downloading github.com/dustin/go-humanize v1.0.1
      │ go: downloading github.com/opencontainers/go-digest v1.0.0
      │ go: downloading github.com/opencontainers/image-spec v1.1.1
      │ go: downloading github.com/samber/lo v1.53.0
      │ go: downloading oras.land/oras-go/v2 v2.6.1
      │ go: downloading golang.org/x/sys v0.46.0
      │ go: downloading github.com/Masterminds/goutils v1.1.1
      │ go: downloading github.com/Masterminds/semver v1.5.0
      │ go: downloading github.com/google/uuid v1.6.0
      │ go: downloading github.com/huandu/xstrings v1.5.0
      │ go: downloading github.com/imdario/mergo v0.3.16
      │ go: downloading github.com/mitchellh/copystructure v1.2.0
      │ go: downloading golang.org/x/crypto v0.53.0
      │ go: downloading github.com/mattn/go-colorable v0.1.15
      │ go: downloading github.com/docker/docker-credential-helpers v0.9.7
      │ go: downloading golang.org/x/sync v0.21.0
      │ go: downloading github.com/fatih/color v1.19.0
      │ go: downloading github.com/kyokomi/emoji v2.2.4+incompatible
      │ go: downloading github.com/olekukonko/tablewriter v1.1.4
      │ go: downloading github.com/containerd/log v0.1.0
      │ go: downloading github.com/klauspost/compress v1.18.6
      │ go: downloading github.com/moby/locker v1.0.1
      │ go: downloading github.com/cespare/xxhash/v2 v2.3.0
      │ go: downloading github.com/lestrrat-go/jwx/v3 v3.1.1
      │ go: downloading sigs.k8s.io/yaml v1.6.0
      │ go: downloading github.com/prometheus/client_golang v1.23.2
      │ go: downloading go.opentelemetry.io/otel/sdk v1.44.0
      │ go: downloading golang.org/x/time v0.15.0
      │ go: downloading github.com/tchap/go-patricia/v2 v2.3.3
      │ go: downloading github.com/vektah/gqlparser/v2 v2.5.34
      │ go: downloading golang.org/x/text v0.38.0
      │ go: downloading go.opentelemetry.io/otel v1.44.0
      │ go: downloading github.com/mattn/go-isatty v0.0.22
      │ go: downloading github.com/containerd/typeurl/v2 v2.2.3
      │ go: downloading go.opentelemetry.io/contrib/instrumentation/net/http/otelhttp v0.69.0
      │ go: downloading go.opentelemetry.io/otel/trace v1.44.0
      │ go: downloading github.com/xeipuuv/gojsonreference v0.0.0-20180127040603-bd5ef7bd5415
      │ go: downloading gopkg.in/ini.v1 v1.67.3
      │ go: downloading go.yaml.in/yaml/v2 v2.4.4
      │ go: downloading github.com/mattn/go-runewidth v0.0.24
      │ go: downloading github.com/olekukonko/errors v1.3.0
      │ go: downloading github.com/olekukonko/ll v0.1.8
      │ go: downloading github.com/hashicorp/golang-lru/v2 v2.0.7
      │ go: downloading github.com/prometheus/common v0.68.1
      │ go: downloading github.com/prometheus/procfs v0.20.1
      │ go: downloading google.golang.org/protobuf v1.36.12-0.20260120151049-f2248ac996af
      │ go: downloading github.com/gogo/protobuf v1.3.2
      │ go: downloading github.com/lestrrat-go/httprc/v3 v3.0.6
      │ go: downloading github.com/lestrrat-go/dsig v1.3.0
      │ go: downloading github.com/valyala/fastjson v1.6.10
      │ go: downloading go.opentelemetry.io/otel/metric v1.44.0
      │ go: downloading github.com/xeipuuv/gojsonpointer v0.0.0-20190905194746-02993c407bfb
      │ go: downloading github.com/clipperhouse/uax29/v2 v2.7.0
      │ go: downloading github.com/olekukonko/cat v0.0.0-20250911104152-50322a0618f6
      │ go: downloading github.com/clipperhouse/displaywidth v0.11.0
      │ go: downloading github.com/goccy/go-json v0.10.6
      │ go: downloading github.com/munnerz/goautoneg v0.0.0-20191010083416-a7dc8b61c822
      │ go: downloading github.com/go-logr/logr v1.4.3
      │ go: downloading github.com/agnivade/levenshtein v1.2.1
      │ go: downloading google.golang.org/genproto/googleapis/rpc v0.0.0-20260630182238-925bb5da69e7
      │ go: downloading github.com/huandu/go-sqlbuilder v1.41.0
      │ go: downloading github.com/go-logr/stdr v1.2.2
      │ go: downloading go.opentelemetry.io/auto/sdk v1.2.1
      │ go: downloading github.com/huandu/go-clone v1.7.3
    • go build                                      
      output=
      │ go: downloading github.com/alecthomas/kong v1.15.0
      │ go: downloading github.com/pkg/errors v0.9.1
      │ go: downloading golang.org/x/term v0.44.0
      │ go: downloading github.com/Masterminds/sprig v2.22.0+incompatible
      │ go: downloading github.com/docker/cli v29.6.1+incompatible
      │ go: downloading github.com/open-policy-agent/opa v1.18.2
      │ go: downloading github.com/rs/zerolog v1.35.1
      │ go: downloading github.com/containerd/containerd/v2 v2.3.2
      │ go: downloading github.com/containerd/errdefs v1.0.0
      │ go: downloading github.com/distribution/reference v0.6.0
      │ go: downloading github.com/dustin/go-humanize v1.0.1
      │ go: downloading github.com/opencontainers/go-digest v1.0.0
      │ go: downloading github.com/opencontainers/image-spec v1.1.1
      │ go: downloading github.com/samber/lo v1.53.0
      │ go: downloading oras.land/oras-go/v2 v2.6.1
      │ go: downloading golang.org/x/sys v0.46.0
      │ go: downloading github.com/Masterminds/goutils v1.1.1
      │ go: downloading github.com/Masterminds/semver v1.5.0
      │ go: downloading github.com/google/uuid v1.6.0
      │ go: downloading github.com/huandu/xstrings v1.5.0
      │ go: downloading github.com/imdario/mergo v0.3.16
      │ go: downloading github.com/mitchellh/copystructure v1.2.0
      │ go: downloading golang.org/x/crypto v0.53.0
      │ go: downloading github.com/mattn/go-colorable v0.1.15
      │ go: downloading github.com/docker/docker-credential-helpers v0.9.7
      │ go: downloading golang.org/x/sync v0.21.0
      │ go: downloading github.com/fatih/color v1.19.0
      │ go: downloading github.com/kyokomi/emoji v2.2.4+incompatible
      │ go: downloading github.com/olekukonko/tablewriter v1.1.4
      │ go: downloading github.com/containerd/log v0.1.0
      │ go: downloading github.com/klauspost/compress v1.18.6
      │ go: downloading github.com/moby/locker v1.0.1
      │ go: downloading github.com/cespare/xxhash/v2 v2.3.0
      │ go: downloading github.com/lestrrat-go/jwx/v3 v3.1.1
      │ go: downloading sigs.k8s.io/yaml v1.6.0
      │ go: downloading github.com/prometheus/client_golang v1.23.2
      │ go: downloading go.opentelemetry.io/otel/sdk v1.44.0
      │ go: downloading golang.org/x/time v0.15.0
      │ go: downloading github.com/rcrowley/go-metrics v0.0.0-20250401214520-65e299d6c5c9
      │ go: downloading github.com/peterh/liner v1.2.2
      │ go: downloading github.com/vektah/gqlparser/v2 v2.5.34
      │ go: downloading golang.org/x/text v0.38.0
      │ go: downloading go.opentelemetry.io/otel v1.44.0
      │ go: downloading github.com/containerd/platforms v1.0.0-rc.4
      │ go: downloading github.com/mattn/go-isatty v0.0.22
      │ go: downloading github.com/containerd/typeurl/v2 v2.2.3
      │ go: downloading go.opentelemetry.io/contrib/instrumentation/net/http/otelhttp v0.69.0
      │ go: downloading go.opentelemetry.io/otel/trace v1.44.0
      │ go: downloading github.com/xeipuuv/gojsonreference v0.0.0-20180127040603-bd5ef7bd5415
      │ go: downloading gopkg.in/ini.v1 v1.67.3
      │ go: downloading go.yaml.in/yaml/v2 v2.4.4
      │ go: downloading github.com/mattn/go-runewidth v0.0.24
      │ go: downloading github.com/olekukonko/errors v1.3.0
      │ go: downloading github.com/olekukonko/ll v0.1.8
      │ go: downloading github.com/hashicorp/golang-lru/v2 v2.0.7
      │ go: downloading github.com/beorn7/perks v1.0.1
      │ go: downloading github.com/prometheus/client_model v0.6.2
      │ go: downloading github.com/prometheus/common v0.68.1
      │ go: downloading google.golang.org/protobuf v1.36.12-0.20260120151049-f2248ac996af
      │ go: downloading github.com/gogo/protobuf v1.3.2
      │ go: downloading github.com/felixge/httpsnoop v1.0.4
      │ go: downloading go.opentelemetry.io/otel/metric v1.44.0
      │ go: downloading github.com/lestrrat-go/option/v2 v2.0.0
      │ go: downloading github.com/lestrrat-go/blackmagic v1.0.4
      │ go: downloading github.com/lestrrat-go/httprc/v3 v3.0.6
      │ go: downloading github.com/lestrrat-go/dsig v1.3.0
      │ go: downloading github.com/valyala/fastjson v1.6.10
      │ go: downloading github.com/clipperhouse/uax29/v2 v2.7.0
      │ go: downloading github.com/clipperhouse/displaywidth v0.11.0
      │ go: downloading github.com/goccy/go-json v0.10.6
      │ go: downloading github.com/olekukonko/cat v0.0.0-20250911104152-50322a0618f6
      │ go: downloading github.com/munnerz/goautoneg v0.0.0-20191010083416-a7dc8b61c822
      │ go: downloading github.com/go-logr/logr v1.4.3
      │ go: downloading github.com/agnivade/levenshtein v1.2.1
      │ go: downloading google.golang.org/genproto/googleapis/rpc v0.0.0-20260630182238-925bb5da69e7
      │ go: downloading github.com/huandu/go-sqlbuilder v1.41.0
      │ go: downloading github.com/lestrrat-go/httpcc v1.0.1
      │ go: downloading github.com/go-logr/stdr v1.2.2
      │ go: downloading go.opentelemetry.io/auto/sdk v1.2.1
      │ go: downloading github.com/huandu/go-clone v1.7.3
    • go build                                      
      output=
      │ go: downloading github.com/alecthomas/kong v1.15.0
      │ go: downloading github.com/pkg/errors v0.9.1
      │ go: downloading golang.org/x/term v0.44.0
      │ go: downloading github.com/docker/cli v29.6.1+incompatible
      │ go: downloading github.com/open-policy-agent/opa v1.18.2
      │ go: downloading github.com/Masterminds/sprig v2.22.0+incompatible
      │ go: downloading github.com/rs/zerolog v1.35.1
      │ go: downloading github.com/containerd/containerd/v2 v2.3.2
      │ go: downloading github.com/containerd/errdefs v1.0.0
      │ go: downloading github.com/dustin/go-humanize v1.0.1
      │ go: downloading github.com/opencontainers/go-digest v1.0.0
      │ go: downloading github.com/opencontainers/image-spec v1.1.1
      │ go: downloading github.com/samber/lo v1.53.0
      │ go: downloading oras.land/oras-go/v2 v2.6.1
      │ go: downloading golang.org/x/sys v0.46.0
      │ go: downloading github.com/Masterminds/goutils v1.1.1
      │ go: downloading github.com/Masterminds/semver v1.5.0
      │ go: downloading github.com/google/uuid v1.6.0
      │ go: downloading github.com/huandu/xstrings v1.5.0
      │ go: downloading github.com/imdario/mergo v0.3.16
      │ go: downloading github.com/mitchellh/copystructure v1.2.0
      │ go: downloading golang.org/x/crypto v0.53.0
      │ go: downloading github.com/mattn/go-colorable v0.1.15
      │ go: downloading github.com/docker/docker-credential-helpers v0.9.7
      │ go: downloading golang.org/x/sync v0.21.0
      │ go: downloading github.com/fatih/color v1.19.0
      │ go: downloading github.com/kyokomi/emoji v2.2.4+incompatible
      │ go: downloading github.com/olekukonko/tablewriter v1.1.4
      │ go: downloading github.com/klauspost/compress v1.18.6
      │ go: downloading github.com/moby/locker v1.0.1
      │ go: downloading github.com/cespare/xxhash/v2 v2.3.0
      │ go: downloading github.com/lestrrat-go/jwx/v3 v3.1.1
      │ go: downloading sigs.k8s.io/yaml v1.6.0
      │ go: downloading github.com/prometheus/client_golang v1.23.2
      │ go: downloading go.opentelemetry.io/otel/sdk v1.44.0
      │ go: downloading golang.org/x/time v0.15.0
      │ go: downloading github.com/tchap/go-patricia/v2 v2.3.3
      │ go: downloading github.com/vektah/gqlparser/v2 v2.5.34
      │ go: downloading github.com/yashtewari/glob-intersection v0.2.0
      │ go: downloading github.com/sirupsen/logrus v1.9.4
      │ go: downloading github.com/mitchellh/reflectwalk v1.0.2
      │ go: downloading golang.org/x/text v0.38.0
      │ go: downloading go.opentelemetry.io/otel v1.44.0
      │ go: downloading github.com/containerd/platforms v1.0.0-rc.4
      │ go: downloading github.com/mattn/go-isatty v0.0.22
      │ go: downloading github.com/containerd/typeurl/v2 v2.2.3
      │ go: downloading go.opentelemetry.io/contrib/instrumentation/net/http/otelhttp v0.69.0
      │ go: downloading go.opentelemetry.io/otel/trace v1.44.0
      │ go: downloading github.com/xeipuuv/gojsonreference v0.0.0-20180127040603-bd5ef7bd5415
      │ go: downloading gopkg.in/ini.v1 v1.67.3
      │ go: downloading go.yaml.in/yaml/v2 v2.4.4
      │ go: downloading github.com/mattn/go-runewidth v0.0.24
      │ go: downloading github.com/olekukonko/errors v1.3.0
      │ go: downloading github.com/olekukonko/ll v0.1.8
      │ go: downloading github.com/hashicorp/golang-lru/v2 v2.0.7
      │ go: downloading github.com/prometheus/client_model v0.6.2
      │ go: downloading github.com/prometheus/common v0.68.1
      │ go: downloading google.golang.org/protobuf v1.36.12-0.20260120151049-f2248ac996af
      │ go: downloading github.com/gogo/protobuf v1.3.2
      │ go: downloading github.com/lestrrat-go/option/v2 v2.0.0
      │ go: downloading github.com/lestrrat-go/httprc/v3 v3.0.6
      │ go: downloading github.com/lestrrat-go/blackmagic v1.0.4
      │ go: downloading github.com/lestrrat-go/dsig v1.3.0
      │ go: downloading github.com/valyala/fastjson v1.6.10
      │ go: downloading go.opentelemetry.io/otel/metric v1.44.0
      │ go: downloading github.com/xeipuuv/gojsonpointer v0.0.0-20190905194746-02993c407bfb
      │ go: downloading github.com/clipperhouse/uax29/v2 v2.7.0
      │ go: downloading github.com/clipperhouse/displaywidth v0.11.0
      │ go: downloading github.com/olekukonko/cat v0.0.0-20250911104152-50322a0618f6
      │ go: downloading github.com/goccy/go-json v0.10.6
      │ go: downloading github.com/munnerz/goautoneg v0.0.0-20191010083416-a7dc8b61c822
      │ go: downloading github.com/agnivade/levenshtein v1.2.1
      │ go: downloading github.com/go-logr/logr v1.4.3
      │ go: downloading google.golang.org/genproto/googleapis/rpc v0.0.0-20260630182238-925bb5da69e7
      │ go: downloading github.com/huandu/go-sqlbuilder v1.41.0
      │ go: downloading github.com/go-logr/stdr v1.2.2
      │ go: downloading go.opentelemetry.io/auto/sdk v1.2.1
      │ go: downloading github.com/huandu/go-clone v1.7.3
    • go build                                      
      output=
      │ go: downloading github.com/alecthomas/kong v1.15.0
      │ go: downloading github.com/docker/cli v29.6.1+incompatible
      │ go: downloading github.com/Masterminds/sprig v2.22.0+incompatible
      │ go: downloading github.com/pkg/errors v0.9.1
      │ go: downloading golang.org/x/term v0.44.0
      │ go: downloading github.com/rs/zerolog v1.35.1
      │ go: downloading google.golang.org/grpc v1.82.0
      │ go: downloading github.com/open-policy-agent/opa v1.18.2
      │ go: downloading github.com/containerd/containerd/v2 v2.3.2
      │ go: downloading github.com/containerd/errdefs v1.0.0
      │ go: downloading github.com/dustin/go-humanize v1.0.1
      │ go: downloading github.com/opencontainers/go-digest v1.0.0
      │ go: downloading github.com/opencontainers/image-spec v1.1.1
      │ go: downloading github.com/samber/lo v1.53.0
      │ go: downloading oras.land/oras-go/v2 v2.6.1
      │ go: downloading golang.org/x/sys v0.46.0
      │ go: downloading github.com/Masterminds/goutils v1.1.1
      │ go: downloading github.com/huandu/xstrings v1.5.0
      │ go: downloading github.com/imdario/mergo v0.3.16
      │ go: downloading github.com/google/uuid v1.6.0
      │ go: downloading github.com/mitchellh/copystructure v1.2.0
      │ go: downloading golang.org/x/crypto v0.53.0
      │ go: downloading github.com/Masterminds/semver v1.5.0
      │ go: downloading github.com/mattn/go-colorable v0.1.15
      │ go: downloading github.com/docker/docker-credential-helpers v0.9.7
      │ go: downloading golang.org/x/sync v0.21.0
      │ go: downloading github.com/fatih/color v1.19.0
      │ go: downloading github.com/kyokomi/emoji v2.2.4+incompatible
      │ go: downloading github.com/olekukonko/tablewriter v1.1.4
      │ go: downloading github.com/containerd/log v0.1.0
      │ go: downloading github.com/klauspost/compress v1.18.6
      │ go: downloading github.com/moby/locker v1.0.1
      │ go: downloading github.com/cespare/xxhash/v2 v2.3.0
      │ go: downloading github.com/lestrrat-go/jwx/v3 v3.1.1
      │ go: downloading sigs.k8s.io/yaml v1.6.0
      │ go: downloading github.com/prometheus/client_golang v1.23.2
      │ go: downloading go.opentelemetry.io/otel/sdk v1.44.0
      │ go: downloading golang.org/x/time v0.15.0
      │ go: downloading github.com/tchap/go-patricia/v2 v2.3.3
      │ go: downloading github.com/vektah/gqlparser/v2 v2.5.34
      │ go: downloading github.com/mitchellh/reflectwalk v1.0.2
      │ go: downloading golang.org/x/text v0.38.0
      │ go: downloading go.opentelemetry.io/otel v1.44.0
      │ go: downloading github.com/containerd/platforms v1.0.0-rc.4
      │ go: downloading github.com/mattn/go-isatty v0.0.22
      │ go: downloading github.com/containerd/typeurl/v2 v2.2.3
      │ go: downloading go.opentelemetry.io/contrib/instrumentation/net/http/otelhttp v0.69.0
      │ go: downloading go.opentelemetry.io/otel/trace v1.44.0
      │ go: downloading github.com/xeipuuv/gojsonreference v0.0.0-20180127040603-bd5ef7bd5415
      │ go: downloading gopkg.in/ini.v1 v1.67.3
      │ go: downloading go.yaml.in/yaml/v2 v2.4.4
      │ go: downloading github.com/mattn/go-runewidth v0.0.24
      │ go: downloading github.com/olekukonko/errors v1.3.0
      │ go: downloading github.com/hashicorp/golang-lru/v2 v2.0.7
      │ go: downloading github.com/prometheus/common v0.68.1
      │ go: downloading github.com/prometheus/procfs v0.20.1
      │ go: downloading google.golang.org/protobuf v1.36.12-0.20260120151049-f2248ac996af
      │ go: downloading github.com/gogo/protobuf v1.3.2
      │ go: downloading github.com/lestrrat-go/option/v2 v2.0.0
      │ go: downloading github.com/lestrrat-go/blackmagic v1.0.4
      │ go: downloading github.com/lestrrat-go/httprc/v3 v3.0.6
      │ go: downloading github.com/lestrrat-go/dsig v1.3.0
      │ go: downloading github.com/valyala/fastjson v1.6.10
      │ go: downloading go.opentelemetry.io/otel/metric v1.44.0
      │ go: downloading github.com/clipperhouse/uax29/v2 v2.7.0
      │ go: downloading github.com/clipperhouse/displaywidth v0.11.0
      │ go: downloading github.com/olekukonko/cat v0.0.0-20250911104152-50322a0618f6
      │ go: downloading github.com/goccy/go-json v0.10.6
      │ go: downloading github.com/munnerz/goautoneg v0.0.0-20191010083416-a7dc8b61c822
      │ go: downloading github.com/go-logr/logr v1.4.3
      │ go: downloading google.golang.org/genproto/googleapis/rpc v0.0.0-20260630182238-925bb5da69e7
      │ go: downloading github.com/agnivade/levenshtein v1.2.1
      │ go: downloading github.com/huandu/go-sqlbuilder v1.41.0
      │ go: downloading github.com/go-logr/stdr v1.2.2
      │ go: downloading go.opentelemetry.io/auto/sdk v1.2.1
      │ go: downloading github.com/huandu/go-clone v1.7.3
    • go build                                      
      output=
      │ go: downloading github.com/Masterminds/sprig v2.22.0+incompatible
      │ go: downloading github.com/pkg/errors v0.9.1
      │ go: downloading github.com/docker/cli v29.6.1+incompatible
      │ go: downloading github.com/alecthomas/kong v1.15.0
      │ go: downloading golang.org/x/term v0.44.0
      │ go: downloading github.com/go-viper/mapstructure/v2 v2.5.0
      │ go: downloading github.com/rs/zerolog v1.35.1
      │ go: downloading github.com/open-policy-agent/opa v1.18.2
      │ go: downloading github.com/fsnotify/fsnotify v1.10.1
      │ go: downloading github.com/sagikazarmark/locafero v0.12.0
      │ go: downloading github.com/containerd/containerd/v2 v2.3.2
      │ go: downloading github.com/opencontainers/go-digest v1.0.0
      │ go: downloading github.com/opencontainers/image-spec v1.1.1
      │ go: downloading github.com/samber/lo v1.53.0
      │ go: downloading oras.land/oras-go/v2 v2.6.1
      │ go: downloading golang.org/x/sys v0.46.0
      │ go: downloading github.com/Masterminds/goutils v1.1.1
      │ go: downloading github.com/Masterminds/semver v1.5.0
      │ go: downloading github.com/google/uuid v1.6.0
      │ go: downloading github.com/huandu/xstrings v1.5.0
      │ go: downloading github.com/mitchellh/copystructure v1.2.0
      │ go: downloading golang.org/x/crypto v0.53.0
      │ go: downloading github.com/imdario/mergo v0.3.16
      │ go: downloading github.com/mattn/go-colorable v0.1.15
      │ go: downloading github.com/docker/docker-credential-helpers v0.9.7
      │ go: downloading golang.org/x/text v0.38.0
      │ go: downloading github.com/pelletier/go-toml/v2 v2.3.1
      │ go: downloading github.com/olekukonko/tablewriter v1.1.4
      │ go: downloading github.com/klauspost/compress v1.18.6
      │ go: downloading github.com/lestrrat-go/jwx/v3 v3.1.1
      │ go: downloading github.com/vektah/gqlparser/v2 v2.5.34
      │ go: downloading go.opentelemetry.io/otel v1.44.0
      │ go: downloading github.com/olekukonko/ll v0.1.8
      │ go: downloading github.com/beorn7/perks v1.0.1
      │ go: downloading github.com/prometheus/client_model v0.6.2
      │ go: downloading github.com/prometheus/common v0.68.1
      │ go: downloading google.golang.org/protobuf v1.36.12-0.20260120151049-f2248ac996af
      │ go: downloading github.com/containerd/ttrpc v1.2.8
      │ go: downloading github.com/gogo/protobuf v1.3.2
      │ go: downloading github.com/felixge/httpsnoop v1.0.4
      │ go: downloading go.opentelemetry.io/otel/metric v1.44.0
      │ go: downloading github.com/lestrrat-go/option/v2 v2.0.0
      │ go: downloading github.com/lestrrat-go/blackmagic v1.0.4
      │ go: downloading github.com/lestrrat-go/httprc/v3 v3.0.6
      │ go: downloading github.com/lestrrat-go/dsig v1.3.0
      │ go: downloading github.com/valyala/fastjson v1.6.10
      │ go: downloading github.com/xeipuuv/gojsonpointer v0.0.0-20190905194746-02993c407bfb
      │ go: downloading github.com/olekukonko/cat v0.0.0-20250911104152-50322a0618f6
      │ go: downloading github.com/goccy/go-json v0.10.6
      │ go: downloading github.com/clipperhouse/displaywidth v0.11.0
      │ go: downloading github.com/clipperhouse/uax29/v2 v2.7.0
      │ go: downloading github.com/munnerz/goautoneg v0.0.0-20191010083416-a7dc8b61c822
      │ go: downloading github.com/agnivade/levenshtein v1.2.1
      │ go: downloading google.golang.org/genproto/googleapis/rpc v0.0.0-20260630182238-925bb5da69e7
      │ go: downloading github.com/go-logr/logr v1.4.3
      │ go: downloading github.com/huandu/go-sqlbuilder v1.41.0
      │ go: downloading github.com/lestrrat-go/httpcc v1.0.1
      │ go: downloading github.com/go-logr/stdr v1.2.2
      │ go: downloading github.com/huandu/go-clone v1.7.3
      • took: 1m8s
  • writing artifacts metadata
  • build succeeded after 1m8s
  • thanks for using GoReleaser!
