level=info msg="Starting prematerial attestors stage..."
level=info msg="Starting environment attestor..."
level=info msg="Starting git attestor..."
level=info msg="Finished environment attestor... (0.000110119s)"
level=info msg="Finished git attestor... (0.043011406s)"
level=info msg="Completed prematerial attestors stage..."
level=info msg="Starting material attestors stage..."
level=info msg="Starting material attestor..."
level=info msg="Finished material attestor... (0.142122729s)"
level=info msg="Completed material attestors stage..."
level=info msg="Starting execute attestors stage..."
level=info msg="Starting command-run attestor..."
level=info msg="Using tracer: ebpf for command-run"
go: downloading github.com/go-kit/log v0.2.1
go: downloading github.com/weaveworks/common v0.0.0-20230728070032-dd9e68f319d5
go: downloading github.com/pkg/errors v0.9.1
go: downloading github.com/gogo/protobuf v1.3.2
go: downloading github.com/opentracing/opentracing-go v1.2.0
go: downloading github.com/prometheus/common v0.67.5
go: downloading github.com/efficientgo/core v1.0.0-rc.3
go: downloading github.com/prometheus/prometheus v0.309.1
go: downloading github.com/prometheus/client_golang v1.23.2
go: downloading github.com/go-openapi/strfmt v0.25.0
go: downloading github.com/efficientgo/e2e v0.14.1-0.20260204162810-8c75b1e33ef9
go: downloading github.com/stretchr/testify v1.11.1
go: downloading github.com/json-iterator/go v1.1.12
go: downloading github.com/golang/snappy v1.0.0
go: downloading golang.org/x/time v0.14.0
go: downloading github.com/prometheus/alertmanager v0.30.0
go: downloading github.com/KimMachineGun/automemlimit v0.7.5
go: downloading github.com/oklog/ulid/v2 v2.1.1
go: downloading github.com/oklog/ulid v1.3.1
go: downloading github.com/gogo/status v1.1.1
go: downloading github.com/klauspost/compress v1.18.2
go: downloading github.com/prometheus/client_model v0.6.2
go: downloading github.com/alecthomas/kingpin/v2 v2.4.0
go: downloading github.com/themihai/gomemcache v0.0.0-20180902122335-24332e2d58ab
go: downloading github.com/jpillora/backoff v1.0.0
go: downloading github.com/alecthomas/units v0.0.0-20240927000941-0f3dac36c52b
go: downloading github.com/thanos-io/objstore v0.0.0-20250804093838-71d60dfee488
go: downloading github.com/cespare/xxhash/v2 v2.3.0
go: downloading go.uber.org/atomic v1.11.0
go: downloading github.com/thanos-io/promql-engine v0.0.0-20260707114442-fa2cb843e6ba
go: downloading github.com/efficientgo/tools/extkingpin v0.0.0-20230505153745-6b7392939a60
go: downloading github.com/dustin/go-humanize v1.0.1
go: downloading gopkg.in/yaml.v2 v2.4.0
go: downloading github.com/grpc-ecosystem/go-grpc-middleware/v2 v2.3.2
go: downloading github.com/facette/natsort v0.0.0-20181210072756-2cd4dd1e2dcb
go: downloading google.golang.org/grpc v1.82.1
go: downloading github.com/oklog/run v1.2.0
go: downloading github.com/redis/rueidis v1.0.61
go: downloading github.com/VictoriaMetrics/easyproto v1.1.3
go: downloading github.com/olekukonko/tablewriter v0.0.5
go: downloading github.com/minio/sha256-simd v1.0.1
go: downloading github.com/sony/gobreaker v1.0.0
go: downloading github.com/hashicorp/golang-lru/v2 v2.0.7
go: downloading github.com/golang/groupcache v0.0.0-20241129210726-2c02b8208cf8
go: downloading github.com/mwitkow/go-conntrack v0.0.0-20190716064945-2f068394615f
go: downloading github.com/google/uuid v1.6.0
go: downloading golang.org/x/sync v0.21.0
go: downloading github.com/thanos-community/galaxycache v0.0.0-20211122094458-3a32041a1f1e
go: downloading github.com/alicebob/miniredis/v2 v2.35.0
go: downloading gopkg.in/yaml.v3 v3.0.1
go: downloading github.com/onsi/gomega v1.36.2
go: downloading github.com/google/go-cmp v0.7.0
go: downloading golang.org/x/net v0.56.0
go: downloading github.com/miekg/dns v1.1.69
go: downloading github.com/grpc-ecosystem/go-grpc-middleware/providers/prometheus v1.0.1
go: downloading google.golang.org/protobuf v1.36.11
go: downloading github.com/seiflotfy/cuckoofilter v0.0.0-20240715131351-a2f2c23f1771
go: downloading github.com/coreos/go-systemd/v22 v22.6.0
go: downloading github.com/caio/go-tdigest v3.1.0+incompatible
go: downloading github.com/uber/jaeger-client-go v2.30.0+incompatible
go: downloading github.com/tjhop/slog-gokit v0.2.2
go: downloading go.opentelemetry.io/otel/trace v1.44.0
go: downloading go.opentelemetry.io/otel v1.44.0
go: downloading github.com/cristalhq/hedgedhttp v0.9.1
go: downloading go.uber.org/goleak v1.3.0
go: downloading capnproto.org/go/capnp/v3 v3.0.0-alpha.30
go: downloading github.com/prometheus/otlptranslator v1.0.0
go: downloading golang.org/x/text v0.39.0
go: downloading github.com/felixge/fgprof v0.9.5
go: downloading github.com/fsnotify/fsnotify v1.9.0
go: downloading go.opentelemetry.io/collector/pdata v1.48.0
go: downloading github.com/mitchellh/go-ps v1.0.0
go: downloading github.com/prometheus/exporter-toolkit v0.15.0
go: downloading github.com/blang/semver/v4 v4.0.0
go: downloading github.com/colega/zeropool v0.0.0-20230505084239-6fb4a4f75381
go: downloading golang.org/x/crypto v0.53.0
go: downloading go.opentelemetry.io/collector/semconv v0.128.0
go: downloading github.com/leanovate/gopter v0.2.9
go: downloading github.com/prometheus-community/prom-label-proxy v0.11.1
go: downloading github.com/go-logfmt/logfmt v0.6.1
go: downloading github.com/go-openapi/errors v0.22.4
go: downloading github.com/go-viper/mapstructure/v2 v2.4.0
go: downloading go.mongodb.org/mongo-driver v1.17.6
go: downloading github.com/davecgh/go-spew v1.1.2-0.20180830191138-d8f796af33cc
go: downloading github.com/pmezard/go-difflib v1.0.1-0.20181226105442-5d4384ee4fb2
go: downloading github.com/pbnjay/memory v0.0.0-20210728143218-7b4eea64cf58
go: downloading go.yaml.in/yaml/v2 v2.4.3
go: downloading github.com/modern-go/concurrent v0.0.0-20180306012644-bacd9c7ef1dd
go: downloading github.com/modern-go/reflect2 v1.0.3-0.20250322232337-35a7c28c31ee
go: downloading github.com/gogo/googleapis v1.4.1
go: downloading github.com/golang/protobuf v1.5.4
go: downloading google.golang.org/genproto/googleapis/rpc v0.0.0-20260615183401-62b3387ff324
go: downloading github.com/beorn7/perks v1.0.1
go: downloading github.com/prometheus/procfs v0.16.1
go: downloading golang.org/x/sys v0.46.0
go: downloading google.golang.org/genproto v0.0.0-20250603155806-513f23925822
go: downloading github.com/uber/jaeger-lib v2.4.1+incompatible
go: downloading github.com/julienschmidt/httprouter v1.3.0
go: downloading github.com/sirupsen/logrus v1.9.3
go: downloading github.com/xhit/go-str2duration/v2 v2.1.0
go: downloading github.com/opentracing-contrib/go-grpc v0.1.2
go: downloading github.com/sercand/kuberesolver/v5 v5.1.1
go: downloading github.com/minio/minio-go/v7 v7.0.93
go: downloading go.opentelemetry.io/otel/sdk v1.43.0
go: downloading github.com/go-openapi/swag v0.25.4
go: downloading github.com/go-openapi/validate v0.25.1
go: downloading github.com/cortexproject/promqlsmith v0.0.0-20250407233056-90db95b1a4e4
go: downloading github.com/kylelemons/godebug v1.1.0
go: downloading github.com/grafana/regexp v0.0.0-20250905093917-f7b3be9d1853
go: downloading github.com/prometheus/sigv4 v0.3.0
go: downloading github.com/aws/aws-sdk-go-v2 v1.41.0
go: downloading github.com/aws/aws-sdk-go-v2/config v1.32.6
go: downloading go.elastic.co/apm v1.15.0
go: downloading go.elastic.co/apm/module/apmot v1.15.0
go: downloading golang.org/x/exp v0.0.0-20250808145144-a408d31f581a
go: downloading github.com/munnerz/goautoneg v0.0.0-20191010083416-a7dc8b61c822
go: downloading github.com/prometheus/client_golang/exp v0.0.0-20251212205219-7ba246a648ca
go: downloading github.com/edsrzf/mmap-go v1.2.0
go: downloading go.opentelemetry.io/contrib/samplers/jaegerremote v0.30.0
go: downloading go.opentelemetry.io/otel/exporters/jaeger v1.17.0
go: downloading github.com/GoogleCloudPlatform/opentelemetry-operations-go/exporter/trace v1.27.0
go: downloading github.com/dennwc/varint v1.0.0
go: downloading github.com/stretchr/objx v0.5.2
go: downloading github.com/golang-jwt/jwt/v5 v5.3.0
go: downloading golang.org/x/oauth2 v0.36.0
go: downloading github.com/bboreham/go-loser v0.0.0-20230920113527-fcc2c21820a3
go: downloading github.com/mattn/go-runewidth v0.0.16
go: downloading github.com/felixge/httpsnoop v1.0.4
go: downloading github.com/gorilla/mux v1.8.1
go: downloading github.com/opentracing-contrib/go-stdlib v1.1.0
go: downloading github.com/klauspost/cpuid/v2 v2.2.10
go: downloading k8s.io/client-go v0.34.3
go: downloading github.com/lightstep/lightstep-tracer-go v0.26.0
go: downloading go.opentelemetry.io/contrib/propagators/autoprop v0.61.0
go: downloading go.opentelemetry.io/otel/bridge/opentracing v1.36.0
go: downloading go.opentelemetry.io/otel/exporters/otlp/otlptrace v1.43.0
go: downloading go.opentelemetry.io/otel/exporters/otlp/otlptrace/otlptracegrpc v1.43.0
go: downloading go.opentelemetry.io/otel/exporters/otlp/otlptrace/otlptracehttp v1.43.0
go: downloading go.opentelemetry.io/proto/otlp v1.10.0
go: downloading go.opentelemetry.io/contrib/instrumentation/net/http/httptrace/otelhttptrace v0.64.0
go: downloading go.opentelemetry.io/contrib/instrumentation/net/http/otelhttp v0.64.0
go: downloading cloud.google.com/go/trace v1.11.6
go: downloading github.com/googleapis/gax-go v2.0.2+incompatible
go: downloading github.com/lovoo/gcloud-opentracing v0.3.0
go: downloading github.com/opentracing/basictracer-go v1.1.0
go: downloading github.com/open-telemetry/opentelemetry-collector-contrib/processor/deltatocumulativeprocessor v0.142.0
go: downloading go.opentelemetry.io/collector/component v1.48.0
go: downloading go.opentelemetry.io/collector/consumer v1.48.0
go: downloading go.opentelemetry.io/collector/processor v1.48.0
go: downloading cloud.google.com/go v0.120.0
go: downloading go.opentelemetry.io/otel/metric v1.44.0
go: downloading github.com/yuin/gopher-lua v1.1.1
go: downloading github.com/dgryski/go-metro v0.0.0-20250106013310-edb8663e5e33
go: downloading golang.org/x/tools v0.47.0
go: downloading go.opencensus.io v0.24.0
go: downloading github.com/leesper/go_rng v0.0.0-20190531154944-a612b043e353
go: downloading gonum.org/v1/gonum v0.17.0
go: downloading github.com/onsi/ginkgo v1.16.5
go: downloading github.com/fatih/structtag v1.2.0
go: downloading github.com/google/pprof v0.0.0-20251213031049-b05bdaca462f
go: downloading github.com/mdlayher/vsock v1.2.1
go: downloading github.com/chromedp/cdproto v0.0.0-20230802225258-3cf4e6d46a89
go: downloading github.com/chromedp/chromedp v0.9.2
go: downloading github.com/fortytw2/leaktest v1.3.0
go: downloading google.golang.org/grpc/examples v0.0.0-20250407062114-b368379ef8f6
go: downloading github.com/zenhack/go-util v0.0.0-20231005031245-66f5419c2aea
go: downloading github.com/tinylib/msgp v1.3.0
go: downloading go.uber.org/multierr v1.11.0
go: downloading github.com/go-openapi/runtime v0.29.2
go: downloading github.com/metalmatze/signal v0.0.0-20210307161603-1c9aa721a97a
go: downloading github.com/weaveworks/promrus v1.2.0
go: downloading github.com/go-openapi/swag/cmdutils v0.25.4
go: downloading github.com/go-openapi/swag/conv v0.25.4
go: downloading github.com/go-openapi/swag/fileutils v0.25.4
go: downloading github.com/go-openapi/swag/jsonname v0.25.4
go: downloading github.com/go-openapi/swag/jsonutils v0.25.4
go: downloading github.com/go-openapi/swag/loading v0.25.4
go: downloading github.com/go-openapi/swag/mangling v0.25.4
go: downloading github.com/go-openapi/swag/netutils v0.25.4
go: downloading github.com/go-openapi/swag/stringutils v0.25.4
go: downloading github.com/go-openapi/swag/typeutils v0.25.4
go: downloading github.com/go-openapi/swag/yamlutils v0.25.4
go: downloading github.com/Azure/azure-sdk-for-go/sdk/azcore v1.20.0
go: downloading github.com/Azure/azure-sdk-for-go/sdk/azidentity v1.13.1
go: downloading github.com/Azure/azure-sdk-for-go/sdk/storage/azblob v1.6.1
go: downloading github.com/baidubce/bce-sdk-go v0.9.230
go: downloading github.com/tencentyun/cos-go-sdk-v5 v0.7.66
go: downloading google.golang.org/api v0.257.0
go: downloading cloud.google.com/go/storage v1.50.0
go: downloading github.com/go-openapi/testify/v2 v2.0.2
go: downloading gopkg.in/check.v1 v1.0.0-20201130134442-10cb98267c6c
go: downloading github.com/onsi/ginkgo/v2 v2.22.1
go: downloading go.opentelemetry.io/collector/internal/testutil v0.142.0
go: downloading go.opentelemetry.io/proto/slim/otlp v1.9.0
go: downloading gotest.tools/v3 v3.5.2
go: downloading github.com/fullstorydev/emulators/storage v0.0.0-20240401123056-edc69752f474
go: downloading github.com/huaweicloud/huaweicloud-sdk-go-obs v3.25.4+incompatible
go: downloading github.com/oracle/oci-go-sdk/v65 v65.93.1
go: downloading github.com/aliyun/aliyun-oss-go-sdk v3.0.2+incompatible
go: downloading github.com/ncw/swift v1.0.53
go: downloading github.com/go-ini/ini v1.67.0
go: downloading github.com/minio/crc64nvme v1.0.1
go: downloading github.com/minio/md5-simd v1.1.2
go: downloading github.com/aws/aws-sdk-go-v2/credentials v1.19.6
go: downloading github.com/aws/aws-sdk-go-v2/service/sts v1.41.5
go: downloading github.com/go-openapi/analysis v0.24.1
go: downloading github.com/go-openapi/jsonpointer v0.22.1
go: downloading github.com/go-openapi/loads v0.23.2
go: downloading github.com/go-openapi/spec v0.22.1
go: downloading go.yaml.in/yaml/v3 v3.0.4
go: downloading github.com/go-logr/logr v1.4.3
go: downloading github.com/go-logr/stdr v1.2.2
go: downloading github.com/aws/smithy-go v1.24.0
go: downloading github.com/aws/aws-sdk-go-v2/feature/ec2/imds v1.18.16
go: downloading github.com/aws/aws-sdk-go-v2/internal/ini v1.8.4
go: downloading github.com/aws/aws-sdk-go-v2/service/signin v1.0.4
go: downloading github.com/aws/aws-sdk-go-v2/service/sso v1.30.8
go: downloading github.com/aws/aws-sdk-go-v2/service/ssooidc v1.35.12
go: downloading go.opentelemetry.io/otel/sdk/metric v1.43.0
go: downloading go.elastic.co/apm/module/apmhttp v1.15.0
go: downloading github.com/elastic/go-licenser v0.4.2
go: downloading github.com/elastic/go-sysinfo v1.15.3
go: downloading github.com/jcchavezs/porto v0.7.0
go: downloading github.com/santhosh-tekuri/jsonschema v1.2.4
go: downloading go.elastic.co/fastjson v1.5.1
go: downloading golang.org/x/lint v0.0.0-20241112194109-818c5a804067
go: downloading github.com/jaegertracing/jaeger-idl v0.6.0
go: downloading github.com/GoogleCloudPlatform/opentelemetry-operations-go/internal/resourcemapping v0.52.0
go: downloading github.com/GoogleCloudPlatform/opentelemetry-operations-go/internal/cloudmock v0.51.0
go: downloading github.com/rivo/uniseg v0.4.7
go: downloading github.com/aws/aws-sdk-go-v2/service/ec2 v1.277.0
go: downloading github.com/aws/aws-sdk-go-v2/service/ecs v1.69.5
go: downloading github.com/aws/aws-sdk-go-v2/service/lightsail v1.50.10
go: downloading github.com/Azure/azure-sdk-for-go/sdk/resourcemanager/compute/armcompute/v5 v5.7.0
go: downloading github.com/Azure/azure-sdk-for-go/sdk/resourcemanager/network/armnetwork/v4 v4.3.0
go: downloading github.com/Code-Hex/go-generics-cache v1.5.1
go: downloading github.com/hashicorp/consul/api v1.32.1
go: downloading github.com/hetznercloud/hcloud-go/v2 v2.32.0
go: downloading github.com/digitalocean/godo v1.171.0
go: downloading github.com/ionos-cloud/sdk-go/v6 v6.3.5
go: downloading k8s.io/api v0.34.3
go: downloading k8s.io/apimachinery v0.34.3
go: downloading github.com/linode/linodego v1.63.0
go: downloading github.com/docker/docker v28.5.2+incompatible
go: downloading github.com/hashicorp/nomad/api v0.0.0-20251216171439-1dee0671280e
go: downloading github.com/gophercloud/gophercloud/v2 v2.9.0
go: downloading github.com/ovh/go-ovh v1.9.0
go: downloading github.com/scaleway/scaleway-sdk-go v1.0.0-beta.35
go: downloading github.com/stackitcloud/stackit-sdk-go/core v0.20.1
go: downloading github.com/kolo/xmlrpc v0.0.0-20220921171641-a4b6fa1dd06b
go: downloading github.com/vultr/govultr/v2 v2.17.2
go: downloading github.com/envoyproxy/go-control-plane/envoy v1.37.0
go: downloading github.com/envoyproxy/protoc-gen-validate v1.3.3
go: downloading google.golang.org/genproto/googleapis/api v0.0.0-20260414002931-afd174a4e478
go: downloading github.com/go-zookeeper/zk v1.0.4
go: downloading go.opentelemetry.io/contrib/propagators/aws v1.36.0
go: downloading go.opentelemetry.io/contrib/propagators/b3 v1.36.0
go: downloading go.opentelemetry.io/contrib/propagators/jaeger v1.36.0
go: downloading go.opentelemetry.io/contrib/propagators/ot v1.36.0
go: downloading github.com/lightstep/lightstep-tracer-common/golang/gogo v0.0.0-20210210170715-a8dfcb80d3a7
go: downloading github.com/grpc-ecosystem/grpc-gateway/v2 v2.28.0
go: downloading go.uber.org/zap v1.27.1
go: downloading go.opentelemetry.io/collector/pipeline v1.48.0
go: downloading go.opentelemetry.io/collector/consumer/consumertest v0.142.0
go: downloading github.com/open-telemetry/opentelemetry-collector-contrib/internal/exp/metrics v0.142.0
go: downloading github.com/puzpuzpuz/xsync/v3 v3.5.1
go: downloading go.opentelemetry.io/collector/confmap/xconfmap v0.142.0
go: downloading go.opentelemetry.io/collector/confmap v1.48.0
go: downloading go.opentelemetry.io/collector/component/componenttest v0.142.0
go: downloading go.opentelemetry.io/collector/processor/processortest v0.142.0
go: downloading github.com/googleapis/gax-go/v2 v2.15.0
go: downloading github.com/HdrHistogram/hdrhistogram-go v1.1.2
go: downloading github.com/mdlayher/socket v0.5.1
go: downloading github.com/mailru/easyjson v0.9.0
go: downloading github.com/gobwas/ws v1.2.1
go: downloading github.com/ledongthuc/pdf v0.0.0-20220302134840-0c2507a12d80
go: downloading github.com/orisano/pixelmatch v0.0.0-20220722002657-fb0b55479cde
go: downloading go.opentelemetry.io/collector/featuregate v1.48.0
go: downloading go.opentelemetry.io/proto/slim/otlp/collector/profiles/v1development v0.2.0
go: downloading go.opentelemetry.io/proto/slim/otlp/profiles/v1development v0.2.0
go: downloading github.com/philhofer/fwd v1.1.3-0.20240916144458-20a13a1f6b7c
go: downloading github.com/go-openapi/swag/jsonutils/fixtures_test v0.25.4
go: downloading github.com/go-openapi/testify/enable/yaml/v2 v2.0.2
go: downloading k8s.io/klog/v2 v2.130.1
go: downloading k8s.io/utils v0.0.0-20250604170112-4c0f3b243397
go: downloading github.com/Azure/azure-sdk-for-go/sdk/internal v1.11.2
go: downloading github.com/AzureAD/microsoft-authentication-library-for-go v1.6.0
go: downloading github.com/Azure/azure-sdk-for-go/sdk/azidentity/cache v0.3.2
go: downloading cloud.google.com/go/compute/metadata v0.9.0
go: downloading github.com/kr/pretty v0.3.1
go: downloading github.com/bluele/gcache v0.0.2
go: downloading github.com/google/btree v1.1.3
go: downloading cloud.google.com/go/iam v1.5.2
go: downloading github.com/GoogleCloudPlatform/opentelemetry-operations-go/exporter/metric v0.50.0
go: downloading go.opentelemetry.io/contrib/detectors/gcp v1.43.0
go: downloading go.opentelemetry.io/otel/exporters/stdout/stdoutmetric v1.29.0
go: downloading github.com/goccy/go-json v0.10.5
go: downloading github.com/rs/xid v1.6.0
go: downloading github.com/clbanning/mxj v1.8.4
go: downloading github.com/google/go-querystring v1.1.0
go: downloading github.com/mitchellh/mapstructure v1.5.0
go: downloading github.com/mozillazg/go-httpheader v0.4.0
go: downloading github.com/aws/aws-sdk-go-v2/internal/configsources v1.4.16
go: downloading github.com/aws/aws-sdk-go-v2/service/internal/accept-encoding v1.13.4
go: downloading github.com/aws/aws-sdk-go-v2/service/internal/presigned-url v1.13.16
go: downloading go.opentelemetry.io/auto/sdk v1.2.1
go: downloading github.com/go-openapi/jsonreference v0.21.3
go: downloading github.com/armon/go-radix v1.0.0
go: downloading golang.org/x/telemetry v0.0.0-20260625142307-59b4966ccb57
go: downloading golang.org/x/mod v0.37.0
go: downloading cloud.google.com/go/logging v1.13.0
go: downloading cloud.google.com/go/monitoring v1.24.2
go: downloading github.com/hashicorp/go-cleanhttp v0.5.2
go: downloading github.com/hashicorp/go-hclog v1.6.3
go: downloading github.com/hashicorp/go-multierror v1.1.1
go: downloading github.com/hashicorp/go-rootcerts v1.0.2
go: downloading github.com/hashicorp/serf v0.10.1
go: downloading github.com/hashicorp/go-retryablehttp v0.7.7
go: downloading sigs.k8s.io/randfill v1.0.0
go: downloading sigs.k8s.io/structured-merge-diff/v6 v6.3.0
go: downloading github.com/spf13/pflag v1.0.6
go: downloading golang.org/x/term v0.44.0
go: downloading github.com/go-resty/resty/v2 v2.17.1
go: downloading gopkg.in/ini.v1 v1.67.0
go: downloading github.com/gorilla/websocket v1.5.4-0.20250319132907-e064f32e3674
go: downloading github.com/hashicorp/cronexpr v1.1.3
go: downloading github.com/docker/go-connections v0.4.0
go: downloading github.com/docker/go-units v0.5.0
go: downloading github.com/moby/docker-image-spec v1.3.1
go: downloading github.com/opencontainers/image-spec v1.0.2
go: downloading github.com/Microsoft/go-winio v0.6.2
go: downloading github.com/containerd/errdefs v1.0.0
go: downloading github.com/containerd/errdefs/pkg v0.3.0
go: downloading github.com/distribution/reference v0.5.0
go: downloading github.com/opencontainers/go-digest v1.0.0
go: downloading github.com/cenkalti/backoff/v5 v5.0.3
go: downloading github.com/open-telemetry/opentelemetry-collector-contrib/pkg/pdatautil v0.142.0
go: downloading go.opentelemetry.io/collector/consumer/xconsumer v0.142.0
go: downloading go.opentelemetry.io/collector/pdata/pprofile v0.142.0
go: downloading go.opentelemetry.io/collector/component/componentstatus v0.142.0
go: downloading go.opentelemetry.io/collector/pdata/testdata v0.142.0
go: downloading go.opentelemetry.io/collector/processor/xprocessor v0.142.0
go: downloading github.com/chromedp/sysutil v1.0.0
go: downloading github.com/josharian/intern v1.0.0
go: downloading github.com/gobwas/httphead v0.1.0
go: downloading github.com/gobwas/pool v0.2.1
go: downloading github.com/hashicorp/go-version v1.8.0
go: downloading github.com/pkg/browser v0.0.0-20240102092130-5ac0b6a4141c
go: downloading github.com/Azure/azure-sdk-for-go/sdk/resourcemanager/storage/armstorage v1.8.0
go: downloading github.com/kr/text v0.2.0
go: downloading github.com/rogpeppe/go-internal v1.14.1
go: downloading github.com/AzureAD/microsoft-authentication-extensions-for-go/cache v0.1.1
go: downloading github.com/GoogleCloudPlatform/opentelemetry-operations-go/detectors/gcp v1.32.0
go: downloading github.com/cncf/xds/go v0.0.0-20260202195803-dba9d589def2
go: downloading github.com/planetscale/vtprotobuf v0.6.1-0.20240319094008-0393e58bdf10
go: downloading cloud.google.com/go/longrunning v0.6.7
go: downloading github.com/aws/aws-sdk-go-v2/internal/endpoints/v2 v2.7.16
go: downloading howett.net/plist v1.0.1
go: downloading github.com/elastic/go-windows v1.0.2
go: downloading github.com/fatih/color v1.18.0
go: downloading github.com/mattn/go-colorable v0.1.14
go: downloading github.com/mattn/go-isatty v0.0.20
go: downloading github.com/hashicorp/errwrap v1.1.0
go: downloading github.com/mitchellh/go-homedir v1.1.0
go: downloading github.com/armon/go-metrics v0.4.1
go: downloading gopkg.in/inf.v0 v0.9.1
go: downloading sigs.k8s.io/json v0.0.0-20241014173422-cfa47c3a1cc8
go: downloading github.com/google/gnostic-models v0.7.0
go: downloading github.com/fxamacker/cbor/v2 v2.9.0
go: downloading github.com/nxadm/tail v1.4.8
go: downloading github.com/envoyproxy/go-control-plane v0.14.0
go: downloading cloud.google.com/go/auth v0.17.0
go: downloading cloud.google.com/go/auth/oauth2adapt v0.2.8
go: downloading go.opentelemetry.io/contrib/instrumentation/google.golang.org/grpc/otelgrpc v0.61.0
go: downloading github.com/keybase/go-keychain v0.0.1
go: downloading github.com/google/martian/v3 v3.3.3
go: downloading github.com/go-task/slim-sprig/v3 v3.0.0
go: downloading github.com/go-task/slim-sprig v0.0.0-20210107165309-348f09dbbbc0
go: downloading k8s.io/kube-openapi v0.0.0-20250710124328-f3f2b991d03b
go: downloading sigs.k8s.io/yaml v1.6.0
go: downloading github.com/gobwas/glob v0.2.3
go: downloading github.com/knadh/koanf/maps v0.1.2
go: downloading github.com/knadh/koanf/providers/confmap v1.0.0
go: downloading github.com/knadh/koanf/v2 v2.3.0
go: downloading gopkg.in/tomb.v1 v1.0.0-20141024135613-dd632973f1e7
go: downloading github.com/google/s2a-go v0.1.9
go: downloading github.com/hashicorp/go-immutable-radix v1.3.1
go: downloading github.com/googleapis/enterprise-certificate-proxy v0.3.7
go: downloading github.com/google/martian v2.1.0+incompatible
go: downloading github.com/x448/float16 v0.8.4
go: downloading github.com/spiffe/go-spiffe/v2 v2.6.0
go: downloading github.com/envoyproxy/go-control-plane/ratelimit v0.1.0
go: downloading gopkg.in/evanphx/json-patch.v4 v4.12.0
go: downloading github.com/mitchellh/copystructure v1.2.0
go: downloading cel.dev/expr v0.25.1
go: downloading github.com/hashicorp/golang-lru v0.6.0
go: downloading github.com/go-jose/go-jose/v4 v4.1.4
go: downloading github.com/mitchellh/reflectwalk v1.0.2
go: downloading github.com/emicklei/go-restful/v3 v3.12.2
go: downloading github.com/youmark/pkcs8 v0.0.0-20240726163527-a2c0da244d78
go: downloading github.com/gofrs/flock v0.12.1
all modules verified
(re)installing /home/jake/go/bin/promu-v0.17.0
go: downloading github.com/prometheus/promu v0.17.0
go: downloading golang.org/x/oauth2 v0.19.0
go: downloading github.com/google/go-github/v25 v25.1.3
go: downloading github.com/Masterminds/semver/v3 v3.2.1
go: downloading github.com/prometheus/common v0.52.3
go: downloading github.com/alecthomas/units v0.0.0-20211218093645-b94a6e3cc137
go: downloading github.com/google/go-querystring v1.0.0
>> building Thanos binary in /home/jake/go/bin
Using config file: .promu.yml
Running command: build [-v --prefix /home/jake/go/bin]
Building binary: thanos
 >   thanos
 +  go build -o /home/jake/go/bin/thanos -ldflags -X github.com/prometheus/common/version.Version=0.43.0-dev -X github.com/prometheus/common/version.Revision=35b8b991177def87ed52dcf10f9b6d87f07282c8 -X github.com/prometheus/common/version.Branch=main -X github.com/prometheus/common/version.BuildUser=root@sbomit-worker-jen-v2 -X github.com/prometheus/common/version.BuildDate=20260906-23:26:54  -extldflags '-static' -a -tags netgo,slicelabels github.com/thanos-io/thanos/cmd/thanos
Building binary: go build -o /home/jake/go/bin/thanos -ldflags -X github.com/prometheus/common/version.Version=0.43.0-dev -X github.com/prometheus/common/version.Revision=35b8b991177def87ed52dcf10f9b6d87f07282c8 -X github.com/prometheus/common/version.Branch=main -X github.com/prometheus/common/version.BuildUser=root@sbomit-worker-jen-v2 -X github.com/prometheus/common/version.BuildDate=20260906-23:26:54  -extldflags '-static' -a -tags netgo,slicelabels github.com/thanos-io/thanos/cmd/thanos
level=info msg="Finished command-run attestor... (71.543349404s)"
level=info msg="Completed execute attestors stage..."
level=info msg="Starting product attestors stage..."
level=info msg="Starting product attestor..."
level=info msg="Finished product attestor... (0.227670482s)"
level=info msg="Completed product attestors stage..."
level=info msg="Starting postproduct attestors stage..."
level=info msg="Completed postproduct attestors stage..."
