Sat Sep 5 21:02:40 UTC 2026: Building source tree
go: downloading github.com/spf13/cobra v1.10.2
go: downloading github.com/gammazero/deque v1.2.1
go: downloading github.com/spf13/pflag v1.0.10
go: downloading github.com/olekukonko/tablewriter v1.1.4
go: downloading golang.org/x/exp v0.0.0-20260824195058-e88cd73687aa
go: downloading google.golang.org/grpc v1.83.2
go: downloading github.com/bndr/gotabulate v1.1.2
go: downloading google.golang.org/protobuf v1.36.12
go: downloading github.com/google/uuid v1.6.0
go: downloading github.com/z-division/go-zookeeper v1.0.0
go: downloading golang.org/x/term v0.45.0
go: downloading gopkg.in/ldap.v2 v2.5.1
go: downloading github.com/aquarapid/vaultlib v0.5.1
go: downloading golang.org/x/sys v0.47.0
go: downloading github.com/kr/pretty v0.3.1
go: downloading github.com/klauspost/compress v1.19.2
go: downloading github.com/prometheus/client_golang v1.24.1
go: downloading github.com/DataDog/datadog-go/v5 v5.9.1
go: downloading github.com/stretchr/testify v1.12.1
go: downloading github.com/kr/text v0.2.0
go: downloading github.com/pires/go-proxyproto v0.15.0
go: downloading github.com/buger/jsonparser v1.6.1
go: downloading github.com/google/safehtml v0.1.0
go: downloading go.etcd.io/etcd/client/v3 v3.7.1
go: downloading github.com/hanwen/go-fuse/v2 v2.11.0
go: downloading github.com/tidwall/gjson v1.19.0
go: downloading github.com/google/go-cmp v0.7.0
go: downloading github.com/AdaLogics/go-fuzz-headers v0.0.0-20240806141605-e8a1dd7889d6
go: downloading go.uber.org/goleak v1.3.0
go: downloading github.com/dave/jennifer v1.7.1
go: downloading github.com/google/go-containerregistry v0.22.0
go: downloading go.opentelemetry.io/otel v1.46.0
go: downloading golang.org/x/tools v0.49.0
go: downloading github.com/go-viper/mapstructure/v2 v2.5.0
go: downloading github.com/spf13/viper v1.21.0
go: downloading github.com/spf13/jwalterweatherman v1.1.0
go: downloading github.com/fsnotify/fsnotify v1.10.1
go: downloading github.com/hashicorp/go-version v1.9.0
go: downloading github.com/spf13/afero v1.15.0
go: downloading go.opentelemetry.io/otel/exporters/otlp/otlptrace v1.46.0
go: downloading modernc.org/sqlite v1.57.0
go: downloading github.com/golang/snappy v1.0.0
go: downloading github.com/golang/glog v1.2.5
go: downloading go.opentelemetry.io/otel/exporters/otlp/otlptrace/otlptracegrpc v1.46.0
go: downloading github.com/Azure/azure-pipeline-go v0.2.3
go: downloading github.com/grpc-ecosystem/go-grpc-prometheus v1.2.0
go: downloading golang.org/x/sync v0.22.0
go: downloading github.com/minio/minio-go v6.0.14+incompatible
go: downloading github.com/lmittmann/tint v1.2.0
go: downloading cloud.google.com/go/storage v1.66.0
go: downloading github.com/google/shlex v0.0.0-20191202100458-e7afc7fbc510
go: downloading github.com/Azure/azure-storage-blob-go v0.15.0
go: downloading github.com/planetscale/vtprotobuf v0.6.1-0.20250313105119-ba97887b0a25
go: downloading github.com/mattn/go-isatty v0.0.24
go: downloading go.opentelemetry.io/otel/sdk v1.46.0
go: downloading golang.org/x/oauth2 v0.36.0
go: downloading github.com/klauspost/pgzip v1.2.6
go: downloading github.com/aws/aws-sdk-go-v2 v1.45.1
go: downloading cloud.google.com/go v0.123.0
go: downloading google.golang.org/api v0.296.0
go: downloading github.com/pierrec/lz4 v2.6.1+incompatible
go: downloading github.com/planetscale/pargzip v0.0.0-20201116224723-90c7fc03ea8a
go: downloading github.com/aws/aws-sdk-go-v2/config v1.33.2
go: downloading go.opentelemetry.io/otel/trace v1.46.0
go: downloading github.com/aws/aws-sdk-go-v2/feature/s3/transfermanager v0.4.2
go: downloading github.com/yudai/golcs v0.0.0-20170316035057-ecda9a501e82
go: downloading github.com/containerd/cgroups/v3 v3.1.3
go: downloading github.com/tchap/go-patricia v2.3.0+incompatible
go: downloading golang.org/x/time v0.15.0
go: downloading github.com/aws/aws-sdk-go-v2/service/s3 v1.110.0
go: downloading github.com/hashicorp/consul/api/v2 v2.0.0
go: downloading go.etcd.io/etcd/api/v3 v3.7.1
go: downloading github.com/shirou/gopsutil/v4 v4.26.7
go: downloading github.com/gorilla/handlers v1.5.2
go: downloading github.com/patrickmn/go-cache v2.1.0+incompatible
go: downloading github.com/aws/smithy-go v1.28.1
go: downloading go.etcd.io/etcd/client/pkg/v3 v3.7.1
go: downloading github.com/gorilla/mux v1.8.1
go: downloading github.com/grpc-ecosystem/go-grpc-middleware/v2 v2.3.4
go: downloading github.com/dustin/go-humanize v1.0.1
go: downloading github.com/soheilhy/cmux v0.1.5
go: downloading golang.org/x/net v0.58.0
go: downloading github.com/cespare/xxhash/v2 v2.3.0
go: downloading github.com/xlab/treeprint v1.2.0
go: downloading github.com/sjmudd/stopwatch v0.1.1
go: downloading go.uber.org/mock v0.6.0
go: downloading sigs.k8s.io/yaml v1.6.0
go: downloading github.com/rogpeppe/go-internal v1.16.0
go: downloading github.com/hashicorp/go-cleanhttp v0.5.2
go: downloading github.com/pkg/errors v0.9.1
go: downloading gopkg.in/asn1-ber.v1 v1.0.0-20181015200546-f715ec2f112d
go: downloading github.com/cpuguy83/go-md2man/v2 v2.0.7
go: downloading go.yaml.in/yaml/v3 v3.0.5
go: downloading github.com/mattn/go-runewidth v0.0.28
go: downloading github.com/olekukonko/errors v1.3.0
go: downloading github.com/olekukonko/ll v0.1.8
go: downloading github.com/beorn7/perks v1.0.1
go: downloading github.com/prometheus/client_model v0.6.3
go: downloading github.com/prometheus/common v0.71.0
go: downloading github.com/prometheus/procfs v0.22.0
go: downloading github.com/coreos/go-semver v0.3.1
go: downloading github.com/golang/protobuf v1.5.4
go: downloading github.com/tidwall/match v1.2.0
go: downloading github.com/tidwall/pretty v1.2.1
go: downloading go.uber.org/zap v1.28.0
go: downloading github.com/sagikazarmark/locafero v0.12.0
go: downloading github.com/spf13/cast v1.10.0
go: downloading golang.org/x/text v0.41.0
go: downloading github.com/mattn/go-ieproxy v0.0.12
go: downloading google.golang.org/genproto/googleapis/rpc v0.0.0-20260831171406-18b4a7587f8a
go: downloading cloud.google.com/go/compute/metadata v0.9.0
go: downloading cloud.google.com/go/auth v0.23.2
go: downloading google.golang.org/genproto v0.0.0-20260831171406-18b4a7587f8a
go: downloading cloud.google.com/go/iam v1.13.0
go: downloading github.com/GoogleCloudPlatform/opentelemetry-operations-go/exporter/metric v0.61.0
go: downloading github.com/googleapis/gax-go/v2 v2.24.0
go: downloading go.opentelemetry.io/contrib/detectors/gcp v1.46.0
go: downloading go.opentelemetry.io/otel/metric v1.46.0
go: downloading go.opentelemetry.io/otel/sdk/metric v1.46.0
go: downloading github.com/go-logr/logr v1.4.4
go: downloading go.opentelemetry.io/proto/otlp v1.11.0
go: downloading github.com/aws/aws-sdk-go-v2/credentials v1.20.2
go: downloading github.com/aws/aws-sdk-go-v2/feature/ec2/imds v1.19.1
go: downloading github.com/aws/aws-sdk-go-v2/service/signin v1.8.0
go: downloading github.com/aws/aws-sdk-go-v2/service/sso v1.36.0
go: downloading github.com/aws/aws-sdk-go-v2/service/ssooidc v1.41.0
go: downloading github.com/aws/aws-sdk-go-v2/service/sts v1.48.0
go: downloading github.com/moby/sys/userns v0.2.0
go: downloading github.com/cilium/ebpf v0.22.0
go: downloading github.com/containerd/log v0.1.0
go: downloading github.com/coreos/go-systemd/v22 v22.7.0
go: downloading github.com/godbus/dbus/v5 v5.2.2
go: downloading github.com/opencontainers/runtime-spec v1.3.0
go: downloading github.com/felixge/httpsnoop v1.1.0
go: downloading github.com/hashicorp/go-hclog v1.6.3
go: downloading github.com/hashicorp/go-multierror v1.1.1
go: downloading github.com/hashicorp/go-rootcerts v1.0.2
go: downloading github.com/hashicorp/serf v0.10.4
go: downloading github.com/cncf/xds/go v0.0.0-20260202195803-dba9d589def2
go: downloading go.yaml.in/yaml/v2 v2.4.4
go: downloading github.com/tklauser/go-sysconf v0.4.0
go: downloading github.com/russross/blackfriday/v2 v2.1.0
go: downloading github.com/clipperhouse/uax29/v2 v2.7.0
go: downloading github.com/clipperhouse/displaywidth v0.11.0
go: downloading github.com/fatih/color v1.19.0
go: downloading github.com/aws/aws-sdk-go-v2/aws/protocol/eventstream v1.7.20
go: downloading github.com/aws/aws-sdk-go-v2/internal/configsources v1.5.1
go: downloading github.com/aws/aws-sdk-go-v2/internal/v4a v1.5.1
go: downloading github.com/aws/aws-sdk-go-v2/service/internal/accept-encoding v1.13.19
go: downloading github.com/aws/aws-sdk-go-v2/service/internal/checksum v1.11.1
go: downloading github.com/aws/aws-sdk-go-v2/service/internal/presigned-url v1.14.1
go: downloading github.com/aws/aws-sdk-go-v2/service/internal/s3shared v1.20.1
go: downloading github.com/grpc-ecosystem/grpc-gateway/v2 v2.30.0
go: downloading google.golang.org/genproto/googleapis/api v0.0.0-20260831171406-18b4a7587f8a
go: downloading github.com/olekukonko/cat v0.0.0-20250911104152-50322a0618f6
go: downloading github.com/goccy/go-json v0.10.6
go: downloading github.com/subosito/gotenv v1.6.0
go: downloading github.com/pelletier/go-toml/v2 v2.4.3
go: downloading github.com/munnerz/goautoneg v0.0.0-20191010083416-a7dc8b61c822
go: downloading github.com/docker/cli v29.7.2+incompatible
go: downloading github.com/opencontainers/go-digest v1.0.0
go: downloading github.com/go-ini/ini v1.67.0
go: downloading github.com/mitchellh/go-homedir v1.1.0
go: downloading golang.org/x/crypto v0.55.0
go: downloading go.uber.org/multierr v1.11.0
go: downloading cloud.google.com/go/monitoring v1.30.0
go: downloading github.com/GoogleCloudPlatform/opentelemetry-operations-go/internal/resourcemapping v0.61.0
go: downloading github.com/GoogleCloudPlatform/opentelemetry-operations-go/detectors/gcp v1.37.0
go: downloading github.com/go-logr/stdr v1.2.2
go: downloading go.opentelemetry.io/auto/sdk v1.2.1
go: downloading github.com/cenkalti/backoff/v5 v5.0.3
go: downloading github.com/sirupsen/logrus v1.10.2
go: downloading github.com/hashicorp/errwrap v1.1.0
go: downloading golang.org/x/mod v0.40.0
go: downloading github.com/envoyproxy/protoc-gen-validate v1.3.3
go: downloading github.com/hashicorp/go-metrics v0.6.1
go: downloading github.com/tklauser/numcpus v0.12.0
go: downloading github.com/mattn/go-colorable v0.1.15
go: downloading github.com/aws/aws-sdk-go-v2/internal/endpoints/v2 v2.8.1
go: downloading github.com/opencontainers/image-spec v1.1.1
go: downloading github.com/envoyproxy/go-control-plane/envoy v1.39.0
go: downloading github.com/armon/go-metrics v0.4.1
go: downloading github.com/spiffe/go-spiffe/v2 v2.8.1
go: downloading github.com/docker/docker-credential-helpers v0.9.9
go: downloading github.com/hashicorp/go-immutable-radix v1.3.1
go: downloading github.com/go-jose/go-jose/v4 v4.1.4
go: downloading modernc.org/libc v1.75.6
go: downloading cel.dev/expr v0.25.3
go: downloading github.com/hashicorp/golang-lru v1.0.2
go: downloading github.com/googleapis/enterprise-certificate-proxy v0.3.21
go: downloading go.opentelemetry.io/contrib/instrumentation/net/http/otelhttp v0.71.0
go: downloading github.com/google/s2a-go v0.1.9
go: downloading modernc.org/memory v1.12.1
go: downloading modernc.org/mathutil v1.7.1
go: downloading github.com/remyoudompheng/bigfft v0.0.0-20230129092748-24d4a6f8daec
go: downloading cloud.google.com/go/auth/oauth2adapt v0.2.8
go: downloading go.opentelemetry.io/contrib/instrumentation/google.golang.org/grpc/otelgrpc v0.71.0
Building VTAdmin Web, disable VTAdmin build by setting 'NOVTADMINBUILD'
~/sbomit-overhead-experiment/repos/vitess ~/sbomit-overhead-experiment/repos/vitess
~/sbomit-overhead-experiment/repos/vitess

[1;32mhostname was empty, set it to "sbomit-worker-jen-v2.c.jc4946-sbomit-6903.internal"[0m

Installing nvm...

[1;32mnvm is already installed![0m

Configuring Node.js 22.13.1

v22.13.1 is already installed.
Now using node v22.13.1 (npm v10.9.2)

[1;32mSetting VITE_VTADMIN_API_ADDRESS to "http://sbomit-worker-jen-v2.c.jc4946-sbomit-6903.internal:14200"[0m

> vtadmin@0.1.0 build
> vite build

vite v8.0.16 building client environment for production...
[2Ktransforming...
../fonts/NotoSans-Regular.ttf referenced in ../fonts/NotoSans-Regular.ttf didn't resolve at build time, it will remain unchanged to be resolved at runtime

../fonts/NotoSans-SemiBold.ttf referenced in ../fonts/NotoSans-SemiBold.ttf didn't resolve at build time, it will remain unchanged to be resolved at runtime

../fonts/NotoSans-Bold.ttf referenced in ../fonts/NotoSans-Bold.ttf didn't resolve at build time, it will remain unchanged to be resolved at runtime

../fonts/NotoMono-Regular.ttf referenced in ../fonts/NotoMono-Regular.ttf didn't resolve at build time, it will remain unchanged to be resolved at runtime
✓ 1789 modules transformed.
rendering chunks...
computing gzip size...
build/index.html                     0.90 kB │ gzip:   0.48 kB
build/assets/index-BM4264nH.css     82.99 kB │ gzip:  15.40 kB
build/assets/index-C9jKVOj9.js   4,254.54 kB │ gzip: 604.02 kB

[plugin builtin:vite-reporter] 
(!) Some chunks are larger than 500 kB after minification. Consider:
- Using dynamic import() to code-split the application
- Use build.rolldownOptions.output.codeSplitting to improve chunking: https://rolldown.rs/reference/OutputOptions.codeSplitting
- Adjust chunk size limit for this warning via build.chunkSizeWarningLimit.
✓ built in 2.86s
