level=info msg="Starting prematerial attestors stage..."
level=info msg="Starting git attestor..."
level=info msg="Starting environment attestor..."
level=info msg="Finished environment attestor... (8.871e-05s)"
level=info msg="Finished git attestor... (0.053234525s)"
level=info msg="Completed prematerial attestors stage..."
level=info msg="Starting material attestors stage..."
level=info msg="Starting material attestor..."
level=info msg="Finished material attestor... (0.435616895s)"
level=info msg="Completed material attestors stage..."
level=info msg="Starting execute attestors stage..."
level=info msg="Starting command-run attestor..."
level=info msg="Using tracer: ebpf for command-run"
    Updating crates.io index
 Downloading crates ...
  Downloaded auditable-serde v0.9.0
  Downloaded atomic-waker v1.1.2
  Downloaded array-init v2.1.0
  Downloaded anstyle-query v1.1.5
  Downloaded approx v0.5.1
  Downloaded darling_core v0.20.11
  Downloaded darling_macro v0.23.0
  Downloaded cobs v0.3.0
  Downloaded cfg_aliases v0.2.2
  Downloaded base16ct v1.0.0
  Downloaded derive_builder_macro v0.20.2
  Downloaded dlib v0.5.3
  Downloaded deranged v0.5.8
  Downloaded httpdate v1.0.3
  Downloaded hyper-timeout v0.5.2
  Downloaded id-arena v2.3.0
  Downloaded io-lifetimes v3.0.1
  Downloaded khronos-egl v6.0.0
  Downloaded matchit v0.8.4
  Downloaded parking_lot_core v0.9.12
  Downloaded quinn-proto v0.11.16
  Downloaded scopeguard v1.2.0
  Downloaded serde_repr v0.1.21
  Downloaded tinyvec_macros v0.1.1
  Downloaded tls_codec_derive v0.4.2
  Downloaded try-lock v0.2.5
  Downloaded tower-layer v0.3.3
  Downloaded thiserror-impl v1.0.69
  Downloaded unicode-xid v0.2.6
  Downloaded tokio-websockets v0.10.1
  Downloaded want v0.3.1
  Downloaded zeroize v1.9.0
  Downloaded zerofrom v0.1.8
  Downloaded zmij v1.0.23
  Downloaded zstd-safe v7.2.4
  Downloaded yoke v0.8.3
  Downloaded wasm-metadata v0.254.0
  Downloaded zerotrie v0.2.4
  Downloaded wgpu-types v29.0.4
  Downloaded zerocopy-derive v0.8.55
  Downloaded zerovec v0.11.6
  Downloaded wit-parser v0.252.0
  Downloaded writeable v0.6.3
  Downloaded witx v0.9.1
  Downloaded wasmtime-wasi v47.0.4
  Downloaded x509-cert v0.2.5
  Downloaded wit-component v0.254.0
  Downloaded wit-component v0.253.0
  Downloaded zerocopy v0.8.55
  Downloaded wasmtime-environ v47.0.4
  Downloaded wit-parser v0.254.0
  Downloaded wgpu-core v29.0.4
  Downloaded tracing v0.1.44
  Downloaded wit-parser v0.253.0
  Downloaded petgraph v0.6.5
  Downloaded wasmtime-internal-component-macro v47.0.4
  Downloaded wasmparser v0.255.0
  Downloaded wgpu-hal v29.0.4
  Downloaded wasmparser v0.254.0
  Downloaded petgraph v0.8.3
  Downloaded wasmparser v0.253.0
  Downloaded wasmparser v0.252.0
  Downloaded wasmtime-internal-cranelift v47.0.4
  Downloaded winnow v0.7.15
  Downloaded webpki-roots v1.0.9
  Downloaded wast v255.0.0
  Downloaded tokio v1.53.1
  Downloaded linux-raw-sys v0.12.1
  Downloaded ring v0.17.14
  Downloaded wasmtime-wasi-http v47.0.4
  Downloaded winnow v1.0.4
  Downloaded oci-wasm v0.6.0
  Downloaded wast v35.0.2
  Downloaded wasmprinter v0.252.0
  Downloaded wasm-pkg-client v0.16.1
  Downloaded zstd-sys v2.0.16+zstd.1.5.7
  Downloaded wasm-metadata v0.253.0
  Downloaded unicode-width v0.2.2
  Downloaded tracing-subscriber v0.3.23
  Downloaded webpki-roots v0.26.11
  Downloaded wasmtime-wasi-io v47.0.4
  Downloaded wasm-pkg-common v0.16.1
  Downloaded wasm-encoder v0.253.0
  Downloaded wasm-compose v0.252.0
  Downloaded zstd v0.13.3
  Downloaded zerovec-derive v0.11.3
  Downloaded yoke-derive v0.8.2
  Downloaded wiggle-generate v47.0.4
  Downloaded wiggle v47.0.4
  Downloaded wayland-sys v0.31.11
  Downloaded wasmtime v47.0.4
  Downloaded wat v1.255.0
  Downloaded wasmtime-internal-unwinder v47.0.4
  Downloaded wasm-pkg-core v0.16.1
  Downloaded wasm-encoder v0.255.0
  Downloaded wasm-encoder v0.254.0
  Downloaded wasm-encoder v0.252.0
  Downloaded uuid v1.24.0
  Downloaded unicode-normalization v0.1.25
  Downloaded typenum v1.20.1
  Downloaded tower-http v0.6.11
  Downloaded tonic v0.14.6
  Downloaded syn v3.0.3
  Downloaded rustls v0.23.43
  Downloaded zeroize_derive v1.5.0
  Downloaded zerofrom-derive v0.1.7
  Downloaded yansi v1.0.1
  Downloaded whoami v2.1.2
  Downloaded wgpu-core-deps-windows-linux-android v29.0.4
  Downloaded wasmtime-internal-fiber v47.0.4
  Downloaded url v2.5.8
  Downloaded unicode-properties v0.1.4
  Downloaded unicode-ident v1.0.24
  Downloaded unicode-bidi v0.3.18
  Downloaded unicase v2.9.0
  Downloaded ulid v1.2.1
  Downloaded tryhard v0.5.2
  Downloaded wiggle-macro v47.0.4
  Downloaded wasmtime-internal-core v47.0.4
  Downloaded wasmtime-internal-cache v47.0.4
  Downloaded wasi-webgpu-wasmtime v0.2.0
  Downloaded uncased v0.9.10
  Downloaded tracing-opentelemetry v0.32.1
  Downloaded topological-sort v0.2.2
  Downloaded toml_parser v1.1.3+spec-1.1.0
  Downloaded toml_datetime v1.1.1+spec-1.1.0
  Downloaded toml_datetime v0.7.5+spec-1.1.0
  Downloaded toml v1.1.4+spec-1.1.0
  Downloaded toml v0.9.12+spec-1.1.0
  Downloaded toml v0.8.23
  Downloaded wgpu-naga-bridge v29.0.4
  Downloaded wasmtime-internal-wit-bindgen v47.0.4
  Downloaded wasmtime-internal-versioned-export-macros v47.0.4
  Downloaded wasmtime-internal-jit-icache-coherence v47.0.4
  Downloaded wasmtime-internal-jit-debug v47.0.4
  Downloaded wasmtime-internal-component-util v47.0.4
  Downloaded wasi-preview1-component-adapter-provider v46.0.2
  Downloaded wasi-gfx-runtime-shared v0.2.0
  Downloaded utf8parse v0.2.2
  Downloaded utf8_iter v1.0.4
  Downloaded untrusted v0.7.1
  Downloaded tower v0.5.3
  Downloaded toml_writer v1.1.2+spec-1.1.0
  Downloaded toml_write v0.1.2
  Downloaded oci-client v0.17.0
  Downloaded toml_edit v0.22.27
  Downloaded toml_datetime v0.6.11
  Downloaded tokio-util v0.7.19
  Downloaded tokio-postgres-rustls v0.13.0
  Downloaded tokio-postgres v0.7.18
  Downloaded time v0.3.54
  Downloaded syn v2.0.119
  Downloaded encoding_rs v0.8.35
  Downloaded version_check v0.9.5
  Downloaded untrusted v0.9.0
  Downloaded unsafe-libyaml v0.2.11
  Downloaded tracing-core v0.1.36
  Downloaded tonic-prost v0.14.6
  Downloaded tokio-rustls v0.26.4
  Downloaded regex-automata v0.4.16
  Downloaded regex-syntax v0.8.11
  Downloaded redis v0.27.6
  Downloaded tracing-attributes v0.1.31
  Downloaded tokio-stream v0.1.19
  Downloaded thiserror-impl v2.0.19
  Downloaded sysinfo v0.32.1
  Downloaded spdx v0.13.4
  Downloaded rustix v1.1.4
  Downloaded reqwest v0.13.4
  Downloaded rayon v1.12.0
  Downloaded thread_local v1.1.10
  Downloaded thiserror v2.0.19
  Downloaded thiserror v1.0.69
  Downloaded terminal_size v0.4.4
  Downloaded termcolor v1.4.1
  Downloaded tempfile v3.27.0
  Downloaded tar v0.4.46
  Downloaded tagptr v0.2.0
  Downloaded socket2 v0.6.5
  Downloaded signatory v0.27.1
  Downloaded serde_yaml_ng v0.9.36
  Downloaded serde_json v1.0.151
  Downloaded serde v1.0.229
  Downloaded reqwest v0.12.28
  Downloaded regex v1.13.1
  Downloaded tracing-serde v0.2.0
  Downloaded tower-service v0.3.3
  Downloaded tokio-macros v2.7.2
  Downloaded target-lexicon v0.13.5
  Downloaded synstructure v0.13.2
  Downloaded smallvec v1.15.2
  Downloaded sharded-slab v0.1.7
  Downloaded sha2 v0.10.9
  Downloaded serde_derive v1.0.229
  Downloaded serde_core v1.0.229
  Downloaded rustls-webpki v0.103.13
  Downloaded rand v0.10.2
  Downloaded rand v0.9.5
  Downloaded tls_codec v0.4.2
  Downloaded tinyvec v1.12.0
  Downloaded tinystr v0.8.3
  Downloaded time-macros v0.2.32
  Downloaded time-core v0.1.9
  Downloaded stringprep v0.1.5
  Downloaded spirv v0.4.0+sdk-1.4.341.0
  Downloaded simd-adler32 v0.3.10
  Downloaded signature v2.2.0
  Downloaded signal-hook-registry v1.4.8
  Downloaded shell-words v1.1.1
  Downloaded sha2 v0.11.0
  Downloaded serde_yaml v0.9.34+deprecated
  Downloaded serde_spanned v1.1.1
  Downloaded serde_spanned v0.6.9
  Downloaded serde_nanos v0.1.4
  Downloaded semver v1.0.28
  Downloaded ryu v1.0.23
  Downloaded rustls-platform-verifier v0.7.0
  Downloaded rustls-pki-types v1.15.1
  Downloaded rustls-native-certs v0.8.4
  Downloaded rustc-demangle v0.1.28
  Downloaded regalloc2 v0.15.2
  Downloaded rayon-core v1.13.0
  Downloaded rand_core v0.10.1
  Downloaded rand_chacha v0.9.0
  Downloaded rand v0.8.7
  Downloaded quinn-udp v0.5.15
  Downloaded quinn v0.11.11
  Downloaded pulley-interpreter v47.0.4
  Downloaded prost-build v0.14.4
  Downloaded prost v0.14.4
  Downloaded proc-macro2 v1.0.107
  Downloaded prettyplease v0.2.37
  Downloaded presser v0.3.1
  Downloaded portable-atomic v1.14.0
  Downloaded pin-project-internal v1.1.13
  Downloaded pin-project v1.1.13
  Downloaded pbjson-types v0.8.0
  Downloaded opentelemetry v0.31.0
  Downloaded num-traits v0.2.19
  Downloaded sync_wrapper v1.0.2
  Downloaded subtle v2.6.1
  Downloaded strum_macros v0.27.2
  Downloaded strum v0.27.2
  Downloaded strsim v0.11.1
  Downloaded stable_deref_trait v1.2.1
  Downloaded spki v0.7.3
  Downloaded slab v0.4.12
  Downloaded siphasher v1.0.3
  Downloaded shlex v2.0.1
  Downloaded serde_urlencoded v0.7.1
  Downloaded secrecy v0.10.3
  Downloaded rustc-hash v2.1.3
  Downloaded rand_core v0.6.4
  Downloaded quote v1.0.47
  Downloaded prost-derive v0.14.4
  Downloaded opentelemetry-otlp v0.31.1
  Downloaded num-rational v0.4.2
  Downloaded rustversion v1.0.23
  Downloaded rustc_version v0.4.1
  Downloaded rustc-hash v1.1.0
  Downloaded raw-window-handle v0.6.2
  Downloaded rand_core v0.9.5
  Downloaded rand_chacha v0.3.1
  Downloaded proc-macro2-diagnostics v0.10.1
  Downloaded ppv-lite86 v0.2.21
  Downloaded postgres-types v0.2.14
  Downloaded postcard v1.1.3
  Downloaded phf_shared v0.13.1
  Downloaded phf v0.13.1
  Downloaded pg_bigdecimal v0.1.5
  Downloaded percent-encoding v2.3.2
  Downloaded pem-rfc7468 v0.7.0
  Downloaded pear v0.2.9
  Downloaded pbjson v0.8.0
  Downloaded pastey v0.2.3
  Downloaded oci-spec v0.9.0
  Downloaded naga v29.0.4
  Downloaded rustix-linux-procfs v0.1.1
  Downloaded rand_pcg v0.10.2
  Downloaded pulley-macros v47.0.4
  Downloaded profiling v1.0.18
  Downloaded powerfmt v0.2.0
  Downloaded potential_utf v0.1.5
  Downloaded postgres-protocol v0.6.12
  Downloaded postgres v0.19.14
  Downloaded pkg-config v0.3.33
  Downloaded pkcs8 v0.10.2
  Downloaded pin-project-lite v0.2.17
  Downloaded pear_codegen v0.2.9
  Downloaded pbjson-build v0.8.0
  Downloaded parking v2.2.1
  Downloaded ordered-float v5.3.0
  Downloaded opentelemetry_sdk v0.31.0
  Downloaded opentelemetry-semantic-conventions v0.31.0
  Downloaded opentelemetry-http v0.31.0
  Downloaded opentelemetry-appender-tracing v0.31.1
  Downloaded openssl-probe v0.2.1
  Downloaded once_cell v1.21.4
  Downloaded object v0.39.1
  Downloaded num_cpus v1.17.0
  Downloaded num-iter v0.1.46
  Downloaded num-integer v0.1.46
  Downloaded num-conv v0.2.2
  Downloaded num-bigint v0.4.8
  Downloaded num v0.4.3
  Downloaded prost-types v0.14.4
  Downloaded postgres-derive v0.4.9
  Downloaded olpc-cjson v0.1.4
  Downloaded nix v0.31.3
  Downloaded moka v0.12.15
  Downloaded mio v1.2.2
  Downloaded miniz_oxide v0.8.9
  Downloaded mime v0.3.17
  Downloaded memfd v0.6.5
  Downloaded md-5 v0.11.0
  Downloaded maybe-owned v0.3.4
  Downloaded libc v0.2.189
  Downloaded ittapi v0.4.0
  Downloaded itertools v0.14.0
  Downloaded hyper v1.11.0
  Downloaded h2 v0.4.17
  Downloaded gimli v0.33.0
  Downloaded futures-util v0.3.33
  Downloaded curve25519-dalek v4.1.3
  Downloaded cranelift-codegen v0.134.4
  Downloaded parking_lot v0.12.5
  Downloaded opentelemetry-proto v0.31.0
  Downloaded num-complex v0.4.6
  Downloaded nu-ansi-term v0.50.3
  Downloaded nkeys v0.4.5
  Downloaded names v0.14.0
  Downloaded multimap v0.10.1
  Downloaded memchr v2.8.3
  Downloaded lru-slab v0.1.2
  Downloaded libm v0.2.16
  Downloaded leb128fmt v0.1.0
  Downloaded leb128 v0.2.7
  Downloaded konst v0.2.20
  Downloaded jsonwebtoken v10.4.0
  Downloaded ittapi-sys v0.4.0
  Downloaded itertools v0.13.0
  Downloaded idna v1.1.0
  Downloaded icu_normalizer v2.2.0
  Downloaded http v1.5.0
  Downloaded hashbrown v0.17.1
  Downloaded hashbrown v0.16.1
  Downloaded hashbrown v0.15.5
  Downloaded gpu-allocator v0.28.0
  Downloaded glow v0.17.0
  Downloaded flate2 v1.1.9
  Downloaded figment v0.10.19
  Downloaded ed25519-dalek v2.2.0
  Downloaded der v0.7.10
  Downloaded matchers v0.2.0
  Downloaded log v0.4.33
  Downloaded lock_api v0.4.14
  Downloaded litrs v1.0.0
  Downloaded litemap v0.8.2
  Downloaded libloading v0.8.9
  Downloaded lazy_static v1.5.0
  Downloaded konst_macro_rules v0.2.19
  Downloaded jobserver v0.1.35
  Downloaded itoa v1.0.18
  Downloaded ipnet v2.12.0
  Downloaded io-lifetimes v2.0.4
  Downloaded io-extras v0.18.4
  Downloaded hmac v0.13.0
  Downloaded half v2.7.1
  Downloaded getrandom v0.4.3
  Downloaded getrandom v0.3.4
  Downloaded getrandom v0.2.17
  Downloaded geo-types v0.7.19
  Downloaded futures-executor v0.3.33
  Downloaded futures v0.3.33
  Downloaded event-listener v5.4.2
  Downloaded darling_core v0.23.0
  Downloaded ash v0.38.0+1.3.281
  Downloaded is_terminal_polyfill v1.70.2
  Downloaded io-extras v0.19.0
  Downloaded indexmap v2.14.0
  Downloaded icu_properties_data v2.2.0
  Downloaded hybrid-array v0.4.14
  Downloaded humantime v2.4.0
  Downloaded httparse v1.10.1
  Downloaded http-body-util v0.1.4
  Downloaded http-body v1.1.0
  Downloaded http-auth v0.1.10
  Downloaded fxprof-processed-profile v0.8.1
  Downloaded fuzzy-matcher v0.3.7
  Downloaded futures-channel v0.3.33
  Downloaded fs_extra v1.3.0
  Downloaded fs-set-times v0.20.3
  Downloaded foldhash v0.2.0
  Downloaded foldhash v0.1.5
  Downloaded fixedbitset v0.5.7
  Downloaded filetime v0.2.29
  Downloaded fastrand v2.5.0
  Downloaded fallible-iterator v0.2.0
  Downloaded event-listener-strategy v0.5.4
  Downloaded embedded-io v0.4.0
  Downloaded either v1.17.0
  Downloaded ed25519 v2.2.3
  Downloaded document-features v0.2.12
  Downloaded derive_builder v0.20.2
  Downloaded clap_builder v4.6.5
  Downloaded chrono v0.4.45
  Downloaded axum v0.8.9
  Downloaded aws-lc-rs v1.17.3
  Downloaded async-nats v0.49.1
  Downloaded aho-corasick v1.1.4
  Downloaded inlinable_string v0.1.15
  Downloaded idna_adapter v1.2.2
  Downloaded ident_case v1.0.1
  Downloaded icu_provider v2.2.0
  Downloaded icu_properties v2.2.0
  Downloaded icu_normalizer_data v2.2.0
  Downloaded icu_locale_core v2.2.0
  Downloaded icu_collections v2.2.0
  Downloaded hyper-util v0.1.20
  Downloaded humansize v2.1.3
  Downloaded gpu-descriptor-types v0.2.0
  Downloaded glob v0.3.4
  Downloaded futures-task v0.3.33
  Downloaded futures-io v0.3.33
  Downloaded form_urlencoded v1.2.2
  Downloaded fixedbitset v0.4.2
  Downloaded etcetera v0.11.0
  Downloaded etcetera v0.10.0
  Downloaded errno v0.3.14
  Downloaded equivalent v1.0.2
  Downloaded dunce v1.0.5
  Downloaded docker_credential v1.4.0
  Downloaded digest v0.10.7
  Downloaded deadpool v0.12.3
  Downloaded darling v0.20.11
  Downloaded crossbeam-channel v0.5.16
  Downloaded cranelift-isle v0.134.4
  Downloaded cranelift-frontend v0.134.4
  Downloaded cranelift-codegen-meta v0.134.4
  Downloaded cpp_demangle v0.5.1
  Downloaded const_format v0.2.36
  Downloaded combine v4.6.7
  Downloaded cc v1.4.0
  Downloaded cap-primitives v4.0.3
  Downloaded cap-primitives v3.4.5
  Downloaded bumpalo v3.20.3
  Downloaded bon-macros v3.9.3
  Downloaded bigdecimal v0.4.10
  Downloaded base64 v0.23.0
  Downloaded base64 v0.22.1
  Downloaded iana-time-zone v0.1.65
  Downloaded aws-lc-sys v0.43.0
  Downloaded hostname v0.4.2
  Downloaded home v0.5.12
  Downloaded hexf-parse v0.2.1
  Downloaded heck v0.5.0
  Downloaded futures-macro v0.3.33
  Downloaded futures-core v0.3.33
  Downloaded embedded-io v0.6.1
  Downloaded derive_builder_core v0.20.2
  Downloaded deadpool-postgres v0.14.1
  Downloaded data-encoding v2.11.0
  Downloaded darling v0.23.0
  Downloaded const_format_proc_macros v0.2.34
  Downloaded const-oid v0.10.2
  Downloaded console v0.15.11
  Downloaded codespan-reporting v0.13.1
  Downloaded clap_complete v4.6.8
  Downloaded clap v4.6.5
  Downloaded cap-std v3.4.5
  Downloaded bytes v1.12.1
  Downloaded bytemuck v1.25.2
  Downloaded bon v3.9.3
  Downloaded bitflags v2.13.1
  Downloaded axum-core v0.5.6
  Downloaded arc-swap v1.9.2
  Downloaded allocator-api2 v0.2.21
  Downloaded hyper-rustls v0.27.9
  Downloaded gpu-descriptor v0.3.2
  Downloaded find-msvc-tools v0.1.9
  Downloaded displaydoc v0.2.7
  Downloaded dialoguer v0.11.0
  Downloaded der_derive v0.7.3
  Downloaded darling_macro v0.20.11
  Downloaded ctutils v0.4.2
  Downloaded crossbeam-utils v0.8.22
  Downloaded crossbeam-epoch v0.9.20
  Downloaded crossbeam-deque v0.8.7
  Downloaded crc32fast v1.5.0
  Downloaded cranelift-assembler-x64-meta v0.134.4
  Downloaded cranelift-assembler-x64 v0.134.4
  Downloaded const-oid v0.9.6
  Downloaded cmov v0.5.4
  Downloaded clap_lex v1.1.0
  Downloaded clap_derive v4.6.4
  Downloaded cidr v0.2.3
  Downloaded chacha20 v0.10.1
  Downloaded cap-std v4.0.3
  Downloaded cap-fs-ext v4.0.3
  Downloaded base64ct v1.8.3
  Downloaded arrayvec v0.7.8
  Downloaded arbitrary v1.4.2
  Downloaded addr2line v0.26.1
  Downloaded hex v0.4.3
  Downloaded getset v0.1.7
  Downloaded generic-array v0.14.7
  Downloaded futures-sink v0.3.33
  Downloaded fnv v1.0.7
  Downloaded flagset v0.4.7
  Downloaded digest v0.11.3
  Downloaded cranelift-entity v0.134.4
  Downloaded cranelift-bforest v0.134.4
  Downloaded cmake v0.1.58
  Downloaded bit-vec v0.9.1
  Downloaded bit-vec v0.6.3
  Downloaded bigdecimal v0.3.1
  Downloaded crypto-common v0.2.2
  Downloaded byteorder v1.5.0
  Downloaded bytemuck_derive v1.11.0
  Downloaded bit-set v0.9.1
  Downloaded dirs-sys-next v0.1.2
  Downloaded directories-next v2.0.0
  Downloaded ctrlc v3.5.2
  Downloaded cranelift-srcgen v0.134.4
  Downloaded cranelift-native v0.134.4
  Downloaded cranelift-control v0.134.4
  Downloaded cranelift-codegen-shared v0.134.4
  Downloaded cranelift-bitset v0.134.4
  Downloaded cpufeatures v0.3.0
  Downloaded cpufeatures v0.2.17
  Downloaded autocfg v1.5.1
  Downloaded async-trait v0.1.91
  Downloaded async-broadcast v0.7.2
  Downloaded anyhow v1.0.104
  Downloaded anstyle v1.0.14
  Downloaded adler2 v2.0.1
  Downloaded debugid v0.8.0
  Downloaded deadpool-runtime v0.1.4
  Downloaded crypto-common v0.1.7
  Downloaded colorchoice v1.0.5
  Downloaded clap-markdown v0.1.5
  Downloaded cfg-if v1.0.4
  Downloaded callback-future v0.1.0
  Downloaded curve25519-dalek-derive v0.1.1
  Downloaded cap-net-ext v3.4.5
  Downloaded block-buffer v0.12.1
  Downloaded block-buffer v0.10.4
  Downloaded anstyle-parse v1.0.0
  Downloaded anstream v1.0.0
  Downloaded ambient-authority v0.0.2
   Compiling proc-macro2 v1.0.107
   Compiling unicode-ident v1.0.24
   Compiling quote v1.0.47
   Compiling serde_core v1.0.229
   Compiling cfg-if v1.0.4
   Compiling serde v1.0.229
   Compiling libc v0.2.189
   Compiling memchr v2.8.3
   Compiling foldhash v0.2.0
   Compiling libm v0.2.16
   Compiling equivalent v1.0.2
   Compiling bitflags v2.13.1
   Compiling log v0.4.33
   Compiling anyhow v1.0.104
   Compiling itoa v1.0.18
   Compiling pin-project-lite v0.2.17
   Compiling shlex v2.0.1
   Compiling find-msvc-tools v0.1.9
   Compiling version_check v0.9.5
   Compiling once_cell v1.21.4
   Compiling futures-core v0.3.33
   Compiling typenum v1.20.1
   Compiling zmij v1.0.23
   Compiling futures-sink v0.3.33
   Compiling parking_lot_core v0.9.12
   Compiling serde_json v1.0.151
   Compiling scopeguard v1.2.0
   Compiling generic-array v0.14.7
   Compiling heck v0.5.0
   Compiling futures-channel v0.3.33
   Compiling futures-task v0.3.33
   Compiling futures-io v0.3.33
   Compiling lock_api v0.4.14
   Compiling slab v0.4.12
   Compiling thiserror v2.0.19
   Compiling pkg-config v0.3.33
   Compiling autocfg v1.5.1
   Compiling base64 v0.22.1
   Compiling hashbrown v0.17.1
   Compiling allocator-api2 v0.2.21
   Compiling fnv v1.0.7
   Compiling tracing-core v0.1.36
   Compiling num-traits v0.2.19
   Compiling percent-encoding v2.3.2
   Compiling syn v2.0.119
   Compiling syn v3.0.3
   Compiling rustix v1.1.4
   Compiling linux-raw-sys v0.12.1
   Compiling stable_deref_trait v1.2.1
   Compiling jobserver v0.1.35
   Compiling leb128fmt v0.1.0
   Compiling crypto-common v0.1.7
   Compiling block-buffer v0.10.4
   Compiling rand_core v0.10.1
   Compiling getrandom v0.4.3
   Compiling cc v1.4.0
   Compiling digest v0.10.7
   Compiling fs_extra v1.3.0
   Compiling dunce v1.0.5
   Compiling crc32fast v1.5.0
   Compiling wasmtime-internal-core v47.0.4
   Compiling errno v0.3.14
   Compiling socket2 v0.6.5
   Compiling mio v1.2.2
   Compiling getrandom v0.2.17
   Compiling signal-hook-registry v1.4.8
   Compiling hashbrown v0.16.1
   Compiling target-lexicon v0.13.5
   Compiling aws-lc-rs v1.17.3
   Compiling ipnet v2.12.0
   Compiling litemap v0.8.2
   Compiling unicode-width v0.2.2
   Compiling cmake v0.1.58
   Compiling zerocopy v0.8.55
   Compiling writeable v0.6.3
   Compiling semver v1.0.28
   Compiling subtle v2.6.1
   Compiling utf8_iter v1.0.4
   Compiling icu_properties_data v2.2.0
   Compiling cpufeatures v0.2.17
   Compiling icu_normalizer_data v2.2.0
   Compiling untrusted v0.7.1
   Compiling bumpalo v3.20.3
   Compiling untrusted v0.9.0
   Compiling cpufeatures v0.3.0
   Compiling cranelift-srcgen v0.134.4
   Compiling sha2 v0.10.9
   Compiling indexmap v2.14.0
   Compiling hybrid-array v0.4.14
   Compiling rustls v0.23.43
   Compiling cmov v0.5.4
   Compiling httparse v1.10.1
   Compiling aws-lc-sys v0.43.0
   Compiling ring v0.17.14
   Compiling cranelift-assembler-x64-meta v0.134.4
   Compiling tower-service v0.3.3
   Compiling ctutils v0.4.2
   Compiling uuid v1.24.0
   Compiling form_urlencoded v1.2.2
   Compiling cfg_aliases v0.2.2
   Compiling ident_case v1.0.1
   Compiling const-oid v0.10.2
   Compiling strsim v0.11.1
   Compiling atomic-waker v1.1.2
   Compiling crypto-common v0.2.2
   Compiling block-buffer v0.12.1
   Compiling try-lock v0.2.5
   Compiling cranelift-isle v0.134.4
   Compiling want v0.3.1
   Compiling object v0.39.1
   Compiling crossbeam-utils v0.8.22
   Compiling httpdate v1.0.3
   Compiling gimli v0.33.0
   Compiling tinyvec_macros v0.1.1
   Compiling id-arena v2.3.0
   Compiling cranelift-codegen-shared v0.134.4
   Compiling synstructure v0.13.2
   Compiling tinyvec v1.12.0
   Compiling sync_wrapper v1.0.2
   Compiling winnow v1.0.4
   Compiling cpp_demangle v0.5.1
   Compiling digest v0.11.3
   Compiling rustc-hash v2.1.3
   Compiling tower-layer v0.3.3
   Compiling serde_derive v1.0.229
   Compiling thiserror-impl v2.0.19
   Compiling tokio-macros v2.7.2
   Compiling displaydoc v0.2.7
   Compiling async-trait v0.1.91
   Compiling unicode-normalization v0.1.25
   Compiling toml_parser v1.1.3+spec-1.1.0
   Compiling cranelift-assembler-x64 v0.134.4
   Compiling zstd-sys v2.0.16+zstd.1.5.7
   Compiling serde_spanned v1.1.1
   Compiling wasm-encoder v0.255.0
   Compiling io-lifetimes v2.0.4
   Compiling termcolor v1.4.1
   Compiling toml_writer v1.1.2+spec-1.1.0
   Compiling arbitrary v1.4.2
   Compiling futures-macro v0.3.33
   Compiling zeroize_derive v1.5.0
   Compiling tracing-attributes v0.1.31
   Compiling zerofrom-derive v0.1.7
   Compiling yoke-derive v0.8.2
   Compiling zerovec-derive v0.11.3
   Compiling zeroize v1.9.0
   Compiling rustls-pki-types v1.15.1
   Compiling zerocopy-derive v0.8.55
   Compiling futures-util v0.3.33
   Compiling pulley-macros v47.0.4
   Compiling tracing v0.1.44
   Compiling zerofrom v0.1.8
   Compiling cobs v0.3.0
   Compiling wasmtime-internal-versioned-export-macros v47.0.4
   Compiling either v1.17.0
   Compiling yoke v0.8.3
   Compiling crossbeam-epoch v0.9.20
   Compiling wast v255.0.0
   Compiling zerovec v0.11.6
   Compiling zerotrie v0.2.4
   Compiling itertools v0.14.0
   Compiling cranelift-control v0.134.4
   Compiling smallvec v1.15.2
   Compiling bytes v1.12.1
   Compiling tinystr v0.8.3
   Compiling cranelift-bitset v0.134.4
   Compiling icu_locale_core v2.2.0
   Compiling parking_lot v0.12.5
   Compiling http v1.5.0
   Compiling tokio v1.53.1
   Compiling potential_utf v0.1.5
   Compiling icu_collections v2.2.0
   Compiling icu_provider v2.2.0
   Compiling http-body v1.1.0
   Compiling icu_normalizer v2.2.0
   Compiling icu_properties v2.2.0
   Compiling cranelift-entity v0.134.4
   Compiling wasmparser v0.252.0
   Compiling cranelift-bforest v0.134.4
   Compiling pulley-interpreter v47.0.4
   Compiling idna_adapter v1.2.2
   Compiling postcard v1.1.3
   Compiling idna v1.1.0
   Compiling http-body-util v0.1.4
   Compiling futures-executor v0.3.33
   Compiling url v2.5.8
   Compiling regalloc2 v0.15.2
   Compiling cranelift-codegen-meta v0.134.4
   Compiling sha2 v0.11.0
   Compiling chacha20 v0.10.1
   Compiling aho-corasick v1.1.4
   Compiling encoding_rs v0.8.35
   Compiling tokio-util v0.7.19
   Compiling rustc-demangle v0.1.28
   Compiling thiserror v1.0.69
   Compiling cranelift-codegen v0.134.4
   Compiling iana-time-zone v0.1.65
   Compiling h2 v0.4.17
   Compiling tower v0.5.3
   Compiling openssl-probe v0.2.1
   Compiling winnow v0.7.15
   Compiling regex-syntax v0.8.11
   Compiling wasm-encoder v0.252.0
   Compiling wasmprinter v0.252.0
   Compiling wasmtime-internal-component-util v47.0.4
   Compiling regex-automata v0.4.16
   Compiling rustls-native-certs v0.8.4
   Compiling chrono v0.4.45
   Compiling wasmtime-environ v47.0.4
   Compiling ppv-lite86 v0.2.21
   Compiling hyper v1.11.0
   Compiling rand v0.10.2
   Compiling wat v1.255.0
   Compiling prost-derive v0.14.4
   Compiling hyper-util v0.1.20
   Compiling crossbeam-deque v0.8.7
   Compiling mime v0.3.17
   Compiling zstd-safe v7.2.4
   Compiling ryu v1.0.23
   Compiling fastrand v2.5.0
   Compiling tempfile v3.27.0
   Compiling darling_core v0.20.11
   Compiling thiserror-impl v1.0.69
   Compiling ittapi-sys v0.4.0
   Compiling signature v2.2.0
   Compiling simd-adler32 v0.3.10
   Compiling rayon-core v1.13.0
   Compiling adler2 v2.0.1
   Compiling lazy_static v1.5.0
   Compiling wasmtime-internal-unwinder v47.0.4
   Compiling miniz_oxide v0.8.9
   Compiling wit-parser v0.252.0
   Compiling fs-set-times v0.20.3
   Compiling rustix-linux-procfs v0.1.1
   Compiling wasmtime-internal-fiber v47.0.4
   Compiling wasmtime-internal-jit-debug v47.0.4
   Compiling webpki-roots v1.0.9
   Compiling toml_datetime v0.7.5+spec-1.1.0
   Compiling darling_macro v0.20.11
   Compiling dirs-sys-next v0.1.2
   Compiling base64ct v1.8.3
   Compiling fixedbitset v0.4.2
   Compiling ambient-authority v0.0.2
   Compiling wasmtime-internal-cache v47.0.4
   Compiling wasmtime-internal-component-macro v47.0.4
   Compiling getrandom v0.3.4
   Compiling io-lifetimes v3.0.1
   Compiling wasmtime-internal-cranelift v47.0.4
   Compiling maybe-owned v0.3.4
   Compiling foldhash v0.1.5
   Compiling hashbrown v0.15.5
   Compiling darling v0.20.11
   Compiling pem-rfc7468 v0.7.0
   Compiling petgraph v0.6.5
   Compiling directories-next v2.0.0
   Compiling toml v0.9.12+spec-1.1.0
   Compiling flate2 v1.1.9
   Compiling wasmtime-internal-wit-bindgen v47.0.4
   Compiling futures v0.3.33
   Compiling wasmtime v47.0.4
   Compiling der_derive v0.7.3
   Compiling debugid v0.8.0
   Compiling num-integer v0.1.46
   Compiling unicode-properties v0.1.4
   Compiling const-oid v0.9.6
   Compiling io-extras v0.19.0
   Compiling prettyplease v0.2.37
   Compiling unicode-bidi v0.3.18
   Compiling leb128 v0.2.7
   Compiling flagset v0.4.7
   Compiling wast v35.0.2
   Compiling wasm-compose v0.252.0
   Compiling stringprep v0.1.5
   Compiling der v0.7.10
   Compiling fxprof-processed-profile v0.8.1
   Compiling rayon v1.12.0
   Compiling derive_builder_core v0.20.2
   Compiling ittapi v0.4.0
   Compiling wasmtime-internal-jit-icache-coherence v47.0.4
   Compiling addr2line v0.26.1
   Compiling memfd v0.6.5
   Compiling bytemuck_derive v1.11.0
   Compiling hmac v0.13.0
   Compiling md-5 v0.11.0
   Compiling wasmparser v0.253.0
   Compiling naga v29.0.4
   Compiling deranged v0.5.8
   Compiling thread_local v1.1.10
   Compiling byteorder v1.5.0
   Compiling siphasher v1.0.3
   Compiling cap-primitives v4.0.3
   Compiling bit-vec v0.9.1
   Compiling konst_macro_rules v0.2.19
   Compiling fallible-iterator v0.2.0
   Compiling unicode-xid v0.2.6
   Compiling ash v0.38.0+1.3.281
   Compiling powerfmt v0.2.0
   Compiling num-conv v0.2.2
   Compiling time-core v0.1.9
   Compiling postgres-protocol v0.6.12
   Compiling const_format_proc_macros v0.2.34
   Compiling konst v0.2.20
   Compiling bit-set v0.9.1
   Compiling prost v0.14.4
   Compiling bytemuck v1.25.2
   Compiling time v0.3.54
   Compiling phf_shared v0.13.1
   Compiling derive_builder_macro v0.20.2
   Compiling rand_core v0.9.5
   Compiling spki v0.7.3
   Compiling witx v0.9.1
   Compiling num-bigint v0.4.8
   Compiling serde_urlencoded v0.7.1
   Compiling regex v1.13.1
   Compiling tower-http v0.6.11
   Compiling half v2.7.1
   Compiling opentelemetry v0.31.0
   Compiling postgres-derive v0.4.9
   Compiling pin-project-internal v1.1.13
   Compiling wasmparser v0.254.0
   Compiling rustc_version v0.4.1
   Compiling codespan-reporting v0.13.1
   Compiling geo-types v0.7.19
   Compiling rand_core v0.6.4
   Compiling spirv v0.4.0+sdk-1.4.341.0
   Compiling libloading v0.8.9
   Compiling wiggle-macro v47.0.4
   Compiling cap-std v4.0.3
   Compiling zstd v0.13.3
   Compiling hexf-parse v0.2.1
   Compiling arrayvec v0.7.8
   Compiling bit-vec v0.6.3
   Compiling rustversion v1.0.23
   Compiling cidr v0.2.3
   Compiling raw-window-handle v0.6.2
   Compiling rustc-hash v1.1.0
   Compiling array-init v2.1.0
   Compiling postgres-types v0.2.14
   Compiling wasm-encoder v0.253.0
   Compiling wgpu-types v29.0.4
   Compiling pin-project v1.1.13
   Compiling curve25519-dalek v4.1.3
   Compiling derive_builder v0.20.2
   Compiling wiggle-generate v47.0.4
   Compiling const_format v0.2.36
   Compiling rand_chacha v0.9.0
   Compiling phf v0.13.1
   Compiling prost-types v0.14.4
   Compiling sharded-slab v0.1.7
   Compiling axum-core v0.5.6
   Compiling matchers v0.2.0
   Compiling tokio-stream v0.1.19
   Compiling tracing-serde v0.2.0
   Compiling getset v0.1.7
   Compiling strum_macros v0.27.2
   Compiling wgpu-hal v29.0.4
   Compiling whoami v2.1.2
   Compiling gpu-descriptor-types v0.2.0
   Compiling presser v0.3.1
   Compiling topological-sort v0.2.2
   Compiling cap-fs-ext v4.0.3
   Compiling matchit v0.8.4
   Compiling parking v2.2.1
   Compiling strum v0.27.2
   Compiling io-extras v0.18.4
   Compiling fixedbitset v0.5.7
   Compiling nu-ansi-term v0.50.3
   Compiling utf8parse v0.2.2
   Compiling petgraph v0.8.3
   Compiling anstyle-parse v1.0.0
   Compiling tracing-subscriber v0.3.23
   Compiling axum v0.8.9
   Compiling event-listener v5.4.2
   Compiling auditable-serde v0.9.0
   Compiling gpu-descriptor v0.3.2
   Compiling tokio-postgres v0.7.18
   Compiling wasm-encoder v0.254.0
   Compiling oci-spec v0.9.0
   Compiling rand v0.9.5
   Compiling wasm-metadata v0.253.0
   Compiling wgpu-naga-bridge v29.0.4
   Compiling wit-parser v0.253.0
   Compiling rand_chacha v0.3.1
   Compiling hyper-timeout v0.5.2
   Compiling spdx v0.13.4
   Compiling olpc-cjson v0.1.4
   Compiling curve25519-dalek-derive v0.1.1
   Compiling darling_core v0.23.0
   Compiling ordered-float v5.3.0
   Compiling http-auth v0.1.10
   Compiling proc-macro2-diagnostics v0.10.1
   Compiling portable-atomic v1.14.0
   Compiling unicase v2.9.0
   Compiling is_terminal_polyfill v1.70.2
   Compiling anstyle-query v1.1.5
   Compiling multimap v0.10.1
   Compiling hex v0.4.3
   Compiling anstyle v1.0.14
   Compiling profiling v1.0.18
   Compiling colorchoice v1.0.5
   Compiling cap-primitives v3.4.5
   Compiling anstream v1.0.0
   Compiling prost-build v0.14.4
   Compiling wit-component v0.253.0
   Compiling wasm-metadata v0.254.0
   Compiling gpu-allocator v0.28.0
   Compiling darling_macro v0.23.0
   Compiling rand v0.8.7
   Compiling event-listener-strategy v0.5.4
   Compiling wit-parser v0.254.0
   Compiling pbjson-build v0.8.0
   Compiling pkcs8 v0.10.2
   Compiling ed25519 v2.2.3
   Compiling terminal_size v0.4.4
   Compiling wgpu-core v29.0.4
   Compiling toml_datetime v1.1.1+spec-1.1.0
   Compiling yansi v1.0.1
   Compiling cap-std v3.4.5
   Compiling clap_lex v1.1.0
   Compiling litrs v1.0.0
   Compiling clap_builder v4.6.5
   Compiling toml v1.1.4+spec-1.1.0
   Compiling pbjson-types v0.8.0
   Compiling ed25519-dalek v2.2.0
   Compiling document-features v0.2.12
   Compiling wgpu-core-deps-windows-linux-android v29.0.4
   Compiling signatory v0.27.1
   Compiling async-broadcast v0.7.2
   Compiling darling v0.23.0
   Compiling opentelemetry_sdk v0.31.0
   Compiling num-rational v0.4.2
   Compiling num-iter v0.1.46
   Compiling deadpool-runtime v0.1.4
   Compiling wit-component v0.254.0
   Compiling docker_credential v1.4.0
   Compiling toml_datetime v0.6.11
   Compiling serde_spanned v0.6.9
   Compiling clap_derive v4.6.4
   Compiling cranelift-native v0.134.4
   Compiling cranelift-frontend v0.134.4
   Compiling nix v0.31.3
   Compiling num-complex v0.4.6
   Compiling num_cpus v1.17.0
   Compiling bigdecimal v0.4.10
   Compiling uncased v0.9.10
   Compiling etcetera v0.11.0
   Compiling base16ct v1.0.0
   Compiling names v0.14.0
   Compiling unsafe-libyaml v0.2.11
   Compiling toml_write v0.1.2
   Compiling data-encoding v2.11.0
   Compiling nkeys v0.4.5
   Compiling toml_edit v0.22.27
   Compiling wasm-pkg-common v0.16.1
   Compiling deadpool v0.12.3
   Compiling num v0.4.3
   Compiling clap v4.6.5
   Compiling bon-macros v3.9.3
   Compiling pear_codegen v0.2.9
   Compiling postgres v0.19.14
   Compiling arc-swap v1.9.2
   Compiling bigdecimal v0.3.1
   Compiling opentelemetry-http v0.31.0
   Compiling x509-cert v0.2.5
   Compiling callback-future v0.1.0
   Compiling itertools v0.13.0
   Compiling combine v4.6.7
   Compiling tryhard v0.5.2
   Compiling pbjson v0.8.0
   Compiling serde_nanos v0.1.4
   Compiling secrecy v0.10.3
   Compiling crossbeam-channel v0.5.16
   Compiling serde_repr v0.1.21
   Compiling figment v0.10.19
   Compiling tagptr v0.2.0
   Compiling pastey v0.2.3
   Compiling inlinable_string v0.1.15
   Compiling base64 v0.23.0
   Compiling home v0.5.12
   Compiling etcetera v0.10.0
   Compiling pear v0.2.9
   Compiling moka v0.12.15
   Compiling bon v3.9.3
   Compiling pg_bigdecimal v0.1.5
   Compiling cap-net-ext v3.4.5
   Compiling deadpool-postgres v0.14.1
   Compiling redis v0.27.6
   Compiling toml v0.8.23
   Compiling serde_yaml v0.9.34+deprecated
   Compiling ulid v1.2.1
   Compiling opentelemetry-appender-tracing v0.31.1
   Compiling tracing-opentelemetry v0.32.1
   Compiling fuzzy-matcher v0.3.7
   Compiling webpki-roots v0.26.11
   Compiling console v0.15.11
   Compiling hostname v0.4.2
   Compiling sysinfo v0.32.1
   Compiling filetime v0.2.29
   Compiling shell-words v1.1.1
   Compiling humantime v2.4.0
   Compiling opentelemetry-semantic-conventions v0.31.0
   Compiling glob v0.3.4
   Compiling dialoguer v0.11.0
   Compiling tar v0.4.46
   Compiling ctrlc v3.5.2
   Compiling clap_complete v4.6.8
   Compiling clap-markdown v0.1.5
   Compiling serde_yaml_ng v0.9.36
   Compiling humansize v2.1.3
   Compiling wasi-preview1-component-adapter-provider v46.0.2
   Compiling wasmtime-wasi-io v47.0.4
   Compiling wiggle v47.0.4
   Compiling wasi-gfx-runtime-shared v0.2.0
   Compiling wasmtime-wasi v47.0.4
   Compiling rustls-webpki v0.103.13
   Compiling jsonwebtoken v10.4.0
   Compiling tokio-rustls v0.26.4
   Compiling rustls-platform-verifier v0.7.0
   Compiling hyper-rustls v0.27.9
   Compiling tonic v0.14.6
   Compiling tokio-postgres-rustls v0.13.0
   Compiling async-nats v0.49.1
   Compiling reqwest v0.13.4
   Compiling reqwest v0.12.28
   Compiling oci-client v0.17.0
   Compiling tonic-prost v0.14.6
   Compiling opentelemetry-proto v0.31.0
   Compiling wasi-webgpu-wasmtime v0.2.0
   Compiling oci-wasm v0.6.0
   Compiling opentelemetry-otlp v0.31.1
   Compiling wasm-pkg-client v0.16.1
   Compiling wasmtime-wasi-http v47.0.4
   Compiling wasm-pkg-core v0.16.1
   Compiling wash-runtime v2.8.0 (/home/jake/sbomit-overhead-experiment/repos/wasmCloud/crates/wash-runtime)
   Compiling wash v2.8.0 (/home/jake/sbomit-overhead-experiment/repos/wasmCloud/crates/wash)
    Finished `release` profile [optimized] target(s) in 5m 53s
level=info msg="Finished command-run attestor... (354.549299759s)"
level=info msg="Completed execute attestors stage..."
level=info msg="Starting product attestors stage..."
level=info msg="Starting product attestor..."
level=info msg="Finished product attestor... (4.282489915s)"
level=info msg="Completed product attestors stage..."
level=info msg="Starting postproduct attestors stage..."
level=info msg="Completed postproduct attestors stage..."
